09-29 12:06:46.604  2072  2239 I DisplayPowerController[0]: BrightnessEvent: disp=0, brt=0.3150038, rcmdBrt=0.3150038, preBrt=NaN, lux=386.82843, preLux=NaN, hbmMax=1.0, hbmMode=off, thrmMax=1.0, flags=, reason=automatic
09-29 12:06:46.605  2072  2072 I BrightnessSynchronizer: [49] New Update 0.3150038(f) set brightness values:  81(i)
09-29 12:06:46.605  2072  4636 I DreamManagerService: Leaving dreamland.
09-29 12:06:46.605  2072  2072 I BrightnessSynchronizer: Swallowing update of 81(i) by update: {[49] 0.3150038(f), mUpdatedTypes=1, mConfirmedTypes=1, mTimeUpdated=1322157}
09-29 12:06:46.605  2072  2072 I BrightnessSynchronizer: Completed Update: {[49] 0.3150038(f), mUpdatedTypes=1, mConfirmedTypes=1, mTimeUpdated=1322157}
09-29 12:06:46.606  2072  2210 I DreamManagerService: Performing gentle wake from dream.
09-29 12:06:46.606  2072  2210 I DreamController: Stopping dream: name=ComponentInfo{com.android.systemui/com.android.systemui.doze.DozeService}, isPreviewMode=false, canDoze=true, userId=0, reason='finished self'(from 'requested stopDream')
09-29 12:06:46.606  2072  2210 I sysui_multi_action: [757,223,758,2]
09-29 12:06:46.606  2072  2210 I sysui_multi_action: [757,804,799,dozing_minutes,801,1,802,1]
09-29 12:06:46.822  2072  2544 I commit_sys_config_file: [settings-1-0,16]
09-29 12:06:46.907  2072  4225 I sysui_multi_action: [757,128,758,1,793,1272379,794,0,795,1272379,796,26,798,0,806,android,857,DEVELOPER_IMPORTANT,858,4,946,ranker_group,947,0,1395,1,1500,176421,1688,1]
09-29 12:06:46.908  2072  4225 I sysui_multi_action: [757,1501,758,1,793,1272380,794,1,795,1272380,796,26,806,android,857,DEVELOPER_IMPORTANT,858,4,946,ranker_group,947,0,1500,0,1688,1]
09-29 12:06:46.908  2072  4225 I sysui_multi_action: [757,804,799,note_interruptive,801,0,802,1]
09-29 12:06:46.908  2072  4225 I sysui_multi_action: [757,804,799,note_freshness,801,1272379,802,1]
09-29 12:06:46.908  2072  4225 I notification_visibility: [-1|android|26|null|1000,1,1272379,1272379,0,0]
09-29 12:06:47.759  2072  2555 I input_interaction: Interaction with: a9b6da9 NotificationShade (server), PointerEventDispatcher0 (server), 
09-29 12:06:47.815  2072  4225 I wm_set_keyguard_shown: [0,1,0,1,keyguardGoingAway]
09-29 12:06:47.815  2072  4225 D ActivityTaskManager: Top Process State changed to PROCESS_STATE_TOP
09-29 12:06:47.816  2072  4225 I wm_set_resumed_activity: [0,com.android.settings/.SubSettings,resumeTopActivity]
09-29 12:06:47.818  2072  2214 I am_uid_active: 10135
09-29 12:06:47.818  2072  2214 I am_uid_active: 10128
09-29 12:06:47.818  2072  2214 I am_uid_active: 10104
09-29 12:06:47.819  2072  4225 I wm_resume_activity: [0,14348857,98,com.android.settings/.SubSettings]
09-29 12:06:47.820 10374 10374 I wm_on_restart_called: [14348857,com.android.settings.SubSettings,performRestartActivity]
09-29 12:06:47.835  2072  2221 I commit_sys_config_file: [display-state,1273212]
09-29 12:06:47.848  2072  4225 I wm_set_keyguard_shown: [0,0,0,1,setKeyguardShown]
09-29 12:06:47.852 10374 10374 W ContextImpl: Calling a method in the system process without a qualified user: android.app.ContextImpl.bindService:1950 android.content.ContextWrapper.bindService:853 com.google.android.wifitrackerlib.WsuServiceClient.bindWsuService:411 com.google.android.wifitrackerlib.WsuManager.bindAllServices:66 com.google.android.wifitrackerlib.GoogleWifiPickerTracker.onStart:115 
09-29 12:06:47.855  2725  2725 I sysui_multi_action: [757,196,758,2,759,0]
09-29 12:06:47.855  2725  2725 I sysui_status_bar_state: [1,0,0,0,0,1]
09-29 12:06:47.857  2725  2725 I sysui_multi_action: [757,111,758,2]
09-29 12:06:47.859  2725  2725 I sysui_multi_action: [757,196,758,2,759,0]
09-29 12:06:47.859  2725  2725 I sysui_status_bar_state: [0,0,0,0,0,1]
09-29 12:06:47.862  2072  2291 I sysui_multi_action: [757,128,758,2,793,1273334,794,955,795,1273334,796,26,798,0,806,android,857,DEVELOPER_IMPORTANT,858,4,946,ranker_group,947,0,1395,1,1500,954,1688,1]
09-29 12:06:47.862  2072  2291 I notification_visibility: [-1|android|26|null|1000,0,1273334,1273334,0,0]
09-29 12:06:47.864  2072  2222 W BroadcastQueue: Background execution not allowed: receiving Intent { act=android.intent.action.USER_PRESENT flg=0x24200010 } to com.android.chrome/org.chromium.chrome.browser.sharing.click_to_call.ClickToCallMessageHandler$PhoneUnlockedReceiver
09-29 12:06:47.866  2072  4166 I am_uid_active: 10112
09-29 12:06:47.871 10374 10374 W ContextImpl: Calling a method in the system process without a qualified user: android.app.ContextImpl.bindService:1950 android.content.ContextWrapper.bindService:853 com.google.android.wifitrackerlib.WsuServiceClient.bindWsuService:411 com.google.android.wifitrackerlib.WsuManager.bindAllServices:66 com.google.android.wifitrackerlib.GoogleWifiPickerTracker.onStart:115 
09-29 12:06:47.876  2072  2222 W BroadcastQueue: Background execution not allowed: receiving Intent { act=android.intent.action.USER_PRESENT flg=0x24200010 } to com.google.android.apps.work.clouddpc/.base.receivers.UserPresentReceiver
09-29 12:06:47.876  2072  2222 W BroadcastQueue: Background execution not allowed: receiving Intent { act=android.intent.action.USER_PRESENT flg=0x24200010 } to com.google.android.gms/.auth.setup.devicesignals.LockScreenReceiver
09-29 12:06:47.876  2072  2222 W BroadcastQueue: Background execution not allowed: receiving Intent { act=android.intent.action.USER_PRESENT flg=0x24200010 } to com.google.android.gms/.chimera.GmsIntentOperationService$PersistentTrustedReceiver
09-29 12:06:47.882 10374 10374 I wm_on_start_called: [14348857,com.android.settings.SubSettings,handleStartActivity]
09-29 12:06:47.882 10374 10374 I snet_event_log: [120484087,-1,]
09-29 12:06:47.883  2072  2214 I user_activity_timeout_override: -1
09-29 12:06:47.883  2072  2215 I input_focus: [Requesting to set focus to null window,reason=UpdateInputWindows]
09-29 12:06:47.883 10374 10374 I wm_on_resume_called: [14348857,com.android.settings.SubSettings,RESUME_ACTIVITY]
09-29 12:06:47.885 10374 10374 I sysui_multi_action: [757,1571,758,1,833,0,1089,0]
09-29 12:06:47.895  2072  2555 I input_focus: [Focus leaving a9b6da9 NotificationShade (server),reason=Waiting for window because NOT_FOCUSABLE]
09-29 12:06:47.920  2072  3815 I sysui_multi_action: [757,127,758,2]
09-29 12:06:47.920  2072  3815 I notification_panel_hidden: 
09-29 12:06:47.933  2072  2215 I wm_wallpaper_surface: [0,0]
09-29 12:06:47.945  2072  4693 I netstats_mobile_sample: [0,0,0,0,0,0,0,0,0,0,0,0,1696003608528]
09-29 12:06:47.946  2072  4693 I netstats_wifi_sample: [17371267,15993,1762748,8980,17371267,15993,1762748,8980,17367755,15925,1762144,8971,1696003608528]
09-29 12:06:47.949  2072  3815 I netstats_mobile_sample: [0,0,0,0,0,0,0,0,0,0,0,0,1696003608532]
09-29 12:06:47.949  2072  3815 I netstats_wifi_sample: [17371267,15993,1762748,8980,17371267,15993,1762748,8980,17367755,15925,1762144,8971,1696003608532]
09-29 12:06:47.964  2072  3815 I netstats_mobile_sample: [0,0,0,0,0,0,0,0,0,0,0,0,1696003608547]
09-29 12:06:47.964  2072  3815 I netstats_wifi_sample: [17371267,15993,1762748,8980,17371267,15993,1762748,8980,17367755,15925,1762144,8971,1696003608547]
09-29 12:06:47.967  2072  4166 I netstats_mobile_sample: [0,0,0,0,0,0,0,0,0,0,0,0,1696003608550]
09-29 12:06:47.967  2072  4166 I netstats_wifi_sample: [17371267,15993,1762748,8980,17371267,15993,1762748,8980,17367755,15925,1762144,8971,1696003608550]
09-29 12:06:47.969 10374 10374 I sysui_multi_action: [757,1571,758,4,833,0,854,updatePreferenceStates,1089,50]
09-29 12:06:47.971 10374 10374 I wm_on_top_resumed_gained_called: [14348857,com.android.settings.SubSettings,topWhenResuming]
09-29 12:06:48.046  2072  2215 I input_focus: [Focus request e32a011 com.android.settings/com.android.settings.SubSettings,reason=UpdateInputWindows]
09-29 12:06:48.070  2072  2555 I input_focus: [Focus entering e32a011 com.android.settings/com.android.settings.SubSettings (server),reason=Window became focusable. Previous reason: NOT_VISIBLE]
09-29 12:06:48.157  3044  3293 I service_manager_stats: [100,28,145433]
09-29 12:06:48.232  2072  2555 I input_interaction: Interaction with: dcd34eb StatusBar (server), PointerEventDispatcher0 (server), 
09-29 12:06:48.233  2725  2725 I sysui_multi_action: [757,803,799,panel_open,802,1]
09-29 12:06:48.234  2725  2725 I sysui_multi_action: [757,1328,758,4,1326,80,1327,0,1329,0]
09-29 12:06:48.284  2072  4166 I sysui_multi_action: [757,127,758,1]
09-29 12:06:48.284  2072  4166 I sysui_multi_action: [757,804,799,note_load,801,3,802,1]
09-29 12:06:48.284  2072  4166 I notification_panel_revealed: 3
09-29 12:06:48.305  2072  2215 I input_focus: [Focus request a9b6da9 NotificationShade,reason=UpdateInputWindows]
09-29 12:06:48.317  2072  4166 I sysui_multi_action: [757,128,758,1,793,1273789,794,0,795,1273789,796,26,798,1,806,android,857,DEVELOPER_IMPORTANT,858,4,946,ranker_group,947,0,1395,3,1500,1409,1688,1]
09-29 12:06:48.317  2072  4166 I sysui_multi_action: [757,1501,758,1,793,1273789,794,0,795,1273789,796,26,806,android,857,DEVELOPER_IMPORTANT,858,4,946,ranker_group,947,0,1500,0,1688,1]
09-29 12:06:48.317  2072  4166 I sysui_multi_action: [757,804,799,note_interruptive,801,0,802,1]
09-29 12:06:48.317  2072  4166 I sysui_multi_action: [757,804,799,note_freshness,801,1273789,802,1]
09-29 12:06:48.317  2072  4166 I notification_visibility: [-1|android|26|null|1000,1,1273789,1273789,0,1]
09-29 12:06:48.322  2072  2555 I input_focus: [Focus leaving e32a011 com.android.settings/com.android.settings.SubSettings (server),reason=Waiting for window because NO_WINDOW]
09-29 12:06:48.323  2072  2555 I input_focus: [Focus entering a9b6da9 NotificationShade (server),reason=Window became focusable. Previous reason: NO_WINDOW]
09-29 12:06:48.822  2072  3815 I sysui_multi_action: [757,128,758,1,793,1274288,794,0,795,1274288,796,2147483647,797,ranker_group,798,0,806,android,857,USB,858,1,946,ranker_group,947,1,1395,3,1500,1274288,1688,1]
09-29 12:06:48.822  2072  3815 I sysui_multi_action: [757,804,799,note_freshness,801,1274288,802,1]
09-29 12:06:48.822  2072  3815 I notification_visibility: [-1|android|2147483647|ranker_group|1000|ranker_group,1,1274288,1274288,0,0]
09-29 12:06:48.822  2072  3815 I sysui_multi_action: [757,128,758,1,793,1268517,794,0,795,1268517,796,32,798,2,806,android,857,USB,858,1,946,ranker_group,947,0,1395,3,1500,177829,1688,1]
09-29 12:06:48.822  2072  3815 I sysui_multi_action: [757,1501,758,1,793,1268517,794,0,795,1268517,796,32,806,android,857,USB,858,1,946,ranker_group,947,0,1500,0,1688,1]
09-29 12:06:48.822  2072  3815 I sysui_multi_action: [757,804,799,note_interruptive,801,0,802,1]
09-29 12:06:48.822  2072  3815 I sysui_multi_action: [757,804,799,note_freshness,801,1268517,802,1]
09-29 12:06:48.822  2072  3815 I notification_visibility: [-1|android|32|null|1000,1,1268517,1268517,0,2]
09-29 12:06:49.442  2072  2214 D ColorDisplayService: DisplayWhiteBalanceTintController Animation cancelled: false to matrix: 
09-29 12:06:49.442  2072  2214 D ColorDisplayService:        0.973091-0.000745-0.000171 0.000000 0.026478 0.936174-0.000160 0.000000 0.000431 0.000108 0.928185 0.000000 0.000000 0.000000 0.000000 1.000000 min matrix coefficients: 
09-29 12:06:49.442  2072  2214 D ColorDisplayService:        0.973091-0.000745-0.000171 0.000000 0.016992 0.936174-0.000160 0.000000 0.000205-0.000569 0.928185 0.000000 0.000000 0.000000 0.000000 1.000000 max matrix coefficients: 
09-29 12:06:49.442  2072  2214 D ColorDisplayService:        0.981867 0.000000 0.000073 0.000000 0.026478 0.958171 0.000227 0.000000 0.000431 0.000108 0.999700 0.000000 0.000000 0.000000 0.000000 1.000000
09-29 12:06:52.862  2072  2555 I input_interaction: Interaction with: a9b6da9 NotificationShade (server), PointerEventDispatcher0 (server), 
09-29 12:06:52.928  2725  2725 I sysui_multi_action: [757,111,758,1]
09-29 12:06:52.928  2725  2725 I sysui_multi_action: [757,126,758,1,759,126,927,0,928,0,1593,1]
09-29 12:06:52.928  2725  2725 I sysui_multi_action: [757,113,758,1,759,113,927,1,928,1,1593,1]
09-29 12:06:52.928  2725  2725 I sysui_multi_action: [757,119,758,1,759,119,927,2,928,0,1593,1]
09-29 12:06:52.928  2725  2725 I sysui_multi_action: [757,118,758,1,759,118,927,3,928,0,1593,1]
09-29 12:06:52.928  2725  2725 I sysui_multi_action: [757,0,758,1,759,0,927,4,1593,1]
09-29 12:06:52.928  2725  2725 I sysui_multi_action: [757,112,758,1,759,112,927,5,928,0,1593,0]
09-29 12:06:52.928  2725  2725 I sysui_multi_action: [757,0,758,1,759,0,927,6,1593,0]
09-29 12:06:52.928  2725  2725 I sysui_multi_action: [757,0,758,1,759,0,927,7,1593,0]
09-29 12:06:52.928  2725  2725 I sysui_multi_action: [757,123,758,1,759,123,927,8,928,0,1593,0]
09-29 12:06:52.928  2725  2725 I sysui_multi_action: [757,0,758,1,759,0,927,9,1593,0]
09-29 12:06:52.928  2725  2725 I sysui_multi_action: [757,261,758,1,759,261,927,10,928,0,1593,0]
09-29 12:06:52.928  2725  2725 I sysui_multi_action: [757,114,758,1,759,114,927,11,928,0,1593,0]
09-29 12:06:52.928  2725  2725 I sysui_multi_action: [757,0,758,1,759,0,927,12,928,0,1593,0]
09-29 12:06:52.928  2725  2725 I sysui_multi_action: [757,268,758,1,759,268,806,com.google.android.gms,871,com.google.android.gms.nearby.sharing.SharingTileService,927,13,1593,0]
09-29 12:06:52.928  2725  2725 I sysui_multi_action: [757,0,758,1,759,0,927,14,928,1,1593,0]
09-29 12:06:52.928  2725  2725 I sysui_multi_action: [757,0,758,1,759,0,927,15,928,1,1593,0]
09-29 12:06:52.928  2725  2725 I sysui_multi_action: [757,111,758,1]
09-29 12:06:52.928  2725  2725 I sysui_multi_action: [757,126,758,1,759,126,927,0,928,0,1593,1]
09-29 12:06:52.928  2725  2725 I sysui_multi_action: [757,113,758,1,759,113,927,1,928,1,1593,1]
09-29 12:06:52.928  2725  2725 I sysui_multi_action: [757,119,758,1,759,119,927,2,928,0,1593,1]
09-29 12:06:52.928  2725  2725 I sysui_multi_action: [757,118,758,1,759,118,927,3,928,0,1593,1]
09-29 12:06:52.937  2725  2789 I service_manager_stats: [200,158,1328489]
09-29 12:06:53.024  2725  2725 I sysui_multi_action: [757,194,758,4,826,234,827,3269]
09-29 12:06:53.024  2725  2725 I sysui_lockscreen_gesture: [9,234,3269]
09-29 12:06:53.386  2072  2221 I am_pss  : [7953,10115,com.google.android.gms.ui,38284288,19296256,128000,189575168,0,19,15]
09-29 12:06:54.126  2725  2725 I sysui_multi_action: [757,406,758,4]
09-29 12:06:54.138  2072  3815 I ActivityTaskManager: START u0 {act=android.settings.SETTINGS flg=0x14000000 cmp=com.android.settings/.homepage.SettingsHomepageActivity} from uid 10208
09-29 12:06:54.139  2072  3815 I wm_finish_activity: [0,14348857,98,com.android.settings/.SubSettings,clear-task-stack]
09-29 12:06:54.156  2072  3815 I wm_pause_activity: [0,14348857,com.android.settings/.SubSettings,userLeaving=false,finish]
09-29 12:06:54.156 10374 10374 I wm_on_top_resumed_lost_called: [14348857,com.android.settings.SubSettings,topStateChangedWhenResumed]
09-29 12:06:54.158  2072  3815 I wm_finish_activity: [0,221704062,98,com.android.settings/.SubSettings,clear-task-stack]
09-29 12:06:54.158  2072  3815 I wm_destroy_activity: [0,221704062,98,com.android.settings/.SubSettings,finish-imm:finishIfPossible]
09-29 12:06:54.158  2072  3815 I wm_finish_activity: [0,260268296,98,com.android.settings/.SubSettings,clear-task-stack]
09-29 12:06:54.158  2072  3815 I wm_destroy_activity: [0,260268296,98,com.android.settings/.SubSettings,finish-imm:finishIfPossible]
09-29 12:06:54.158  2072  3815 I wm_new_intent: [0,111810749,98,com.android.settings/.homepage.SettingsHomepageActivity,android.settings.SETTINGS,NULL,NULL,335544320]
09-29 12:06:54.158  2072  3815 I wm_task_moved: [98,1,5]
09-29 12:06:54.163  2072  4213 I sysui_multi_action: [757,128,758,2,793,1279635,794,5846,795,1279635,796,26,798,1,806,android,857,DEVELOPER_IMPORTANT,858,4,946,ranker_group,947,0,1395,3,1500,5846,1688,1]
09-29 12:06:54.163  2072  4213 I notification_visibility: [-1|android|26|null|1000,0,1279635,1279635,0,1]
09-29 12:06:54.163  2072  4213 I sysui_multi_action: [757,128,758,2,793,1279629,794,5341,795,1279629,796,2147483647,797,ranker_group,798,0,806,android,857,USB,858,1,946,ranker_group,947,1,1395,3,1500,1279629,1688,1]
09-29 12:06:54.163  2072  4213 I notification_visibility: [-1|android|2147483647|ranker_group|1000|ranker_group,0,1279629,1279629,0,0]
09-29 12:06:54.163  2072  4213 I sysui_multi_action: [757,128,758,2,793,1273858,794,5341,795,1273858,796,32,798,2,806,android,857,USB,858,1,946,ranker_group,947,0,1395,3,1500,5341,1688,1]
09-29 12:06:54.163  2072  4213 I notification_visibility: [-1|android|32|null|1000,0,1273858,1273858,0,2]
09-29 12:06:54.164  2072  4213 I sysui_multi_action: [757,127,758,2]
09-29 12:06:54.164  2072  4213 I notification_panel_hidden: 
09-29 12:06:54.166 10374 10374 I sysui_multi_action: [757,1571,758,2,1089,6281]
09-29 12:06:54.167 10374 10374 I wm_on_paused_called: [14348857,com.android.settings.SubSettings,performPause]
09-29 12:06:54.170  2072  2215 I input_focus: [Requesting to set focus to null window,reason=UpdateInputWindows]
09-29 12:06:54.170  2072  4547 I wm_add_to_stopping: [0,14348857,com.android.settings/.SubSettings,completeFinishing]
09-29 12:06:54.171  2072  4547 I wm_set_resumed_activity: [0,com.android.settings/.homepage.SettingsHomepageActivity,resumeTopActivity]
09-29 12:06:54.173  2072  4547 I wm_resume_activity: [0,111810749,98,com.android.settings/.homepage.SettingsHomepageActivity]
09-29 12:06:54.175  2072  2210 I sysui_multi_action: [757,803,799,window_time_0,802,70]
09-29 12:06:54.178  2072  2555 I input_focus: [Focus leaving a9b6da9 NotificationShade (server),reason=NOT_FOCUSABLE]
09-29 12:06:54.179 10374 10374 I wm_on_destroy_called: [221704062,com.android.settings.SubSettings,performDestroy]
09-29 12:06:54.179  2072  4166 D CoreBackPreview: Window{b58beee u0 com.android.settings/com.android.settings.SubSettings}: Setting back callback null
09-29 12:06:54.181  2072  2221 W UsageStatsService: Unexpected activity event reported! (com.android.settings/com.android.settings.SubSettings event : 23 instanceId : 118148409)
09-29 12:06:54.188 10374 10374 I wm_on_destroy_called: [260268296,com.android.settings.SubSettings,performDestroy]
09-29 12:06:54.188  2072 10218 D CoreBackPreview: Window{c5b0440 u0 com.android.settings/com.android.settings.SubSettings}: Setting back callback null
09-29 12:06:54.190 10374 10374 I wm_on_restart_called: [111810749,com.android.settings.homepage.SettingsHomepageActivity,performRestartActivity]
09-29 12:06:54.190  2072  2221 W UsageStatsService: Unexpected activity event reported! (com.android.settings/com.android.settings.SubSettings event : 23 instanceId : 69682859)
09-29 12:06:54.196 10374 10374 I wm_on_start_called: [111810749,com.android.settings.homepage.SettingsHomepageActivity,handleStartActivity]
09-29 12:06:54.197 10374 10374 I snet_event_log: [120484087,-1,]
09-29 12:06:54.198 10374 10374 I wm_on_resume_called: [111810749,com.android.settings.homepage.SettingsHomepageActivity,RESUME_ACTIVITY]
09-29 12:06:54.199 10374 10374 I sysui_multi_action: [757,1502,758,1,833,0,1089,0]
09-29 12:06:54.201 10374 10374 I sysui_multi_action: [757,35,758,1,833,0,1089,0]
09-29 12:06:54.206 10374 10374 I wm_on_top_resumed_gained_called: [111810749,com.android.settings.homepage.SettingsHomepageActivity,topWhenResuming]
09-29 12:06:54.215  2072  2215 I input_focus: [Focus request d7d7ebe com.android.settings/com.android.settings.homepage.SettingsHomepageActivity,reason=UpdateInputWindows]
09-29 12:06:54.225  2072  4547 I am_uid_active: 10222
09-29 12:06:54.246 10374 10374 I sysui_multi_action: [757,1662,758,4,759,23]
09-29 12:06:54.272  2072  2555 I input_focus: [Focus entering d7d7ebe com.android.settings/com.android.settings.homepage.SettingsHomepageActivity (server),reason=Window became focusable. Previous reason: NOT_VISIBLE]
09-29 12:06:54.523  2072  2544 I commit_sys_config_file: [settings-0-0,17]
09-29 12:06:54.576  2725  2725 I sysui_multi_action: [757,111,758,2]
09-29 12:06:54.576  2725  2725 I sysui_multi_action: [757,111,758,2]
09-29 12:06:54.706  2072  2214 I wm_destroy_activity: [0,14348857,98,com.android.settings/.SubSettings,finish-imm:idle]
09-29 12:06:54.726 10374 10374 I wm_on_stop_called: [14348857,com.android.settings.SubSettings,LIFECYCLER_STOP_ACTIVITY]
09-29 12:06:54.728 10374 10374 I wm_on_destroy_called: [14348857,com.android.settings.SubSettings,performDestroy]
09-29 12:06:54.728  2072  4693 D CoreBackPreview: Window{e32a011 u0 com.android.settings/com.android.settings.SubSettings}: Setting back callback null
09-29 12:06:55.591  2072  2555 I input_interaction: Interaction with: d7d7ebe com.android.settings/com.android.settings.homepage.SettingsHomepageActivity (server), PointerEventDispatcher0 (server), 
09-29 12:07:00.329  2072  2545 I am_compact: [6010,com.google.android.apps.turbo,file,95616,55396,39064,16532,0,0,0,0,12,1,1319844,700,3,1418748,0]
09-29 12:07:04.217  2072  2555 I input_interaction: Interaction with: f0cf294 NavigationBar0 (server), PointerEventDispatcher0 (server), 
09-29 12:07:04.218  2725  2725 I sysui_multi_action: [757,931,758,4,759,4,932,0,933,0]
09-29 12:07:04.223  2072  2555 I input_interaction: Interaction with: d7d7ebe com.android.settings/com.android.settings.homepage.SettingsHomepageActivity (server), PointerEventDispatcher0 (server), 
09-29 12:07:04.224  2072  2555 I input_interaction: Interaction with: f0cf294 NavigationBar0 (server), PointerEventDispatcher0 (server), 
09-29 12:07:04.313  2725  2725 I sysui_multi_action: [757,931,758,4,759,4,932,0,933,1]
09-29 12:07:04.314  2072 10218 I sysui_multi_action: [757,803,799,key_back_press,802,1]
09-29 12:07:04.322  2072 10218 I wm_finish_activity: [0,111810749,98,com.android.settings/.homepage.SettingsHomepageActivity,app-request]
09-29 12:07:04.322  2072 10218 I wm_task_moved: [1,1,5]
09-29 12:07:04.323  2072 10218 I wm_task_moved: [94,1,2147483647]
09-29 12:07:04.323  2072 10218 I wm_task_to_front: [0,94]
09-29 12:07:04.323  2072 10218 I wm_focused_root_task: [0,0,1,98,finish-top adjustFocusToNextFocusableTask]
09-29 12:07:04.324  2072 10218 I wm_set_resumed_activity: [0,com.google.android.apps.nexuslauncher/.NexusLauncherActivity,finish-top adjustFocusToNextFocusableTask]
09-29 12:07:04.339  2072 10218 I wm_pause_activity: [0,111810749,com.android.settings/.homepage.SettingsHomepageActivity,userLeaving=false,finish]
09-29 12:07:04.343 10374 10374 I wm_on_top_resumed_lost_called: [111810749,com.android.settings.homepage.SettingsHomepageActivity,topStateChangedWhenResumed]
09-29 12:07:04.344  2072  2215 I input_focus: [Requesting to set focus to null window,reason=UpdateInputWindows]
09-29 12:07:04.344 10374 10374 I sysui_multi_action: [757,1502,758,2,1089,10145]
09-29 12:07:04.345 10374 10374 I sysui_multi_action: [757,35,758,2,1089,10144]
09-29 12:07:04.345 10374 10374 I wm_on_paused_called: [111810749,com.android.settings.homepage.SettingsHomepageActivity,performPause]
09-29 12:07:04.345  2072  4547 I wm_add_to_stopping: [0,111810749,com.android.settings/.homepage.SettingsHomepageActivity,completeFinishing]
09-29 12:07:04.346  2072  4547 I wm_set_resumed_activity: [0,com.google.android.apps.nexuslauncher/.NexusLauncherActivity,resumeTopActivity]
09-29 12:07:04.347  2072  4547 I wm_resume_activity: [0,164597159,94,com.google.android.apps.nexuslauncher/.NexusLauncherActivity]
09-29 12:07:04.347  2072  2210 I sysui_multi_action: [757,803,799,window_time_0,802,10]
09-29 12:07:04.348  3206  3206 I wm_on_restart_called: [164597159,com.google.android.apps.nexuslauncher.NexusLauncherActivity,performRestartActivity]
09-29 12:07:04.349  3206  3206 I wm_on_start_called: [164597159,com.google.android.apps.nexuslauncher.NexusLauncherActivity,handleStartActivity]
09-29 12:07:04.352  2072  2555 I input_focus: [Focus leaving d7d7ebe com.android.settings/com.android.settings.homepage.SettingsHomepageActivity (server),reason=Waiting for window because NOT_FOCUSABLE]
09-29 12:07:04.356  3206  3206 I wm_on_resume_called: [164597159,com.google.android.apps.nexuslauncher.NexusLauncherActivity,RESUME_ACTIVITY]
09-29 12:07:04.356  3206  3206 I wm_on_top_resumed_gained_called: [164597159,com.google.android.apps.nexuslauncher.NexusLauncherActivity,topWhenResuming]
09-29 12:07:04.370  2072  2215 I input_focus: [Focus request 6bac735 com.google.android.apps.nexuslauncher/com.google.android.apps.nexuslauncher.NexusLauncherActivity,reason=UpdateInputWindows]
09-29 12:07:04.381  2072  2221 I am_pss  : [3696,10060,android.process.acore,10193920,4186112,4418560,92835840,0,19,8]
09-29 12:07:04.386  2072  2215 I wm_wallpaper_surface: [0,1]
09-29 12:07:04.397  1356  1356 I auditd  : type=1400 audit(0.0:116): avc: denied { read write } for comm="sensors@2.0-ser" name="diag" dev="tmpfs" ino=1278 scontext=u:r:hal_sensors_default:s0 tcontext=u:object_r:diag_device:s0 tclass=chr_file permissive=0
09-29 12:07:04.397  1356  1356 I auditd  : type=1400 audit(0.0:117): avc: denied { read write } for comm="sensors@2.0-ser" name="diag" dev="tmpfs" ino=1278 scontext=u:r:hal_sensors_default:s0 tcontext=u:object_r:diag_device:s0 tclass=chr_file permissive=0
09-29 12:07:04.413  2072  2555 I input_focus: [Focus entering 6bac735 com.google.android.apps.nexuslauncher/com.google.android.apps.nexuslauncher.NexusLauncherActivity (server),reason=Window became focusable. Previous reason: NOT_VISIBLE]
09-29 12:07:04.742  2072  2214 I wm_destroy_activity: [0,111810749,98,com.android.settings/.homepage.SettingsHomepageActivity,finish-imm:idle]
09-29 12:07:04.756  2072  2545 I am_compact: [7463,com.google.android.settings.intelligence,file,143152,100152,41724,34536,0,0,0,0,10,3,227118,700,15,1425916,0]
09-29 12:07:04.770 10374 10374 I wm_on_stop_called: [111810749,com.android.settings.homepage.SettingsHomepageActivity,LIFECYCLER_STOP_ACTIVITY]
09-29 12:07:04.775 10374 10374 I wm_on_destroy_called: [111810749,com.android.settings.homepage.SettingsHomepageActivity,performDestroy]
09-29 12:07:04.776  2072  4693 D CoreBackPreview: Window{d7d7ebe u0 com.android.settings/com.android.settings.homepage.SettingsHomepageActivity}: Setting back callback null
09-29 12:07:04.779  2072  4693 I wm_task_removed: [98,removeChild:removeChild last r=ActivityRecord{6aa18bd u0 com.android.settings/.homepage.SettingsHomepageActivity} t-1 f}} in t=Task{903020a #98 type=standard A=1000:com.android.settings.root U=0 visible=false visibleRequested=false mode=fullscreen translucent=true sz=0}]
09-29 12:07:04.779  2072  4693 I wm_task_removed: [98,removeChild]
09-29 12:07:04.848  2072  2545 I am_compact: [10699,com.google.android.apps.wellbeing,all,103424,61692,40624,8964,-8688,0,-8688,8688,92,0,0,905,19,1425916,-8448]
09-29 12:07:04.903  2072  2545 I am_compact: [10679,com.google.android.apps.security.securityhub,all,87312,48260,38144,9172,-5736,0,-5736,5736,54,0,0,905,19,1417468,-5888]
09-29 12:07:04.953  2725  2725 I sysui_multi_action: [757,931,758,4,759,4,932,0,933,0]
09-29 12:07:04.956  2072  2555 I input_interaction: Interaction with: 6bac735 com.google.android.apps.nexuslauncher/com.google.android.apps.nexuslauncher.NexusLauncherActivity (server), PointerEventDispatcher0 (server), 
09-29 12:07:04.960  2072  2555 I input_interaction: Interaction with: f0cf294 NavigationBar0 (server), PointerEventDispatcher0 (server), 
09-29 12:07:05.084  2725  2725 I sysui_multi_action: [757,931,758,4,759,4,932,0,933,1]
09-29 12:07:05.084  2072  4693 I sysui_multi_action: [757,803,799,key_back_press,802,1]
09-29 12:07:06.343  2072  2555 I input_interaction: Interaction with: 6bac735 com.google.android.apps.nexuslauncher/com.google.android.apps.nexuslauncher.NexusLauncherActivity (server), 600f93c com.breel.wallpapers19.doodle.wallpaper.variations.DoodleWallpaperV1 (server), PointerEventDispatcher0 (server), 
09-29 12:07:07.130  2072  2555 I input_interaction: Interaction with: dcd34eb StatusBar (server), PointerEventDispatcher0 (server), 
09-29 12:07:07.133  2725  2725 I sysui_multi_action: [757,803,799,panel_open,802,1]
09-29 12:07:07.133  2725  2725 I sysui_multi_action: [757,1328,758,4,1326,84,1327,0,1329,0]
09-29 12:07:07.182  2072  4604 I sysui_multi_action: [757,127,758,1]
09-29 12:07:07.182  2072  4604 I sysui_multi_action: [757,804,799,note_load,801,3,802,1]
09-29 12:07:07.182  2072  4604 I notification_panel_revealed: 3
09-29 12:07:07.204  2072  2215 I input_focus: [Focus request a9b6da9 NotificationShade,reason=UpdateInputWindows]
09-29 12:07:07.210  2072  4225 I sysui_multi_action: [757,128,758,1,793,1292682,794,0,795,1292682,796,26,798,1,806,android,857,DEVELOPER_IMPORTANT,858,4,946,ranker_group,947,0,1395,3,1500,18893,1688,1]
09-29 12:07:07.210  2072  4225 I sysui_multi_action: [757,1501,758,1,793,1292682,794,0,795,1292682,796,26,806,android,857,DEVELOPER_IMPORTANT,858,4,946,ranker_group,947,0,1500,0,1688,1]
09-29 12:07:07.210  2072  4225 I sysui_multi_action: [757,804,799,note_interruptive,801,0,802,1]
09-29 12:07:07.210  2072  4225 I sysui_multi_action: [757,804,799,note_freshness,801,1292682,802,1]
09-29 12:07:07.211  2072  4225 I notification_visibility: [-1|android|26|null|1000,1,1292682,1292682,0,1]
09-29 12:07:07.220  2072  2555 I input_focus: [Focus leaving 6bac735 com.google.android.apps.nexuslauncher/com.google.android.apps.nexuslauncher.NexusLauncherActivity (server),reason=setFocusedWindow]
09-29 12:07:07.220  2072  2555 I input_focus: [Focus entering a9b6da9 NotificationShade (server),reason=setFocusedWindow]
09-29 12:07:07.720  2072  4604 I sysui_multi_action: [757,128,758,1,793,1293186,794,0,795,1293186,796,2147483647,797,ranker_group,798,0,806,android,857,USB,858,1,946,ranker_group,947,1,1395,3,1500,1293186,1688,1]
09-29 12:07:07.720  2072  4604 I sysui_multi_action: [757,804,799,note_freshness,801,1293186,802,1]
09-29 12:07:07.720  2072  4604 I notification_visibility: [-1|android|2147483647|ranker_group|1000|ranker_group,1,1293186,1293186,0,0]
09-29 12:07:07.720  2072  4604 I sysui_multi_action: [757,128,758,1,793,1287415,794,0,795,1287415,796,32,798,2,806,android,857,USB,858,1,946,ranker_group,947,0,1395,3,1500,18898,1688,1]
09-29 12:07:07.720  2072  4604 I sysui_multi_action: [757,1501,758,1,793,1287415,794,0,795,1287415,796,32,806,android,857,USB,858,1,946,ranker_group,947,0,1500,0,1688,1]
09-29 12:07:07.720  2072  4604 I sysui_multi_action: [757,804,799,note_interruptive,801,0,802,1]
09-29 12:07:07.720  2072  4604 I sysui_multi_action: [757,804,799,note_freshness,801,1287415,802,1]
09-29 12:07:07.720  2072  4604 I notification_visibility: [-1|android|32|null|1000,1,1287415,1287415,0,2]
09-29 12:07:07.999  2072  4604 W AppOps  : Noting op not finished: uid 10130 pkg com.google.android.apps.scone code 79 startTime of in progress event=1696002361913
09-29 12:07:08.171  2072  2555 I input_interaction: Interaction with: a9b6da9 NotificationShade (server), PointerEventDispatcher0 (server), 
09-29 12:07:08.728  2072  4604 I sysui_multi_action: [757,128,758,2,793,1294194,794,1008,795,1294194,796,2147483647,797,ranker_group,798,0,806,android,857,USB,858,1,946,ranker_group,947,1,1395,3,1500,1294194,1688,1]
09-29 12:07:08.728  2072  4604 I notification_visibility: [-1|android|2147483647|ranker_group|1000|ranker_group,0,1294194,1294194,0,0]
09-29 12:07:08.729  2072  4604 I sysui_multi_action: [757,128,758,2,793,1288424,794,1009,795,1288424,796,32,798,2,806,android,857,USB,858,1,946,ranker_group,947,0,1395,3,1500,1009,1688,1]
09-29 12:07:08.729  2072  4604 I notification_visibility: [-1|android|32|null|1000,0,1288424,1288424,0,2]
09-29 12:07:08.771  2072  4604 I sysui_multi_action: [757,128,758,2,793,1294243,794,1561,795,1294243,796,26,798,1,806,android,857,DEVELOPER_IMPORTANT,858,4,946,ranker_group,947,0,1395,3,1500,1561,1688,1]
09-29 12:07:08.771  2072  4604 I notification_visibility: [-1|android|26|null|1000,0,1294243,1294243,0,1]
09-29 12:07:08.780  2072  2215 I input_focus: [Focus request 6bac735 com.google.android.apps.nexuslauncher/com.google.android.apps.nexuslauncher.NexusLauncherActivity,reason=UpdateInputWindows]
09-29 12:07:08.785  2072  4604 I sysui_multi_action: [757,127,758,2]
09-29 12:07:08.785  2072  4604 I notification_panel_hidden: 
09-29 12:07:08.803  2072  2555 I input_focus: [Focus leaving a9b6da9 NotificationShade (server),reason=setFocusedWindow]
09-29 12:07:08.803  2072  2555 I input_focus: [Focus entering 6bac735 com.google.android.apps.nexuslauncher/com.google.android.apps.nexuslauncher.NexusLauncherActivity (server),reason=setFocusedWindow]
09-29 12:07:08.823  2725  3305 D PowerUI : can't show warning due to - plugged: true status unknown: false
09-29 12:07:09.550  2072  2555 I input_interaction: Interaction with: dcd34eb StatusBar (server), PointerEventDispatcher0 (server), 
09-29 12:07:09.551  2725  2725 I sysui_multi_action: [757,803,799,panel_open,802,1]
09-29 12:07:09.552  2725  2725 I sysui_multi_action: [757,1328,758,4,1326,84,1327,0,1329,0]
09-29 12:07:09.605  2072  4166 I sysui_multi_action: [757,127,758,1]
09-29 12:07:09.605  2072  4166 I sysui_multi_action: [757,804,799,note_load,801,3,802,1]
09-29 12:07:09.605  2072  4166 I notification_panel_revealed: 3
09-29 12:07:09.625  2072  2215 I input_focus: [Focus request a9b6da9 NotificationShade,reason=UpdateInputWindows]
09-29 12:07:09.631  2072  4225 I sysui_multi_action: [757,128,758,1,793,1295103,794,0,795,1295103,796,26,798,1,806,android,857,DEVELOPER_IMPORTANT,858,4,946,ranker_group,947,0,1395,3,1500,2421,1688,1]
09-29 12:07:09.631  2072  4225 I sysui_multi_action: [757,1501,758,1,793,1295103,794,0,795,1295103,796,26,806,android,857,DEVELOPER_IMPORTANT,858,4,946,ranker_group,947,0,1500,0,1688,1]
09-29 12:07:09.631  2072  4225 I sysui_multi_action: [757,804,799,note_interruptive,801,0,802,1]
09-29 12:07:09.631  2072  4225 I sysui_multi_action: [757,804,799,note_freshness,801,1295103,802,1]
09-29 12:07:09.631  2072  4225 I notification_visibility: [-1|android|26|null|1000,1,1295103,1295103,0,1]
09-29 12:07:09.644  2072  2555 I input_focus: [Focus leaving 6bac735 com.google.android.apps.nexuslauncher/com.google.android.apps.nexuslauncher.NexusLauncherActivity (server),reason=Waiting for window because NO_WINDOW]
09-29 12:07:09.644  2072  2555 I input_focus: [Focus entering a9b6da9 NotificationShade (server),reason=Window became focusable. Previous reason: NO_WINDOW]
09-29 12:07:10.134  2072  4225 I sysui_multi_action: [757,128,758,1,793,1295600,794,0,795,1295600,796,2147483647,797,ranker_group,798,0,806,android,857,USB,858,1,946,ranker_group,947,1,1395,3,1500,1295600,1688,1]
09-29 12:07:10.134  2072  4225 I sysui_multi_action: [757,804,799,note_freshness,801,1295600,802,1]
09-29 12:07:10.134  2072  4225 I notification_visibility: [-1|android|2147483647|ranker_group|1000|ranker_group,1,1295600,1295600,0,0]
09-29 12:07:10.134  2072  4225 I sysui_multi_action: [757,128,758,1,793,1289829,794,0,795,1289829,796,32,798,2,806,android,857,USB,858,1,946,ranker_group,947,0,1395,3,1500,2414,1688,1]
09-29 12:07:10.134  2072  4225 I sysui_multi_action: [757,1501,758,1,793,1289829,794,0,795,1289829,796,32,806,android,857,USB,858,1,946,ranker_group,947,0,1500,0,1688,1]
09-29 12:07:10.134  2072  4225 I sysui_multi_action: [757,804,799,note_interruptive,801,0,802,1]
09-29 12:07:10.134  2072  4225 I sysui_multi_action: [757,804,799,note_freshness,801,1289829,802,1]
09-29 12:07:10.134  2072  4225 I notification_visibility: [-1|android|32|null|1000,1,1289829,1289829,0,2]
09-29 12:07:10.140  2072  2555 I input_interaction: Interaction with: a9b6da9 NotificationShade (server), PointerEventDispatcher0 (server), 
09-29 12:07:10.209  2725  2725 I sysui_multi_action: [757,111,758,1]
09-29 12:07:10.210  2725  2725 I sysui_multi_action: [757,126,758,1,759,126,927,0,928,0,1593,1]
09-29 12:07:10.210  2725  2725 I sysui_multi_action: [757,113,758,1,759,113,927,1,928,1,1593,1]
09-29 12:07:10.210  2725  2725 I sysui_multi_action: [757,119,758,1,759,119,927,2,928,0,1593,1]
09-29 12:07:10.210  2725  2725 I sysui_multi_action: [757,118,758,1,759,118,927,3,928,0,1593,1]
09-29 12:07:10.210  2725  2725 I sysui_multi_action: [757,0,758,1,759,0,927,4,1593,1]
09-29 12:07:10.210  2725  2725 I sysui_multi_action: [757,112,758,1,759,112,927,5,928,0,1593,0]
09-29 12:07:10.210  2725  2725 I sysui_multi_action: [757,0,758,1,759,0,927,6,1593,0]
09-29 12:07:10.210  2725  2725 I sysui_multi_action: [757,0,758,1,759,0,927,7,1593,0]
09-29 12:07:10.210  2725  2725 I sysui_multi_action: [757,123,758,1,759,123,927,8,928,0,1593,0]
09-29 12:07:10.210  2725  2725 I sysui_multi_action: [757,0,758,1,759,0,927,9,1593,0]
09-29 12:07:10.210  2725  2725 I sysui_multi_action: [757,261,758,1,759,261,927,10,928,0,1593,0]
09-29 12:07:10.210  2725  2725 I sysui_multi_action: [757,114,758,1,759,114,927,11,928,0,1593,0]
09-29 12:07:10.210  2725  2725 I sysui_multi_action: [757,0,758,1,759,0,927,12,928,0,1593,0]
09-29 12:07:10.210  2725  2725 I sysui_multi_action: [757,268,758,1,759,268,806,com.google.android.gms,871,com.google.android.gms.nearby.sharing.SharingTileService,927,13,1593,0]
09-29 12:07:10.210  2725  2725 I sysui_multi_action: [757,0,758,1,759,0,927,14,928,1,1593,0]
09-29 12:07:10.210  2725  2725 I sysui_multi_action: [757,0,758,1,759,0,927,15,928,1,1593,0]
09-29 12:07:10.210  2725  2725 I sysui_multi_action: [757,111,758,1]
09-29 12:07:10.210  2725  2725 I sysui_multi_action: [757,126,758,1,759,126,927,0,928,0,1593,1]
09-29 12:07:10.210  2725  2725 I sysui_multi_action: [757,113,758,1,759,113,927,1,928,1,1593,1]
09-29 12:07:10.210  2725  2725 I sysui_multi_action: [757,119,758,1,759,119,927,2,928,0,1593,1]
09-29 12:07:10.210  2725  2725 I sysui_multi_action: [757,118,758,1,759,118,927,3,928,0,1593,1]
09-29 12:07:10.216  2072  4225 I force_gc: Binder
09-29 12:07:10.262  2725  2725 I sysui_multi_action: [757,194,758,4,826,180,827,4186]
09-29 12:07:10.262  2725  2725 I sysui_lockscreen_gesture: [9,180,4186]
09-29 12:07:11.308  2725  2725 I sysui_multi_action: [757,406,758,4]
09-29 12:07:11.319  2072  3815 I ActivityTaskManager: START u0 {act=android.settings.SETTINGS flg=0x14000000 cmp=com.android.settings/.homepage.SettingsHomepageActivity} from uid 10208
09-29 12:07:11.320  2072  3815 I wm_task_created: [99,-1]
09-29 12:07:11.322  2072  3815 I wm_task_moved: [99,1,5]
09-29 12:07:11.322  2072  3815 I wm_task_to_front: [0,99]
09-29 12:07:11.322  2072  3815 I wm_create_task: [0,99]
09-29 12:07:11.322  2072  3815 I wm_create_activity: [0,65312826,99,com.android.settings/.homepage.SettingsHomepageActivity,android.settings.SETTINGS,NULL,NULL,335544320]
09-29 12:07:11.322  2072  3815 I wm_task_moved: [99,1,5]
09-29 12:07:11.322  3206  3206 I wm_on_top_resumed_lost_called: [164597159,com.google.android.apps.nexuslauncher.NexusLauncherActivity,topStateChangedWhenResumed]
09-29 12:07:11.323  2072  3815 I wm_pause_activity: [0,164597159,com.google.android.apps.nexuslauncher/.NexusLauncherActivity,userLeaving=true,pauseBackTasks]
09-29 12:07:11.324  3206  3206 I wm_on_paused_called: [164597159,com.google.android.apps.nexuslauncher.NexusLauncherActivity,performPause]
09-29 12:07:11.325  2072  3815 W ActivityTaskManager: Tried to set launchTime (0) < mLastActivityLaunchTime (1174612)
09-29 12:07:11.325  2072  3815 I wm_add_to_stopping: [0,164597159,com.google.android.apps.nexuslauncher/.NexusLauncherActivity,makeInvisible]
09-29 12:07:11.326  2072  3815 I wm_restart_activity: [0,65312826,99,com.android.settings/.homepage.SettingsHomepageActivity]
09-29 12:07:11.327  2072  3815 I wm_set_resumed_activity: [0,com.android.settings/.homepage.SettingsHomepageActivity,minimalResumeActivityLocked]
09-29 12:07:11.327  2072  2210 I sysui_multi_action: [757,803,799,window_time_0,802,7]
09-29 12:07:11.329  2072  4166 D CoreBackPreview: Window{867cd1c u0 Splash Screen com.android.settings}: Setting back callback OnBackInvokedCallbackInfo{mCallback=android.window.IOnBackInvokedCallback$Stub$Proxy@b8a0efa, mPriority=0}
09-29 12:07:11.348 10374 10374 I wm_on_create_called: [65312826,com.android.settings.homepage.SettingsHomepageActivity,performCreate]
09-29 12:07:11.354  2072  4604 E UserRestrictionsUtils: Unknown restriction queried by uid 1000 (com.android.keychain et al): null
09-29 12:07:11.373 10374 10374 I wm_on_start_called: [65312826,com.android.settings.homepage.SettingsHomepageActivity,handleStartActivity]
09-29 12:07:11.374 10374 10374 I snet_event_log: [120484087,-1,]
09-29 12:07:11.374 10374 10374 I wm_on_resume_called: [65312826,com.android.settings.homepage.SettingsHomepageActivity,RESUME_ACTIVITY]
09-29 12:07:11.376 10374 10374 I sysui_multi_action: [757,1502,758,1,833,0,1089,27]
09-29 12:07:11.377 10374 10374 I sysui_multi_action: [757,35,758,1,833,0,1089,26]
09-29 12:07:11.382 10374 10374 I sysui_multi_action: [757,1729,758,4,854,isParalleledControllers:false,1089,31]
09-29 12:07:11.385  2072  4693 D CoreBackPreview: Window{8cfda38 u0 com.android.settings/com.android.settings.homepage.SettingsHomepageActivity}: Setting back callback OnBackInvokedCallbackInfo{mCallback=android.window.IOnBackInvokedCallback$Stub$Proxy@1c9564d, mPriority=0}
09-29 12:07:11.385 10374 10374 I wm_on_top_resumed_gained_called: [65312826,com.android.settings.homepage.SettingsHomepageActivity,topStateChangedWhenResumed]
09-29 12:07:11.402 10374 10374 I sysui_multi_action: [757,1662,758,4,759,15]
09-29 12:07:11.405  2072  2215 I sysui_multi_action: [324,1,757,1090,758,12,806,com.android.settings,871,com.android.settings.homepage.SettingsHomepageActivity,1091,85]
09-29 12:07:11.479  2072  2210 I sysui_multi_action: [319,22,321,19,322,85,325,1346,757,761,758,8,759,1,806,com.android.settings,871,com.android.settings.homepage.SettingsHomepageActivity,904,com.android.systemui,905,0,1320,4,1321,24]
09-29 12:07:11.480  2072  2210 I wm_activity_launch_time: [0,65312826,com.android.settings/.homepage.SettingsHomepageActivity,85]
09-29 12:07:11.706  2072  2544 I commit_sys_config_file: [settings-0-0,18]
09-29 12:07:11.716  2072 10218 D CoreBackPreview: Window{867cd1c u0 Splash Screen com.android.settings EXITING}: Setting back callback null
09-29 12:07:11.858  2725  2725 I sysui_multi_action: [757,111,758,2]
09-29 12:07:11.858  2725  2725 I sysui_multi_action: [757,111,758,2]
09-29 12:07:11.860  2072  2214 I wm_stop_activity: [0,164597159,com.google.android.apps.nexuslauncher/.NexusLauncherActivity]
09-29 12:07:11.861  2072  3166 I sysui_multi_action: [757,128,758,2,793,1297333,794,2230,795,1297333,796,26,798,1,806,android,857,DEVELOPER_IMPORTANT,858,4,946,ranker_group,947,0,1395,3,1500,2230,1688,1]
09-29 12:07:11.861  2072  3166 I notification_visibility: [-1|android|26|null|1000,0,1297333,1297333,0,1]
09-29 12:07:11.861  2072  3166 I sysui_multi_action: [757,128,758,2,793,1297327,794,1727,795,1297327,796,2147483647,797,ranker_group,798,0,806,android,857,USB,858,1,946,ranker_group,947,1,1395,3,1500,1297327,1688,1]
09-29 12:07:11.861  2072  3166 I notification_visibility: [-1|android|2147483647|ranker_group|1000|ranker_group,0,1297327,1297327,0,0]
09-29 12:07:11.861  2072  3166 I sysui_multi_action: [757,128,758,2,793,1291556,794,1727,795,1291556,796,32,798,2,806,android,857,USB,858,1,946,ranker_group,947,0,1395,3,1500,1727,1688,1]
09-29 12:07:11.861  2072  3166 I notification_visibility: [-1|android|32|null|1000,0,1291556,1291556,0,2]
09-29 12:07:11.864  2072  2215 I wm_wallpaper_surface: [0,0]
09-29 12:07:11.872  2072  2215 I input_focus: [Focus request 8cfda38 com.android.settings/com.android.settings.homepage.SettingsHomepageActivity,reason=UpdateInputWindows]
09-29 12:07:11.876  2072  2555 I input_focus: [Focus leaving a9b6da9 NotificationShade (server),reason=NOT_FOCUSABLE]
09-29 12:07:11.876  2072  2555 I input_focus: [Focus entering 8cfda38 com.android.settings/com.android.settings.homepage.SettingsHomepageActivity (server),reason=setFocusedWindow]
09-29 12:07:11.881  2072  4547 I sysui_multi_action: [757,127,758,2]
09-29 12:07:11.881  2072  4547 I notification_panel_hidden: 
09-29 12:07:11.886  3206  3206 I wm_on_stop_called: [164597159,com.google.android.apps.nexuslauncher.NexusLauncherActivity,STOP_ACTIVITY_ITEM]
09-29 12:07:12.297  2072  2555 I input_interaction: Interaction with: 8cfda38 com.android.settings/com.android.settings.homepage.SettingsHomepageActivity (server), PointerEventDispatcher0 (server), 
09-29 12:07:13.391 10374 10374 I sysui_multi_action: [757,830,758,4,833,0,854,top_level_network,1089,0]
09-29 12:07:13.393  2072 10218 I ActivityTaskManager: START u0 {act=android.intent.action.MAIN cmp=com.android.settings/.SubSettings (has extras)} from uid 1000
09-29 12:07:13.394  2072 10218 I wm_task_moved: [99,1,5]
09-29 12:07:13.395  2072 10218 I wm_set_resumed_activity: [0,com.android.settings/.homepage.SettingsHomepageActivity,positionChildAt]
09-29 12:07:13.395  2072 10218 I wm_create_activity: [0,134442430,99,com.android.settings/.SubSettings,android.intent.action.MAIN,NULL,NULL,0]
09-29 12:07:13.395  2072 10218 I wm_pause_activity: [0,65312826,com.android.settings/.homepage.SettingsHomepageActivity,userLeaving=true,resumeTopActivity]
09-29 12:07:13.399 10374 10374 I wm_on_top_resumed_lost_called: [65312826,com.android.settings.homepage.SettingsHomepageActivity,topStateChangedWhenResumed]
09-29 12:07:13.400 10374 10374 I sysui_multi_action: [757,1502,758,2,1089,2024]
09-29 12:07:13.400 10374 10374 I sysui_multi_action: [757,35,758,2,1089,2023]
09-29 12:07:13.400 10374 10374 I wm_on_paused_called: [65312826,com.android.settings.homepage.SettingsHomepageActivity,performPause]
09-29 12:07:13.401  2072  4547 W ActivityTaskManager: Tried to set launchTime (0) < mLastActivityLaunchTime (1346878)
09-29 12:07:13.401  2072  4547 I wm_add_to_stopping: [0,65312826,com.android.settings/.homepage.SettingsHomepageActivity,makeInvisible]
09-29 12:07:13.401  2072  4547 I wm_restart_activity: [0,134442430,99,com.android.settings/.SubSettings]
09-29 12:07:13.402  2072  4547 I wm_set_resumed_activity: [0,com.android.settings/.SubSettings,minimalResumeActivityLocked]
09-29 12:07:13.403  2072  2210 I sysui_multi_action: [757,803,799,window_time_0,802,2]
09-29 12:07:13.403  2072  2215 I input_focus: [Requesting to set focus to null window,reason=UpdateInputWindows]
09-29 12:07:13.414  2072  2555 I input_focus: [Focus leaving 8cfda38 com.android.settings/com.android.settings.homepage.SettingsHomepageActivity (server),reason=NO_WINDOW]
09-29 12:07:13.426  2072  4547 E UserRestrictionsUtils: Unknown restriction queried by uid 1000 (com.android.keychain et al): null
09-29 12:07:13.426  2072  4547 E UserRestrictionsUtils: Unknown restriction queried by uid 1000 (com.android.keychain et al): null
09-29 12:07:13.431 10374 10374 I wm_on_create_called: [134442430,com.android.settings.SubSettings,performCreate]
09-29 12:07:13.440 10374 10374 I wm_on_start_called: [134442430,com.android.settings.SubSettings,handleStartActivity]
09-29 12:07:13.441 10374 10374 I snet_event_log: [120484087,-1,]
09-29 12:07:13.441 10374 10374 I wm_on_resume_called: [134442430,com.android.settings.SubSettings,RESUME_ACTIVITY]
09-29 12:07:13.444 10374 10374 I sysui_multi_action: [757,746,758,1,833,35,1089,25]
09-29 12:07:13.527  3044  3119 I service_manager_slow: [25,carrier_config]
09-29 12:07:13.551 10374 10374 I sysui_multi_action: [757,1729,758,4,854,isParalleledControllers:false,1089,132]
09-29 12:07:13.554  2072 10218 D CoreBackPreview: Window{358ab6 u0 com.android.settings/com.android.settings.SubSettings}: Setting back callback OnBackInvokedCallbackInfo{mCallback=android.window.IOnBackInvokedCallback$Stub$Proxy@26f7724, mPriority=0}
09-29 12:07:13.554 10374 10374 I wm_on_top_resumed_gained_called: [134442430,com.android.settings.SubSettings,topStateChangedWhenResumed]
09-29 12:07:13.575  2072  2215 I input_focus: [Focus request 358ab6 com.android.settings/com.android.settings.SubSettings,reason=UpdateInputWindows]
09-29 12:07:13.586  2072  2210 I wm_activity_launch_time: [0,134442430,com.android.settings/.SubSettings,193]
09-29 12:07:13.658  2072  2555 I input_focus: [Focus entering 358ab6 com.android.settings/com.android.settings.SubSettings (server),reason=Window became focusable. Previous reason: NOT_VISIBLE]
09-29 12:07:13.989  2072  2072 I ContentCaptureManagerService: Content capture data sharing session terminated successfully for package 'com.google.android.googlequicksearchbox'
09-29 12:07:14.040  2072  2072 I ContentCaptureManagerService: Content capture data sharing session terminated successfully for package 'com.google.android.googlequicksearchbox'
09-29 12:07:14.046  2072  2214 I wm_stop_activity: [0,65312826,com.android.settings/.homepage.SettingsHomepageActivity]
09-29 12:07:14.060 10374 10374 I wm_on_stop_called: [65312826,com.android.settings.homepage.SettingsHomepageActivity,STOP_ACTIVITY_ITEM]
09-29 12:07:14.314  2072  2072 I ContentCaptureManagerService: Content capture data sharing session terminated successfully for package 'com.google.android.googlequicksearchbox'
09-29 12:07:15.066  2725  7199 D PowerUI : can't show warning due to - plugged: true status unknown: false
09-29 12:07:15.161  2072  2545 D ActivityManager: freezing 7070 com.google.android.gm
09-29 12:07:15.164  2072  2545 I am_freeze: [7070,com.google.android.gm]
