--------- beginning of system
09-29 11:51:19.720  1564  1564 I wificond: subscribe scan result for interface with index: 30
09-29 11:51:19.722  1564  1564 I wificond: add channel type 0 support at wiphy index: 0
09-29 11:51:19.722  1564  1564 I wificond: add channel type 1 support at wiphy index: 0
09-29 11:51:19.723  1366  8596 E vendor.google.wifi_ext@1.0-service-vendor: Callback invoked on an invalid object
09-29 11:51:19.761  2072  2291 D CompatibilityChangeReporter: Compat change id reported: 171306433; UID 10115; state: ENABLED
09-29 11:51:19.761  2072  2291 D CompatibilityChangeReporter: Compat change id reported: 218533173; UID 10115; state: ENABLED
09-29 11:51:19.763  1366  1366 I vendor.google.wifi_ext@1.0-service-vendor: Wifi: Setting SAR Scenario to 3
09-29 11:51:19.892  2072  2291 D CompatibilityChangeReporter: Compat change id reported: 172251878; UID 10115; state: ENABLED
09-29 11:51:19.929  1564  1564 E wificond: NL80211_CMD_TRIGGER_SCAN failed: Network is down
09-29 11:51:21.305  2072  3815 D CoreBackPreview: Window{45a380b u0 InternetDialog}: Setting back callback null
09-29 11:51:21.321  2072  2214 V WindowManager: Unknown focus tokens, dropping reportFocusChanged
09-29 11:51:21.492  1564  1564 I wificond: Regulatory domain changed to country: US on wiphy_index: 0
09-29 11:51:21.495  1564  1564 I wificond: 2.4Ghz frequencies: 2412 2417 2422 2427 2432 2437 2442 2447 2452 2457 2462
09-29 11:51:21.495  1564  1564 I wificond: 5Ghz non-DFS frequencies: 5180 5200 5220 5240 5745 5765 5785 5805 5825
09-29 11:51:21.495  1564  1564 I wificond: 5Ghz DFS frequencies: 5260 5280 5300 5320 5500 5520 5540 5560 5580 5600 5620 5640 5660 5680 5700 5720
09-29 11:51:21.495  1564  1564 I wificond: 6Ghz frequencies:
09-29 11:51:21.495  1564  1564 I wificond: 60Ghz frequencies:
09-29 11:51:21.962  2072  2222 D CompatibilityChangeReporter: Compat change id reported: 177438394; UID 10184; state: DISABLED
09-29 11:51:21.962  2072  2222 D CompatibilityChangeReporter: Compat change id reported: 135772972; UID 10184; state: DISABLED
09-29 11:51:21.962  2072  2222 D CompatibilityChangeReporter: Compat change id reported: 135754954; UID 10184; state: ENABLED
09-29 11:51:21.963  2072  2223 D CompatibilityChangeReporter: Compat change id reported: 143937733; UID 10184; state: ENABLED
09-29 11:51:21.980  2072  2223 I ActivityManager: Start proc 8610:com.google.android.apps.maps:server_recovery_process_scheduled/u0a184 for broadcast {com.google.android.apps.maps/com.google.android.apps.gmm.plugins.serverrecovery.ScheduledRecoverySignalHandlerImpl}
09-29 11:51:21.993  2072  3815 D CompatibilityChangeReporter: Compat change id reported: 168419799; UID 10184; state: DISABLED
09-29 11:51:22.225  2072  2291 D CompatibilityChangeReporter: Compat change id reported: 161145287; UID 10184; state: DISABLED
09-29 11:51:22.322  2072  4213 I ActivityManager: Process com.google.android.apps.maps:server_recovery_process_scheduled (pid 8610) has died: cch+5 CEM 
09-29 11:51:22.357  2072  2291 I RescueParty: Starting to observe: [com.google.android.providers.media.module, android], updated namespace: storage_native_boot
09-29 11:51:22.357  2072  2221 I PackageWatchdog: Syncing state, reason: observing new packages
09-29 11:51:22.358  2072  2221 D PackageWatchdog: rescue-party-observer added the following packages to monitor [com.google.android.providers.media.module, android]
09-29 11:51:22.358  2072  2221 I PackageWatchdog: Syncing state, reason: updated observers
09-29 11:51:22.358  2072  2221 I PackageWatchdog: Not pruning observers, elapsed time: 0ms
09-29 11:51:22.358  2072  2221 I PackageWatchdog: Saving observer state to file
09-29 11:51:22.362  2072  2072 I PackageWatchdog: Syncing health check requests for packages: {}
09-29 11:51:22.362  2072  2072 I ExplicitHealthCheckController: Service not ready to get health check supported packages. Binding...
09-29 11:51:22.366  2072  2072 D OomAdjuster: Not killing cached processes
09-29 11:51:22.367  2072  2072 I ExplicitHealthCheckController: Explicit health check service is bound
09-29 11:51:22.375  1366  1366 D vendor.google.wifi_ext@1.0-service-vendor: SetMacAddress succeeded on wlan0
09-29 11:51:22.380  2072  2072 I ExplicitHealthCheckController: Explicit health check service is connected ComponentInfo{com.google.android.ext.services/android.ext.services.watchdog.ExplicitHealthCheckServiceImpl}
09-29 11:51:22.380  2072  2072 I ExplicitHealthCheckController: Service initialized, syncing requests
09-29 11:51:22.380  2072  2072 I PackageWatchdog: Syncing health check requests for packages: {}
09-29 11:51:22.380  2072  2072 D ExplicitHealthCheckController: Getting health check supported packages
09-29 11:51:22.382  2725  8332 D PowerUI : can't show warning due to - plugged: true status unknown: false
09-29 11:51:22.383  1564  1564 W wificond: Scan is not started. Ignore abort request
09-29 11:51:22.383  2072  2291 I ExplicitHealthCheckController: Explicit health check supported packages [PackageConfig{com.google.android.networkstack, 86400000}]
09-29 11:51:22.384  2072  2291 D PackageWatchdog: Received supported packages [PackageConfig{com.google.android.networkstack, 86400000}]
09-29 11:51:22.384  2072  2291 D ExplicitHealthCheckController: Getting health check requested packages
09-29 11:51:22.385  1564  1564 I wificond: Regulatory domain changed to country: US on wiphy_index: 0
09-29 11:51:22.385  2072  2517 E SettingsToPropertiesMapper: com.yelp.android,0,com.yy.biu,0,com.groupme.android,0,air.tv.douyu.android,0,com.baidu.mbaby,0,com.vlocker.locker,0,com.znxh.hyhuo,0,com.yixia.xiaokaxiu,0 exceeds system property max length.
09-29 11:51:22.385  2072  4225 I ExplicitHealthCheckController: Explicit health check requested packages []
09-29 11:51:22.385  2072  4225 I ExplicitHealthCheckController: No more health check requests, unbinding...
09-29 11:51:22.386  1564  1564 I wificond: 2.4Ghz frequencies: 2412 2417 2422 2427 2432 2437 2442 2447 2452 2457 2462
09-29 11:51:22.386  1564  1564 I wificond: 5Ghz non-DFS frequencies: 5180 5200 5220 5240 5745 5765 5785 5805 5825
09-29 11:51:22.386  1564  1564 I wificond: 5Ghz DFS frequencies: 5260 5280 5300 5320 5500 5520 5540 5560 5580 5600 5620 5640 5660 5680 5700 5720
09-29 11:51:22.386  1564  1564 I wificond: 6Ghz frequencies:
09-29 11:51:22.386  1564  1564 I wificond: 60Ghz frequencies:
09-29 11:51:22.387  2072  4225 I ExplicitHealthCheckController: Explicit health check service is unbound
09-29 11:51:22.393  2072  4225 I RescueParty: Starting to observe: [android], updated namespace: runtime_native_boot
09-29 11:51:22.393  2072  2221 I PackageWatchdog: Syncing state, reason: observing new packages
09-29 11:51:22.393  2072  2221 D PackageWatchdog: rescue-party-observer added the following packages to monitor [android]
09-29 11:51:22.393  2072  2221 I PackageWatchdog: Syncing state, reason: updated observers
09-29 11:51:22.393  2072  2221 I PackageWatchdog: Not pruning observers, elapsed time: 0ms
09-29 11:51:22.393  2072  2221 I PackageWatchdog: Saving observer state to file
09-29 11:51:22.402  2072  4225 I RescueParty: Starting to observe: [android], updated namespace: input_native_boot
09-29 11:51:22.435  2072  2221 I PackageWatchdog: Syncing state, reason: observing new packages
09-29 11:51:22.435  2072  2221 D PackageWatchdog: rescue-party-observer added the following packages to monitor [android]
09-29 11:51:22.435  2072  2221 I PackageWatchdog: Syncing state, reason: updated observers
09-29 11:51:22.435  2072  2221 I PackageWatchdog: Not pruning observers, elapsed time: 0ms
09-29 11:51:22.435  2072  2221 I PackageWatchdog: Saving observer state to file
09-29 11:51:22.437  2072  2072 I PackageWatchdog: Syncing health check requests for packages: {}
09-29 11:51:22.437  2072  2072 I ExplicitHealthCheckController: Service not ready to get health check supported packages. Binding...
09-29 11:51:22.441  2072  2072 I ExplicitHealthCheckController: Explicit health check service is bound
09-29 11:51:22.443  2072  2072 I PackageWatchdog: Syncing health check requests for packages: {}
09-29 11:51:22.443  2072  2072 I ExplicitHealthCheckController: Service not ready to get health check supported packages. Binding...
09-29 11:51:22.443  2072  2072 I ExplicitHealthCheckController: Not binding to service, service already connecting
09-29 11:51:22.443  2072  2072 I ExplicitHealthCheckController: Explicit health check service is connected ComponentInfo{com.google.android.ext.services/android.ext.services.watchdog.ExplicitHealthCheckServiceImpl}
09-29 11:51:22.443  2072  2072 I ExplicitHealthCheckController: Service initialized, syncing requests
09-29 11:51:22.444  2072  2072 I PackageWatchdog: Syncing health check requests for packages: {}
09-29 11:51:22.444  2072  2072 D ExplicitHealthCheckController: Getting health check supported packages
09-29 11:51:22.445  2072  4225 I ExplicitHealthCheckController: Explicit health check supported packages [PackageConfig{com.google.android.networkstack, 86400000}]
09-29 11:51:22.445  2072  4225 D PackageWatchdog: Received supported packages [PackageConfig{com.google.android.networkstack, 86400000}]
09-29 11:51:22.445  2072  4225 D ExplicitHealthCheckController: Getting health check requested packages
09-29 11:51:22.446  2072  4225 I ExplicitHealthCheckController: Explicit health check requested packages []
09-29 11:51:22.446  2072  4225 I ExplicitHealthCheckController: No more health check requests, unbinding...
09-29 11:51:22.447  2072  4225 I ExplicitHealthCheckController: Explicit health check service is unbound
09-29 11:51:22.474  2072  4251 I RescueParty: Starting to observe: [android, com.android.settings], updated namespace: clipboard
09-29 11:51:22.474  2072  2221 I PackageWatchdog: Syncing state, reason: observing new packages
09-29 11:51:22.474  2072  2221 D PackageWatchdog: rescue-party-observer added the following packages to monitor [android, com.android.settings]
09-29 11:51:22.474  2072  2221 I PackageWatchdog: Syncing state, reason: updated observers
09-29 11:51:22.474  2072  2221 I PackageWatchdog: Not pruning observers, elapsed time: 0ms
09-29 11:51:22.474  2072  2221 I PackageWatchdog: Saving observer state to file
09-29 11:51:22.478  2072  2072 I PackageWatchdog: Syncing health check requests for packages: {}
09-29 11:51:22.478  2072  2072 I ExplicitHealthCheckController: Service not ready to get health check supported packages. Binding...
09-29 11:51:22.482  2072  2072 I ExplicitHealthCheckController: Explicit health check service is bound
09-29 11:51:22.482  2072  2072 I ExplicitHealthCheckController: Explicit health check service is connected ComponentInfo{com.google.android.ext.services/android.ext.services.watchdog.ExplicitHealthCheckServiceImpl}
09-29 11:51:22.482  2072  2072 I ExplicitHealthCheckController: Service initialized, syncing requests
09-29 11:51:22.483  2072  2072 I PackageWatchdog: Syncing health check requests for packages: {}
09-29 11:51:22.483  2072  2072 D ExplicitHealthCheckController: Getting health check supported packages
09-29 11:51:22.488  2072  3617 I ExplicitHealthCheckController: Explicit health check supported packages [PackageConfig{com.google.android.networkstack, 86400000}]
09-29 11:51:22.488  2072  3617 D PackageWatchdog: Received supported packages [PackageConfig{com.google.android.networkstack, 86400000}]
09-29 11:51:22.488  2072  3617 D ExplicitHealthCheckController: Getting health check requested packages
09-29 11:51:22.488  2072  3617 I ExplicitHealthCheckController: Explicit health check requested packages []
09-29 11:51:22.488  2072  3617 I ExplicitHealthCheckController: No more health check requests, unbinding...
09-29 11:51:22.490  2072  3617 I ExplicitHealthCheckController: Explicit health check service is unbound
09-29 11:51:22.507  2072  4225 I RescueParty: Starting to observe: [android, com.google.android.networkstack], updated namespace: connectivity
09-29 11:51:22.508  2072  2221 I PackageWatchdog: Syncing state, reason: observing new packages
09-29 11:51:22.509  2072  2221 D PackageWatchdog: rescue-party-observer added the following packages to monitor [android, com.google.android.networkstack]
09-29 11:51:22.509  2072  2221 I PackageWatchdog: Syncing state, reason: updated observers
09-29 11:51:22.509  2072  2221 I PackageWatchdog: Not pruning observers, elapsed time: 0ms
09-29 11:51:22.509  2072  2072 I PackageWatchdog: Syncing health check requests for packages: {}
09-29 11:51:22.509  2072  2072 I ExplicitHealthCheckController: Service not ready to get health check supported packages. Binding...
09-29 11:51:22.509  2072  2221 I PackageWatchdog: Saving observer state to file
09-29 11:51:22.510  2072  2072 I ExplicitHealthCheckController: Explicit health check service is bound
09-29 11:51:22.512  2072  2072 I PackageWatchdog: Syncing health check requests for packages: {}
09-29 11:51:22.512  2072  2072 I ExplicitHealthCheckController: Service not ready to get health check supported packages. Binding...
09-29 11:51:22.512  2072  2072 I ExplicitHealthCheckController: Not binding to service, service already connecting
09-29 11:51:22.513  2072  2072 I ExplicitHealthCheckController: Explicit health check service is connected ComponentInfo{com.google.android.ext.services/android.ext.services.watchdog.ExplicitHealthCheckServiceImpl}
09-29 11:51:22.513  2072  2072 I ExplicitHealthCheckController: Service initialized, syncing requests
09-29 11:51:22.513  2072  2072 I PackageWatchdog: Syncing health check requests for packages: {}
09-29 11:51:22.513  2072  2072 D ExplicitHealthCheckController: Getting health check supported packages
09-29 11:51:22.515  2072  4225 I ExplicitHealthCheckController: Explicit health check supported packages [PackageConfig{com.google.android.networkstack, 86400000}]
09-29 11:51:22.515  2072  4225 D PackageWatchdog: Received supported packages [PackageConfig{com.google.android.networkstack, 86400000}]
09-29 11:51:22.515  2072  4225 D ExplicitHealthCheckController: Getting health check requested packages
09-29 11:51:22.515  2072  4251 I ExplicitHealthCheckController: Explicit health check requested packages []
09-29 11:51:22.516  2072  4251 I ExplicitHealthCheckController: No more health check requests, unbinding...
09-29 11:51:22.518  2072  4251 I ExplicitHealthCheckController: Explicit health check service is unbound
09-29 11:51:22.519  2072  3617 I RescueParty: Starting to observe: [com.google.android.permissioncontroller], updated namespace: permissions
09-29 11:51:22.519  2072  2221 I PackageWatchdog: Syncing state, reason: observing new packages
09-29 11:51:22.519  2072  2221 D PackageWatchdog: rescue-party-observer added the following packages to monitor [com.google.android.permissioncontroller]
09-29 11:51:22.519  2072  2221 I PackageWatchdog: Syncing state, reason: updated observers
09-29 11:51:22.519  2072  2221 I PackageWatchdog: Not pruning observers, elapsed time: 0ms
09-29 11:51:22.519  2072  2221 I PackageWatchdog: Saving observer state to file
09-29 11:51:22.526  2072  2072 I PackageWatchdog: Syncing health check requests for packages: {}
09-29 11:51:22.526  2072  2072 I ExplicitHealthCheckController: Service not ready to get health check supported packages. Binding...
09-29 11:51:22.530  2072  2072 I ExplicitHealthCheckController: Explicit health check service is bound
09-29 11:51:22.530  2072  2072 I ExplicitHealthCheckController: Explicit health check service is connected ComponentInfo{com.google.android.ext.services/android.ext.services.watchdog.ExplicitHealthCheckServiceImpl}
09-29 11:51:22.530  2072  2072 I ExplicitHealthCheckController: Service initialized, syncing requests
09-29 11:51:22.530  2072  2072 I PackageWatchdog: Syncing health check requests for packages: {}
09-29 11:51:22.530  2072  2072 D ExplicitHealthCheckController: Getting health check supported packages
09-29 11:51:22.532  2072  4225 I ExplicitHealthCheckController: Explicit health check supported packages [PackageConfig{com.google.android.networkstack, 86400000}]
09-29 11:51:22.532  2072  4225 D PackageWatchdog: Received supported packages [PackageConfig{com.google.android.networkstack, 86400000}]
09-29 11:51:22.532  2072  4225 D ExplicitHealthCheckController: Getting health check requested packages
09-29 11:51:22.532  2072  4225 I ExplicitHealthCheckController: Explicit health check requested packages []
09-29 11:51:22.532  2072  4225 I ExplicitHealthCheckController: No more health check requests, unbinding...
09-29 11:51:22.534  2072  4225 I ExplicitHealthCheckController: Explicit health check service is unbound
09-29 11:51:22.590  2072  4199 I RescueParty: Starting to observe: [android], updated namespace: wifi
09-29 11:51:22.590  2072  2221 I PackageWatchdog: Syncing state, reason: observing new packages
09-29 11:51:22.591  2072  2221 D PackageWatchdog: rescue-party-observer added the following packages to monitor [android]
09-29 11:51:22.591  2072  2221 I PackageWatchdog: Syncing state, reason: updated observers
09-29 11:51:22.591  2072  2221 I PackageWatchdog: Not pruning observers, elapsed time: 0ms
09-29 11:51:22.591  2072  2221 I PackageWatchdog: Saving observer state to file
09-29 11:51:22.594  2072  2072 I PackageWatchdog: Syncing health check requests for packages: {}
09-29 11:51:22.594  2072  2072 I ExplicitHealthCheckController: Service not ready to get health check supported packages. Binding...
09-29 11:51:22.597  2072  2072 I ExplicitHealthCheckController: Explicit health check service is bound
09-29 11:51:22.597  2072  2072 I ExplicitHealthCheckController: Explicit health check service is connected ComponentInfo{com.google.android.ext.services/android.ext.services.watchdog.ExplicitHealthCheckServiceImpl}
09-29 11:51:22.597  2072  2072 I ExplicitHealthCheckController: Service initialized, syncing requests
09-29 11:51:22.597  2072  2072 I PackageWatchdog: Syncing health check requests for packages: {}
09-29 11:51:22.597  2072  2072 D ExplicitHealthCheckController: Getting health check supported packages
09-29 11:51:22.598  2072  4225 I ExplicitHealthCheckController: Explicit health check supported packages [PackageConfig{com.google.android.networkstack, 86400000}]
09-29 11:51:22.598  2072  4225 D PackageWatchdog: Received supported packages [PackageConfig{com.google.android.networkstack, 86400000}]
09-29 11:51:22.598  2072  4225 D ExplicitHealthCheckController: Getting health check requested packages
09-29 11:51:22.599  2072  4225 I ExplicitHealthCheckController: Explicit health check requested packages []
09-29 11:51:22.599  2072  4225 I ExplicitHealthCheckController: No more health check requests, unbinding...
09-29 11:51:22.600  2072  4225 I ExplicitHealthCheckController: Explicit health check service is unbound
09-29 11:51:22.612  2072  3617 D CompatibilityChangeReporter: Compat change id reported: 171306433; UID 1073; state: ENABLED
09-29 11:51:22.613  2072  3617 D CompatibilityChangeReporter: Compat change id reported: 218533173; UID 1073; state: ENABLED
09-29 11:51:22.624  2072  3617 I RescueParty: Starting to observe: [android], updated namespace: appsearch
09-29 11:51:22.624  2072  2221 I PackageWatchdog: Syncing state, reason: observing new packages
09-29 11:51:22.625  2072  2221 D PackageWatchdog: rescue-party-observer added the following packages to monitor [android]
09-29 11:51:22.625  2072  2221 I PackageWatchdog: Syncing state, reason: updated observers
09-29 11:51:22.625  2072  2221 I PackageWatchdog: Not pruning observers, elapsed time: 0ms
09-29 11:51:22.625  2072  2221 I PackageWatchdog: Saving observer state to file
09-29 11:51:22.628  2072  2072 I PackageWatchdog: Syncing health check requests for packages: {}
09-29 11:51:22.628  2072  2072 I ExplicitHealthCheckController: Service not ready to get health check supported packages. Binding...
09-29 11:51:22.632  2072  2072 I ExplicitHealthCheckController: Explicit health check service is bound
09-29 11:51:22.632  2072  2072 I ExplicitHealthCheckController: Explicit health check service is connected ComponentInfo{com.google.android.ext.services/android.ext.services.watchdog.ExplicitHealthCheckServiceImpl}
09-29 11:51:22.632  2072  2072 I ExplicitHealthCheckController: Service initialized, syncing requests
09-29 11:51:22.632  2072  2072 I PackageWatchdog: Syncing health check requests for packages: {}
09-29 11:51:22.632  2072  2072 D ExplicitHealthCheckController: Getting health check supported packages
09-29 11:51:22.633  2072  4225 I ExplicitHealthCheckController: Explicit health check supported packages [PackageConfig{com.google.android.networkstack, 86400000}]
09-29 11:51:22.633  2072  4225 D PackageWatchdog: Received supported packages [PackageConfig{com.google.android.networkstack, 86400000}]
09-29 11:51:22.633  2072  4225 D ExplicitHealthCheckController: Getting health check requested packages
09-29 11:51:22.633  2072  4199 I ExplicitHealthCheckController: Explicit health check requested packages []
09-29 11:51:22.633  2072  4199 I ExplicitHealthCheckController: No more health check requests, unbinding...
09-29 11:51:22.635  2072  4199 I ExplicitHealthCheckController: Explicit health check service is unbound
09-29 11:51:22.646  2072  3815 I RescueParty: Starting to observe: [com.google.android.apps.nexuslauncher, com.android.systemui], updated namespace: interaction_jank_monitor
09-29 11:51:22.646  2072  2221 I PackageWatchdog: Syncing state, reason: observing new packages
09-29 11:51:22.646  2072  2221 D PackageWatchdog: rescue-party-observer added the following packages to monitor [com.google.android.apps.nexuslauncher, com.android.systemui]
09-29 11:51:22.646  2072  2221 I PackageWatchdog: Syncing state, reason: updated observers
09-29 11:51:22.646  2072  2221 I PackageWatchdog: Not pruning observers, elapsed time: 0ms
09-29 11:51:22.646  2072  2221 I PackageWatchdog: Saving observer state to file
09-29 11:51:22.648  2072  2072 I PackageWatchdog: Syncing health check requests for packages: {}
09-29 11:51:22.648  2072  2072 I ExplicitHealthCheckController: Service not ready to get health check supported packages. Binding...
09-29 11:51:22.650  2072  2072 I ExplicitHealthCheckController: Explicit health check service is bound
09-29 11:51:22.652  2072  2072 I ExplicitHealthCheckController: Explicit health check service is connected ComponentInfo{com.google.android.ext.services/android.ext.services.watchdog.ExplicitHealthCheckServiceImpl}
09-29 11:51:22.652  2072  2072 I ExplicitHealthCheckController: Service initialized, syncing requests
09-29 11:51:22.652  2072  2072 I PackageWatchdog: Syncing health check requests for packages: {}
09-29 11:51:22.652  2072  2072 D ExplicitHealthCheckController: Getting health check supported packages
09-29 11:51:22.653  2072  3815 I ExplicitHealthCheckController: Explicit health check supported packages [PackageConfig{com.google.android.networkstack, 86400000}]
09-29 11:51:22.653  2072  3815 D PackageWatchdog: Received supported packages [PackageConfig{com.google.android.networkstack, 86400000}]
09-29 11:51:22.653  2072  3815 D ExplicitHealthCheckController: Getting health check requested packages
09-29 11:51:22.653  2072  3815 I ExplicitHealthCheckController: Explicit health check requested packages []
09-29 11:51:22.653  2072  3815 I ExplicitHealthCheckController: No more health check requests, unbinding...
09-29 11:51:22.655  2072  3815 I ExplicitHealthCheckController: Explicit health check service is unbound
09-29 11:51:22.670  2072  2291 I RescueParty: Starting to observe: [com.google.android.turboadapter, com.android.settings, com.android.systemui], updated namespace: adaptive_charging
09-29 11:51:22.671  2072  2221 I PackageWatchdog: Syncing state, reason: observing new packages
09-29 11:51:22.671  2072  2221 D PackageWatchdog: rescue-party-observer added the following packages to monitor [com.google.android.turboadapter, com.android.settings, com.android.systemui]
09-29 11:51:22.671  2072  2221 I PackageWatchdog: Syncing state, reason: updated observers
09-29 11:51:22.671  2072  2221 I PackageWatchdog: Not pruning observers, elapsed time: 0ms
09-29 11:51:22.671  2072  2221 I PackageWatchdog: Saving observer state to file
09-29 11:51:22.675  2072  2072 I PackageWatchdog: Syncing health check requests for packages: {}
09-29 11:51:22.675  2072  2072 I ExplicitHealthCheckController: Service not ready to get health check supported packages. Binding...
09-29 11:51:22.676  2072  2072 I ExplicitHealthCheckController: Explicit health check service is bound
09-29 11:51:22.677  2072  2072 I ExplicitHealthCheckController: Explicit health check service is connected ComponentInfo{com.google.android.ext.services/android.ext.services.watchdog.ExplicitHealthCheckServiceImpl}
09-29 11:51:22.677  2072  2072 I ExplicitHealthCheckController: Service initialized, syncing requests
09-29 11:51:22.677  2072  2072 I PackageWatchdog: Syncing health check requests for packages: {}
09-29 11:51:22.677  2072  2072 D ExplicitHealthCheckController: Getting health check supported packages
09-29 11:51:22.678  2072  3617 I ExplicitHealthCheckController: Explicit health check supported packages [PackageConfig{com.google.android.networkstack, 86400000}]
09-29 11:51:22.678  2072  3617 D PackageWatchdog: Received supported packages [PackageConfig{com.google.android.networkstack, 86400000}]
09-29 11:51:22.678  2072  3617 D ExplicitHealthCheckController: Getting health check requested packages
09-29 11:51:22.678  2072  3617 I ExplicitHealthCheckController: Explicit health check requested packages []
09-29 11:51:22.678  2072  3617 I ExplicitHealthCheckController: No more health check requests, unbinding...
09-29 11:51:22.680  2072  3617 I ExplicitHealthCheckController: Explicit health check service is unbound
09-29 11:51:22.736  2072  3167 I RescueParty: Starting to observe: [com.google.android.adservices.api, android], updated namespace: adservices
09-29 11:51:22.736  2072  2221 I PackageWatchdog: Syncing state, reason: observing new packages
09-29 11:51:22.737  2072  2221 D PackageWatchdog: rescue-party-observer added the following packages to monitor [com.google.android.adservices.api, android]
09-29 11:51:22.737  2072  2221 I PackageWatchdog: Syncing state, reason: updated observers
09-29 11:51:22.737  2072  2221 I PackageWatchdog: Not pruning observers, elapsed time: 0ms
09-29 11:51:22.737  2072  2221 I PackageWatchdog: Saving observer state to file
09-29 11:51:22.740  2072  2072 I PackageWatchdog: Syncing health check requests for packages: {}
09-29 11:51:22.740  2072  2072 I ExplicitHealthCheckController: Service not ready to get health check supported packages. Binding...
09-29 11:51:22.746  2072  2072 I ExplicitHealthCheckController: Explicit health check service is bound
09-29 11:51:22.752  2072  2072 I ExplicitHealthCheckController: Explicit health check service is connected ComponentInfo{com.google.android.ext.services/android.ext.services.watchdog.ExplicitHealthCheckServiceImpl}
09-29 11:51:22.752  2072  2072 I ExplicitHealthCheckController: Service initialized, syncing requests
09-29 11:51:22.752  2072  2072 I PackageWatchdog: Syncing health check requests for packages: {}
09-29 11:51:22.752  2072  2072 D ExplicitHealthCheckController: Getting health check supported packages
09-29 11:51:22.753  2072  4213 I ExplicitHealthCheckController: Explicit health check supported packages [PackageConfig{com.google.android.networkstack, 86400000}]
09-29 11:51:22.753  2072  4213 D PackageWatchdog: Received supported packages [PackageConfig{com.google.android.networkstack, 86400000}]
09-29 11:51:22.753  2072  4213 D ExplicitHealthCheckController: Getting health check requested packages
09-29 11:51:22.754  2072  4213 I ExplicitHealthCheckController: Explicit health check requested packages []
09-29 11:51:22.754  2072  4213 I ExplicitHealthCheckController: No more health check requests, unbinding...
09-29 11:51:22.755  2072  4213 I ExplicitHealthCheckController: Explicit health check service is unbound
09-29 11:51:22.777  1318  1409 E NetlinkEvent: NetlinkEvent::FindParam(): Parameter 'INTERFACE' not found
09-29 11:51:22.777  1318  1409 E NetlinkEvent: NetlinkEvent::FindParam(): Parameter 'STATE' not found
09-29 11:51:22.777  1318  1409 E NetlinkEvent: NetlinkEvent::FindParam(): Parameter 'TIME_NS' not found
09-29 11:51:22.777  1318  1409 E NetlinkEvent: NetlinkEvent::FindParam(): Parameter 'UID' not found
09-29 11:51:22.807  2072  4213 I RescueParty: Starting to observe: [com.google.oslo, com.google.android.apps.tips, com.android.settings], updated namespace: oslo
09-29 11:51:22.808  2072  2221 I PackageWatchdog: Syncing state, reason: observing new packages
09-29 11:51:22.808  2072  2221 D PackageWatchdog: rescue-party-observer added the following packages to monitor [com.google.oslo, com.google.android.apps.tips, com.android.settings]
09-29 11:51:22.808  2072  2221 I PackageWatchdog: Syncing state, reason: updated observers
09-29 11:51:22.808  2072  2221 I PackageWatchdog: Not pruning observers, elapsed time: 0ms
09-29 11:51:22.808  2072  2221 I PackageWatchdog: Saving observer state to file
09-29 11:51:22.817  2072  2658 W ContextImpl: Calling a method in the system process without a qualified user: android.app.ContextImpl.sendStickyBroadcast:1586 com.android.server.ConnectivityService.sendStickyBroadcast:3074 com.android.server.ConnectivityService.sendGeneralBroadcast:3047 com.android.server.ConnectivityService.sendConnectedBroadcast:3020 com.android.server.ConnectivityService.sendLegacyNetworkBroadcast:9436 
09-29 11:51:22.822  2072  2222 W BroadcastQueue: Target SDK mismatch: receiver ActivityInfo{1cc292e com.google.android.apps.photos.actionqueue.impl.SystemReceiver} targets 34 but delivery restricted to [0, 23] broadcasting Intent { act=android.net.conn.CONNECTIVITY_CHANGE flg=0x4200010 (has extras) } from android (pid=2072, uid=1000) to com.google.android.apps.photos/.actionqueue.impl.SystemReceiver
09-29 11:51:22.822  2072  2222 W BroadcastQueue: Target SDK mismatch: receiver ActivityInfo{dbccf com.google.android.apps.photos.jobqueue.JobServiceBroadcastReceiver} targets 34 but delivery restricted to [0, 23] broadcasting Intent { act=android.net.conn.CONNECTIVITY_CHANGE flg=0x4200010 (has extras) } from android (pid=2072, uid=1000) to com.google.android.apps.photos/.jobqueue.JobServiceBroadcastReceiver
09-29 11:51:22.822  2072  2222 W BroadcastQueue: Target SDK mismatch: receiver ActivityInfo{c7aa65c com.google.android.gms.gcm.ServiceAutoStarter} targets 34 but delivery restricted to [0, 23] broadcasting Intent { act=android.net.conn.CONNECTIVITY_CHANGE flg=0x4200010 (has extras) } from android (pid=2072, uid=1000) to com.google.android.gms/.gcm.ServiceAutoStarter
09-29 11:51:22.822  2072  2222 W BroadcastQueue: Target SDK mismatch: receiver ActivityInfo{6110d65 com.launchdarkly.sdk.android.ConnectivityReceiver} targets 33 but delivery restricted to [0, 23] broadcasting Intent { act=android.net.conn.CONNECTIVITY_CHANGE flg=0x4200010 (has extras) } from android (pid=2072, uid=1000) to com.uvnv.mintsim/com.launchdarkly.sdk.android.ConnectivityReceiver
09-29 11:51:22.824  2072  2072 I PackageWatchdog: Syncing health check requests for packages: {}
09-29 11:51:22.824  2072  2072 I ExplicitHealthCheckController: Service not ready to get health check supported packages. Binding...
09-29 11:51:22.829  2072  2072 I ExplicitHealthCheckController: Explicit health check service is bound
09-29 11:51:22.833  1366  1366 I vendor.google.wifi_ext@1.0-service-vendor: Wifi: Setting SAR Scenario to 3
09-29 11:51:22.833  2072  2072 I ExplicitHealthCheckController: Explicit health check service is connected ComponentInfo{com.google.android.ext.services/android.ext.services.watchdog.ExplicitHealthCheckServiceImpl}
09-29 11:51:22.833  2072  2072 I ExplicitHealthCheckController: Service initialized, syncing requests
09-29 11:51:22.833  2072  2072 I PackageWatchdog: Syncing health check requests for packages: {}
09-29 11:51:22.833  2072  2072 D ExplicitHealthCheckController: Getting health check supported packages
09-29 11:51:22.848  2072  4213 I ExplicitHealthCheckController: Explicit health check supported packages [PackageConfig{com.google.android.networkstack, 86400000}]
09-29 11:51:22.848  2072  4213 D PackageWatchdog: Received supported packages [PackageConfig{com.google.android.networkstack, 86400000}]
09-29 11:51:22.848  2072  4213 D ExplicitHealthCheckController: Getting health check requested packages
09-29 11:51:22.849  2072  3617 I ExplicitHealthCheckController: Explicit health check requested packages []
09-29 11:51:22.849  2072  3617 I ExplicitHealthCheckController: No more health check requests, unbinding...
09-29 11:51:22.875  2072  3617 I ExplicitHealthCheckController: Explicit health check service is unbound
09-29 11:51:23.014  2072  2658 W ContextImpl: Calling a method in the system process without a qualified user: android.app.ContextImpl.sendStickyBroadcast:1586 com.android.server.ConnectivityService.sendStickyBroadcast:3074 com.android.server.ConnectivityService.sendGeneralBroadcast:3047 com.android.server.ConnectivityService.sendInetConditionBroadcast:3024 com.android.server.ConnectivityService.updateInetCondition:9169 
09-29 11:51:23.026  2072  4686 W ContextImpl: Calling a method in the system process without a qualified user: android.app.ContextImpl.sendBroadcastMultiplePermissions:1222 com.android.server.TelephonyRegistry.broadcastServiceStateChanged:3085 com.android.server.TelephonyRegistry.notifyServiceStateForPhoneId:1616 com.android.internal.telephony.ITelephonyRegistry$Stub.onTransact:492 android.os.Binder.execTransactInternal:1285 
09-29 11:51:23.033  2072  4686 W ContextImpl: Calling a method in the system process without a qualified user: android.app.ContextImpl.sendBroadcastMultiplePermissions:1272 android.content.Context.sendBroadcastMultiplePermissions:2272 com.android.server.TelephonyRegistry.broadcastServiceStateChanged:3089 com.android.server.TelephonyRegistry.notifyServiceStateForPhoneId:1616 com.android.internal.telephony.ITelephonyRegistry$Stub.onTransact:492 
09-29 11:51:23.035  2072  2222 W BroadcastQueue: Permission Denial: receiving Intent { act=android.intent.action.SERVICE_STATE flg=0x1000010 (has extras) } to ProcessRecord{83de2d1 2725:com.android.systemui/u0a208} (pid=2725, uid=10208) requires android.permission.READ_PHONE_STATE due to sender android (uid 1001)
09-29 11:51:23.035  2072  2222 W BroadcastQueue: Permission Denial: receiving Intent { act=android.intent.action.SERVICE_STATE flg=0x1000010 (has extras) } to com.google.android.cellbroadcastreceiver/com.android.cellbroadcastreceiver.CellBroadcastReceiver requires android.permission.READ_PHONE_STATE due to sender android (uid 1001)
09-29 11:51:23.036  2072  2222 W BroadcastQueue: Permission Denial: receiving Intent { act=android.intent.action.SERVICE_STATE flg=0x1000010 (has extras) } to ProcessRecord{83de2d1 2725:com.android.systemui/u0a208} (pid=2725, uid=10208) requires android.permission.ACCESS_FINE_LOCATION due to sender android (uid 1001)
09-29 11:51:23.036  2072  2222 W BroadcastQueue: Permission Denial: receiving Intent { act=android.intent.action.SERVICE_STATE flg=0x1000010 (has extras) } to com.google.android.cellbroadcastreceiver/com.android.cellbroadcastreceiver.CellBroadcastReceiver requires android.permission.ACCESS_FINE_LOCATION due to sender android (uid 1001)
09-29 11:51:23.037  2072  4686 W ContextImpl: Calling a method in the system process without a qualified user: android.app.ContextImpl.sendBroadcastMultiplePermissions:1272 android.content.Context.sendBroadcastMultiplePermissions:2272 com.android.server.TelephonyRegistry.broadcastServiceStateChanged:3096 com.android.server.TelephonyRegistry.notifyServiceStateForPhoneId:1616 com.android.internal.telephony.ITelephonyRegistry$Stub.onTransact:492 
09-29 11:51:23.037  2072  2222 W BroadcastQueue: Permission Denial: receiving Intent { act=android.intent.action.SERVICE_STATE flg=0x1000010 (has extras) } to ProcessRecord{83de2d1 2725:com.android.systemui/u0a208} (pid=2725, uid=10208) requires android.permission.READ_PHONE_STATE due to sender android (uid 1001)
09-29 11:51:23.037  2072  2222 W BroadcastQueue: Permission Denial: receiving Intent { act=android.intent.action.SERVICE_STATE flg=0x1000010 (has extras) } to com.google.android.cellbroadcastreceiver/com.android.cellbroadcastreceiver.CellBroadcastReceiver requires android.permission.READ_PHONE_STATE due to sender android (uid 1001)
09-29 11:51:23.038  2072  4686 W ContextImpl: Calling a method in the system process without a qualified user: android.app.ContextImpl.sendBroadcastMultiplePermissions:1272 android.content.Context.sendBroadcastMultiplePermissions:2272 com.android.server.TelephonyRegistry.broadcastServiceStateChanged:3100 com.android.server.TelephonyRegistry.notifyServiceStateForPhoneId:1616 com.android.internal.telephony.ITelephonyRegistry$Stub.onTransact:492 
09-29 11:51:23.111  2072  4225 D CompatibilityChangeReporter: Compat change id reported: 201794303; UID 10115; state: ENABLED
09-29 11:51:23.265  2072  4225 W JobScheduler: Job didn't exist in JobStore: 9cafdb5 #u0a112/94 com.google.android.apps.carrier.carrierwifi/androidx.work.impl.background.systemjob.SystemJobService
09-29 11:51:23.333  2072  4225 I RescueParty: Starting to observe: [com.android.hbmsvmanager, android], updated namespace: display_manager
09-29 11:51:23.333  2072  2221 I PackageWatchdog: Syncing state, reason: observing new packages
09-29 11:51:23.334  2072  2221 D PackageWatchdog: rescue-party-observer added the following packages to monitor [com.android.hbmsvmanager, android]
09-29 11:51:23.334  2072  2221 I PackageWatchdog: Syncing state, reason: updated observers
09-29 11:51:23.334  2072  2221 I PackageWatchdog: Not pruning observers, elapsed time: 0ms
09-29 11:51:23.334  2072  2221 I PackageWatchdog: Saving observer state to file
09-29 11:51:23.336  2072  2072 I PackageWatchdog: Syncing health check requests for packages: {}
09-29 11:51:23.336  2072  2072 I ExplicitHealthCheckController: Service not ready to get health check supported packages. Binding...
09-29 11:51:23.337  2072  2072 I ExplicitHealthCheckController: Explicit health check service is bound
09-29 11:51:23.341  2072  2072 I ExplicitHealthCheckController: Explicit health check service is connected ComponentInfo{com.google.android.ext.services/android.ext.services.watchdog.ExplicitHealthCheckServiceImpl}
09-29 11:51:23.341  2072  2072 I ExplicitHealthCheckController: Service initialized, syncing requests
09-29 11:51:23.342  2072  2072 I PackageWatchdog: Syncing health check requests for packages: {}
09-29 11:51:23.342  2072  2072 D ExplicitHealthCheckController: Getting health check supported packages
09-29 11:51:23.345  2072  4225 I ExplicitHealthCheckController: Explicit health check supported packages [PackageConfig{com.google.android.networkstack, 86400000}]
09-29 11:51:23.345  2072  4225 D PackageWatchdog: Received supported packages [PackageConfig{com.google.android.networkstack, 86400000}]
09-29 11:51:23.345  2072  4225 D ExplicitHealthCheckController: Getting health check requested packages
09-29 11:51:23.345  2072  4225 I ExplicitHealthCheckController: Explicit health check requested packages []
09-29 11:51:23.345  2072  4225 I ExplicitHealthCheckController: No more health check requests, unbinding...
09-29 11:51:23.346  2072  4225 I ExplicitHealthCheckController: Explicit health check service is unbound
09-29 11:51:23.415  2072  2072 I AutofillManagerService: Ignoring change on augmented_autofill_mode
09-29 11:51:23.416  2072  2072 I AutofillManagerService: Ignoring change on autofill_dialog_hints
09-29 11:51:23.416  2072  2072 I AutofillManagerService: Ignoring change on autofill_save_dialog_landscape_body_height_max_percent
09-29 11:51:23.416  2072  2072 I AutofillManagerService: Ignoring change on autofill_save_dialog_portrait_body_height_max_percent
09-29 11:51:23.416  2072  2072 I AutofillManagerService: Ignoring change on autofill_dialog_enabled
09-29 11:51:23.431  2072  3167 D CompatibilityChangeReporter: Compat change id reported: 183164979; UID 10163; state: ENABLED
09-29 11:51:23.458  2072  3165 I RescueParty: Starting to observe: [com.google.android.odad], updated namespace: odad
09-29 11:51:23.458  2072  2221 I PackageWatchdog: Syncing state, reason: observing new packages
09-29 11:51:23.458  2072  2221 D PackageWatchdog: rescue-party-observer added the following packages to monitor [com.google.android.odad]
09-29 11:51:23.458  2072  2221 I PackageWatchdog: Syncing state, reason: updated observers
09-29 11:51:23.458  2072  2221 I PackageWatchdog: Not pruning observers, elapsed time: 0ms
09-29 11:51:23.458  2072  2221 I PackageWatchdog: Saving observer state to file
09-29 11:51:23.460  2072  2072 I PackageWatchdog: Syncing health check requests for packages: {}
09-29 11:51:23.460  2072  2072 I ExplicitHealthCheckController: Service not ready to get health check supported packages. Binding...
09-29 11:51:23.461  2072  2072 I ExplicitHealthCheckController: Explicit health check service is bound
09-29 11:51:23.465  2072  2072 I ExplicitHealthCheckController: Explicit health check service is connected ComponentInfo{com.google.android.ext.services/android.ext.services.watchdog.ExplicitHealthCheckServiceImpl}
09-29 11:51:23.465  2072  2072 I ExplicitHealthCheckController: Service initialized, syncing requests
09-29 11:51:23.465  2072  2072 I PackageWatchdog: Syncing health check requests for packages: {}
09-29 11:51:23.465  2072  2072 D ExplicitHealthCheckController: Getting health check supported packages
09-29 11:51:23.469  2072  3165 I ExplicitHealthCheckController: Explicit health check supported packages [PackageConfig{com.google.android.networkstack, 86400000}]
09-29 11:51:23.469  2072  3165 D PackageWatchdog: Received supported packages [PackageConfig{com.google.android.networkstack, 86400000}]
09-29 11:51:23.469  2072  3165 D ExplicitHealthCheckController: Getting health check requested packages
09-29 11:51:23.469  2072  3167 I ExplicitHealthCheckController: Explicit health check requested packages []
09-29 11:51:23.469  2072  3167 I ExplicitHealthCheckController: No more health check requests, unbinding...
09-29 11:51:23.473  2072  3167 I ExplicitHealthCheckController: Explicit health check service is unbound
09-29 11:51:23.519  2072  4225 I RescueParty: Starting to observe: [com.google.android.as, com.google.android.as.oss, com.google.android.apps.tips], updated namespace: device_personalization_services
09-29 11:51:23.519  2072  2221 I PackageWatchdog: Syncing state, reason: observing new packages
09-29 11:51:23.519  2072  2221 D PackageWatchdog: rescue-party-observer added the following packages to monitor [com.google.android.as, com.google.android.as.oss, com.google.android.apps.tips]
09-29 11:51:23.519  2072  2072 I PackageWatchdog: Syncing health check requests for packages: {}
09-29 11:51:23.519  2072  2221 I PackageWatchdog: Syncing state, reason: updated observers
09-29 11:51:23.519  2072  2072 I ExplicitHealthCheckController: Service not ready to get health check supported packages. Binding...
09-29 11:51:23.519  2072  2221 I PackageWatchdog: Not pruning observers, elapsed time: 0ms
09-29 11:51:23.519  2072  2221 I PackageWatchdog: Saving observer state to file
09-29 11:51:23.521  2072  2072 I ExplicitHealthCheckController: Explicit health check service is bound
09-29 11:51:23.523  2072  2072 I PackageWatchdog: Syncing health check requests for packages: {}
09-29 11:51:23.523  2072  2072 I ExplicitHealthCheckController: Service not ready to get health check supported packages. Binding...
09-29 11:51:23.523  2072  2072 I ExplicitHealthCheckController: Not binding to service, service already connecting
09-29 11:51:23.525  2072  2072 I ExplicitHealthCheckController: Explicit health check service is connected ComponentInfo{com.google.android.ext.services/android.ext.services.watchdog.ExplicitHealthCheckServiceImpl}
09-29 11:51:23.526  2072  2072 I ExplicitHealthCheckController: Service initialized, syncing requests
09-29 11:51:23.526  2072  2072 I PackageWatchdog: Syncing health check requests for packages: {}
09-29 11:51:23.526  2072  2072 D ExplicitHealthCheckController: Getting health check supported packages
09-29 11:51:23.528  2072  3167 I ExplicitHealthCheckController: Explicit health check supported packages [PackageConfig{com.google.android.networkstack, 86400000}]
09-29 11:51:23.528  2072  3167 D PackageWatchdog: Received supported packages [PackageConfig{com.google.android.networkstack, 86400000}]
09-29 11:51:23.528  2072  3167 D ExplicitHealthCheckController: Getting health check requested packages
09-29 11:51:23.528  2072  4225 I ExplicitHealthCheckController: Explicit health check requested packages []
09-29 11:51:23.528  2072  4225 I ExplicitHealthCheckController: No more health check requests, unbinding...
09-29 11:51:23.532  2072  4225 I ExplicitHealthCheckController: Explicit health check service is unbound
09-29 11:51:23.583  2072  3167 I RescueParty: Starting to observe: [android], updated namespace: content_capture
09-29 11:51:23.583  2072  2221 I PackageWatchdog: Syncing state, reason: observing new packages
09-29 11:51:23.583  2072  2221 D PackageWatchdog: rescue-party-observer added the following packages to monitor [android]
09-29 11:51:23.583  2072  2221 I PackageWatchdog: Syncing state, reason: updated observers
09-29 11:51:23.583  2072  2221 I PackageWatchdog: Not pruning observers, elapsed time: 0ms
09-29 11:51:23.583  2072  2221 I PackageWatchdog: Saving observer state to file
09-29 11:51:23.585  2072  2072 I PackageWatchdog: Syncing health check requests for packages: {}
09-29 11:51:23.585  2072  2072 I ExplicitHealthCheckController: Service not ready to get health check supported packages. Binding...
09-29 11:51:23.586  2072  2072 I ExplicitHealthCheckController: Explicit health check service is bound
09-29 11:51:23.588  2072  2072 I ExplicitHealthCheckController: Explicit health check service is connected ComponentInfo{com.google.android.ext.services/android.ext.services.watchdog.ExplicitHealthCheckServiceImpl}
09-29 11:51:23.588  2072  2072 I ExplicitHealthCheckController: Service initialized, syncing requests
09-29 11:51:23.588  2072  2072 I PackageWatchdog: Syncing health check requests for packages: {}
09-29 11:51:23.588  2072  2072 D ExplicitHealthCheckController: Getting health check supported packages
09-29 11:51:23.589  2072  3165 I ExplicitHealthCheckController: Explicit health check supported packages [PackageConfig{com.google.android.networkstack, 86400000}]
09-29 11:51:23.589  2072  3165 D PackageWatchdog: Received supported packages [PackageConfig{com.google.android.networkstack, 86400000}]
09-29 11:51:23.589  2072  3165 D ExplicitHealthCheckController: Getting health check requested packages
09-29 11:51:23.589  2072  3165 I ExplicitHealthCheckController: Explicit health check requested packages []
09-29 11:51:23.589  2072  3165 I ExplicitHealthCheckController: No more health check requests, unbinding...
09-29 11:51:23.589  2072  3165 I ExplicitHealthCheckController: Explicit health check service is unbound
09-29 11:51:23.590  2072  4225 I RescueParty: Starting to observe: [android], updated namespace: system_time
09-29 11:51:23.590  2072  2221 I PackageWatchdog: Syncing state, reason: observing new packages
09-29 11:51:23.590  2072  2221 D PackageWatchdog: rescue-party-observer added the following packages to monitor [android]
09-29 11:51:23.590  2072  2221 I PackageWatchdog: Syncing state, reason: updated observers
09-29 11:51:23.590  2072  2221 I PackageWatchdog: Not pruning observers, elapsed time: 0ms
09-29 11:51:23.590  2072  2221 I PackageWatchdog: Saving observer state to file
09-29 11:51:23.592  2072  2072 I PackageWatchdog: Syncing health check requests for packages: {}
09-29 11:51:23.592  2072  2072 I ExplicitHealthCheckController: Service not ready to get health check supported packages. Binding...
09-29 11:51:23.593  2072  2072 I ExplicitHealthCheckController: Explicit health check service is bound
09-29 11:51:23.598  2072  2072 I ExplicitHealthCheckController: Explicit health check service is connected ComponentInfo{com.google.android.ext.services/android.ext.services.watchdog.ExplicitHealthCheckServiceImpl}
09-29 11:51:23.598  2072  2072 I ExplicitHealthCheckController: Service initialized, syncing requests
09-29 11:51:23.599  2072  2072 I PackageWatchdog: Syncing health check requests for packages: {}
09-29 11:51:23.599  2072  2072 D ExplicitHealthCheckController: Getting health check supported packages
09-29 11:51:23.599  2072  3165 I ExplicitHealthCheckController: Explicit health check supported packages [PackageConfig{com.google.android.networkstack, 86400000}]
09-29 11:51:23.599  2072  3165 D PackageWatchdog: Received supported packages [PackageConfig{com.google.android.networkstack, 86400000}]
09-29 11:51:23.599  2072  3165 D ExplicitHealthCheckController: Getting health check requested packages
09-29 11:51:23.600  2072  3165 I ExplicitHealthCheckController: Explicit health check requested packages []
09-29 11:51:23.600  2072  3165 I ExplicitHealthCheckController: No more health check requests, unbinding...
09-29 11:51:23.602  2072  3165 I ExplicitHealthCheckController: Explicit health check service is unbound
09-29 11:51:23.686  2072  4686 D CompatibilityChangeReporter: Compat change id reported: 183164979; UID 10190; state: ENABLED
09-29 11:51:23.698  2072  3815 W ActivityManager: Unable to start service Intent { act=grpc.io.action.BIND cmp=com.google.android.apps.nest.dockmanager.app/.service.DockManagerAndroidService } U=0: not found
09-29 11:51:23.700  2072  2291 I RescueParty: Starting to observe: [android, com.google.android.settings.intelligence], updated namespace: telephony
09-29 11:51:23.700  2072  2221 I PackageWatchdog: Syncing state, reason: observing new packages
