09-29 12:03:42.141  2072  4693 D CoreBackPreview: Window{8f8106e u0 com.android.chrome/com.google.android.apps.chrome.Main}: Setting back callback OnBackInvokedCallbackInfo{mCallback=android.window.IOnBackInvokedCallback$Stub$Proxy@75b0557, mPriority=-1}
09-29 12:03:42.157  5569  5569 I wm_on_stop_called: [226317798,com.google.android.apps.chrome.Main,STOP_ACTIVITY_ITEM]
09-29 12:03:42.190  2072  2545 I am_compact: [5569,com.android.chrome,file,225724,141132,80444,7348,0,0,0,0,15,3,419722,700,15,1513724,0]
09-29 12:03:42.196  2072  2545 I am_compact: [5737,com.android.chrome:sandboxed_process0:org.chromium.content.app.SandboxedProcessService0:0,file,148676,76460,69004,9592,0,0,0,0,6,0,0,700,15,1513724,0]
09-29 12:03:42.200  2072  2555 I input_interaction: Interaction with: dcd34eb StatusBar (server), PointerEventDispatcher0 (server), 
09-29 12:03:42.200  2725  2725 I sysui_multi_action: [757,803,799,panel_open,802,1]
09-29 12:03:42.200  2725  2725 I sysui_multi_action: [757,1328,758,4,1326,87,1327,0,1329,0]
09-29 12:03:42.204  2072  2545 I am_compact: [5689,com.android.chrome:privileged_process0,file,174872,117588,54272,12944,0,0,0,0,8,3,419818,700,15,1513724,0]
09-29 12:03:42.237  2072  4693 I sysui_multi_action: [757,127,758,1]
09-29 12:03:42.237  2072  4693 I sysui_multi_action: [757,804,799,note_load,801,3,802,1]
09-29 12:03:42.237  2072  4693 I notification_panel_revealed: 3
09-29 12:03:42.250  2072  2215 I input_focus: [Focus request a9b6da9 NotificationShade,reason=UpdateInputWindows]
09-29 12:03:42.259  2072  4512 I sysui_multi_action: [757,128,758,1,793,1087731,794,0,795,1087731,796,26,798,1,806,android,857,DEVELOPER_IMPORTANT,858,4,946,ranker_group,947,0,1395,3,1500,2502,1688,1]
09-29 12:03:42.259  2072  4512 I sysui_multi_action: [757,1501,758,1,793,1087731,794,0,795,1087731,796,26,806,android,857,DEVELOPER_IMPORTANT,858,4,946,ranker_group,947,0,1500,0,1688,1]
09-29 12:03:42.259  2072  4512 I sysui_multi_action: [757,804,799,note_interruptive,801,0,802,1]
09-29 12:03:42.259  2072  4512 I sysui_multi_action: [757,804,799,note_freshness,801,1087731,802,1]
09-29 12:03:42.259  2072  4512 I notification_visibility: [-1|android|26|null|1000,1,1087731,1087731,0,1]
09-29 12:03:42.266  2072  2555 I input_focus: [Focus leaving 6bac735 com.google.android.apps.nexuslauncher/com.google.android.apps.nexuslauncher.NexusLauncherActivity (server),reason=setFocusedWindow]
09-29 12:03:42.266  2072  2555 I input_focus: [Focus entering a9b6da9 NotificationShade (server),reason=setFocusedWindow]
09-29 12:03:42.326  2072  2214 D ColorDisplayService: DisplayWhiteBalanceTintController Animation cancelled: false to matrix: 
09-29 12:03:42.326  2072  2214 D ColorDisplayService:        0.973091-0.000745-0.000171 0.000000 0.026478 0.936174-0.000160 0.000000 0.000431 0.000108 0.928185 0.000000 0.000000 0.000000 0.000000 1.000000 min matrix coefficients: 
09-29 12:03:42.326  2072  2214 D ColorDisplayService:        0.973091-0.000745-0.000171 0.000000 0.016992 0.936174-0.000160 0.000000 0.000205-0.000569 0.928185 0.000000 0.000000 0.000000 0.000000 1.000000 max matrix coefficients: 
09-29 12:03:42.326  2072  2214 D ColorDisplayService:        0.981867 0.000000 0.000073 0.000000 0.026478 0.958171 0.000227 0.000000 0.000431 0.000108 0.999700 0.000000 0.000000 0.000000 0.000000 1.000000
09-29 12:03:42.759  2072  2555 I input_interaction: Interaction with: a9b6da9 NotificationShade (server), PointerEventDispatcher0 (server), 
09-29 12:03:42.767  2072  4512 I sysui_multi_action: [757,128,758,1,793,1088233,794,0,795,1088233,796,2147483647,797,ranker_group,798,0,806,android,857,USB,858,1,946,ranker_group,947,1,1395,3,1500,1088233,1688,1]
09-29 12:03:42.767  2072  4512 I sysui_multi_action: [757,804,799,note_freshness,801,1088233,802,1]
09-29 12:03:42.767  2072  4512 I notification_visibility: [-1|android|2147483647|ranker_group|1000|ranker_group,1,1088233,1088233,0,0]
09-29 12:03:42.767  2072  4512 I sysui_multi_action: [757,128,758,1,793,1082462,794,0,795,1082462,796,32,798,2,806,android,857,USB,858,1,946,ranker_group,947,0,1395,3,1500,654967,1688,1]
09-29 12:03:42.767  2072  4512 I sysui_multi_action: [757,1501,758,1,793,1082462,794,0,795,1082462,796,32,806,android,857,USB,858,1,946,ranker_group,947,0,1500,0,1688,1]
09-29 12:03:42.767  2072  4512 I sysui_multi_action: [757,804,799,note_interruptive,801,0,802,1]
09-29 12:03:42.767  2072  4512 I sysui_multi_action: [757,804,799,note_freshness,801,1082462,802,1]
09-29 12:03:42.767  2072  4512 I notification_visibility: [-1|android|32|null|1000,1,1082462,1082462,0,2]
09-29 12:03:42.820  2725  2725 I sysui_multi_action: [757,111,758,1]
09-29 12:03:42.820  2725  2725 I sysui_multi_action: [757,126,758,1,759,126,927,0,928,1,1593,1]
09-29 12:03:42.820  2725  2725 I sysui_multi_action: [757,113,758,1,759,113,927,1,928,1,1593,1]
09-29 12:03:42.820  2725  2725 I sysui_multi_action: [757,119,758,1,759,119,927,2,928,0,1593,1]
09-29 12:03:42.820  2725  2725 I sysui_multi_action: [757,118,758,1,759,118,927,3,928,0,1593,1]
09-29 12:03:42.820  2725  2725 I sysui_multi_action: [757,0,758,1,759,0,927,4,1593,1]
09-29 12:03:42.820  2725  2725 I sysui_multi_action: [757,112,758,1,759,112,927,5,928,0,1593,0]
09-29 12:03:42.820  2725  2725 I sysui_multi_action: [757,0,758,1,759,0,927,6,1593,0]
09-29 12:03:42.820  2725  2725 I sysui_multi_action: [757,0,758,1,759,0,927,7,1593,0]
09-29 12:03:42.821  2725  2725 I sysui_multi_action: [757,123,758,1,759,123,927,8,928,0,1593,0]
09-29 12:03:42.821  2725  2725 I sysui_multi_action: [757,0,758,1,759,0,927,9,1593,0]
09-29 12:03:42.821  2725  2725 I sysui_multi_action: [757,261,758,1,759,261,927,10,928,0,1593,0]
09-29 12:03:42.821  2725  2725 I sysui_multi_action: [757,114,758,1,759,114,927,11,928,0,1593,0]
09-29 12:03:42.821  2725  2725 I sysui_multi_action: [757,0,758,1,759,0,927,12,928,0,1593,0]
09-29 12:03:42.821  2725  2725 I sysui_multi_action: [757,268,758,1,759,268,806,com.google.android.gms,871,com.google.android.gms.nearby.sharing.SharingTileService,927,13,1593,0]
09-29 12:03:42.821  2725  2725 I sysui_multi_action: [757,0,758,1,759,0,927,14,928,1,1593,0]
09-29 12:03:42.821  2725  2725 I sysui_multi_action: [757,0,758,1,759,0,927,15,928,1,1593,0]
09-29 12:03:42.821  2725  2725 I sysui_multi_action: [757,111,758,1]
09-29 12:03:42.821  2725  2725 I sysui_multi_action: [757,126,758,1,759,126,927,0,928,1,1593,1]
09-29 12:03:42.821  2725  2725 I sysui_multi_action: [757,113,758,1,759,113,927,1,928,1,1593,1]
09-29 12:03:42.821  2725  2725 I sysui_multi_action: [757,119,758,1,759,119,927,2,928,0,1593,1]
09-29 12:03:42.821  2725  2725 I sysui_multi_action: [757,118,758,1,759,118,927,3,928,0,1593,1]
09-29 12:03:42.913  2725  2725 I sysui_multi_action: [757,194,758,4,826,183,827,2241]
09-29 12:03:42.913  2725  2725 I sysui_lockscreen_gesture: [9,183,2241]
09-29 12:03:43.576  2725  2725 I sysui_multi_action: [757,925,758,4,759,126,927,0,928,1,1592,0,1593,1]
09-29 12:03:43.616  2072  4512 D CoreBackPreview: Window{fa32f1a u0 InternetDialog}: Setting back callback OnBackInvokedCallbackInfo{mCallback=android.window.IOnBackInvokedCallback$Stub$Proxy@531c2d4, mPriority=0}
09-29 12:03:43.621  2072  2215 I input_focus: [Focus request fa32f1a InternetDialog,reason=UpdateInputWindows]
09-29 12:03:43.640  2072  2555 I input_focus: [Focus leaving a9b6da9 NotificationShade (server),reason=setFocusedWindow]
09-29 12:03:43.640  2072  2555 I input_focus: [Focus entering fa32f1a InternetDialog (server),reason=setFocusedWindow]
09-29 12:03:43.721  3044  3293 I service_manager_stats: [100,49,1035394]
09-29 12:03:45.406  2072  2545 I am_compact: [4334,com.google.android.apps.messaging,file,158456,114768,41120,33732,0,0,0,0,11,1,567459,700,5,1513724,0]
09-29 12:03:46.169  2072  2555 I input_interaction: Interaction with: fa32f1a InternetDialog (server), PointerEventDispatcher0 (server), 
09-29 12:03:46.250  2072  2713 D CompatibilityChangeReporter: Compat change id reported: 171306433; UID 1000; state: ENABLED
09-29 12:03:46.250  2072  2713 D CompatibilityChangeReporter: Compat change id reported: 218533173; UID 1000; state: ENABLED
09-29 12:03:46.258  1366  1366 I vendor.google.wifi_ext@1.0-service-vendor: Adding interface handle for wlan0
09-29 12:03:46.258  1366  1366 I vendor.google.wifi_ext@1.0-service-vendor: Adding interface handle for wlan1
09-29 12:03:46.258  1366  1366 I vendor.google.wifi_ext@1.0-service-vendor: Adding interface handle for p2p0
09-29 12:03:46.259  1366  1366 W vendor.google.wifi_ext@1.0-service-vendor: No active wlan interfaces in use! Using default
09-29 12:03:46.280  1564  1564 W wificond: Scan aborted
09-29 12:03:46.394  1564  1564 I wificond: Unsubscribe scan result for interface with index: 30
09-29 12:03:46.428  2072  2544 I commit_sys_config_file: [settings-0-0,5]
09-29 12:03:46.439  1564  1564 I wificond: tearDownClientInterface: erasing wiphy_index for iface_name wlan0
09-29 12:03:46.439  1564  1564 I wificond: remove channel type 0 support at wiphy index 0
09-29 12:03:46.439  1564  1564 I wificond: remove channel type 1 support at wiphy index 0
09-29 12:03:46.464  1366  1366 D vendor.google.wifi_ext@1.0-service-vendor: Stopping legacy HAL
09-29 12:03:46.465  1366  8596 I vendor.google.wifi_ext@1.0-service-vendor: Legacy HAL stop complete callback received
09-29 12:03:46.465  1366  8596 D vendor.google.wifi_ext@1.0-service-vendor: Legacy HAL event loop terminated
09-29 12:03:46.465  1366  1366 D vendor.google.wifi_ext@1.0-service-vendor: Legacy HAL stop complete
09-29 12:03:46.465  1366  1366 I vendor.google.wifi_ext@1.0-service-vendor: Wifi HAL stopped
09-29 12:03:46.491  2072  2658 I netstats_mobile_sample: [0,0,0,0,0,0,0,0,0,0,0,0,1696003427074]
09-29 12:03:46.492  2072  2658 I netstats_wifi_sample: [17371267,15993,1762748,8980,17371267,15993,1762748,8980,17367755,15925,1762144,8971,1696003427074]
09-29 12:03:46.509  3044  3044 I gsm_service_state_change: [1,0,1,0]
09-29 12:03:46.522  2072  4595 W ContextImpl: Calling a method in the system process without a qualified user: android.app.ContextImpl.sendBroadcastMultiplePermissions:1222 com.android.server.TelephonyRegistry.broadcastServiceStateChanged:3085 com.android.server.TelephonyRegistry.notifyServiceStateForPhoneId:1616 com.android.internal.telephony.ITelephonyRegistry$Stub.onTransact:492 android.os.Binder.execTransactInternal:1285 
09-29 12:03:46.522  2072  2222 W BroadcastQueue: Permission Denial: receiving Intent { act=android.intent.action.SERVICE_STATE flg=0x1000010 (has extras) } to ProcessRecord{83de2d1 2725:com.android.systemui/u0a208} (pid=2725, uid=10208) requires android.permission.READ_PHONE_STATE due to sender android (uid 1001)
09-29 12:03:46.522  2072  2222 W BroadcastQueue: Permission Denial: receiving Intent { act=android.intent.action.SERVICE_STATE flg=0x1000010 (has extras) } to com.google.android.cellbroadcastreceiver/com.android.cellbroadcastreceiver.CellBroadcastReceiver requires android.permission.READ_PHONE_STATE due to sender android (uid 1001)
09-29 12:03:46.525  2072  4595 W ContextImpl: Calling a method in the system process without a qualified user: android.app.ContextImpl.sendBroadcastMultiplePermissions:1272 android.content.Context.sendBroadcastMultiplePermissions:2272 com.android.server.TelephonyRegistry.broadcastServiceStateChanged:3089 com.android.server.TelephonyRegistry.notifyServiceStateForPhoneId:1616 com.android.internal.telephony.ITelephonyRegistry$Stub.onTransact:492 
09-29 12:03:46.526  2072  2222 W BroadcastQueue: Permission Denial: receiving Intent { act=android.intent.action.SERVICE_STATE flg=0x1000010 (has extras) } to ProcessRecord{83de2d1 2725:com.android.systemui/u0a208} (pid=2725, uid=10208) requires android.permission.ACCESS_FINE_LOCATION due to sender android (uid 1001)
09-29 12:03:46.526  2072  4595 W ContextImpl: Calling a method in the system process without a qualified user: android.app.ContextImpl.sendBroadcastMultiplePermissions:1272 android.content.Context.sendBroadcastMultiplePermissions:2272 com.android.server.TelephonyRegistry.broadcastServiceStateChanged:3096 com.android.server.TelephonyRegistry.notifyServiceStateForPhoneId:1616 com.android.internal.telephony.ITelephonyRegistry$Stub.onTransact:492 
09-29 12:03:46.526  2072  2222 W BroadcastQueue: Permission Denial: receiving Intent { act=android.intent.action.SERVICE_STATE flg=0x1000010 (has extras) } to com.google.android.cellbroadcastreceiver/com.android.cellbroadcastreceiver.CellBroadcastReceiver requires android.permission.ACCESS_FINE_LOCATION due to sender android (uid 1001)
09-29 12:03:46.526  2072  2222 W BroadcastQueue: Permission Denial: receiving Intent { act=android.intent.action.SERVICE_STATE flg=0x1000010 (has extras) } to ProcessRecord{83de2d1 2725:com.android.systemui/u0a208} (pid=2725, uid=10208) requires android.permission.READ_PHONE_STATE due to sender android (uid 1001)
09-29 12:03:46.526  2072  2222 W BroadcastQueue: Permission Denial: receiving Intent { act=android.intent.action.SERVICE_STATE flg=0x1000010 (has extras) } to com.google.android.cellbroadcastreceiver/com.android.cellbroadcastreceiver.CellBroadcastReceiver requires android.permission.READ_PHONE_STATE due to sender android (uid 1001)
09-29 12:03:46.526  2072  4595 W ContextImpl: Calling a method in the system process without a qualified user: android.app.ContextImpl.sendBroadcastMultiplePermissions:1272 android.content.Context.sendBroadcastMultiplePermissions:2272 com.android.server.TelephonyRegistry.broadcastServiceStateChanged:3100 com.android.server.TelephonyRegistry.notifyServiceStateForPhoneId:1616 com.android.internal.telephony.ITelephonyRegistry$Stub.onTransact:492 
09-29 12:03:46.527  2072  2222 I am_uid_running: 10216
09-29 12:03:46.528  2072  2222 D CompatibilityChangeReporter: Compat change id reported: 135634846; UID 10216; state: DISABLED
09-29 12:03:46.528  2072  2222 D CompatibilityChangeReporter: Compat change id reported: 177438394; UID 10216; state: DISABLED
09-29 12:03:46.528  2072  2222 D CompatibilityChangeReporter: Compat change id reported: 135772972; UID 10216; state: DISABLED
09-29 12:03:46.528  2072  2222 D CompatibilityChangeReporter: Compat change id reported: 135754954; UID 10216; state: ENABLED
09-29 12:03:46.528  2072  2223 D CompatibilityChangeReporter: Compat change id reported: 143937733; UID 10216; state: ENABLED
09-29 12:03:46.535  2072  2223 I am_proc_start: [0,10526,10216,com.google.android.cellbroadcastreceiver,broadcast,{com.google.android.cellbroadcastreceiver/com.android.cellbroadcastreceiver.CellBroadcastReceiver}]
09-29 12:03:46.535  2072  2223 I ActivityManager: Start proc 10526:com.google.android.cellbroadcastreceiver/u0a216 for broadcast {com.google.android.cellbroadcastreceiver/com.android.cellbroadcastreceiver.CellBroadcastReceiver}
09-29 12:03:46.538  2072  2658 W ContextImpl: Calling a method in the system process without a qualified user: android.app.ContextImpl.sendStickyBroadcast:1586 com.android.server.ConnectivityService.sendStickyBroadcast:3074 com.android.server.ConnectivityService.sendLegacyNetworkBroadcast:9464 com.android.server.ConnectivityService$LegacyTypeTracker.remove:1075 com.android.server.ConnectivityService$LegacyTypeTracker.remove:1092 
09-29 12:03:46.544  2072  2222 D ActivityManager: sync unfroze 6164 com.google.android.apps.docs
09-29 12:03:46.544  2072  2545 I am_unfreeze: [6164,com.google.android.apps.docs]
09-29 12:03:46.546  2072  2222 D ActivityManager: sync unfroze 7856 com.uvnv.mintsim
09-29 12:03:46.546  2072  2545 I am_unfreeze: [7856,com.uvnv.mintsim]
09-29 12:03:46.577  2072  4213 I am_proc_bound: [0,10526,com.google.android.cellbroadcastreceiver]
09-29 12:03:46.581  3358 10317 I gtalk_conn_close: [257,743]
09-29 12:03:46.749  2072  4512 W BroadcastQueue: Target SDK mismatch: receiver ActivityInfo{a39f93a com.google.android.apps.photos.actionqueue.impl.SystemReceiver} targets 34 but delivery restricted to [0, 23] broadcasting Intent { act=android.net.conn.CONNECTIVITY_CHANGE flg=0x4200010 (has extras) } from android (pid=2072, uid=1000) to com.google.android.apps.photos/.actionqueue.impl.SystemReceiver
09-29 12:03:46.750  2072  2222 W BroadcastQueue: Target SDK mismatch: receiver ActivityInfo{17af9eb com.google.android.apps.photos.jobqueue.JobServiceBroadcastReceiver} targets 34 but delivery restricted to [0, 23] broadcasting Intent { act=android.net.conn.CONNECTIVITY_CHANGE flg=0x4200010 (has extras) } from android (pid=2072, uid=1000) to com.google.android.apps.photos/.jobqueue.JobServiceBroadcastReceiver
09-29 12:03:46.750  2072  2222 W BroadcastQueue: Target SDK mismatch: receiver ActivityInfo{443348 com.google.android.gms.gcm.ServiceAutoStarter} targets 34 but delivery restricted to [0, 23] broadcasting Intent { act=android.net.conn.CONNECTIVITY_CHANGE flg=0x4200010 (has extras) } from android (pid=2072, uid=1000) to com.google.android.gms/.gcm.ServiceAutoStarter
09-29 12:03:46.750  2072  2222 W BroadcastQueue: Target SDK mismatch: receiver ActivityInfo{659f5e1 com.launchdarkly.sdk.android.ConnectivityReceiver} targets 33 but delivery restricted to [0, 23] broadcasting Intent { act=android.net.conn.CONNECTIVITY_CHANGE flg=0x4200010 (has extras) } from android (pid=2072, uid=1000) to com.uvnv.mintsim/com.launchdarkly.sdk.android.ConnectivityReceiver
09-29 12:03:46.750  2072  2222 I am_uid_active: 10135
09-29 12:03:46.802  2072  3169 I force_gc: Binder
09-29 12:03:46.870  2072  2212 I commit_sys_config_file: [package-session,1095293]
09-29 12:03:47.044  2072  2127 D CompatibilityChangeReporter: Compat change id reported: 183164979; UID 10190; state: ENABLED
09-29 12:03:47.058  2072  2520 I commit_sys_config_file: [package-session,1095481]
09-29 12:03:47.170  2072  2127 I ActivityManager: com.android.vending is exempt from freezer
09-29 12:03:47.170  2072  2127 D CompatibilityChangeReporter: Compat change id reported: 135634846; UID 10123; state: DISABLED
09-29 12:03:47.170  2072  2127 D CompatibilityChangeReporter: Compat change id reported: 177438394; UID 10123; state: DISABLED
09-29 12:03:47.170  2072  2127 D CompatibilityChangeReporter: Compat change id reported: 135772972; UID 10123; state: DISABLED
09-29 12:03:47.171  2072  2127 D CompatibilityChangeReporter: Compat change id reported: 135754954; UID 10123; state: ENABLED
09-29 12:03:47.171  2072  2223 D CompatibilityChangeReporter: Compat change id reported: 143937733; UID 10123; state: ENABLED
09-29 12:03:47.177  2072  2223 I am_proc_start: [0,10593,10123,com.android.vending:background,service,{com.android.vending/com.google.android.finsky.ipcservers.background.BackgroundGrpcServerAndroidService}]
09-29 12:03:47.177  2072  2223 I ActivityManager: Start proc 10593:com.android.vending:background/u0a123 for service {com.android.vending/com.google.android.finsky.ipcservers.background.BackgroundGrpcServerAndroidService}
09-29 12:03:47.187  2072  2127 I am_proc_bound: [0,10593,com.android.vending:background]
09-29 12:03:47.458  2072  2555 I input_interaction: Interaction with: f0cf294 NavigationBar0 (server), PointerEventDispatcher0 (server), 
09-29 12:03:47.460  2725  2725 I sysui_multi_action: [757,931,758,4,759,3,932,0,933,0]
09-29 12:03:47.556  2725  2725 I sysui_multi_action: [757,931,758,4,759,3,932,0,933,1]
09-29 12:03:47.561  2072  2211 I ActivityTaskManager: START u0 {act=android.intent.action.MAIN cat=[android.intent.category.HOME] flg=0x10000100 cmp=com.google.android.apps.nexuslauncher/.NexusLauncherActivity (has extras)} from uid 0
09-29 12:03:47.562  2072  2211 I wm_new_intent: [0,164597159,94,com.google.android.apps.nexuslauncher/.NexusLauncherActivity,android.intent.action.MAIN,NULL,NULL,268435712]
09-29 12:03:47.562  2072  2211 I wm_task_moved: [1,1,4]
09-29 12:03:47.562  3206  3206 I wm_on_top_resumed_lost_called: [164597159,com.google.android.apps.nexuslauncher.NexusLauncherActivity,pausing]
09-29 12:03:47.562  2072  2211 I wm_set_resumed_activity: [0,com.google.android.apps.nexuslauncher/.NexusLauncherActivity,positionChildAt]
09-29 12:03:47.563  3206  3206 I wm_on_paused_called: [164597159,com.google.android.apps.nexuslauncher.NexusLauncherActivity,performPause]
09-29 12:03:47.564  2072  2127 D CoreBackPreview: Window{fa32f1a u0 InternetDialog}: Setting back callback null
09-29 12:03:47.565  3206  3206 I wm_on_resume_called: [164597159,com.google.android.apps.nexuslauncher.NexusLauncherActivity,LIFECYCLER_RESUME_ACTIVITY]
09-29 12:03:47.565  3206  3206 I wm_on_top_resumed_gained_called: [164597159,com.google.android.apps.nexuslauncher.NexusLauncherActivity,topWhenResuming]
09-29 12:03:47.573  2072  2215 I input_focus: [Focus request a9b6da9 NotificationShade,reason=UpdateInputWindows]
09-29 12:03:47.575  2072  2214 V WindowManager: Unknown focus tokens, dropping reportFocusChanged
09-29 12:03:47.577  2072  2215 I input_focus: [Focus request 6bac735 com.google.android.apps.nexuslauncher/com.google.android.apps.nexuslauncher.NexusLauncherActivity,reason=UpdateInputWindows]
09-29 12:03:47.583  2072  2555 I input_focus: [Focus entering a9b6da9 NotificationShade (server),reason=setFocusedWindow]
09-29 12:03:47.592  2072  2555 I input_focus: [Focus leaving a9b6da9 NotificationShade (server),reason=setFocusedWindow]
09-29 12:03:47.592  2072  2555 I input_focus: [Focus entering 6bac735 com.google.android.apps.nexuslauncher/com.google.android.apps.nexuslauncher.NexusLauncherActivity (server),reason=setFocusedWindow]
09-29 12:03:47.744  2072  4595 I ActivityManager: com.android.vending is exempt from freezer
09-29 12:03:47.745  2072  4595 D CompatibilityChangeReporter: Compat change id reported: 135634846; UID 10123; state: DISABLED
09-29 12:03:47.745  2072  4595 D CompatibilityChangeReporter: Compat change id reported: 177438394; UID 10123; state: DISABLED
09-29 12:03:47.745  2072  4595 D CompatibilityChangeReporter: Compat change id reported: 135772972; UID 10123; state: DISABLED
09-29 12:03:47.745  2072  4595 D CompatibilityChangeReporter: Compat change id reported: 135754954; UID 10123; state: ENABLED
09-29 12:03:47.746  2072  2223 D CompatibilityChangeReporter: Compat change id reported: 143937733; UID 10123; state: ENABLED
09-29 12:03:47.753  2072  2223 I am_proc_start: [0,10629,10123,com.android.vending:quick_launch,service,{com.android.vending/com.google.android.finsky.ipcservers.quicklaunch.QuickLaunchGrpcServerAndroidService}]
09-29 12:03:47.753  2072  2223 I ActivityManager: Start proc 10629:com.android.vending:quick_launch/u0a123 for service {com.android.vending/com.google.android.finsky.ipcservers.quicklaunch.QuickLaunchGrpcServerAndroidService}
09-29 12:03:47.774  2072  4595 I am_proc_bound: [0,10629,com.android.vending:quick_launch]
09-29 12:03:47.858  2725  2725 I sysui_multi_action: [757,111,758,2]
09-29 12:03:47.858  2725  2725 I sysui_multi_action: [757,111,758,2]
09-29 12:03:48.191  2072  4595 I sysui_multi_action: [757,128,758,2,793,1093662,794,5931,795,1093662,796,26,798,1,806,android,857,DEVELOPER_IMPORTANT,858,4,946,ranker_group,947,0,1395,3,1500,5931,1688,1]
09-29 12:03:48.191  2072  4595 I notification_visibility: [-1|android|26|null|1000,0,1093662,1093662,0,1]
09-29 12:03:48.191  2072  4595 I sysui_multi_action: [757,128,758,2,793,1093657,794,5424,795,1093657,796,2147483647,797,ranker_group,798,0,806,android,857,USB,858,1,946,ranker_group,947,1,1395,3,1500,1093657,1688,1]
09-29 12:03:48.191  2072  4595 I notification_visibility: [-1|android|2147483647|ranker_group|1000|ranker_group,0,1093657,1093657,0,0]
09-29 12:03:48.191  2072  4595 I sysui_multi_action: [757,128,758,2,793,1087886,794,5424,795,1087886,796,32,798,2,806,android,857,USB,858,1,946,ranker_group,947,0,1395,3,1500,5424,1688,1]
09-29 12:03:48.191  2072  4595 I notification_visibility: [-1|android|32|null|1000,0,1087886,1087886,0,2]
09-29 12:03:48.202  2072  3169 I sysui_multi_action: [757,127,758,2]
09-29 12:03:48.202  2072  3169 I notification_panel_hidden: 
09-29 12:03:48.341  2072  2545 I am_compact: [10629,com.android.vending:quick_launch,all,124448,80840,42696,8968,-10216,0,-10216,10216,97,0,0,910,10,1516540,-10240]
09-29 12:03:48.597  2072  2555 I input_interaction: Interaction with: 6bac735 com.google.android.apps.nexuslauncher/com.google.android.apps.nexuslauncher.NexusLauncherActivity (server), 600f93c com.breel.wallpapers19.doodle.wallpaper.variations.DoodleWallpaperV1 (server), PointerEventDispatcher0 (server), 
09-29 12:03:48.599  2072  2545 I am_compact: [9386,com.google.android.youtube.player,all,202708,143388,57368,8240,-29912,0,-29912,29912,257,0,0,920,10,1506300,-29696]
09-29 12:03:48.696  2072  2545 I am_compact: [10593,com.android.vending:background,all,126708,82520,43272,8916,-11036,0,-11036,11036,96,0,0,930,10,1476604,-11264]
09-29 12:03:49.294  2072  2807 I battery_level: [83,4372,287]
09-29 12:03:49.300  2072  3169 I am_uid_active: 10139
09-29 12:03:49.309  2725  3305 D PowerUI : can't show warning due to - plugged: true status unknown: false
09-29 12:03:49.330  2072  3169 I am_uid_active: 10196
09-29 12:03:50.288  2072  2214 I DisplayDeviceRepository: Display device changed: DisplayDeviceInfo{"Built-in Screen": uniqueId="local:4630946523002478721", 1440 x 3040, modeId 1, defaultModeId 1, supportedModes [{id=1, width=1440, height=3040, fps=60.000004, alternativeRefreshRates=[90.0]}, {id=2, width=1440, height=3040, fps=90.0, alternativeRefreshRates=[60.000004]}], colorMode 0, supportedColorModes [0, 7, 9], hdrCapabilities HdrCapabilities{mSupportedHdrTypes=[2, 3], mMaxLuminance=500.0, mMaxAverageLuminance=500.0, mMinLuminance=0.0}, allmSupported false, gameContentTypeSupported false, density 560, 537.882 x 539.972 dpi, appVsyncOff 2333332, presDeadline 11500000, touch INTERNAL, rotation 0, type INTERNAL, address {port=129, model=0x40446d53ad64a0}, deviceProductInfo DeviceProductInfo{name=, manufacturerPnpId=QCM, productId=1, modelYear=null, manufactureDate=ManufactureDate{week=27, year=2006}, connectionToSinkType=0}, state ON, frameRateOverride , brightnessMinimum 0.0, brightnessMaximum 1.0, brightnessDefault 0.38188976, roundedCorners RoundedCorners{[RoundedCorner{position=TopLeft, radius=157, center=Point(157, 157)}, RoundedCorner{position=TopRight, radius=157, center=Point(1283, 157)}, RoundedCorner{position=BottomRight, radius=157, center=Point(1283, 2883)}, RoundedCorner{position=BottomLeft, radius=157, center=Point(157, 2883)}]}, FLAG_ALLOWED_TO_BE_DEFAULT_DISPLAY, FLAG_ROTATES_WITH_CONTENT, FLAG_SECURE, FLAG_SUPPORTS_PROTECTED_BUFFERS, installOrientation 0}
09-29 12:03:50.311  2072  2221 I commit_sys_config_file: [display-state,1095688]
09-29 12:03:50.419  2072  2555 I input_interaction: Interaction with: dcd34eb StatusBar (server), PointerEventDispatcher0 (server), 
09-29 12:03:50.420  2725  2725 I sysui_multi_action: [757,803,799,panel_open,802,1]
09-29 12:03:50.421  2725  2725 I sysui_multi_action: [757,1328,758,4,1326,83,1327,0,1329,0]
09-29 12:03:50.460  2072  2214 I DisplayDeviceRepository: Display device changed: DisplayDeviceInfo{"Built-in Screen": uniqueId="local:4630946523002478721", 1440 x 3040, modeId 2, defaultModeId 1, supportedModes [{id=1, width=1440, height=3040, fps=60.000004, alternativeRefreshRates=[90.0]}, {id=2, width=1440, height=3040, fps=90.0, alternativeRefreshRates=[60.000004]}], colorMode 0, supportedColorModes [0, 7, 9], hdrCapabilities HdrCapabilities{mSupportedHdrTypes=[2, 3], mMaxLuminance=500.0, mMaxAverageLuminance=500.0, mMinLuminance=0.0}, allmSupported false, gameContentTypeSupported false, density 560, 537.882 x 539.972 dpi, appVsyncOff 2333333, presDeadline 11500000, touch INTERNAL, rotation 0, type INTERNAL, address {port=129, model=0x40446d53ad64a0}, deviceProductInfo DeviceProductInfo{name=, manufacturerPnpId=QCM, productId=1, modelYear=null, manufactureDate=ManufactureDate{week=27, year=2006}, connectionToSinkType=0}, state ON, frameRateOverride , brightnessMinimum 0.0, brightnessMaximum 1.0, brightnessDefault 0.38188976, roundedCorners RoundedCorners{[RoundedCorner{position=TopLeft, radius=157, center=Point(157, 157)}, RoundedCorner{position=TopRight, radius=157, center=Point(1283, 157)}, RoundedCorner{position=BottomRight, radius=157, center=Point(1283, 2883)}, RoundedCorner{position=BottomLeft, radius=157, center=Point(157, 2883)}]}, FLAG_ALLOWED_TO_BE_DEFAULT_DISPLAY, FLAG_ROTATES_WITH_CONTENT, FLAG_SECURE, FLAG_SUPPORTS_PROTECTED_BUFFERS, installOrientation 0}
09-29 12:03:50.465  2072  4213 I sysui_multi_action: [757,127,758,1]
09-29 12:03:50.465  2072  4213 I sysui_multi_action: [757,804,799,note_load,801,3,802,1]
09-29 12:03:50.465  2072  4213 I notification_panel_revealed: 3
09-29 12:03:50.480  2072  2215 I input_focus: [Focus request a9b6da9 NotificationShade,reason=UpdateInputWindows]
09-29 12:03:50.486  2072  3167 I sysui_multi_action: [757,128,758,1,793,1095958,794,0,795,1095958,796,26,798,1,806,android,857,DEVELOPER_IMPORTANT,858,4,946,ranker_group,947,0,1395,3,1500,8227,1688,1]
09-29 12:03:50.486  2072  3167 I sysui_multi_action: [757,1501,758,1,793,1095958,794,0,795,1095958,796,26,806,android,857,DEVELOPER_IMPORTANT,858,4,946,ranker_group,947,0,1500,0,1688,1]
09-29 12:03:50.486  2072  3167 I sysui_multi_action: [757,804,799,note_interruptive,801,0,802,1]
09-29 12:03:50.486  2072  3167 I sysui_multi_action: [757,804,799,note_freshness,801,1095958,802,1]
09-29 12:03:50.486  2072  3167 I notification_visibility: [-1|android|26|null|1000,1,1095958,1095958,0,1]
09-29 12:03:50.499  2072  2555 I input_focus: [Focus leaving 6bac735 com.google.android.apps.nexuslauncher/com.google.android.apps.nexuslauncher.NexusLauncherActivity (server),reason=Waiting for window because NO_WINDOW]
09-29 12:03:50.500  2072  2555 I input_focus: [Focus entering a9b6da9 NotificationShade (server),reason=Window became focusable. Previous reason: NO_WINDOW]
09-29 12:03:50.993  2072  2127 I sysui_multi_action: [757,128,758,1,793,1096459,794,0,795,1096459,796,2147483647,797,ranker_group,798,0,806,android,857,USB,858,1,946,ranker_group,947,1,1395,3,1500,1096459,1688,1]
09-29 12:03:50.993  2072  2127 I sysui_multi_action: [757,804,799,note_freshness,801,1096459,802,1]
09-29 12:03:50.993  2072  2127 I notification_visibility: [-1|android|2147483647|ranker_group|1000|ranker_group,1,1096459,1096459,0,0]
09-29 12:03:50.993  2072  2127 I sysui_multi_action: [757,128,758,1,793,1090688,794,0,795,1090688,796,32,798,2,806,android,857,USB,858,1,946,ranker_group,947,0,1395,3,1500,8226,1688,1]
09-29 12:03:50.993  2072  2127 I sysui_multi_action: [757,1501,758,1,793,1090688,794,0,795,1090688,796,32,806,android,857,USB,858,1,946,ranker_group,947,0,1500,0,1688,1]
09-29 12:03:50.993  2072  2127 I sysui_multi_action: [757,804,799,note_interruptive,801,0,802,1]
09-29 12:03:50.993  2072  2127 I sysui_multi_action: [757,804,799,note_freshness,801,1090688,802,1]
09-29 12:03:50.993  2072  2127 I notification_visibility: [-1|android|32|null|1000,1,1090688,1090688,0,2]
09-29 12:03:51.061  2072  2555 I input_interaction: Interaction with: a9b6da9 NotificationShade (server), PointerEventDispatcher0 (server), 
09-29 12:03:51.125  2725  2725 I sysui_multi_action: [757,111,758,1]
09-29 12:03:51.125  2725  2725 I sysui_multi_action: [757,126,758,1,759,126,927,0,928,0,1593,0]
09-29 12:03:51.125  2725  2725 I sysui_multi_action: [757,113,758,1,759,113,927,1,928,1,1593,0]
09-29 12:03:51.125  2725  2725 I sysui_multi_action: [757,119,758,1,759,119,927,2,928,0,1593,0]
09-29 12:03:51.125  2725  2725 I sysui_multi_action: [757,118,758,1,759,118,927,3,928,0,1593,1]
09-29 12:03:51.125  2725  2725 I sysui_multi_action: [757,0,758,1,759,0,927,4,1593,1]
09-29 12:03:51.125  2725  2725 I sysui_multi_action: [757,112,758,1,759,112,927,5,928,0,1593,0]
09-29 12:03:51.125  2725  2725 I sysui_multi_action: [757,0,758,1,759,0,927,6,1593,0]
09-29 12:03:51.125  2725  2725 I sysui_multi_action: [757,0,758,1,759,0,927,7,1593,0]
09-29 12:03:51.125  2725  2725 I sysui_multi_action: [757,123,758,1,759,123,927,8,928,0,1593,0]
09-29 12:03:51.125  2725  2725 I sysui_multi_action: [757,0,758,1,759,0,927,9,1593,0]
09-29 12:03:51.125  2725  2725 I sysui_multi_action: [757,261,758,1,759,261,927,10,928,0,1593,0]
09-29 12:03:51.125  2725  2725 I sysui_multi_action: [757,114,758,1,759,114,927,11,928,0,1593,0]
09-29 12:03:51.125  2725  2725 I sysui_multi_action: [757,0,758,1,759,0,927,12,928,0,1593,0]
09-29 12:03:51.125  2725  2725 I sysui_multi_action: [757,268,758,1,759,268,806,com.google.android.gms,871,com.google.android.gms.nearby.sharing.SharingTileService,927,13,1593,0]
09-29 12:03:51.125  2725  2725 I sysui_multi_action: [757,0,758,1,759,0,927,14,928,1,1593,0]
09-29 12:03:51.125  2725  2725 I sysui_multi_action: [757,0,758,1,759,0,927,15,928,1,1593,0]
09-29 12:03:51.125  2725  2725 I sysui_multi_action: [757,111,758,1]
09-29 12:03:51.126  2725  2725 I sysui_multi_action: [757,126,758,1,759,126,927,0,928,0,1593,1]
09-29 12:03:51.126  2725  2725 I sysui_multi_action: [757,113,758,1,759,113,927,1,928,1,1593,1]
09-29 12:03:51.126  2725  2725 I sysui_multi_action: [757,119,758,1,759,119,927,2,928,0,1593,1]
09-29 12:03:51.126  2725  2725 I sysui_multi_action: [757,118,758,1,759,118,927,3,928,0,1593,1]
09-29 12:03:51.183  2725  2725 I sysui_multi_action: [757,194,758,4,826,190,827,4131]
09-29 12:03:51.183  2725  2725 I sysui_lockscreen_gesture: [9,190,4131]
09-29 12:03:51.958  2725  2725 I sysui_multi_action: [757,406,758,4]
09-29 12:03:51.976  2072  3167 I ActivityTaskManager: START u0 {act=android.settings.SETTINGS flg=0x14000000 cmp=com.android.settings/.homepage.SettingsHomepageActivity} from uid 10208
09-29 12:03:51.981  2072  3167 D CompatibilityChangeReporter: Compat change id reported: 194480991; UID 1000; state: ENABLED
09-29 12:03:51.982  2072  3167 I wm_task_created: [98,-1]
09-29 12:03:51.983  2072  3167 D CompatibilityChangeReporter: Compat change id reported: 174042980; UID 1000; state: DISABLED
09-29 12:03:51.984  2072  3167 D CompatibilityChangeReporter: Compat change id reported: 197654537; UID 1000; state: ENABLED
09-29 12:03:51.984  2072  3167 I wm_task_moved: [98,1,5]
09-29 12:03:51.984  2072  3167 I wm_task_to_front: [0,98]
09-29 12:03:51.984  2072  3167 I wm_create_task: [0,98]
09-29 12:03:51.984  2072  3167 I wm_create_activity: [0,111810749,98,com.android.settings/.homepage.SettingsHomepageActivity,android.settings.SETTINGS,NULL,NULL,335544320]
09-29 12:03:51.984  2072  3167 I wm_task_moved: [98,1,5]
09-29 12:03:51.984  3206  3206 I wm_on_top_resumed_lost_called: [164597159,com.google.android.apps.nexuslauncher.NexusLauncherActivity,topStateChangedWhenResumed]
09-29 12:03:51.984  2072  3167 D CompatibilityChangeReporter: Compat change id reported: 205907456; UID 1000; state: ENABLED
09-29 12:03:51.985  2072  3167 I wm_pause_activity: [0,164597159,com.google.android.apps.nexuslauncher/.NexusLauncherActivity,userLeaving=true,pauseBackTasks]
09-29 12:03:51.987  3206  3206 I wm_on_paused_called: [164597159,com.google.android.apps.nexuslauncher.NexusLauncherActivity,performPause]
09-29 12:03:51.989  2072  3167 I wm_add_to_stopping: [0,164597159,com.google.android.apps.nexuslauncher/.NexusLauncherActivity,makeInvisible]
09-29 12:03:51.989  2072  3167 I wm_restart_activity: [0,111810749,98,com.android.settings/.homepage.SettingsHomepageActivity]
09-29 12:03:51.989  2072  3167 D CompatibilityChangeReporter: Compat change id reported: 168419799; UID 1000; state: DISABLED
09-29 12:03:51.990  2072  3167 I wm_set_resumed_activity: [0,com.android.settings/.homepage.SettingsHomepageActivity,minimalResumeActivityLocked]
09-29 12:03:51.990  2072  3167 D CompatibilityChangeReporter: Compat change id reported: 181136395; UID 1000; state: DISABLED
09-29 12:03:51.990  2072  3167 D CompatibilityChangeReporter: Compat change id reported: 174042936; UID 1000; state: DISABLED
09-29 12:03:51.990  2072  2210 I sysui_multi_action: [757,803,799,window_time_0,802,11]
09-29 12:03:51.994  2072  3167 D CoreBackPreview: Window{904a3fe u0 Splash Screen com.android.settings}: Setting back callback OnBackInvokedCallbackInfo{mCallback=android.window.IOnBackInvokedCallback$Stub$Proxy@42625ac, mPriority=0}
09-29 12:03:52.049 10374 10374 I wm_on_create_called: [111810749,com.android.settings.homepage.SettingsHomepageActivity,performCreate]
09-29 12:03:52.063  2072  2127 I am_uid_running: 10128
09-29 12:03:52.064  2072  2127 D CompatibilityChangeReporter: Compat change id reported: 135634846; UID 10128; state: DISABLED
09-29 12:03:52.064  2072  2127 D CompatibilityChangeReporter: Compat change id reported: 177438394; UID 10128; state: DISABLED
09-29 12:03:52.064  2072  2127 D CompatibilityChangeReporter: Compat change id reported: 135772972; UID 10128; state: DISABLED
09-29 12:03:52.064  2072  2127 D CompatibilityChangeReporter: Compat change id reported: 135754954; UID 10128; state: ENABLED
09-29 12:03:52.064  2072  2223 D CompatibilityChangeReporter: Compat change id reported: 143937733; UID 10128; state: ENABLED
09-29 12:03:52.068  2072  2127 E UserRestrictionsUtils: Unknown restriction queried by uid 1000 (com.android.keychain et al): null
09-29 12:03:52.069  2072  2223 I am_proc_start: [0,10679,10128,com.google.android.apps.security.securityhub,content provider,{com.google.android.apps.security.securityhub/com.google.android.apps.security.securityhub.settingscontentprovider.SettingsContentProvider}]
09-29 12:03:52.069  2072  2223 I ActivityManager: Start proc 10679:com.google.android.apps.security.securityhub/u0a128 for content provider {com.google.android.apps.security.securityhub/com.google.android.apps.security.securityhub.settingscontentprovider.SettingsContentProvider}
09-29 12:03:52.081  2072  3167 I am_proc_bound: [0,10679,com.google.android.apps.security.securityhub]
09-29 12:03:52.082  2072  3167 D CompatibilityChangeReporter: Compat change id reported: 168419799; UID 10128; state: DISABLED
09-29 12:03:52.082  2072  3167 I am_uid_active: 10128
09-29 12:03:52.092  2072  3167 D CompatibilityChangeReporter: Compat change id reported: 197654537; UID 10123; state: ENABLED
09-29 12:03:52.096  2072  4512 I am_uid_running: 10104
09-29 12:03:52.096  2072  4512 D CompatibilityChangeReporter: Compat change id reported: 135634846; UID 10104; state: DISABLED
09-29 12:03:52.096  2072  4512 D CompatibilityChangeReporter: Compat change id reported: 177438394; UID 10104; state: DISABLED
09-29 12:03:52.096  2072  4512 D CompatibilityChangeReporter: Compat change id reported: 135772972; UID 10104; state: DISABLED
09-29 12:03:52.096  2072  4512 D CompatibilityChangeReporter: Compat change id reported: 135754954; UID 10104; state: ENABLED
09-29 12:03:52.097  2072  2223 D CompatibilityChangeReporter: Compat change id reported: 143937733; UID 10104; state: ENABLED
09-29 12:03:52.104  2072  2223 I am_proc_start: [0,10699,10104,com.google.android.apps.wellbeing,content provider,{com.google.android.apps.wellbeing/com.google.android.apps.wellbeing.api.impl.WellbeingSettingsProvider}]
09-29 12:03:52.104  2072  2223 I ActivityManager: Start proc 10699:com.google.android.apps.wellbeing/u0a104 for content provider {com.google.android.apps.wellbeing/com.google.android.apps.wellbeing.api.impl.WellbeingSettingsProvider}
09-29 12:03:52.116  2072  4512 I am_proc_bound: [0,10699,com.google.android.apps.wellbeing]
09-29 12:03:52.119  2072  4512 I am_uid_active: 10104
09-29 12:03:52.212 10374 10374 I wm_on_start_called: [111810749,com.android.settings.homepage.SettingsHomepageActivity,handleStartActivity]
09-29 12:03:52.213 10374 10374 I snet_event_log: [120484087,-1,]
09-29 12:03:52.214 10374 10374 I wm_on_resume_called: [111810749,com.android.settings.homepage.SettingsHomepageActivity,RESUME_ACTIVITY]
09-29 12:03:52.220 10374 10374 I sysui_multi_action: [757,1502,758,1,833,0,1089,168]
09-29 12:03:52.228 10374 10374 I sysui_multi_action: [757,35,758,1,833,0,1089,173]
09-29 12:03:52.239 10374 10374 I sysui_multi_action: [757,1729,758,4,854,isParalleledControllers:false,1089,184]
09-29 12:03:52.249 10374 10374 I wm_on_top_resumed_gained_called: [111810749,com.android.settings.homepage.SettingsHomepageActivity,topStateChangedWhenResumed]
09-29 12:03:52.250  2072  3167 D CoreBackPreview: Window{d7d7ebe u0 com.android.settings/com.android.settings.homepage.SettingsHomepageActivity}: Setting back callback OnBackInvokedCallbackInfo{mCallback=android.window.IOnBackInvokedCallback$Stub$Proxy@acf5e6c, mPriority=0}
09-29 12:03:52.251  2072  2245 I am_uid_active: 10222
09-29 12:03:52.251  2072  2245 D ActivityManager: sync unfroze 2731 com.google.android.permissioncontroller
09-29 12:03:52.252  2072  2545 I am_unfreeze: [2731,com.google.android.permissioncontroller]
09-29 12:03:52.297 10374 10374 I sysui_multi_action: [757,1662,758,4,759,47]
09-29 12:03:52.299  2072  2215 I sysui_multi_action: [324,1,757,1090,758,12,806,com.android.settings,871,com.android.settings.homepage.SettingsHomepageActivity,1091,323]
09-29 12:03:52.350  2072  2210 I sysui_multi_action: [319,33,321,30,322,323,325,1147,757,761,758,8,759,1,806,com.android.settings,871,com.android.settings.homepage.SettingsHomepageActivity,904,com.android.systemui,905,0,1320,4,1321,24]
09-29 12:03:52.351  2072  2210 I wm_activity_launch_time: [0,111810749,com.android.settings/.homepage.SettingsHomepageActivity,323]
09-29 12:03:52.428  2072  3166 D CompatibilityChangeReporter: Compat change id reported: 161145287; UID 10104; state: DISABLED
09-29 12:03:52.529  2725  2725 I sysui_multi_action: [757,111,758,2]
09-29 12:03:52.529  2725  2725 I sysui_multi_action: [757,111,758,2]
09-29 12:03:52.535  2072  2215 I wm_wallpaper_surface: [0,0]
09-29 12:03:52.536  2072  3167 I sysui_multi_action: [757,128,758,2,793,1098008,794,2050,795,1098008,796,26,798,1,806,android,857,DEVELOPER_IMPORTANT,858,4,946,ranker_group,947,0,1395,3,1500,2050,1688,1]
09-29 12:03:52.536  2072  3167 I notification_visibility: [-1|android|26|null|1000,0,1098008,1098008,0,1]
09-29 12:03:52.536  2072  3167 I sysui_multi_action: [757,128,758,2,793,1098002,794,1543,795,1098002,796,2147483647,797,ranker_group,798,0,806,android,857,USB,858,1,946,ranker_group,947,1,1395,3,1500,1098002,1688,1]
09-29 12:03:52.536  2072  3167 I notification_visibility: [-1|android|2147483647|ranker_group|1000|ranker_group,0,1098002,1098002,0,0]
09-29 12:03:52.536  2072  3167 I sysui_multi_action: [757,128,758,2,793,1092231,794,1543,795,1092231,796,32,798,2,806,android,857,USB,858,1,946,ranker_group,947,0,1395,3,1500,1543,1688,1]
09-29 12:03:52.536  2072  3167 I notification_visibility: [-1|android|32|null|1000,0,1092231,1092231,0,2]
09-29 12:03:52.537  2072  2214 I wm_stop_activity: [0,164597159,com.google.android.apps.nexuslauncher/.NexusLauncherActivity]
09-29 12:03:52.539  2072  2545 I am_compact: [4334,com.google.android.apps.messaging,file,159564,114968,42028,32916,0,0,0,0,7,1,1140958,700,5,1479164,0]
09-29 12:03:52.539  2072  2215 I input_focus: [Focus request d7d7ebe com.android.settings/com.android.settings.homepage.SettingsHomepageActivity,reason=UpdateInputWindows]
09-29 12:03:52.545  2072  2544 I commit_sys_config_file: [settings-0-0,18]
09-29 12:03:52.549  2072  3167 I sysui_multi_action: [757,127,758,2]
09-29 12:03:52.549  2072  3167 I notification_panel_hidden: 
09-29 12:03:52.557  3206  3206 I wm_on_stop_called: [164597159,com.google.android.apps.nexuslauncher.NexusLauncherActivity,STOP_ACTIVITY_ITEM]
09-29 12:03:52.559  2072  2555 I input_focus: [Focus leaving a9b6da9 NotificationShade (server),reason=setFocusedWindow]
09-29 12:03:52.559  2072  2555 I input_focus: [Focus entering d7d7ebe com.android.settings/com.android.settings.homepage.SettingsHomepageActivity (server),reason=setFocusedWindow]
09-29 12:03:52.583  2072 10218 D CompatibilityChangeReporter: Compat change id reported: 214016041; UID 1000; state: ENABLED
09-29 12:03:52.586  2072  4512 D CoreBackPreview: Window{904a3fe u0 Splash Screen com.android.settings EXITING}: Setting back callback null
09-29 12:03:53.726  2072 10218 W AppOps  : Noting op not finished: uid 10130 pkg com.google.android.apps.scone code 79 startTime of in progress event=1696002361913
09-29 12:03:56.690  2072  2555 I input_interaction: Interaction with: d7d7ebe com.android.settings/com.android.settings.homepage.SettingsHomepageActivity (server), PointerEventDispatcher0 (server), 
09-29 12:03:56.753 10374 10374 I sysui_multi_action: [757,830,758,4,833,0,854,top_level_network,1089,0]
09-29 12:03:56.756  2072  4512 I ActivityTaskManager: START u0 {act=android.intent.action.MAIN cmp=com.android.settings/.SubSettings (has extras)} from uid 1000
09-29 12:03:56.760  2072  4512 I wm_task_moved: [98,1,5]
09-29 12:03:56.760  2072  4512 I wm_set_resumed_activity: [0,com.android.settings/.homepage.SettingsHomepageActivity,positionChildAt]
09-29 12:03:56.760  2072  4512 I wm_create_activity: [0,260268296,98,com.android.settings/.SubSettings,android.intent.action.MAIN,NULL,NULL,0]
09-29 12:03:56.760  2072  4512 I wm_pause_activity: [0,111810749,com.android.settings/.homepage.SettingsHomepageActivity,userLeaving=true,resumeTopActivity]
09-29 12:03:56.781 10374 10374 I wm_on_top_resumed_lost_called: [111810749,com.android.settings.homepage.SettingsHomepageActivity,topStateChangedWhenResumed]
09-29 12:03:56.782 10374 10374 I sysui_multi_action: [757,1502,758,2,1089,4563]
09-29 12:03:56.783 10374 10374 I sysui_multi_action: [757,35,758,2,1089,4555]
09-29 12:03:56.783 10374 10374 I wm_on_paused_called: [111810749,com.android.settings.homepage.SettingsHomepageActivity,performPause]
09-29 12:03:56.783  2072  4512 W ActivityTaskManager: Tried to set launchTime (0) < mLastActivityLaunchTime (1147541)
09-29 12:03:56.783  2072  4512 I wm_add_to_stopping: [0,111810749,com.android.settings/.homepage.SettingsHomepageActivity,makeInvisible]
09-29 12:03:56.784  2072  4512 I wm_restart_activity: [0,260268296,98,com.android.settings/.SubSettings]
09-29 12:03:56.785  2072  4512 I wm_set_resumed_activity: [0,com.android.settings/.SubSettings,minimalResumeActivityLocked]
09-29 12:03:56.785  2072  2210 I sysui_multi_action: [757,803,799,window_time_0,802,5]
09-29 12:03:56.785  2072  2215 I input_focus: [Requesting to set focus to null window,reason=UpdateInputWindows]
09-29 12:03:56.796  2072  2555 I input_focus: [Focus leaving d7d7ebe com.android.settings/com.android.settings.homepage.SettingsHomepageActivity (server),reason=NO_WINDOW]
09-29 12:03:56.797  2072  2221 I am_pss  : [9922,10077,com.android.providers.partnerbookmarks,4952064,487424,3332096,78372864,0,19,7]
09-29 12:03:56.830  2072  4512 E UserRestrictionsUtils: Unknown restriction queried by uid 1000 (com.android.keychain et al): null
09-29 12:03:56.830  2072  4512 E UserRestrictionsUtils: Unknown restriction queried by uid 1000 (com.android.keychain et al): null
09-29 12:03:56.837 10374 10374 I wm_on_create_called: [260268296,com.android.settings.SubSettings,performCreate]
09-29 12:03:56.846  3044  3044 I service_manager_stats: [106,50,13125]
09-29 12:03:56.850 10374 10374 I wm_on_start_called: [260268296,com.android.settings.SubSettings,handleStartActivity]
09-29 12:03:56.850 10374 10374 I snet_event_log: [120484087,-1,]
09-29 12:03:56.851 10374 10374 I wm_on_resume_called: [260268296,com.android.settings.SubSettings,RESUME_ACTIVITY]
09-29 12:03:56.856 10374 10374 I sysui_multi_action: [757,746,758,1,833,35,1089,38]
09-29 12:03:56.865  2072 10218 D CompatibilityChangeReporter: Compat change id reported: 202110963; UID 1000; state: ENABLED
09-29 12:03:56.936 10374 10374 I sysui_multi_action: [757,1729,758,4,854,isParalleledControllers:false,1089,119]
09-29 12:03:56.939  2072  4213 D CoreBackPreview: Window{c5b0440 u0 com.android.settings/com.android.settings.SubSettings}: Setting back callback OnBackInvokedCallbackInfo{mCallback=android.window.IOnBackInvokedCallback$Stub$Proxy@63f54be, mPriority=0}
09-29 12:03:56.939 10374 10374 I wm_on_top_resumed_gained_called: [260268296,com.android.settings.SubSettings,topStateChangedWhenResumed]
09-29 12:03:56.978  2072  2215 I input_focus: [Focus request c5b0440 com.android.settings/com.android.settings.SubSettings,reason=UpdateInputWindows]
09-29 12:03:56.998  2072  2210 I wm_activity_launch_time: [0,260268296,com.android.settings/.SubSettings,241]
09-29 12:03:57.085  2072  2555 I input_focus: [Focus entering c5b0440 com.android.settings/com.android.settings.SubSettings (server),reason=Window became focusable. Previous reason: NOT_VISIBLE]
09-29 12:03:57.170  2072  2545 I am_compact: [10629,com.android.vending:quick_launch,all,121864,82428,38472,11516,-6564,0,-6564,6564,101,3,1143893,910,10,1486588,-6144]
09-29 12:03:57.248  2072  2545 I am_compact: [10593,com.android.vending:background,all,124000,84244,38788,11408,-7096,0,-7096,7096,78,3,1144248,930,10,1480444,-6400]
09-29 12:03:57.472  2072  2214 I wm_stop_activity: [0,111810749,com.android.settings/.homepage.SettingsHomepageActivity]
09-29 12:03:57.486 10374 10374 I wm_on_stop_called: [111810749,com.android.settings.homepage.SettingsHomepageActivity,STOP_ACTIVITY_ITEM]
09-29 12:03:58.232  2072  2545 I am_compact: [3971,com.google.process.gservices,file,79104,44652,33548,15096,0,0,0,0,8,1,845721,700,5,1477116,0]
09-29 12:03:58.370  2072  2545 I am_compact: [6010,com.google.android.apps.turbo,file,94076,55396,37536,13620,0,0,0,0,10,3,1134869,700,3,1477116,0]
09-29 12:03:59.173  2072 10218 D CompatibilityChangeReporter: Compat change id reported: 161145287; UID 10128; state: DISABLED
09-29 12:03:59.667  2072  2555 I input_interaction: Interaction with: c5b0440 com.android.settings/com.android.settings.SubSettings (server), PointerEventDispatcher0 (server), 
09-29 12:03:59.730 10374 10374 I sysui_multi_action: [757,830,758,4,833,0,854,mobile_network_list,1089,0]
09-29 12:03:59.731  2072 10218 I ActivityTaskManager: START u0 {act=android.intent.action.MAIN cmp=com.android.settings/.SubSettings (has extras)} from uid 1000
09-29 12:03:59.734  2072 10218 I wm_task_moved: [98,1,5]
09-29 12:03:59.735  2072 10218 I wm_set_resumed_activity: [0,com.android.settings/.SubSettings,positionChildAt]
