09-29 11:53:22.956  2072  3167 D CoreBackPreview: Window{8f8106e u0 com.android.chrome/com.google.android.apps.chrome.Main}: Setting back callback OnBackInvokedCallbackInfo{mCallback=android.window.IOnBackInvokedCallback$Stub$Proxy@35d84ba, mPriority=0}
09-29 11:53:23.598  2072  4512 D CompatibilityChangeReporter: Compat change id reported: 135634846; UID 90010; state: DISABLED
09-29 11:53:23.599  2072  2223 D CompatibilityChangeReporter: Compat change id reported: 143937733; UID 10177; state: ENABLED
09-29 11:53:23.602  2072  2223 I ActivityManager: Start proc 10058:com.android.chrome:sandboxed_process0:org.chromium.content.app.SandboxedProcessService0:10/u0ai10 for  {com.android.chrome/org.chromium.content.app.SandboxedProcessService0:10}
09-29 11:53:26.040  2072  2214 I DisplayDeviceRepository: Display device changed: DisplayDeviceInfo{"Built-in Screen": uniqueId="local:4630946523002478721", 1440 x 3040, modeId 1, defaultModeId 1, supportedModes [{id=1, width=1440, height=3040, fps=60.000004, alternativeRefreshRates=[90.0]}, {id=2, width=1440, height=3040, fps=90.0, alternativeRefreshRates=[60.000004]}], colorMode 0, supportedColorModes [0, 7, 9], hdrCapabilities HdrCapabilities{mSupportedHdrTypes=[2, 3], mMaxLuminance=500.0, mMaxAverageLuminance=500.0, mMinLuminance=0.0}, allmSupported false, gameContentTypeSupported false, density 560, 537.882 x 539.972 dpi, appVsyncOff 2333332, presDeadline 11500000, touch INTERNAL, rotation 0, type INTERNAL, address {port=129, model=0x40446d53ad64a0}, deviceProductInfo DeviceProductInfo{name=, manufacturerPnpId=QCM, productId=1, modelYear=null, manufactureDate=ManufactureDate{week=27, year=2006}, connectionToSinkType=0}, state ON, frameRateOverride , brightnessMinimum 0.0, brightnessMaximum 1.0, brightnessDefault 0.38188976, roundedCorners RoundedCorners{[RoundedCorner{position=TopLeft, radius=157, center=Point(157, 157)}, RoundedCorner{position=TopRight, radius=157, center=Point(1283, 157)}, RoundedCorner{position=BottomRight, radius=157, center=Point(1283, 2883)}, RoundedCorner{position=BottomLeft, radius=157, center=Point(157, 2883)}]}, FLAG_ALLOWED_TO_BE_DEFAULT_DISPLAY, FLAG_ROTATES_WITH_CONTENT, FLAG_SECURE, FLAG_SUPPORTS_PROTECTED_BUFFERS, installOrientation 0}
09-29 11:53:28.078  2072  4251 D OomAdjuster: Not killing cached processes
09-29 11:53:28.090  2725  8330 D PowerUI : can't show warning due to - plugged: true status unknown: false
09-29 11:53:34.103  2072  2221 D OomAdjuster: Not killing cached processes
09-29 11:53:34.193  2725  8332 D PowerUI : can't show warning due to - plugged: true status unknown: false
09-29 11:53:34.263  2072  2214 I DisplayDeviceRepository: Display device changed: DisplayDeviceInfo{"Built-in Screen": uniqueId="local:4630946523002478721", 1440 x 3040, modeId 2, defaultModeId 1, supportedModes [{id=1, width=1440, height=3040, fps=60.000004, alternativeRefreshRates=[90.0]}, {id=2, width=1440, height=3040, fps=90.0, alternativeRefreshRates=[60.000004]}], colorMode 0, supportedColorModes [0, 7, 9], hdrCapabilities HdrCapabilities{mSupportedHdrTypes=[2, 3], mMaxLuminance=500.0, mMaxAverageLuminance=500.0, mMinLuminance=0.0}, allmSupported false, gameContentTypeSupported false, density 560, 537.882 x 539.972 dpi, appVsyncOff 2333333, presDeadline 11500000, touch INTERNAL, rotation 0, type INTERNAL, address {port=129, model=0x40446d53ad64a0}, deviceProductInfo DeviceProductInfo{name=, manufacturerPnpId=QCM, productId=1, modelYear=null, manufactureDate=ManufactureDate{week=27, year=2006}, connectionToSinkType=0}, state ON, frameRateOverride , brightnessMinimum 0.0, brightnessMaximum 1.0, brightnessDefault 0.38188976, roundedCorners RoundedCorners{[RoundedCorner{position=TopLeft, radius=157, center=Point(157, 157)}, RoundedCorner{position=TopRight, radius=157, center=Point(1283, 157)}, RoundedCorner{position=BottomRight, radius=157, center=Point(1283, 2883)}, RoundedCorner{position=BottomLeft, radius=157, center=Point(157, 2883)}]}, FLAG_ALLOWED_TO_BE_DEFAULT_DISPLAY, FLAG_ROTATES_WITH_CONTENT, FLAG_SECURE, FLAG_SUPPORTS_PROTECTED_BUFFERS, installOrientation 0}
09-29 11:53:43.104  2072  3167 D OomAdjuster: Not killing cached processes
09-29 11:53:46.696  2072  2239 V DisplayPowerController[0]: Brightness [0.05] reason changing to: 'automatic [ dim ]', previous reason: 'automatic'.
09-29 11:53:46.696  2072  2239 I DisplayPowerController[0]: BrightnessEvent: disp=0, brt=0.05, rcmdBrt=0.3391884, preBrt=NaN, lux=488.33997, preLux=341.24277, hbmMax=1.0, hbmMode=off, thrmMax=1.0, flags=, reason=automatic [ dim ]
09-29 11:53:49.723  2072  3617 D OomAdjuster: Not killing cached processes
09-29 11:53:52.692  2072  2239 I PowerGroup: Powering off display group due to timeout (groupId= 0, uid= 1000)...
09-29 11:53:52.692  2072  2239 I PowerManagerService: Going to sleep due to timeout (uid 1000)...
09-29 11:53:52.775  2072  2214 I DisplayDeviceRepository: Display device changed: DisplayDeviceInfo{"Built-in Screen": uniqueId="local:4630946523002478721", 1440 x 3040, modeId 1, defaultModeId 1, supportedModes [{id=1, width=1440, height=3040, fps=60.000004, alternativeRefreshRates=[90.0]}, {id=2, width=1440, height=3040, fps=90.0, alternativeRefreshRates=[60.000004]}], colorMode 0, supportedColorModes [0, 7, 9], hdrCapabilities HdrCapabilities{mSupportedHdrTypes=[2, 3], mMaxLuminance=500.0, mMaxAverageLuminance=500.0, mMinLuminance=0.0}, allmSupported false, gameContentTypeSupported false, density 560, 537.882 x 539.972 dpi, appVsyncOff 2333332, presDeadline 11500000, touch INTERNAL, rotation 0, type INTERNAL, address {port=129, model=0x40446d53ad64a0}, deviceProductInfo DeviceProductInfo{name=, manufacturerPnpId=QCM, productId=1, modelYear=null, manufactureDate=ManufactureDate{week=27, year=2006}, connectionToSinkType=0}, state ON, frameRateOverride , brightnessMinimum 0.0, brightnessMaximum 1.0, brightnessDefault 0.38188976, roundedCorners RoundedCorners{[RoundedCorner{position=TopLeft, radius=157, center=Point(157, 157)}, RoundedCorner{position=TopRight, radius=157, center=Point(1283, 157)}, RoundedCorner{position=BottomRight, radius=157, center=Point(1283, 2883)}, RoundedCorner{position=BottomLeft, radius=157, center=Point(157, 2883)}]}, FLAG_ALLOWED_TO_BE_DEFAULT_DISPLAY, FLAG_ROTATES_WITH_CONTENT, FLAG_SECURE, FLAG_SUPPORTS_PROTECTED_BUFFERS, installOrientation 0}
09-29 11:53:52.783  2072  2239 V DisplayPowerController[0]: Brightness [0.3391884] reason changing to: 'automatic', previous reason: 'automatic [ dim ]'.
09-29 11:53:52.783  2072  2239 I DisplayPowerController[0]: BrightnessEvent: disp=0, brt=0.3391884, rcmdBrt=0.3391884, preBrt=NaN, lux=488.33997, preLux=341.24277, hbmMax=1.0, hbmMode=off, thrmMax=1.0, flags=, reason=automatic
09-29 11:53:52.877  2072  2214 I DisplayDeviceRepository: Display device changed: DisplayDeviceInfo{"Built-in Screen": uniqueId="local:4630946523002478721", 1440 x 3040, modeId 2, defaultModeId 1, supportedModes [{id=1, width=1440, height=3040, fps=60.000004, alternativeRefreshRates=[90.0]}, {id=2, width=1440, height=3040, fps=90.0, alternativeRefreshRates=[60.000004]}], colorMode 0, supportedColorModes [0, 7, 9], hdrCapabilities HdrCapabilities{mSupportedHdrTypes=[2, 3], mMaxLuminance=500.0, mMaxAverageLuminance=500.0, mMinLuminance=0.0}, allmSupported false, gameContentTypeSupported false, density 560, 537.882 x 539.972 dpi, appVsyncOff 2333333, presDeadline 11500000, touch INTERNAL, rotation 0, type INTERNAL, address {port=129, model=0x40446d53ad64a0}, deviceProductInfo DeviceProductInfo{name=, manufacturerPnpId=QCM, productId=1, modelYear=null, manufactureDate=ManufactureDate{week=27, year=2006}, connectionToSinkType=0}, state ON, frameRateOverride , brightnessMinimum 0.0, brightnessMaximum 1.0, brightnessDefault 0.38188976, roundedCorners RoundedCorners{[RoundedCorner{position=TopLeft, radius=157, center=Point(157, 157)}, RoundedCorner{position=TopRight, radius=157, center=Point(1283, 157)}, RoundedCorner{position=BottomRight, radius=157, center=Point(1283, 2883)}, RoundedCorner{position=BottomLeft, radius=157, center=Point(157, 2883)}]}, FLAG_ALLOWED_TO_BE_DEFAULT_DISPLAY, FLAG_ROTATES_WITH_CONTENT, FLAG_SECURE, FLAG_SUPPORTS_PROTECTED_BUFFERS, installOrientation 0}
09-29 11:53:53.201  2072  2239 I DisplayPowerController[0]: Blocking screen off
09-29 11:53:53.201  2072  2239 I DisplayPowerController[0]: Unblocked screen off after 0 ms
09-29 11:53:53.224  2072  2239 D ActivityTaskManager: Top Process State changed to PROCESS_STATE_TOP_SLEEPING
09-29 11:53:53.232  2072  2239 V DisplayPowerController[0]: Brightness [0.0] reason changing to: 'screen_off', previous reason: 'automatic'.
09-29 11:53:53.232  2072  2239 I DisplayPowerController[0]: BrightnessEvent: disp=0, brt=0.0, rcmdBrt=NaN, preBrt=NaN, lux=0.0, preLux=0.0, hbmMax=1.0, hbmMode=off, thrmMax=1.0, flags=, reason=screen_off
09-29 11:53:53.234  2072  2239 D ColorDisplayService: resetDisplayWhiteBalanceColorTemperature: 6700
09-29 11:53:53.234  2072  2239 D ColorDisplayService: setDisplayWhiteBalanceTemperatureMatrix: cct = 6700 matrix = 
09-29 11:53:53.234  2072  2239 D ColorDisplayService:        0.981867-0.000481 0.000073 0.000000 0.016992 0.958171 0.000227 0.000000 0.000205-0.000569 0.999700 0.000000 0.000000 0.000000 0.000000 1.000000
09-29 11:53:53.235  2072  2214 W ProcessStats: Tracking association SourceState{dac7e com.android.chrome/10177 Top #8498} whose proc state 1 is better than process ProcessState{aaba05d com.google.android.gms.persistent/10115 pkg=com.google.android.gms} proc state 2 (0 skipped)
09-29 11:53:53.236  2072  2214 I DisplayDeviceRepository: Display device changed state: "Built-in Screen", OFF
09-29 11:53:53.320  2072  3617 D CoreBackPreview: Window{8f8106e u0 com.android.chrome/com.google.android.apps.chrome.Main}: Setting back callback OnBackInvokedCallbackInfo{mCallback=android.window.IOnBackInvokedCallback$Stub$Proxy@f667dad, mPriority=-1}
09-29 11:53:53.442  2072  2239 I DreamManagerService: Entering dreamland.
09-29 11:53:53.443  2072  2239 I PowerManagerService: Dozing...
09-29 11:53:53.444  2072  2210 I DreamController: Starting dream: name=ComponentInfo{com.android.systemui/com.android.systemui.doze.DozeService}, isPreviewMode=false, canDoze=true, userId=0
--------- beginning of events
09-29 11:53:53.461  2725  2725 I sysui_status_bar_state: [1,0,0,0,0,1]
09-29 11:53:53.469  2072  4595 I sysui_multi_action: [757,127,758,1]
09-29 11:53:53.469  2072  4595 I sysui_multi_action: [757,804,799,note_load,801,3,802,1]
09-29 11:53:53.469  2072  4595 I notification_panel_revealed: 3
09-29 11:53:53.472  5569  5569 I wm_on_stop_called: [226317798,com.google.android.apps.chrome.Main,STOP_ACTIVITY_ITEM]
09-29 11:53:53.477  2072  2239 I sysui_multi_action: [757,1696,758,6,759,1]
09-29 11:53:53.477  2072  2072 I sysui_multi_action: [757,198,758,2,759,3,1359,785,1695,2]
09-29 11:53:53.477  2072  2072 I power_screen_state: [0,3,0,0,785]
09-29 11:53:53.477  2072  2072 I screen_toggled: 0
09-29 11:53:53.477  2072  2072 I sysui_multi_action: [757,804,799,screen_timeout,801,30,802,1]
09-29 11:53:53.478  2072  2072 I sysui_multi_action: [757,1594,758,4,759,-2147483648,1359,162104]
09-29 11:53:53.478  2072  2072 I power_screen_broadcast_send: 1
09-29 11:53:53.496  2072  2072 I battery_saving_stats: [0,1,0,162280,-94000,-3,230505,-133000,-4]
09-29 11:53:53.526  2072  4574 I sysui_multi_action: [757,127,758,2]
09-29 11:53:53.526  2072  4574 I notification_panel_hidden: 
09-29 11:53:53.535  2072  2215 I input_focus: [Focus request a9b6da9 NotificationShade,reason=UpdateInputWindows]
09-29 11:53:53.618  2072  2072 I power_screen_broadcast_done: [0,140,1]
09-29 11:53:56.270  2072  2214 D ColorDisplayService: DisplayWhiteBalanceTintController Animation cancelled: false to matrix: 
09-29 11:53:56.270  2072  2214 D ColorDisplayService:        0.981867-0.000481 0.000073 0.000000 0.016992 0.958171 0.000227 0.000000 0.000205-0.000569 0.999700 0.000000 0.000000 0.000000 0.000000 1.000000 min matrix coefficients: 
09-29 11:53:56.270  2072  2214 D ColorDisplayService:        0.973091-0.000745-0.000171 0.000000 0.016992 0.936174-0.000160 0.000000 0.000205-0.000569 0.928185 0.000000 0.000000 0.000000 0.000000 1.000000 max matrix coefficients: 
09-29 11:53:56.270  2072  2214 D ColorDisplayService:        0.981867 0.000000 0.000073 0.000000 0.026478 0.958171 0.000227 0.000000 0.000431 0.000108 0.999700 0.000000 0.000000 0.000000 0.000000 1.000000
09-29 11:53:57.728  2072  2222 D OomAdjuster: Not killing cached processes
09-29 11:53:57.737  2072  3617 I wm_set_keyguard_shown: [0,1,1,0,setKeyguardShown]
09-29 11:53:57.753  2725  2725 I sysui_multi_action: [757,196,758,1,759,0]
09-29 11:53:57.753  2725  2725 I sysui_status_bar_state: [1,1,0,0,0,1]
09-29 11:53:57.764  2072  2214 I user_activity_timeout_override: 7000
09-29 11:53:57.765  2072  2215 I wm_wallpaper_surface: [0,1]
09-29 11:54:04.799  2072  3617 D OomAdjuster: Not killing cached processes
09-29 11:54:04.800  2072  3617 W ProcessStats: Tracking association SourceState{dac7e com.android.chrome/10177 Top #8602} whose proc state 1 is better than process ProcessState{aaba05d com.google.android.gms.persistent/10115 pkg=com.google.android.gms} proc state 2 (254 skipped)
09-29 11:54:04.857  1366  1366 I vendor.google.wifi_ext@1.0-service-vendor: Wifi: Setting SAR Scenario to 3
09-29 11:54:05.734  2072  3617 I PowerGroup: Waking up power group from Dozing (groupId=0, uid=10208, reason=WAKE_REASON_GESTURE, details=com.android.systemui:NODOZE)...
09-29 11:54:05.735  2072  3617 I PowerManagerService: Waking up from Dozing (uid=10208, reason=WAKE_REASON_GESTURE, details=com.android.systemui:NODOZE)...
09-29 11:54:05.737  2072  2072 E ActivityManager: Cancel pending or running compactions as system is awake
09-29 11:54:05.739  2072  2239 I DisplayPowerController[0]: Blocking screen on until initial contents have been drawn.
09-29 11:54:05.742  2072  2072 I screen_toggled: 1
09-29 11:54:05.745  2072  2072 I power_screen_broadcast_send: 1
09-29 11:54:05.754  2072  2239 V DisplayPowerController[0]: Brightness [0.3391884] reason changing to: 'manual', previous reason: 'screen_off'.
09-29 11:54:05.754  2072  2239 I DisplayPowerController[0]: BrightnessEvent: disp=0, brt=0.3391884, rcmdBrt=NaN, preBrt=NaN, lux=NaN, preLux=NaN, hbmMax=1.0, hbmMode=off, thrmMax=1.0, flags=invalid_lux doze_scale , reason=manual
09-29 11:54:05.763  2072  2239 D DisplayWhiteBalanceController: Display cct: 6300.0 Latest ambient cct: 3493.9956 Latest ambient lux: 487.21124 Latest low light bias: 1.0 Latest high light bias: 0.0
09-29 11:54:05.763  2072  2239 D ColorDisplayService: setDisplayWhiteBalanceTemperatureMatrix: cct = 6300 matrix = 
09-29 11:54:05.763  2072  2239 D ColorDisplayService:        0.973091-0.000745-0.000171 0.000000 0.026478 0.936174-0.000160 0.000000 0.000431 0.000108 0.928185 0.000000 0.000000 0.000000 0.000000 1.000000
09-29 11:54:05.763  2072  2239 I sysui_multi_action: [757,1696,758,6,759,3]
09-29 11:54:05.765  2072  2214 I DisplayDeviceRepository: Display device changed state: "Built-in Screen", ON
09-29 11:54:05.767  2072  4693 I sysui_multi_action: [757,127,758,1]
09-29 11:54:05.767  2072  4693 I sysui_multi_action: [757,804,799,note_load,801,1,802,1]
09-29 11:54:05.767  2072  4693 I notification_panel_revealed: 1
09-29 11:54:05.770  2072  4693 I wm_set_keyguard_shown: [0,1,0,0,setKeyguardShown]
09-29 11:54:05.770  1356  1356 I auditd  : type=1400 audit(0.0:104): avc: denied { read write } for comm="sensors@2.0-ser" name="diag" dev="tmpfs" ino=1278 scontext=u:r:hal_sensors_default:s0 tcontext=u:object_r:diag_device:s0 tclass=chr_file permissive=0
09-29 11:54:05.787  1356  1356 I auditd  : type=1400 audit(0.0:105): avc: denied { read write } for comm="sensors@2.0-ser" name="diag" dev="tmpfs" ino=1278 scontext=u:r:hal_sensors_default:s0 tcontext=u:object_r:diag_device:s0 tclass=chr_file permissive=0
09-29 11:54:05.789  2072  2072 I battery_saving_stats: [0,0,0,12293,0,0,282241,-168000,-4]
09-29 11:54:05.787  1356  1356 I auditd  : type=1400 audit(0.0:106): avc: denied { read write } for comm="sensors@2.0-ser" name="diag" dev="tmpfs" ino=1278 scontext=u:r:hal_sensors_default:s0 tcontext=u:object_r:diag_device:s0 tclass=chr_file permissive=0
09-29 11:54:05.808  2072  2239 I DisplayPowerController[0]: Unblocked screen on after 69 ms
09-29 11:54:05.851  2072  2072 I power_screen_broadcast_done: [1,106,1]
09-29 11:54:05.943  2072  2239 I sysui_latency: [5,207]
09-29 11:54:05.943  2072  2239 W PowerManagerService: Screen on took 209 ms
09-29 11:54:05.943  2072  2239 I DreamManagerService: Gently waking up from dream.
09-29 11:54:05.943  2072  2072 I sysui_multi_action: [757,198,758,1,759,1,1359,209,1694,4]
09-29 11:54:05.943  2072  2072 I power_screen_state: [1,0,0,0,209]
09-29 11:54:05.943  2072  2210 I DreamManagerService: Performing gentle wake from dream.
09-29 11:54:05.947  2072  2555 I input_focus: [Focus entering a9b6da9 NotificationShade (server),reason=Window became focusable. Previous reason: NO_WINDOW]
09-29 11:54:05.981  2072  2239 V DisplayPowerController[0]: Brightness [0.34788674] reason changing to: 'automatic', previous reason: 'manual'.
09-29 11:54:05.981  2072  2239 I DisplayPowerController[0]: BrightnessEvent: disp=0, brt=0.34788674, rcmdBrt=0.34788674, preBrt=NaN, lux=491.63513, preLux=NaN, hbmMax=1.0, hbmMode=off, thrmMax=1.0, flags=, reason=automatic
09-29 11:54:05.982  2072  2072 I BrightnessSynchronizer: [29] New Update 0.34788674(f) set brightness values:  89(i)
09-29 11:54:05.982  2072  2072 I BrightnessSynchronizer: New PendingUpdate: {[30] 0.34788674(f), mUpdatedTypes=0, mConfirmedTypes=0, mTimeUpdated=0}, prev=null
09-29 11:54:05.982  2072  2072 I BrightnessSynchronizer: Swallowing update of 89(i) by update: {[29] 0.34788674(f), mUpdatedTypes=1, mConfirmedTypes=1, mTimeUpdated=561534}
09-29 11:54:05.982  2072  2072 I BrightnessSynchronizer: Completed Update: {[29] 0.34788674(f), mUpdatedTypes=1, mConfirmedTypes=1, mTimeUpdated=561534}
09-29 11:54:05.988  2072  4512 I DreamManagerService: Leaving dreamland.
09-29 11:54:05.988  2072  2210 I DreamManagerService: Performing gentle wake from dream.
09-29 11:54:05.988  2072  2210 I DreamController: Stopping dream: name=ComponentInfo{com.android.systemui/com.android.systemui.doze.DozeService}, isPreviewMode=false, canDoze=true, userId=0, reason='finished self'(from 'requested stopDream')
09-29 11:54:05.988  2072  2210 I sysui_multi_action: [757,223,758,2]
09-29 11:54:05.988  2072  2210 I sysui_multi_action: [757,804,799,dozing_minutes,801,0,802,1]
09-29 11:54:06.200  2072  2544 I commit_sys_config_file: [settings-1-0,17]
09-29 11:54:06.273  2072  4574 I sysui_multi_action: [757,128,758,1,793,511744,794,0,795,511744,796,26,798,0,806,android,857,DEVELOPER_IMPORTANT,858,4,946,ranker_group,947,0,1395,1,1500,78974,1688,1]
09-29 11:54:06.273  2072  4574 I sysui_multi_action: [757,1501,758,1,793,511745,794,1,795,511745,796,26,806,android,857,DEVELOPER_IMPORTANT,858,4,946,ranker_group,947,0,1500,0,1688,1]
09-29 11:54:06.273  2072  4574 I sysui_multi_action: [757,804,799,note_interruptive,801,0,802,1]
09-29 11:54:06.273  2072  4574 I sysui_multi_action: [757,804,799,note_freshness,801,511744,802,1]
09-29 11:54:06.273  2072  4574 I notification_visibility: [-1|android|26|null|1000,1,511744,511744,0,0]
09-29 11:54:07.743  2725  8333 D PowerUI : can't show warning due to - plugged: true status unknown: false
09-29 11:54:07.777  2072  2214 I DisplayDeviceRepository: Display device changed: DisplayDeviceInfo{"Built-in Screen": uniqueId="local:4630946523002478721", 1440 x 3040, modeId 1, defaultModeId 1, supportedModes [{id=1, width=1440, height=3040, fps=60.000004, alternativeRefreshRates=[90.0]}, {id=2, width=1440, height=3040, fps=90.0, alternativeRefreshRates=[60.000004]}], colorMode 0, supportedColorModes [0, 7, 9], hdrCapabilities HdrCapabilities{mSupportedHdrTypes=[2, 3], mMaxLuminance=500.0, mMaxAverageLuminance=500.0, mMinLuminance=0.0}, allmSupported false, gameContentTypeSupported false, density 560, 537.882 x 539.972 dpi, appVsyncOff 2333332, presDeadline 11500000, touch INTERNAL, rotation 0, type INTERNAL, address {port=129, model=0x40446d53ad64a0}, deviceProductInfo DeviceProductInfo{name=, manufacturerPnpId=QCM, productId=1, modelYear=null, manufactureDate=ManufactureDate{week=27, year=2006}, connectionToSinkType=0}, state ON, frameRateOverride , brightnessMinimum 0.0, brightnessMaximum 1.0, brightnessDefault 0.38188976, roundedCorners RoundedCorners{[RoundedCorner{position=TopLeft, radius=157, center=Point(157, 157)}, RoundedCorner{position=TopRight, radius=157, center=Point(1283, 157)}, RoundedCorner{position=BottomRight, radius=157, center=Point(1283, 2883)}, RoundedCorner{position=BottomLeft, radius=157, center=Point(157, 2883)}]}, FLAG_ALLOWED_TO_BE_DEFAULT_DISPLAY, FLAG_ROTATES_WITH_CONTENT, FLAG_SECURE, FLAG_SUPPORTS_PROTECTED_BUFFERS, installOrientation 0}
09-29 11:54:07.796  2072  2221 I commit_sys_config_file: [display-state,513173]
09-29 11:54:08.676  2072  2222 I am_uid_idle: 10077
09-29 11:54:08.798  2072  2214 D ColorDisplayService: DisplayWhiteBalanceTintController Animation cancelled: false to matrix: 
09-29 11:54:08.798  2072  2214 D ColorDisplayService:        0.973091-0.000745-0.000171 0.000000 0.026478 0.936174-0.000160 0.000000 0.000431 0.000108 0.928185 0.000000 0.000000 0.000000 0.000000 1.000000 min matrix coefficients: 
09-29 11:54:08.798  2072  2214 D ColorDisplayService:        0.973091-0.000745-0.000171 0.000000 0.016992 0.936174-0.000160 0.000000 0.000205-0.000569 0.928185 0.000000 0.000000 0.000000 0.000000 1.000000 max matrix coefficients: 
09-29 11:54:08.798  2072  2214 D ColorDisplayService:        0.981867 0.000000 0.000073 0.000000 0.026478 0.958171 0.000227 0.000000 0.000431 0.000108 0.999700 0.000000 0.000000 0.000000 0.000000 1.000000
09-29 11:54:10.322  2072  4574 D OomAdjuster: Not killing cached processes
09-29 11:54:11.337  2072  2239 V DisplayPowerController[0]: Brightness [0.05] reason changing to: 'automatic [ dim ]', previous reason: 'automatic'.
09-29 11:54:11.337  2072  2239 I DisplayPowerController[0]: BrightnessEvent: disp=0, brt=0.05, rcmdBrt=0.34788674, preBrt=NaN, lux=491.63513, preLux=NaN, hbmMax=1.0, hbmMode=off, thrmMax=1.0, flags=, reason=automatic [ dim ]
09-29 11:54:11.338  2072  2239 I sysui_multi_action: [757,1696,758,6,759,2]
09-29 11:54:11.820  2072  2222 I am_uid_idle: 10222
09-29 11:54:11.907  2072  2545 I am_compact: [4334,com.google.android.apps.messaging,file,146476,112888,31020,42076,0,0,0,0,12,3,503333,700,5,1585916,0]
09-29 11:54:12.735  2072  2239 I PowerGroup: Powering off display group due to timeout (groupId= 0, uid= 1000)...
09-29 11:54:12.735  2072  2239 I PowerManagerService: Going to sleep due to timeout (uid 1000)...
09-29 11:54:12.736  2072  2239 I power_sleep_requested: 0
09-29 11:54:12.757  2072  2221 I am_pss  : [10058,90010,com.android.chrome:sandboxed_process0:org.chromium.content.app.SandboxedProcessService0:10,26030080,5328896,4032512,96202752,0,17,10]
09-29 11:54:12.798  2072  2239 V DisplayPowerController[0]: Brightness [0.34788674] reason changing to: 'automatic', previous reason: 'automatic [ dim ]'.
09-29 11:54:12.798  2072  2239 I DisplayPowerController[0]: BrightnessEvent: disp=0, brt=0.34788674, rcmdBrt=0.34788674, preBrt=NaN, lux=491.63513, preLux=NaN, hbmMax=1.0, hbmMode=off, thrmMax=1.0, flags=, reason=automatic
09-29 11:54:12.798  2072  2239 I sysui_multi_action: [757,1696,758,6,759,0]
09-29 11:54:12.832  2072  2214 I DisplayDeviceRepository: Display device changed: DisplayDeviceInfo{"Built-in Screen": uniqueId="local:4630946523002478721", 1440 x 3040, modeId 2, defaultModeId 1, supportedModes [{id=1, width=1440, height=3040, fps=60.000004, alternativeRefreshRates=[90.0]}, {id=2, width=1440, height=3040, fps=90.0, alternativeRefreshRates=[60.000004]}], colorMode 0, supportedColorModes [0, 7, 9], hdrCapabilities HdrCapabilities{mSupportedHdrTypes=[2, 3], mMaxLuminance=500.0, mMaxAverageLuminance=500.0, mMinLuminance=0.0}, allmSupported false, gameContentTypeSupported false, density 560, 537.882 x 539.972 dpi, appVsyncOff 2333333, presDeadline 11500000, touch INTERNAL, rotation 0, type INTERNAL, address {port=129, model=0x40446d53ad64a0}, deviceProductInfo DeviceProductInfo{name=, manufacturerPnpId=QCM, productId=1, modelYear=null, manufactureDate=ManufactureDate{week=27, year=2006}, connectionToSinkType=0}, state ON, frameRateOverride , brightnessMinimum 0.0, brightnessMaximum 1.0, brightnessDefault 0.38188976, roundedCorners RoundedCorners{[RoundedCorner{position=TopLeft, radius=157, center=Point(157, 157)}, RoundedCorner{position=TopRight, radius=157, center=Point(1283, 157)}, RoundedCorner{position=BottomRight, radius=157, center=Point(1283, 2883)}, RoundedCorner{position=BottomLeft, radius=157, center=Point(157, 2883)}]}, FLAG_ALLOWED_TO_BE_DEFAULT_DISPLAY, FLAG_ROTATES_WITH_CONTENT, FLAG_SECURE, FLAG_SUPPORTS_PROTECTED_BUFFERS, installOrientation 0}
09-29 11:54:13.210  2072  2239 I DisplayPowerController[0]: Blocking screen off
09-29 11:54:13.210  2072  2239 I DisplayPowerController[0]: Unblocked screen off after 0 ms
09-29 11:54:13.224  2072  2239 V DisplayPowerController[0]: Brightness [0.0] reason changing to: 'screen_off', previous reason: 'automatic'.
09-29 11:54:13.224  2072  2239 I DisplayPowerController[0]: BrightnessEvent: disp=0, brt=0.0, rcmdBrt=NaN, preBrt=NaN, lux=0.0, preLux=0.0, hbmMax=1.0, hbmMode=off, thrmMax=1.0, flags=, reason=screen_off
09-29 11:54:13.225  2072  2239 D ColorDisplayService: resetDisplayWhiteBalanceColorTemperature: 6700
09-29 11:54:13.226  2072  2239 D ColorDisplayService: setDisplayWhiteBalanceTemperatureMatrix: cct = 6700 matrix = 
09-29 11:54:13.226  2072  2239 D ColorDisplayService:        0.981867-0.000481 0.000073 0.000000 0.016992 0.958171 0.000227 0.000000 0.000205-0.000569 0.999700 0.000000 0.000000 0.000000 0.000000 1.000000
09-29 11:54:13.227  2072  2214 I DisplayDeviceRepository: Display device changed state: "Built-in Screen", OFF
09-29 11:54:13.388  2072  2239 I DreamManagerService: Entering dreamland.
09-29 11:54:13.388  2072  2239 I PowerManagerService: Dozing...
09-29 11:54:13.389  2072  2210 I DreamController: Starting dream: name=ComponentInfo{com.android.systemui/com.android.systemui.doze.DozeService}, isPreviewMode=false, canDoze=true, userId=0
09-29 11:54:13.389  2072  2210 I sysui_multi_action: [757,223,758,1]
09-29 11:54:13.402  2072  4251 I wm_set_keyguard_shown: [0,1,1,0,setKeyguardShown]
09-29 11:54:13.410  2072  3168 I sysui_multi_action: [757,128,758,2,793,518881,794,7137,795,518881,796,26,798,0,806,android,857,DEVELOPER_IMPORTANT,858,4,946,ranker_group,947,0,1395,1,1500,7136,1688,1]
09-29 11:54:13.410  2072  3168 I notification_visibility: [-1|android|26|null|1000,0,518881,518881,0,0]
09-29 11:54:13.423  2072  2239 I sysui_multi_action: [757,1696,758,6,759,1]
09-29 11:54:13.423  2072  2072 I sysui_multi_action: [757,198,758,2,759,3,1359,688,1695,2]
09-29 11:54:13.423  2072  2072 I power_screen_state: [0,3,0,0,688]
09-29 11:54:13.423  2072  2072 I screen_toggled: 0
09-29 11:54:13.423  2072  2072 I sysui_multi_action: [757,804,799,screen_timeout,801,30,802,1]
09-29 11:54:13.423  2072  2072 I sysui_multi_action: [757,1594,758,4,759,-2147483648,1359,7480]
09-29 11:54:13.424  2072  2072 I power_screen_broadcast_send: 1
09-29 11:54:13.436  2072  3167 I sysui_multi_action: [757,127,758,2]
09-29 11:54:13.436  2072  3167 I notification_panel_hidden: 
09-29 11:54:13.443  2072  2072 I battery_saving_stats: [0,1,0,7654,-16000,0,238159,-149000,-4]
09-29 11:54:13.557  2072  2072 I power_screen_broadcast_done: [0,133,1]
09-29 11:54:14.629  2072  2719 I sync    : [gmail-ls,0,0,-2062301662]
09-29 11:54:15.063  2072  3617 W ProcessStats: Tracking association SourceState{735403b com.android.chrome/10177 Top #8800} whose proc state 1 is better than process ProcessState{19ca875 com.google.android.gms/10115 pkg=com.google.android.gms} proc state 5 (225 skipped)
09-29 11:54:15.064  2725  8336 D PowerUI : can't show warning due to - plugged: true status unknown: false
09-29 11:54:15.770  2072  2719 D OomAdjuster: Not killing cached processes
09-29 11:54:15.772  2072  2719 I sync    : [gmail-ls,1,0,-2062301662]
09-29 11:54:15.881  2072  3617 D CompatibilityChangeReporter: Compat change id reported: 171306433; UID 10167; state: ENABLED
09-29 11:54:16.250  2072  2214 D ColorDisplayService: DisplayWhiteBalanceTintController Animation cancelled: false to matrix: 
09-29 11:54:16.250  2072  2214 D ColorDisplayService:        0.981867-0.000481 0.000073 0.000000 0.016992 0.958171 0.000227 0.000000 0.000205-0.000569 0.999700 0.000000 0.000000 0.000000 0.000000 1.000000 min matrix coefficients: 
09-29 11:54:16.250  2072  2214 D ColorDisplayService:        0.973091-0.000745-0.000171 0.000000 0.016992 0.936174-0.000160 0.000000 0.000205-0.000569 0.928185 0.000000 0.000000 0.000000 0.000000 1.000000 max matrix coefficients: 
09-29 11:54:16.250  2072  2214 D ColorDisplayService:        0.981867 0.000000 0.000073 0.000000 0.026478 0.958171 0.000227 0.000000 0.000431 0.000108 0.999700 0.000000 0.000000 0.000000 0.000000 1.000000
09-29 11:54:16.620  2072  2212 I commit_sys_config_file: [jobs,25]
09-29 11:54:17.543  2072  2545 I am_compact: [5877,android.process.media,all,94868,55292,38664,10576,-6980,0,-6980,6980,74,1,76697,905,10,1586684,-6400]
09-29 11:54:20.512  2072  2545 I am_compact: [3971,com.google.process.gservices,file,78344,44396,33044,15360,0,0,0,0,10,3,548351,700,5,1609468,0]
09-29 11:54:24.141  2072  2222 I am_uid_idle: 90010
09-29 11:54:28.744   734 10189 I keystore2: keystore2::watchdog: Watchdog thread idle -> terminating. Have a great day.
09-29 11:54:29.162  2072  3617 D OomAdjuster: Not killing cached processes
09-29 11:54:33.613  2072  2221 I am_pss  : [5737,90000,com.android.chrome:sandboxed_process0:org.chromium.content.app.SandboxedProcessService0:0,76434432,55967744,1474560,156012544,0,12,24]
09-29 11:54:33.646  2072  2221 I am_pss  : [5689,10177,com.android.chrome:privileged_process0,100416512,73158656,5149696,179879936,0,12,30]
09-29 11:54:34.102  2072  2222 I am_uid_idle: 10139
09-29 11:54:37.461  2072  3617 D OomAdjuster: Not killing cached processes
09-29 11:54:38.038  2072  2808 I battery_level: [76,4295,312]
09-29 11:54:38.049  2072  3168 I am_uid_active: 10139
09-29 11:54:38.063  2725  3305 D PowerUI : can't show warning due to - plugged: true status unknown: false
09-29 11:54:43.126  2072  3168 D OomAdjuster: Not killing cached processes
09-29 11:54:44.077  2072  2545 I am_compact: [6010,com.google.android.apps.turbo,file,98036,55024,42024,10312,0,0,0,0,10,1,540118,700,5,1609468,0]
09-29 11:54:44.142  2072  3168 W ProcessStats: Tracking association SourceState{735403b com.android.chrome/10177 Top #8857} whose proc state 1 is better than process ProcessState{19ca875 com.google.android.gms/10115 pkg=com.google.android.gms} proc state 5 (17 skipped)
09-29 11:54:53.236  2072  2222 I am_uid_idle: 90000
09-29 11:54:53.237  2072  2222 I am_uid_idle: 10177
09-29 11:54:53.241  2072  4636 D OomAdjuster: Not killing cached processes
09-29 11:54:53.283  2072  2221 I am_pss  : [2725,10208,com.android.systemui,247612416,229474304,70656,405012480,0,5,38]
09-29 11:54:54.358  2072  4636 W ProcessStats: Tracking association SourceState{735403b com.android.chrome/10177 Top #8894} whose proc state 1 is better than process ProcessState{19ca875 com.google.android.gms/10115 pkg=com.google.android.gms} proc state 5 (22 skipped)
09-29 11:54:57.735  2072  2072 I JobServiceContext: Letting cb8a413 #u0a123/9575 com.android.vending/com.google.android.finsky.scheduler.process.mainimpl.PhoneskyJobServiceMain continue to run past min execution time
09-29 11:54:59.191  2072  4636 D OomAdjuster: Not killing cached processes
09-29 11:55:14.159  2072  3167 D OomAdjuster: Not killing cached processes
09-29 11:55:14.162  2072  3167 W ProcessStats: Tracking association SourceState{735403b com.android.chrome/10177 Top #8901} whose proc state 1 is better than process ProcessState{19ca875 com.google.android.gms/10115 pkg=com.google.android.gms} proc state 5 (2 skipped)
09-29 11:55:15.065  2725  7199 D PowerUI : can't show warning due to - plugged: true status unknown: false
09-29 11:55:17.614  1366  1366 I vendor.google.wifi_ext@1.0-service-vendor: Wifi: Reseting SAR Scenario to default
09-29 11:55:18.573  2072  2545 I am_compact: [5877,android.process.media,all,95888,57292,37668,13360,-6128,0,-6128,6128,70,3,573095,905,10,1612028,-4608]
09-29 11:55:21.585  2725  7879 D PowerUI : can't show warning due to - plugged: true status unknown: false
09-29 11:55:21.588  2072  3167 D OomAdjuster: Not killing cached processes
09-29 11:55:29.198  2072  4251 D OomAdjuster: Not killing cached processes
09-29 11:55:29.240  2072  2221 I am_pss  : [2725,10208,com.android.systemui,247731200,229593088,70656,405131264,0,5,38]
09-29 11:55:33.599  2072  2222 I am_uid_idle: 10130
09-29 11:55:38.502  2072  4251 I ActivityManager: Killing 4314:com.google.android.projection.gearhead:shared/u0a110 (adj 915): empty #33
09-29 11:55:38.502  2072  4251 I am_kill : [0,4314,com.google.android.projection.gearhead:shared,915,empty #33]
09-29 11:55:38.508  2072  4251 I ActivityManager: Killing 4514:com.google.android.projection.gearhead:car/u0a110 (adj 915): empty #34
09-29 11:55:38.508  2072  4251 I am_kill : [0,4514,com.google.android.projection.gearhead:car,915,empty #34]
09-29 11:55:38.509  2072  4251 I ActivityManager: Killing 8160:com.google.android.apps.tips/u0a137 (adj 985): empty #35
09-29 11:55:38.509  2072  4251 I am_kill : [0,8160,com.google.android.apps.tips,985,empty #35]
09-29 11:55:38.509  2072  4251 I ActivityManager: Killing 8187:com.google.android.setupwizard:remote/u0a131 (adj 995): empty #36
09-29 11:55:38.509  2072  4251 I am_kill : [0,8187,com.google.android.setupwizard:remote,995,empty #36]
09-29 11:55:38.510  2072  4251 I ActivityManager: Killing 3919:com.google.android.projection.gearhead:projection/u0a110 (adj 925): empty #37
09-29 11:55:38.510  2072  4251 I am_kill : [0,3919,com.google.android.projection.gearhead:projection,925,empty #37]
09-29 11:55:38.510  2072  4251 I ActivityManager: Killing 3598:com.google.android.apps.wellbeing/u0a104 (adj 925): empty #38
09-29 11:55:38.510  2072  4251 I am_kill : [0,3598,com.google.android.apps.wellbeing,925,empty #38]
09-29 11:55:38.510  2072  4251 I ActivityManager: Killing 6142:com.android.traceur/u0a91 (adj 995): empty #39
09-29 11:55:38.510  2072  4251 I am_kill : [0,6142,com.android.traceur,995,empty #39]
09-29 11:55:38.511  2072  4251 I ActivityManager: Killing 6308:com.google.android.GoogleCamera/u0a185 (adj 999): empty #40
09-29 11:55:38.511  2072  4251 I am_kill : [0,6308,com.google.android.GoogleCamera,999,empty #40]
09-29 11:55:38.511  2072  4251 I ActivityManager: Killing 5955:com.android.providers.calendar/u0a69 (adj 999): empty #41
09-29 11:55:38.511  2072  4251 I am_kill : [0,5955,com.android.providers.calendar,999,empty #41]
09-29 11:55:38.512  2072  4251 I ActivityManager: Killing 7816:com.google.pixel.livewallpaper/u0a109 (adj 999): empty #42
09-29 11:55:38.512  2072  4251 I am_kill : [0,7816,com.google.pixel.livewallpaper,999,empty #42]
09-29 11:55:38.512  2072  4251 I ActivityManager: Killing 7780:com.google.intelligence.sense/u0a120 (adj 999): empty #43
09-29 11:55:38.512  2072  4251 I am_kill : [0,7780,com.google.intelligence.sense,999,empty #43]
09-29 11:55:38.512  2072  4251 I ActivityManager: Killing 3551:com.google.euiccpixel/u0a209 (adj 999): empty #44
09-29 11:55:38.512  2072  4251 I am_kill : [0,3551,com.google.euiccpixel,999,empty #44]
09-29 11:55:38.512  2072  4251 I ActivityManager: Killing 7761:com.google.android.uvexposurereporter/u0a192 (adj 999): empty #45
09-29 11:55:38.513  2072  4251 I am_kill : [0,7761,com.google.android.uvexposurereporter,999,empty #45]
09-29 11:55:38.513  2072  4251 I ActivityManager: Killing 7575:com.google.android.partnersetup/u0a145 (adj 999): empty #46
09-29 11:55:38.513  2072  4251 I am_kill : [0,7575,com.google.android.partnersetup,999,empty #46]
09-29 11:55:38.513  2072  4251 I ActivityManager: Killing 4971:com.google.android.tts/u0a157 (adj 999): empty #47
09-29 11:55:38.513  2072  4251 I am_kill : [0,4971,com.google.android.tts,999,empty #47]
09-29 11:55:38.514  2072  4251 I ActivityManager: Killing 7549:com.google.android.packageinstaller/u0a70 (adj 999): empty #48
09-29 11:55:38.514  2072  4251 I am_kill : [0,7549,com.google.android.packageinstaller,999,empty #48]
09-29 11:55:38.514  2072  4251 I ActivityManager: Killing 7503:com.google.android.onetimeinitializer/u0a134 (adj 999): empty #49
09-29 11:55:38.514  2072  4251 I am_kill : [0,7503,com.google.android.onetimeinitializer,999,empty #49]
09-29 11:55:38.514  2072  4251 I ActivityManager: Killing 7437:com.google.android.odad/u0a100 (adj 999): empty #50
09-29 11:55:38.514  2072  4251 I am_kill : [0,7437,com.google.android.odad,999,empty #50]
09-29 11:55:38.514  2072  4251 I ActivityManager: Killing 7232:com.google.android.hardwareinfo/u0a125 (adj 999): empty #51
09-29 11:55:38.515  2072  4251 I am_kill : [0,7232,com.google.android.hardwareinfo,999,empty #51]
09-29 11:55:38.515  2072  4251 I ActivityManager: Killing 5639:com.android.vending:background/u0a123 (adj 999): empty #52
09-29 11:55:38.515  2072  4251 I am_kill : [0,5639,com.android.vending:background,999,empty #52]
09-29 11:55:38.515  2072  4251 I ActivityManager: Killing 3330:com.google.android.deskclock/u0a160 (adj 999): empty #53
09-29 11:55:38.515  2072  4251 I am_kill : [0,3330,com.google.android.deskclock,999,empty #53]
09-29 11:55:38.516  2072  4251 I ActivityManager: Killing 3054:com.google.android.flipendo/u0a214 (adj 999): empty #54
09-29 11:55:38.516  2072  4251 I am_kill : [0,3054,com.google.android.flipendo,999,empty #54]
09-29 11:55:38.516  2072  4251 I ActivityManager: Killing 7018:com.google.android.configupdater/u0a114 (adj 999): empty #55
09-29 11:55:38.516  2072  4251 I am_kill : [0,7018,com.google.android.configupdater,999,empty #55]
09-29 11:55:38.516  2072  4251 I ActivityManager: Killing 6869:com.google.android.apps.work.oobconfig/u0a119 (adj 999): empty #56
09-29 11:55:38.516  2072  4251 I am_kill : [0,6869,com.google.android.apps.work.oobconfig,999,empty #56]
09-29 11:55:38.517  2072  4251 I ActivityManager: Killing 4054:com.google.android.apps.turbo:ssb/u0a139 (adj 999): empty #57
09-29 11:55:38.517  2072  4251 I am_kill : [0,4054,com.google.android.apps.turbo:ssb,999,empty #57]
09-29 11:55:38.517  2072  4251 I ActivityManager: Killing 5039:com.google.android.apps.wallpaper/u0a204 (adj 999): empty #58
09-29 11:55:38.517  2072  4251 I am_kill : [0,5039,com.google.android.apps.wallpaper,999,empty #58]
09-29 11:55:38.517  2072  4251 I ActivityManager: Killing 6582:com.google.android.apps.maps:server_recovery_process/u0a184 (adj 999): empty #59
09-29 11:55:38.517  2072  4251 I am_kill : [0,6582,com.google.android.apps.maps:server_recovery_process,999,empty #59]
09-29 11:55:38.524  2072  4251 I ActivityManager: Killing 6474:com.google.android.apps.gcs/u0a103 (adj 999): empty #60
09-29 11:55:38.524  2072  4251 I am_kill : [0,6474,com.google.android.apps.gcs,999,empty #60]
09-29 11:55:38.524  2072  4251 I ActivityManager: Killing 3940:com.google.android.apps.dreamliner/u0a132 (adj 999): empty #61
09-29 11:55:38.525  2072  4251 I am_kill : [0,3940,com.google.android.apps.dreamliner,999,empty #61]
09-29 11:55:38.525  2072  4251 I ActivityManager: Killing 6445:com.google.android.apps.carrier.log/u0a96 (adj 999): empty #62
09-29 11:55:38.525  2072  4251 I am_kill : [0,6445,com.google.android.apps.carrier.log,999,empty #62]
09-29 11:55:38.525  2072  4251 I ActivityManager: Killing 5115:com.google.RilConfigService/1001 (adj 999): empty #63
09-29 11:55:38.525  2072  4251 I am_kill : [0,5115,com.google.RilConfigService,999,empty #63]
09-29 11:55:38.525  2072  4251 I ActivityManager: Killing 6117:com.android.shell/2000 (adj 999): empty #64
09-29 11:55:38.525  2072  4251 I am_kill : [0,6117,com.android.shell,999,empty #64]
09-29 11:55:38.526  2072  4251 I ActivityManager: Killing 4660:com.android.managedprovisioning/u0a73 (adj 999): empty #65
09-29 11:55:38.526  2072  4251 I am_kill : [0,4660,com.android.managedprovisioning,999,empty #65]
09-29 11:55:38.526  2072  4251 I ActivityManager: Killing 6405:com.android.hotwordenrollment.xgoogle/u0a106 (adj 999): empty #66
09-29 11:55:38.526  2072  4251 I am_kill : [0,6405,com.android.hotwordenrollment.xgoogle,999,empty #66]
09-29 11:55:38.526  2072  4251 I ActivityManager: Killing 6366:com.android.dynsystem:dynsystem/1000 (adj 999): empty #67
09-29 11:55:38.526  2072  4251 I am_kill : [0,6366,com.android.dynsystem:dynsystem,999,empty #67]
09-29 11:55:38.527  2072  4251 I ActivityManager: Killing 6378:com.android.hotwordenrollment.okgoogle/u0a121 (adj 999): empty #68
09-29 11:55:38.527  2072  4251 I am_kill : [0,6378,com.android.hotwordenrollment.okgoogle,999,empty #68]
09-29 11:55:38.527  2072  4251 I ActivityManager: Killing 6351:com.android.dynsystem/1000 (adj 999): empty #69
09-29 11:55:38.527  2072  4251 I am_kill : [0,6351,com.android.dynsystem,999,empty #69]
09-29 11:55:38.527  2072  4251 I ActivityManager: Killing 6091:com.google.android.documentsui/u0a63 (adj 999): empty #70
09-29 11:55:38.527  2072  4251 I am_kill : [0,6091,com.google.android.documentsui,999,empty #70]
09-29 11:55:38.527  2072  4251 I ActivityManager: Killing 5386:com.google.android.carriersetup/u0a201 (adj 999): empty #71
09-29 11:55:38.527  2072  4251 I am_kill : [0,5386,com.google.android.carriersetup,999,empty #71]
09-29 11:55:38.528  2072  4251 I ActivityManager: Killing 5859:com.android.externalstorage/u0a68 (adj 999): empty #72
09-29 11:55:38.528  2072  4251 I am_kill : [0,5859,com.android.externalstorage,999,empty #72]
09-29 11:55:38.528  2072  4251 I ActivityManager: Killing 5329:com.android.printspooler/u0a82 (adj 999): empty #73
09-29 11:55:38.528  2072  4251 I am_kill : [0,5329,com.android.printspooler,999,empty #73]
09-29 11:55:38.528  2072  4251 I ActivityManager: Killing 4025:com.android.keychain/1000 (adj 999): empty #74
09-29 11:55:38.528  2072  4251 I am_kill : [0,4025,com.android.keychain,999,empty #74]
09-29 11:55:38.528  2072  4251 I ActivityManager: Killing 3851:com.google.android.apps.youtube.music/u0a163 (adj 999): empty #75
09-29 11:55:38.528  2072  4251 I am_kill : [0,3851,com.google.android.apps.youtube.music,999,empty #75]
09-29 11:55:38.529  2072  4251 I ActivityManager: Killing 4754:com.android.localtransport/1000 (adj 999): empty #76
09-29 11:55:38.529  2072  4251 I am_kill : [0,4754,com.android.localtransport,999,empty #76]
09-29 11:55:38.530  2072  4251 I ActivityManager: Killing 3489:com.qualcomm.timeservice/u0a93 (adj 999): empty #77
09-29 11:55:38.530  2072  4251 I am_kill : [0,3489,com.qualcomm.timeservice,999,empty #77]
09-29 11:55:38.554  2072  4636 I am_proc_died: [0,4314,com.google.android.projection.gearhead:shared,915,19]
09-29 11:55:38.558  2072  4636 I ActivityManager: Killing 3050:com.android.settings/1000 (adj 985): empty #33
09-29 11:55:38.558  2072  4636 I am_kill : [0,3050,com.android.settings,985,empty #33]
09-29 11:55:38.558  2072  4636 I ActivityManager: Killing 6756:com.google.android.apps.security.securityhub/u0a128 (adj 985): empty #34
09-29 11:55:38.558  2072  4636 I am_kill : [0,6756,com.google.android.apps.security.securityhub,985,empty #34]
09-29 11:55:38.573  2072  2221 I am_pss  : [5737,90000,com.android.chrome:sandboxed_process0:org.chromium.content.app.SandboxedProcessService0:0,76267520,55795712,1474560,155840512,0,12,14]
09-29 11:55:38.589  2072  2221 I am_pss  : [5689,10177,com.android.chrome:privileged_process0,100419584,73150464,5149696,179871744,0,12,15]
09-29 11:55:38.659  2072  4636 I am_proc_died: [0,7503,com.google.android.onetimeinitializer,999,19]
09-29 11:55:38.660  2072  4636 I am_uid_stopped: 10134
09-29 11:55:38.663  2072  4512 I am_proc_died: [0,7761,com.google.android.uvexposurereporter,999,19]
09-29 11:55:38.663  2072  4512 I am_uid_stopped: 10192
09-29 11:55:38.690  2072  4225 I am_proc_died: [0,7549,com.google.android.packageinstaller,999,19]
09-29 11:55:38.690  2072  4225 I am_uid_stopped: 10070
09-29 11:55:38.775  2072  4225 I am_proc_died: [0,7232,com.google.android.hardwareinfo,999,19]
09-29 11:55:38.776  2072  4225 I am_uid_stopped: 10125
09-29 11:55:38.815  2072  4636 I am_proc_died: [0,3551,com.google.euiccpixel,999,19]
09-29 11:55:38.816  2072  4636 I am_uid_stopped: 10209
09-29 11:55:38.819  2072  4166 I am_proc_died: [0,3054,com.google.android.flipendo,999,19]
09-29 11:55:38.820  2072  4166 I am_uid_stopped: 10214
09-29 11:55:38.822  2072  4225 I am_proc_died: [0,7018,com.google.android.configupdater,999,19]
09-29 11:55:38.822  2072  4225 I am_uid_stopped: 10114
09-29 11:55:38.824  2072  4686 I am_proc_died: [0,5955,com.android.providers.calendar,999,19]
09-29 11:55:38.824  2072  4686 I am_uid_stopped: 10069
09-29 11:55:38.826  2072  3617 I am_proc_died: [0,7437,com.google.android.odad,999,19]
09-29 11:55:38.826  2072  3617 I am_uid_stopped: 10100
09-29 11:55:38.851  2072  4686 I am_proc_died: [0,5859,com.android.externalstorage,999,19]
09-29 11:55:38.852  2072  4686 I am_uid_stopped: 10068
09-29 11:55:38.868  2072  4686 I am_proc_died: [0,4025,com.android.keychain,999,19]
09-29 11:55:38.871  2072  4512 I am_proc_died: [0,4660,com.android.managedprovisioning,999,19]
09-29 11:55:38.871  2072  4512 I am_uid_stopped: 10073
09-29 11:55:38.873  2072  4166 I am_proc_died: [0,6405,com.android.hotwordenrollment.xgoogle,999,19]
09-29 11:55:38.873  2072  4166 I am_uid_stopped: 10106
09-29 11:55:38.881  2072  4166 I am_proc_died: [0,3489,com.qualcomm.timeservice,999,19]
09-29 11:55:38.881  2072  4166 I am_uid_stopped: 10093
09-29 11:55:38.884  2072  4225 I am_proc_died: [0,6308,com.google.android.GoogleCamera,999,19]
09-29 11:55:38.884  2072  4225 I am_uid_stopped: 10185
09-29 11:55:38.885  2072  4595 I am_proc_died: [0,6142,com.android.traceur,995,19]
09-29 11:55:38.886  2072  4595 I am_uid_stopped: 10091
09-29 11:55:38.888  2072  4512 I am_proc_died: [0,4754,com.android.localtransport,999,19]
09-29 11:55:38.891  2072  4595 I am_proc_died: [0,6582,com.google.android.apps.maps:server_recovery_process,999,19]
09-29 11:55:38.892  2072  4225 I am_proc_died: [0,5039,com.google.android.apps.wallpaper,999,19]
09-29 11:55:38.892  2072  4225 I am_uid_stopped: 10204
09-29 11:55:38.894  2072  4547 I am_proc_died: [0,6351,com.android.dynsystem,999,19]
09-29 11:55:38.896  2072  4655 I am_proc_died: [0,6378,com.android.hotwordenrollment.okgoogle,999,19]
09-29 11:55:38.896  2072  4655 I am_uid_stopped: 10121
09-29 11:55:38.899  2072  4512 I am_proc_died: [0,6091,com.google.android.documentsui,999,19]
09-29 11:55:38.899  2072  4512 I am_uid_stopped: 10063
09-29 11:55:38.901  2072  4595 I am_proc_died: [0,5115,com.google.RilConfigService,999,19]
09-29 11:55:38.911  2072  4225 I am_proc_died: [0,6366,com.android.dynsystem:dynsystem,999,19]
09-29 11:55:38.913  2072  4595 I am_proc_died: [0,6117,com.android.shell,999,19]
09-29 11:55:38.913  2072  4595 I am_uid_stopped: 2000
09-29 11:55:38.916  2072  4199 I am_proc_died: [0,5386,com.google.android.carriersetup,999,19]
09-29 11:55:38.916  2072  4199 I am_uid_stopped: 10201
09-29 11:55:38.918  2072  4166 I am_proc_died: [0,8160,com.google.android.apps.tips,985,19]
09-29 11:55:38.918  2072  4166 I am_uid_stopped: 10137
09-29 11:55:38.919  2072  4547 I am_proc_died: [0,5329,com.android.printspooler,999,19]
09-29 11:55:38.919  2072  4547 I am_uid_stopped: 10082
09-29 11:55:38.919  2072  4166 I am_proc_died: [0,7780,com.google.intelligence.sense,999,19]
09-29 11:55:38.920  2072  4166 I am_uid_stopped: 10120
09-29 11:55:38.921  2072  4225 I am_proc_died: [0,7816,com.google.pixel.livewallpaper,999,19]
09-29 11:55:38.921  2072  4225 I am_uid_stopped: 10109
09-29 11:55:38.923  2072  4686 I am_proc_died: [0,6445,com.google.android.apps.carrier.log,999,19]
09-29 11:55:38.923  2072  4686 I am_uid_stopped: 10096
09-29 11:55:38.925  2072  4686 I am_proc_died: [0,7575,com.google.android.partnersetup,999,19]
09-29 11:55:38.926  2072  4686 I am_uid_stopped: 10145
09-29 11:55:38.938  2072  4225 I am_proc_died: [0,3330,com.google.android.deskclock,999,19]
09-29 11:55:38.939  2072  4225 I am_uid_stopped: 10160
09-29 11:55:38.942  2072  4595 I am_proc_died: [0,3940,com.google.android.apps.dreamliner,999,19]
09-29 11:55:38.942  2072  4595 I am_uid_stopped: 10132
09-29 11:55:38.945  2072  4225 I am_proc_died: [0,3919,com.google.android.projection.gearhead:projection,925,19]
09-29 11:55:38.947  2072  4225 I am_proc_died: [0,4514,com.google.android.projection.gearhead:car,915,19]
09-29 11:55:38.948  2072  4225 W ActivityManager: Scheduling restart of crashed service com.google.android.projection.gearhead/com.google.android.apps.auto.carservice.service.impl.GearheadCarStartupService in 1000ms for connection
09-29 11:55:38.948  2072  4225 I am_schedule_service_restart: [0,com.google.android.projection.gearhead/com.google.android.apps.auto.carservice.service.impl.GearheadCarStartupService,1000]
09-29 11:55:38.948  2072  4225 I am_uid_stopped: 10110
09-29 11:55:38.952  2072  4225 I am_proc_died: [0,6474,com.google.android.apps.gcs,999,19]
09-29 11:55:38.952  2072  4225 I am_uid_stopped: 10103
09-29 11:55:38.955  2072  4655 I am_proc_died: [0,5639,com.android.vending:background,999,19]
09-29 11:55:38.959  2072  4655 I am_proc_died: [0,6756,com.google.android.apps.security.securityhub,985,19]
09-29 11:55:38.960  2072  4655 I am_uid_stopped: 10128
09-29 11:55:38.963  2072  4213 I am_proc_died: [0,3050,com.android.settings,985,19]
09-29 11:55:38.964  2072  2214 W ActivityManager: setHasOverlayUi called on unknown pid: 3050
09-29 11:55:38.966  2072  4213 I am_proc_died: [0,4054,com.google.android.apps.turbo:ssb,999,19]
09-29 11:55:38.969  2072  4213 I am_proc_died: [0,4971,com.google.android.tts,999,19]
