02-17 13:09:59.520  2663  2663 D NewNitzStateMachineImpl: doTimeZoneDetection: countryIsoCode=null, nitzSignal=null, suggestion=TelephonyTimeZoneSuggestion{mSlotIndex=1, mZoneId='null', mMatchType=0, mQuality=0, mDebugInfo=[getTimeZoneSuggestion: nitzSignal=null, countryIsoCode=null, Detection reason=handleCountryUnavailable()]}, reason=handleCountryUnavailable()
02-17 13:09:59.520  2663  2663 D LocaleTracker-1: Can't get cell info. Try again in 600 secs.
02-17 13:10:03.883  2663  3080 D ImsManagerIM [1]: Registration Callback registered.
02-17 13:10:08.919  2663  3080 D ImsManagerIM [1]: Registration Callback registered.
02-17 13:10:13.949  2663  3080 D ImsManagerIM [1]: Registration Callback registered.
02-17 13:10:18.977  2663  3068 D ImsManagerIM [1]: Registration Callback registered.
02-17 13:10:24.007  2663  3068 D ImsManagerIM [1]: Registration Callback registered.
02-17 13:10:29.031  2663  3080 D ImsManagerIM [1]: Registration Callback registered.
02-17 13:10:34.063  2663  3080 D ImsManagerIM [1]: Registration Callback registered.
02-17 13:10:39.097  2663  3080 D ImsManagerIM [1]: Registration Callback registered.
02-17 13:10:44.117  2663  3068 D ImsManagerIM [1]: Registration Callback registered.
02-17 13:10:49.148  2663  3068 D ImsManagerIM [1]: Registration Callback registered.
02-17 13:10:54.180  2663  3080 D ImsManagerIM [1]: Registration Callback registered.
02-17 13:10:59.227  2663  3068 D ImsManagerIM [1]: Registration Callback registered.
02-17 13:11:04.261  2663  3068 D ImsManagerIM [1]: Registration Callback registered.
02-17 13:11:09.291  2663  3068 D ImsManagerIM [1]: Registration Callback registered.
02-17 13:11:14.316  2663  3080 D ImsManagerIM [1]: Registration Callback registered.
02-17 13:11:19.344  2663  3080 D ImsManagerIM [1]: Registration Callback registered.
02-17 13:11:24.372  2663  3080 D ImsManagerIM [1]: Registration Callback registered.
02-17 13:11:29.400  2663  3068 D ImsManagerIM [1]: Registration Callback registered.
02-17 13:11:34.428  2663  3068 D ImsManagerIM [1]: Registration Callback registered.
02-17 13:11:39.464  2663  3068 D ImsManagerIM [1]: Registration Callback registered.
02-17 13:11:44.487  2663  3080 D ImsManagerIM [1]: Registration Callback registered.
02-17 13:11:49.522  2663  3080 D ImsManagerIM [1]: Registration Callback registered.
02-17 13:11:54.545  2663  3080 D ImsManagerIM [1]: Registration Callback registered.
02-17 13:11:57.248  2663  2663 D RILJ    : [1574]> GET_ACTIVITY_INFO [PHONE1]
02-17 13:11:57.253  2663  2785 D RILJ    : [1574]< GET_ACTIVITY_INFO ModemActivityInfo{ mTimestamp=264097993 mSleepTimeMs=607426 mIdleTimeMs=73428 mTxTimeMs[]=[0, 0, 0, 0, 0] mRxTimeMs=35797} [PHONE1]
02-17 13:11:59.575  2663  3068 D ImsManagerIM [1]: Registration Callback registered.
02-17 13:12:04.604  2663  3080 D ImsManagerIM [1]: Registration Callback registered.
02-17 13:12:09.634  2663  2975 D ImsManagerIM [1]: Registration Callback registered.
02-17 13:12:14.664  2663  2975 D ImsManagerIM [1]: Registration Callback registered.
02-17 13:12:19.699  2663  2975 D ImsManagerIM [1]: Registration Callback registered.
02-17 13:12:24.733  2663  2953 D ImsManagerIM [1]: Registration Callback registered.
02-17 13:12:29.767  2663  2975 D ImsManagerIM [1]: Registration Callback registered.
02-17 13:12:34.797  2663  2975 D ImsManagerIM [1]: Registration Callback registered.
02-17 13:12:39.830  2663  2953 D ImsManagerIM [1]: Registration Callback registered.
02-17 13:12:44.861  2663  2953 D ImsManagerIM [1]: Registration Callback registered.
02-17 13:12:49.901  2663  2975 D ImsManagerIM [1]: Registration Callback registered.
02-17 13:12:54.928  2663  2975 D ImsManagerIM [1]: Registration Callback registered.
02-17 13:12:55.773  1061  1061 I GRIL-Q  : qmi_vs_send_device_state_req completed 0, 0
02-17 13:12:59.964  2663  2975 D ImsManagerIM [1]: Registration Callback registered.
02-17 13:13:04.998  2663  2953 D ImsManagerIM [1]: Registration Callback registered.
02-17 13:13:10.031  2663  2975 D ImsManagerIM [1]: Registration Callback registered.
02-17 13:13:13.908  2663  2663 D RILJ    : [1575]> GET_CELL_INFO_LIST [PHONE0]
02-17 13:13:13.934  2663  2663 D SubscriptionController: [getSubId]- numSubIds == 0, return null slotIndex=0
02-17 13:13:13.935  2663  2785 D RILJ    : [1575]< GET_CELL_INFO_LIST [CellInfoGsm:{mRegistered=NO mTimeStamp=264174673738628ns mCellConnectionStatus=0 CellIdentityGsm:{ mLac=51051 mCid=62081 mArfcn=686 mBsic=0x2 mMcc=310 mMnc=260 mAlphaLong=T-Mobile mAlphaShort=T-Mobile mAdditionalPlmns={}} CellSignalStrengthGsm: rssi=-69 ber=2147483647 mTa=0 mLevel=4}, CellInfoGsm:{mRegistered=NO mTimeStamp=264174673738628ns mCellConnectionStatus=0 CellIdentityGsm:{ mLac=51051 mCid=46063 mArfcn=611 mBsic=0x13 mMcc=310 mMnc=260 mAlphaLong=T-Mobile mAlphaShort=T-Mobile mAdditionalPlmns={}} CellSignalStrengthGsm: rssi=-103 ber=2147483647 mTa=2147483647 mLevel=2}, CellInfoGsm:{mRegistered=NO mTimeStamp=264174673738628ns mCellConnectionStatus=0 CellIdentityGsm:{ mLac=2147483647 mCid=2147483647 mArfcn=613 mBsic=0x24 mMcc=null mMnc=null mAlphaLong=000000 mAlphaShort= mAdditionalPlmns={}} CellSignalStrengthGsm: rssi=-93 ber=2147483647 mTa=2147483647 mLevel=3}, CellInfoGsm:{mRegistered=NO mTimeStamp=264174673738628ns mCellConnectionStatus=0 CellIdentityGsm:{ mLac=51051 mCid=42162 mArfcn=685 mBsic=0xe mMcc=310 mMnc=260 mAlphaLong=T-Mobile mAlphaShort=T-Mobile mAdditionalPlmns={}} CellSignalStrengthGsm: rssi=-83 ber=2147483647 mTa=2147483647 mLevel=4}] [PHONE0]
02-17 13:13:13.937  2663  2663 D LocaleTracker-0: processCellInfo: cell info=[CellInfoGsm:{mRegistered=NO mTimeStamp=264174673738628ns mCellConnectionStatus=0 CellIdentityGsm:{ mLac=51051 mCid=62081 mArfcn=686 mBsic=0x2 mMcc=310 mMnc=260 mAlphaLong=T-Mobile mAlphaShort=T-Mobile mAdditionalPlmns={}} CellSignalStrengthGsm: rssi=-69 ber=2147483647 mTa=0 mLevel=4}, CellInfoGsm:{mRegistered=NO mTimeStamp=264174673738628ns mCellConnectionStatus=0 CellIdentityGsm:{ mLac=51051 mCid=46063 mArfcn=611 mBsic=0x13 mMcc=310 mMnc=260 mAlphaLong=T-Mobile mAlphaShort=T-Mobile mAdditionalPlmns={}} CellSignalStrengthGsm: rssi=-103 ber=2147483647 mTa=2147483647 mLevel=2}, CellInfoGsm:{mRegistered=NO mTimeStamp=264174673738628ns mCellConnectionStatus=0 CellIdentityGsm:{ mLac=2147483647 mCid=2147483647 mArfcn=613 mBsic=0x24 mMcc=null mMnc=null mAlphaLong=000000 mAlphaShort= mAdditionalPlmns={}} CellSignalStrengthGsm: rssi=-93 ber=2147483647 mTa=2147483647 mLevel=3}, CellInfoGsm:{mRegistered=NO mTimeStamp=264174673738628ns mCellConnectionStatus=0 CellIdentityGsm:{ mLac=51051 mCid=42162 mArfcn=685 mBsic=0xe mMcc=310 mMnc=260 mAlphaLong=T-Mobile mAlphaShort=T-Mobile mAdditionalPlmns={}} CellSignalStrengthGsm: rssi=-83 ber=2147483647 mTa=2147483647 mLevel=4}]
02-17 13:13:13.940  2663  2663 D LocaleTracker-0: updateLocale: countryIso = us, countryIsoDebugInfo = OperatorNumeric(310260): MccTable.countryCodeForMcc("310")
02-17 13:13:13.940  2663  2663 D LocaleTracker-0: updateLocale: timeZoneCountryIso = us, timeZoneCountryIsoDebugInfo = OperatorNumeric: MccTable.geoCountryCodeForMccMnc(MccMnc{mcc='310', mnc='260'})
02-17 13:13:13.940  2663  2663 D NewNitzStateMachineImpl: handleCountryDetected: countryIsoCode=us, mLatestNitzSignal=null
02-17 13:13:15.069  2663  2953 D ImsManagerIM [1]: Registration Callback registered.
02-17 13:13:20.103  2663  2953 D ImsManagerIM [1]: Registration Callback registered.
02-17 13:13:24.609  1061  1061 I GRIL-Q  : qmi_vs_send_device_state_req completed 0, 0
02-17 13:13:25.126  2663  2953 D ImsManagerIM [1]: Registration Callback registered.
02-17 13:13:30.162  2663  2953 D ImsManagerIM [1]: Registration Callback registered.
02-17 13:13:35.195  2663  2953 D ImsManagerIM [1]: Registration Callback registered.
02-17 13:13:40.230  2663  2953 D ImsManagerIM [1]: Registration Callback registered.
02-17 13:13:45.259  2663  2975 D ImsManagerIM [1]: Registration Callback registered.
02-17 13:13:50.302  2663  2953 D ImsManagerIM [1]: Registration Callback registered.
02-17 13:13:55.338  2663  2953 D ImsManagerIM [1]: Registration Callback registered.
02-17 13:14:00.373  2663  2953 D ImsManagerIM [1]: Registration Callback registered.
02-17 13:14:05.389  2663  2704 D ImsManagerIM [1]: Registration Callback registered.
02-17 13:14:10.411  2663  3002 D ImsManagerIM [1]: Registration Callback registered.
02-17 13:19:02.685  2663  3002 D ImsManagerIM [1]: Registration Callback registered.
02-17 13:29:06.455  1061  1061 I GRIL-Q  : qmi_vs_send_device_state_req completed 0, 0
02-17 13:29:28.906  1061  1061 I GRIL-Q  : qmi_vs_send_device_state_req completed 0, 0
02-17 13:39:03.941  2663  3002 D ImsManagerIM [1]: Registration Callback registered.
02-17 13:47:58.300  1061  1061 I GRIL-Q  : qmi_vs_send_device_state_req completed 0, 0
02-17 13:48:39.942  1061  1061 I GRIL-Q  : qmi_vs_send_device_state_req completed 0, 0
02-17 13:59:06.181  2663  2704 D ImsManagerIM [1]: Registration Callback registered.
02-17 14:00:01.681  2663  2663 D RILJ    : [1576]> GET_ACTIVITY_INFO [PHONE1]
02-17 14:00:01.683  2663  2785 D RILJ    : [1576]< GET_ACTIVITY_INFO ModemActivityInfo{ mTimestamp=266982424 mSleepTimeMs=2738375 mIdleTimeMs=10607 mTxTimeMs[]=[0, 0, 0, 0, 0] mRxTimeMs=135449} [PHONE1]
02-17 14:00:02.031  2663  2975 D ImsManagerIM [1]: Registration Callback registered.
02-17 14:00:07.069  2663  2975 D ImsManagerIM [1]: Registration Callback registered.
02-17 14:05:48.623  1061  1061 I GRIL-Q  : qmi_vs_send_device_state_req completed 0, 0
02-17 14:06:07.852  1061  1061 I GRIL-Q  : qmi_vs_send_device_state_req completed 0, 0
02-17 14:08:37.496  2663  3002 D ImsManagerIM [1]: Registration Callback registered.
02-17 14:18:17.194  2663  3002 D ImsManagerIM [1]: Registration Callback registered.
02-17 14:19:07.417  2663  2704 D ImsManagerIM [1]: Registration Callback registered.
02-17 14:39:07.665  2663  3002 D ImsManagerIM [1]: Registration Callback registered.
02-17 14:59:09.146  2663  2953 D ImsManagerIM [1]: Registration Callback registered.
02-17 15:00:00.573  2663  2663 D RILJ    : [1577]> GET_ACTIVITY_INFO [PHONE1]
02-17 15:00:00.576  2663  2785 D RILJ    : [1577]< GET_ACTIVITY_INFO ModemActivityInfo{ mTimestamp=270581316 mSleepTimeMs=3415853 mIdleTimeMs=11529 mTxTimeMs[]=[0, 0, 0, 0, 0] mRxTimeMs=171512} [PHONE1]
02-17 15:00:04.527  2663  2704 D ImsManagerIM [1]: Registration Callback registered.
02-17 15:00:08.066  2663  2975 D SubscriptionController: [getSubId]- numSubIds == 0, return null slotIndex=0
02-17 15:00:08.086  2663  2975 D SubscriptionController: [getActiveSubscriptionInfoForSimSlotIndex]+ slotIndex=0 subId=null
02-17 15:00:08.088  2663  2975 D SubscriptionController: [getActiveSubscriptionInfoForSimSlotIndex]+ slotIndex=1 subId={id=2 iccId=890124019[****] simSlotIndex=1 carrierId=1 displayName=Mint Mobile carrierName=No service nameSource=3 iconTint=-16746133 number=[****] dataRoaming=0 iconBitmap=android.graphics.Bitmap@bf4acc4 mcc=310 mnc=240 countryIso=us isEmbedded=true nativeAccessRules=null cardString=890490320[****] cardId=0 isOpportunistic=false groupUUID=null isGroupDisabled=false profileClass=2 ehplmns=[310260] hplmns=[310260, 310260, 310260] subscriptionType=0 groupOwner=null carrierConfigAccessRules=[cert: 27F96DBAB77B31F6953E4CD2C2DEFE15F5D7C78F073DD7162018EF476B097C34 pkg: null access: 0, cert: 3D1A4BEF6EE7AF7D34D120E7B1AAC0DD245585DE6237CF100F68333AFACFF562 pkg: null access: 0, cert: 92B5F8117FBD9BD5738FF168A4FA12CBE284BE834EDE1A7BB44DD8455BA15920 pkg: null access: 0] areUiccApplicationsEnabled=true}
02-17 15:00:08.137  2663  2975 D SubscriptionController: [getSubId]- numSubIds == 0, return null slotIndex=0
02-17 15:00:08.138  2663  2975 D SubscriptionController: [getActiveSubscriptionInfoForSimSlotIndex]+ slotIndex=0 subId=null
02-17 15:00:08.139  2663  2975 D SubscriptionController: [getActiveSubscriptionInfoForSimSlotIndex]+ slotIndex=1 subId={id=2 iccId=890124019[****] simSlotIndex=1 carrierId=1 displayName=Mint Mobile carrierName=No service nameSource=3 iconTint=-16746133 number=[****] dataRoaming=0 iconBitmap=android.graphics.Bitmap@bf4acc4 mcc=310 mnc=240 countryIso=us isEmbedded=true nativeAccessRules=null cardString=890490320[****] cardId=0 isOpportunistic=false groupUUID=null isGroupDisabled=false profileClass=2 ehplmns=[310260] hplmns=[310260, 310260, 310260] subscriptionType=0 groupOwner=null carrierConfigAccessRules=[cert: 27F96DBAB77B31F6953E4CD2C2DEFE15F5D7C78F073DD7162018EF476B097C34 pkg: null access: 0, cert: 3D1A4BEF6EE7AF7D34D120E7B1AAC0DD245585DE6237CF100F68333AFACFF562 pkg: null access: 0, cert: 92B5F8117FBD9BD5738FF168A4FA12CBE284BE834EDE1A7BB44DD8455BA15920 pkg: null access: 0] areUiccApplicationsEnabled=true}
02-17 15:00:09.542  2663  2975 D ImsManagerIM [1]: Registration Callback registered.
02-17 15:05:41.228  2663  2975 D ImsManagerIM [1]: Registration Callback registered.
02-17 15:39:08.873  2663  2975 D ImsManagerIM [1]: Registration Callback registered.
02-17 15:44:15.644  1061  1061 I GRIL-Q  : qmi_vs_send_device_state_req completed 0, 0
02-17 15:44:34.881  1061  1061 I GRIL-Q  : qmi_vs_send_device_state_req completed 0, 0
02-17 15:58:12.445  2663  2953 D ImsManagerIM [1]: Registration Callback registered.
02-17 16:00:01.529  2663  2663 D RILJ    : [1578]> GET_ACTIVITY_INFO [PHONE1]
02-17 16:00:01.532  2663  2785 D RILJ    : [1578]< GET_ACTIVITY_INFO ModemActivityInfo{ mTimestamp=274182272 mSleepTimeMs=3412927 mIdleTimeMs=13300 mTxTimeMs[]=[0, 0, 0, 0, 0] mRxTimeMs=174728} [PHONE1]
02-17 16:00:03.464  2663  2975 D ImsManagerIM [1]: Registration Callback registered.
02-17 16:00:08.494  2663  2975 D ImsManagerIM [1]: Registration Callback registered.
02-17 16:18:35.012  1061  1061 I GRIL-Q  : qmi_vs_send_device_state_req completed 0, 0
02-17 16:19:10.957  2663  2953 D ImsManagerIM [1]: Registration Callback registered.
02-17 16:20:17.479  1061  1061 I GRIL-Q  : qmi_vs_send_device_state_req completed 0, 0
02-17 16:21:30.437  1061  1061 I GRIL-Q  : qmi_vs_send_device_state_req completed 0, 0
02-17 16:22:31.497  1061  1061 I GRIL-Q  : qmi_vs_scone_activity_input_req completed 0, 0
02-17 16:22:31.499  2663  3069 D SubscriptionController: [getSubId]- numSubIds == 0, return null slotIndex=0
02-17 16:22:31.500  2663  3069 D SubscriptionController: [getActiveSubscriptionInfoForSimSlotIndex]+ slotIndex=0 subId=null
02-17 16:22:31.508  2663  3069 D SubscriptionController: [getActiveSubscriptionInfoForSimSlotIndex]+ slotIndex=1 subId={id=2 iccId=890124019[****] simSlotIndex=1 carrierId=1 displayName=Mint Mobile carrierName=No service nameSource=3 iconTint=-16746133 number=[****] dataRoaming=0 iconBitmap=android.graphics.Bitmap@bf4acc4 mcc=310 mnc=240 countryIso=us isEmbedded=true nativeAccessRules=null cardString=890490320[****] cardId=0 isOpportunistic=false groupUUID=null isGroupDisabled=false profileClass=2 ehplmns=[310260] hplmns=[310260, 310260, 310260] subscriptionType=0 groupOwner=null carrierConfigAccessRules=[cert: 27F96DBAB77B31F6953E4CD2C2DEFE15F5D7C78F073DD7162018EF476B097C34 pkg: null access: 0, cert: 3D1A4BEF6EE7AF7D34D120E7B1AAC0DD245585DE6237CF100F68333AFACFF562 pkg: null access: 0, cert: 92B5F8117FBD9BD5738FF168A4FA12CBE284BE834EDE1A7BB44DD8455BA15920 pkg: null access: 0] areUiccApplicationsEnabled=true}
02-17 16:22:31.516  1061  1061 I GRIL-Q  : qmi_vs_scone_activity_input_req completed 0, 0
02-17 16:22:34.432  2663  2704 D ImsManagerIM [1]: Registration Callback registered.
02-17 16:22:34.955  2663  3068 D SubscriptionController: [getSubId]- numSubIds == 0, return null slotIndex=0
02-17 16:22:34.996  2663  3068 D SubscriptionController: [getSubId]- numSubIds == 0, return null slotIndex=0
02-17 16:22:35.231  2663  3068 D SubscriptionController: [getSubId]- numSubIds == 0, return null slotIndex=0
02-17 16:22:35.464  2663  3068 D SubscriptionController: [getSubId]- numSubIds == 0, return null slotIndex=0
02-17 16:22:36.925  2663  2663 D DebugService: DebugService Collecting telephony metrics..
02-17 16:22:39.166  1061  1061 I GRIL-Q  : qmi_vs_scone_activity_input_req completed 0, 0
02-17 16:22:39.440  2663  3002 D ImsManagerIM [1]: Registration Callback registered.
02-17 16:22:40.277  2663  3002 D SubscriptionController: [getSubId]- numSubIds == 0, return null slotIndex=0
02-17 16:22:44.459  2663  3069 D ImsManagerIM [1]: Registration Callback registered.
02-17 16:22:47.520  1061  1061 I GRIL-Q  : qmi_vs_scone_activity_input_req completed 0, 0
02-17 16:22:49.486  2663  3069 D ImsManagerIM [1]: Registration Callback registered.
02-17 16:22:49.786  2663  3069 D SubscriptionController: [getSubId]- numSubIds == 0, return null slotIndex=0
02-17 16:22:50.734  1061  1061 I GRIL-Q  : qmi_vs_scone_activity_input_req completed 0, 0
02-17 16:22:54.517  2663  2699 D ImsManagerIM [1]: Registration Callback registered.
02-17 16:22:59.534  2663  2699 D ImsManagerIM [1]: Registration Callback registered.
02-17 16:22:59.893  2663  2699 D SubscriptionController: [getSubId]- numSubIds == 0, return null slotIndex=0
02-17 16:23:04.567  2663  3069 D ImsManagerIM [1]: Registration Callback registered.
02-17 16:23:07.584  1061  1061 I GRIL-Q  : qmi_vs_scone_activity_input_req completed 0, 0
02-17 16:23:09.598  2663  2699 D ImsManagerIM [1]: Registration Callback registered.
02-17 16:23:14.629  2663  2699 D ImsManagerIM [1]: Registration Callback registered.
02-17 16:23:19.653  2663  2699 D ImsManagerIM [1]: Registration Callback registered.
02-17 16:23:24.689  2663  2699 D ImsManagerIM [1]: Registration Callback registered.
02-17 16:23:29.718  2663  2699 D ImsManagerIM [1]: Registration Callback registered.
02-17 16:23:34.767  2663  2699 D ImsManagerIM [1]: Registration Callback registered.
02-17 16:23:39.804  2663  2699 D ImsManagerIM [1]: Registration Callback registered.
02-17 16:23:44.830  2663  2699 D ImsManagerIM [1]: Registration Callback registered.
02-17 16:23:46.033  1061  1061 I GRIL-Q  : qmi_vs_scone_activity_input_req completed 0, 0
02-17 16:23:49.235  1061  1061 I GRIL-Q  : qmi_vs_scone_activity_input_req completed 0, 0
02-17 16:23:49.857  2663  2699 D ImsManagerIM [1]: Registration Callback registered.
02-17 16:23:54.884  2663  2699 D ImsManagerIM [1]: Registration Callback registered.
02-17 16:23:58.011  2663  3069 D SubscriptionController: [getActiveSubscriptionInfo]- subId=3 subList=[{id=2 iccId=890124019[****] simSlotIndex=1 carrierId=1 displayName=Mint Mobile carrierName=No service nameSource=3 iconTint=-16746133 number=[****] dataRoaming=0 iconBitmap=android.graphics.Bitmap@bf4acc4 mcc=310 mnc=240 countryIso=us isEmbedded=true nativeAccessRules=null cardString=890490320[****] cardId=0 isOpportunistic=false groupUUID=null isGroupDisabled=false profileClass=2 ehplmns=[310260] hplmns=[310260, 310260, 310260] subscriptionType=0 groupOwner=null carrierConfigAccessRules=[cert: 27F96DBAB77B31F6953E4CD2C2DEFE15F5D7C78F073DD7162018EF476B097C34 pkg: null access: 0, cert: 3D1A4BEF6EE7AF7D34D120E7B1AAC0DD245585DE6237CF100F68333AFACFF562 pkg: null access: 0, cert: 92B5F8117FBD9BD5738FF168A4FA12CBE284BE834EDE1A7BB44DD8455BA15920 pkg: null access: 0] areUiccApplicationsEnabled=true}] subInfo=null
02-17 16:23:58.014  2663  3069 D SubscriptionController: [getActiveSubscriptionInfo]- subId=3 subList=[{id=2 iccId=890124019[****] simSlotIndex=1 carrierId=1 displayName=Mint Mobile carrierName=No service nameSource=3 iconTint=-16746133 number=[****] dataRoaming=0 iconBitmap=android.graphics.Bitmap@bf4acc4 mcc=310 mnc=240 countryIso=us isEmbedded=true nativeAccessRules=null cardString=890490320[****] cardId=0 isOpportunistic=false groupUUID=null isGroupDisabled=false profileClass=2 ehplmns=[310260] hplmns=[310260, 310260, 310260] subscriptionType=0 groupOwner=null carrierConfigAccessRules=[cert: 27F96DBAB77B31F6953E4CD2C2DEFE15F5D7C78F073DD7162018EF476B097C34 pkg: null access: 0, cert: 3D1A4BEF6EE7AF7D34D120E7B1AAC0DD245585DE6237CF100F68333AFACFF562 pkg: null access: 0, cert: 92B5F8117FBD9BD5738FF168A4FA12CBE284BE834EDE1A7BB44DD8455BA15920 pkg: null access: 0] areUiccApplicationsEnabled=true}] subInfo=null
02-17 16:23:58.016  2663  3069 D SubscriptionController: [getActiveSubscriptionInfo]- subId=3 subList=[{id=2 iccId=890124019[****] simSlotIndex=1 carrierId=1 displayName=Mint Mobile carrierName=No service nameSource=3 iconTint=-16746133 number=[****] dataRoaming=0 iconBitmap=android.graphics.Bitmap@bf4acc4 mcc=310 mnc=240 countryIso=us isEmbedded=true nativeAccessRules=null cardString=890490320[****] cardId=0 isOpportunistic=false groupUUID=null isGroupDisabled=false profileClass=2 ehplmns=[310260] hplmns=[310260, 310260, 310260] subscriptionType=0 groupOwner=null carrierConfigAccessRules=[cert: 27F96DBAB77B31F6953E4CD2C2DEFE15F5D7C78F073DD7162018EF476B097C34 pkg: null access: 0, cert: 3D1A4BEF6EE7AF7D34D120E7B1AAC0DD245585DE6237CF100F68333AFACFF562 pkg: null access: 0, cert: 92B5F8117FBD9BD5738FF168A4FA12CBE284BE834EDE1A7BB44DD8455BA15920 pkg: null access: 0] areUiccApplicationsEnabled=true}] subInfo=null
02-17 16:23:58.097  2663  3069 D SubscriptionController: [getActiveSubscriptionInfo]- subId=4 subList=[{id=2 iccId=890124019[****] simSlotIndex=1 carrierId=1 displayName=Mint Mobile carrierName=No service nameSource=3 iconTint=-16746133 number=[****] dataRoaming=0 iconBitmap=android.graphics.Bitmap@bf4acc4 mcc=310 mnc=240 countryIso=us isEmbedded=true nativeAccessRules=null cardString=890490320[****] cardId=0 isOpportunistic=false groupUUID=null isGroupDisabled=false profileClass=2 ehplmns=[310260] hplmns=[310260, 310260, 310260] subscriptionType=0 groupOwner=null carrierConfigAccessRules=[cert: 27F96DBAB77B31F6953E4CD2C2DEFE15F5D7C78F073DD7162018EF476B097C34 pkg: null access: 0, cert: 3D1A4BEF6EE7AF7D34D120E7B1AAC0DD245585DE6237CF100F68333AFACFF562 pkg: null access: 0, cert: 92B5F8117FBD9BD5738FF168A4FA12CBE284BE834EDE1A7BB44DD8455BA15920 pkg: null access: 0] areUiccApplicationsEnabled=true}] subInfo=null
02-17 16:23:58.102  2663  3069 D SubscriptionController: [getActiveSubscriptionInfo]- subId=4 subList=[{id=2 iccId=890124019[****] simSlotIndex=1 carrierId=1 displayName=Mint Mobile carrierName=No service nameSource=3 iconTint=-16746133 number=[****] dataRoaming=0 iconBitmap=android.graphics.Bitmap@bf4acc4 mcc=310 mnc=240 countryIso=us isEmbedded=true nativeAccessRules=null cardString=890490320[****] cardId=0 isOpportunistic=false groupUUID=null isGroupDisabled=false profileClass=2 ehplmns=[310260] hplmns=[310260, 310260, 310260] subscriptionType=0 groupOwner=null carrierConfigAccessRules=[cert: 27F96DBAB77B31F6953E4CD2C2DEFE15F5D7C78F073DD7162018EF476B097C34 pkg: null access: 0, cert: 3D1A4BEF6EE7AF7D34D120E7B1AAC0DD245585DE6237CF100F68333AFACFF562 pkg: null access: 0, cert: 92B5F8117FBD9BD5738FF168A4FA12CBE284BE834EDE1A7BB44DD8455BA15920 pkg: null access: 0] areUiccApplicationsEnabled=true}] subInfo=null
02-17 16:23:58.103  2663  3069 D SubscriptionController: [getActiveSubscriptionInfo]- subId=4 subList=[{id=2 iccId=890124019[****] simSlotIndex=1 carrierId=1 displayName=Mint Mobile carrierName=No service nameSource=3 iconTint=-16746133 number=[****] dataRoaming=0 iconBitmap=android.graphics.Bitmap@bf4acc4 mcc=310 mnc=240 countryIso=us isEmbedded=true nativeAccessRules=null cardString=890490320[****] cardId=0 isOpportunistic=false groupUUID=null isGroupDisabled=false profileClass=2 ehplmns=[310260] hplmns=[310260, 310260, 310260] subscriptionType=0 groupOwner=null carrierConfigAccessRules=[cert: 27F96DBAB77B31F6953E4CD2C2DEFE15F5D7C78F073DD7162018EF476B097C34 pkg: null access: 0, cert: 3D1A4BEF6EE7AF7D34D120E7B1AAC0DD245585DE6237CF100F68333AFACFF562 pkg: null access: 0, cert: 92B5F8117FBD9BD5738FF168A4FA12CBE284BE834EDE1A7BB44DD8455BA15920 pkg: null access: 0] areUiccApplicationsEnabled=true}] subInfo=null
02-17 16:23:59.912  2663  3069 D ImsManagerIM [1]: Registration Callback registered.
02-17 16:24:04.940  2663  2699 D ImsManagerIM [1]: Registration Callback registered.
02-17 16:24:09.970  2663  2699 D ImsManagerIM [1]: Registration Callback registered.
02-17 16:24:14.995  2663  2699 D ImsManagerIM [1]: Registration Callback registered.
02-17 16:24:20.023  2663  2699 D ImsManagerIM [1]: Registration Callback registered.
02-17 16:24:25.060  2663  2699 D ImsManagerIM [1]: Registration Callback registered.
02-17 16:24:30.086  2663  3069 D ImsManagerIM [1]: Registration Callback registered.
02-17 16:24:30.874  1061  1061 I GRIL-Q  : qmi_vs_scone_activity_input_req completed 0, 0
02-17 16:24:31.395  2663  3069 D Phone   : isImsCapabilityAvailable, capability=1, regTech=1, isAvailable=false
02-17 16:24:31.416  2663  3069 D SubscriptionController: getSubscriptionProperty Query value = -1
02-17 16:24:31.424  2663  3069 D ImsManagerIM [1]: getWfcMode - setting=1
02-17 16:24:31.446  2663  2699 D SubscriptionController: getSubscriptionProperty Query value = -1
02-17 16:24:31.453  2663  3069 D Phone   : isImsCapabilityAvailable, capability=1, regTech=1, isAvailable=false
02-17 16:24:31.458  2663  2975 D Phone   : isImsCapabilityAvailable, capability=1, regTech=1, isAvailable=false
02-17 16:24:31.471  2663  2975 D SubscriptionController: getSubscriptionProperty Query value = -1
02-17 16:24:31.473  2663  2975 D ImsManagerIM [1]: getWfcMode - setting=1
02-17 16:24:31.499  2663  2699 D SubscriptionController: getSubscriptionProperty Query value = -1
02-17 16:24:31.507  2663  3069 D Phone   : isImsCapabilityAvailable, capability=1, regTech=1, isAvailable=false
02-17 16:24:31.520  2663  3069 D SubscriptionController: getSubscriptionProperty Query value = -1
02-17 16:24:31.523  2663  3069 D ImsManagerIM [1]: getWfcMode - setting=1
02-17 16:24:31.547  2663  2699 D SubscriptionController: getSubscriptionProperty Query value = -1
02-17 16:24:31.553  2663  2699 D Phone   : isImsCapabilityAvailable, capability=1, regTech=1, isAvailable=false
02-17 16:24:31.562  2663  2699 D SubscriptionController: getSubscriptionProperty Query value = -1
02-17 16:24:31.564  2663  2699 D ImsManagerIM [1]: getWfcMode - setting=1
02-17 16:24:31.584  2663  3069 D SubscriptionController: getSubscriptionProperty Query value = -1
02-17 16:24:35.113  2663  2699 D ImsManagerIM [1]: Registration Callback registered.
02-17 16:24:37.254  1061  1061 I GRIL-Q  : qmi_vs_scone_activity_input_req completed 0, 0
02-17 16:24:40.145  2663  2699 D ImsManagerIM [1]: Registration Callback registered.
02-17 16:24:45.180  2663  3069 D ImsManagerIM [1]: Registration Callback registered.
02-17 16:24:50.208  2663  2699 D ImsManagerIM [1]: Registration Callback registered.
02-17 16:24:55.244  2663  3069 D ImsManagerIM [1]: Registration Callback registered.
02-17 16:25:00.274  2663  3069 D ImsManagerIM [1]: Registration Callback registered.
02-17 16:25:05.310  2663  2699 D ImsManagerIM [1]: Registration Callback registered.
02-17 16:25:10.346  2663  2699 D ImsManagerIM [1]: Registration Callback registered.
02-17 16:25:15.380  2663  3069 D ImsManagerIM [1]: Registration Callback registered.
02-17 16:25:18.819  1061  1061 I GRIL-Q  : qmi_vs_scone_activity_input_req completed 0, 0
02-17 16:25:20.403  2663  3069 D ImsManagerIM [1]: Registration Callback registered.
02-17 16:25:25.439  2663  3069 D ImsManagerIM [1]: Registration Callback registered.
02-17 16:25:30.473  2663  3069 D ImsManagerIM [1]: Registration Callback registered.
02-17 16:25:35.497  2663  2699 D ImsManagerIM [1]: Registration Callback registered.
02-17 16:25:40.530  2663  2699 D ImsManagerIM [1]: Registration Callback registered.
02-17 16:25:45.549  2663  2699 D ImsManagerIM [1]: Registration Callback registered.
02-17 16:25:46.001  1061  1061 I GRIL-Q  : qmi_vs_send_device_state_req completed 0, 0
02-17 16:25:50.583  2663  2699 D ImsManagerIM [1]: Registration Callback registered.
02-17 16:25:55.611  2663  2975 D ImsManagerIM [1]: Registration Callback registered.
02-17 16:26:00.645  2663  2975 D ImsManagerIM [1]: Registration Callback registered.
02-17 16:26:05.677  2663  2975 D ImsManagerIM [1]: Registration Callback registered.
02-17 16:26:09.580  1061  1061 I GRIL-Q  : qmi_vs_scone_activity_input_req completed 0, 0
02-17 16:26:10.704  2663  2975 D ImsManagerIM [1]: Registration Callback registered.
02-17 16:26:15.726  2663  2975 D ImsManagerIM [1]: Registration Callback registered.
02-17 16:26:20.753  2663  2699 D ImsManagerIM [1]: Registration Callback registered.
02-17 16:26:25.780  2663  2699 D ImsManagerIM [1]: Registration Callback registered.
02-17 16:26:30.798  2663  2699 D ImsManagerIM [1]: Registration Callback registered.
02-17 16:26:31.928  1061  1061 I GRIL-Q  : qmi_vs_scone_activity_input_req completed 0, 0
02-17 16:26:35.833  2663  2699 D ImsManagerIM [1]: Registration Callback registered.
02-17 16:26:40.859  2663  2699 D ImsManagerIM [1]: Registration Callback registered.
02-17 16:26:45.897  2663  3069 D ImsManagerIM [1]: Registration Callback registered.
02-17 16:26:47.823  2663  2663 D RILJ    : [1579]> GET_CELL_INFO_LIST [PHONE1]
02-17 16:26:47.833  2663  2785 D RILJ    : [1579]< GET_CELL_INFO_LIST [] [PHONE1]
02-17 16:26:47.840  2663  2663 D LocaleTracker-1: processCellInfo: cell info=[]
02-17 16:26:47.840  2663  2663 D LocaleTracker-1: updateLocale: countryIso = , countryIsoDebugInfo = empty as default
02-17 16:26:47.840  2663  2663 D LocaleTracker-1: updateLocale: timeZoneCountryIso = , timeZoneCountryIsoDebugInfo = Defaulted: empty as default
02-17 16:26:47.841  2663  2663 D NewNitzStateMachineImpl: handleCountryUnavailable: mLatestNitzSignal=null
02-17 16:26:47.841  2663  2663 D NewNitzStateMachineImpl: doTimeZoneDetection: countryIsoCode=null, nitzSignal=null, suggestion=TelephonyTimeZoneSuggestion{mSlotIndex=1, mZoneId='null', mMatchType=0, mQuality=0, mDebugInfo=[getTimeZoneSuggestion: nitzSignal=null, countryIsoCode=null, Detection reason=handleCountryUnavailable()]}, reason=handleCountryUnavailable()
02-17 16:26:47.842  2663  2663 D LocaleTracker-1: processCellInfo: cell info=[]
02-17 16:26:47.842  2663  2663 D LocaleTracker-1: updateLocale: countryIso = , countryIsoDebugInfo = empty as default
02-17 16:26:47.842  2663  2663 D LocaleTracker-1: updateLocale: timeZoneCountryIso = , timeZoneCountryIsoDebugInfo = Defaulted: empty as default
02-17 16:26:47.842  2663  2663 D NewNitzStateMachineImpl: handleCountryUnavailable: mLatestNitzSignal=null
02-17 16:26:47.842  2663  2663 D NewNitzStateMachineImpl: doTimeZoneDetection: countryIsoCode=null, nitzSignal=null, suggestion=TelephonyTimeZoneSuggestion{mSlotIndex=1, mZoneId='null', mMatchType=0, mQuality=0, mDebugInfo=[getTimeZoneSuggestion: nitzSignal=null, countryIsoCode=null, Detection reason=handleCountryUnavailable()]}, reason=handleCountryUnavailable()
02-17 16:26:47.842  2663  2663 D LocaleTracker-1: Can't get cell info. Try again in 600 secs.
02-17 16:26:50.933  2663  2699 D ImsManagerIM [1]: Registration Callback registered.
02-17 16:26:55.963  2663  2975 D ImsManagerIM [1]: Registration Callback registered.
02-17 16:26:59.609  1061  1061 I GRIL-Q  : qmi_vs_send_device_state_req completed 0, 0
02-17 16:27:00.985  2663  3069 D ImsManagerIM [1]: Registration Callback registered.
02-17 16:27:06.014  2663  2975 D ImsManagerIM [1]: Registration Callback registered.
02-17 16:27:11.038  2663  3069 D ImsManagerIM [1]: Registration Callback registered.
02-17 16:27:16.065  2663  3069 D ImsManagerIM [1]: Registration Callback registered.
02-17 16:27:21.100  2663  3069 D ImsManagerIM [1]: Registration Callback registered.
02-17 16:27:26.122  2663  2975 D ImsManagerIM [1]: Registration Callback registered.
02-17 16:27:31.150  2663  3069 D ImsManagerIM [1]: Registration Callback registered.
02-17 16:27:36.194  2663  3069 D ImsManagerIM [1]: Registration Callback registered.
02-17 16:27:41.214  2663  3069 D ImsManagerIM [1]: Registration Callback registered.
02-17 16:27:43.667  1061  1061 I GRIL-Q  : qmi_vs_send_device_state_req completed 0, 0
02-17 16:27:46.233  2663  3069 D ImsManagerIM [1]: Registration Callback registered.
02-17 16:27:51.247  2663  3069 D ImsManagerIM [1]: Registration Callback registered.
02-17 16:27:52.187  1061  1061 I GRIL-Q  : qmi_vs_scone_activity_input_req completed 0, 0
02-17 16:27:56.273  2663  2975 D ImsManagerIM [1]: Registration Callback registered.
02-17 16:27:58.605  1061  1061 I GRIL-Q  : qmi_vs_send_device_state_req completed 0, 0
02-17 16:28:01.303  2663  3069 D ImsManagerIM [1]: Registration Callback registered.
02-17 16:28:06.324  2663  2975 D ImsManagerIM [1]: Registration Callback registered.
02-17 16:28:11.352  2663  3069 D ImsManagerIM [1]: Registration Callback registered.
02-17 16:28:16.369  2663  2975 D ImsManagerIM [1]: Registration Callback registered.
02-17 16:28:21.407  2663  2975 D ImsManagerIM [1]: Registration Callback registered.
02-17 16:28:26.434  2663  3069 D ImsManagerIM [1]: Registration Callback registered.
02-17 16:28:31.447  2663  2974 D ImsManagerIM [1]: Registration Callback registered.
02-17 16:28:36.465  2663  3002 D ImsManagerIM [1]: Registration Callback registered.
02-17 16:29:22.666  2663  3002 D ImsManagerIM [1]: Registration Callback registered.
02-17 16:29:42.545  2663  2976 D ImsManagerIM [1]: Registration Callback registered.
02-17 16:31:17.945  2663  2976 D ImsManagerIM [1]: Registration Callback registered.
02-17 16:31:18.040  2663  2663 D TelephonyNetworkFactory[1]: got request NetworkRequest [ REQUEST id=1, [ Capabilities: INTERNET&NOT_RESTRICTED&TRUSTED&NOT_VPN&NOT_VCN_MANAGED RequestorUid: 1000 RequestorPkg: android UnderlyingNetworks: Null] ]
02-17 16:31:18.040  2663  2663 D TelephonyNetworkFactory[1]: onNeedNetworkFor NetworkRequest [ REQUEST id=1, [ Capabilities: INTERNET&NOT_RESTRICTED&TRUSTED&NOT_VPN&NOT_VCN_MANAGED RequestorUid: 1000 RequestorPkg: android UnderlyingNetworks: Null] ] shouldApply true
02-17 16:31:18.040  2663  2663 D DCT-C-1 : onEnableApn: apnType=default, request type=NORMAL
02-17 16:31:18.045  2663  2663 D DCT-C-1 : shouldRestrictDataForEcbm: isInEcm=false isInImsEcm=false
02-17 16:31:18.048  2663  2663 D DCT-C-1 : trySetupData for APN type default, reason: dataEnabled, requestType=NORMAL. Data disallowed reasons: NOT_ATTACHED
02-17 16:31:18.048  2663  2663 D DCT-C-1 : trySetupData failed. apnContext = [type=default, mState=IDLE, apnEnabled=true, mDependencyMet=true] 
02-17 16:31:18.048  2663  2663 D TelephonyNetworkFactory[0]: got request NetworkRequest [ REQUEST id=1, [ Capabilities: INTERNET&NOT_RESTRICTED&TRUSTED&NOT_VPN&NOT_VCN_MANAGED RequestorUid: 1000 RequestorPkg: android UnderlyingNetworks: Null] ]
02-17 16:31:18.048  2663  2663 D TelephonyNetworkFactory[1]: got request NetworkRequest [ REQUEST id=7, [ Capabilities: INTERNET&NOT_RESTRICTED&TRUSTED&NOT_VCN_MANAGED Uid: 1000 RequestorUid: 1000 RequestorPkg: android UnderlyingNetworks: Null] ]
02-17 16:31:18.048  2663  2663 D TelephonyNetworkFactory[1]: got request NetworkRequest [ REQUEST id=15, [ Capabilities: INTERNET&NOT_RESTRICTED&TRUSTED&NOT_VCN_MANAGED Uid: 10272 RequestorUid: 1000 RequestorPkg: android UnderlyingNetworks: Null] ]
02-17 16:31:18.048  2663  2663 D TelephonyNetworkFactory[1]: got request NetworkRequest [ REQUEST id=17, [ Capabilities: INTERNET&NOT_RESTRICTED&TRUSTED&NOT_VCN_MANAGED Uid: 10202 RequestorUid: 1000 RequestorPkg: android UnderlyingNetworks: Null] ]
02-17 16:31:18.048  2663  2663 D TelephonyNetworkFactory[1]: got request NetworkRequest [ REQUEST id=19, [ Capabilities: INTERNET&NOT_RESTRICTED&TRUSTED&NOT_VCN_MANAGED Uid: 10201 RequestorUid: 1000 RequestorPkg: android UnderlyingNetworks: Null] ]
02-17 16:31:18.048  2663  2663 D TelephonyNetworkFactory[1]: got request NetworkRequest [ REQUEST id=21, [ Capabilities: INTERNET&NOT_RESTRICTED&TRUSTED&NOT_VCN_MANAGED Uid: 10200 RequestorUid: 1000 RequestorPkg: android UnderlyingNetworks: Null] ]
02-17 16:31:18.049  2663  2663 D TelephonyNetworkFactory[1]: got request NetworkRequest [ REQUEST id=23, [ Capabilities: INTERNET&NOT_RESTRICTED&TRUSTED&NOT_VCN_MANAGED Uid: 10196 RequestorUid: 1000 RequestorPkg: android UnderlyingNetworks: Null] ]
02-17 16:31:18.049  2663  2663 D TelephonyNetworkFactory[1]: got request NetworkRequest [ REQUEST id=25, [ Capabilities: INTERNET&NOT_RESTRICTED&TRUSTED&NOT_VCN_MANAGED Uid: 10187 RequestorUid: 1000 RequestorPkg: android UnderlyingNetworks: Null] ]
02-17 16:31:18.049  2663  2663 D TelephonyNetworkFactory[1]: got request NetworkRequest [ REQUEST id=27, [ Capabilities: INTERNET&NOT_RESTRICTED&TRUSTED&NOT_VCN_MANAGED Uid: 10186 RequestorUid: 1000 RequestorPkg: android UnderlyingNetworks: Null] ]
02-17 16:31:18.049  2663  2663 D TelephonyNetworkFactory[1]: got request NetworkRequest [ REQUEST id=29, [ Capabilities: INTERNET&NOT_RESTRICTED&TRUSTED&NOT_VCN_MANAGED Uid: 10173 RequestorUid: 1000 RequestorPkg: android UnderlyingNetworks: Null] ]
02-17 16:31:18.050  2663  2663 D TelephonyNetworkFactory[1]: got request NetworkRequest [ REQUEST id=31, [ Capabilities: INTERNET&NOT_RESTRICTED&TRUSTED&NOT_VCN_MANAGED Uid: 10172 RequestorUid: 1000 RequestorPkg: android UnderlyingNetworks: Null] ]
02-17 16:31:18.050  2663  2663 D TelephonyNetworkFactory[1]: got request NetworkRequest [ REQUEST id=33, [ Capabilities: INTERNET&NOT_RESTRICTED&TRUSTED&NOT_VCN_MANAGED Uid: 10167 RequestorUid: 1000 RequestorPkg: android UnderlyingNetworks: Null] ]
02-17 16:31:18.050  2663  2663 D TelephonyNetworkFactory[1]: got request NetworkRequest [ REQUEST id=35, [ Capabilities: INTERNET&NOT_RESTRICTED&TRUSTED&NOT_VCN_MANAGED Uid: 10137 RequestorUid: 1000 RequestorPkg: android UnderlyingNetworks: Null] ]
02-17 16:31:18.050  2663  2663 D TelephonyNetworkFactory[1]: got request NetworkRequest [ REQUEST id=37, [ Capabilities: INTERNET&NOT_RESTRICTED&TRUSTED&NOT_VCN_MANAGED Uid: 10129 RequestorUid: 1000 RequestorPkg: android UnderlyingNetworks: Null] ]
02-17 16:31:18.050  2663  2663 D TelephonyNetworkFactory[1]: got request NetworkRequest [ REQUEST id=39, [ Capabilities: INTERNET&NOT_RESTRICTED&TRUSTED&NOT_VCN_MANAGED Uid: 10121 RequestorUid: 1000 RequestorPkg: android UnderlyingNetworks: Null] ]
02-17 16:31:18.050  2663  2663 D TelephonyNetworkFactory[1]: got request NetworkRequest [ REQUEST id=41, [ Capabilities: INTERNET&NOT_RESTRICTED&TRUSTED&NOT_VCN_MANAGED Uid: 10113 RequestorUid: 1000 RequestorPkg: android UnderlyingNetworks: Null] ]
02-17 16:31:18.050  2663  2663 D TelephonyNetworkFactory[1]: got request NetworkRequest [ REQUEST id=43, [ Capabilities: INTERNET&NOT_RESTRICTED&TRUSTED&NOT_VCN_MANAGED Uid: 10112 RequestorUid: 1000 RequestorPkg: android UnderlyingNetworks: Null] ]
02-17 16:31:18.050  2663  2663 D TelephonyNetworkFactory[1]: got request NetworkRequest [ REQUEST id=45, [ Capabilities: INTERNET&NOT_RESTRICTED&TRUSTED&NOT_VCN_MANAGED Uid: 10035 RequestorUid: 1000 RequestorPkg: android UnderlyingNetworks: Null] ]
02-17 16:31:18.050  2663  2663 D TelephonyNetworkFactory[1]: got request NetworkRequest [ REQUEST id=47, [ Capabilities: INTERNET&NOT_RESTRICTED&TRUSTED&NOT_VCN_MANAGED Uid: 10034 RequestorUid: 1000 RequestorPkg: android UnderlyingNetworks: Null] ]
02-17 16:31:18.050  2663  2663 D TelephonyNetworkFactory[1]: got request NetworkRequest [ REQUEST id=49, [ Capabilities: INTERNET&NOT_RESTRICTED&TRUSTED&NOT_VCN_MANAGED Uid: 10033 RequestorUid: 1000 RequestorPkg: android UnderlyingNetworks: Null] ]
02-17 16:31:18.050  2663  2663 D TelephonyNetworkFactory[1]: got request NetworkRequest [ REQUEST id=51, [ Capabilities: INTERNET&NOT_RESTRICTED&TRUSTED&NOT_VCN_MANAGED Uid: 10030 RequestorUid: 1000 RequestorPkg: android UnderlyingNetworks: Null] ]
02-17 16:31:18.050  2663  2663 D TelephonyNetworkFactory[1]: got request NetworkRequest [ REQUEST id=53, [ Capabilities: INTERNET&NOT_RESTRICTED&TRUSTED&NOT_VCN_MANAGED Uid: 10026 RequestorUid: 1000 RequestorPkg: android UnderlyingNetworks: Null] ]
02-17 16:31:18.050  2663  2663 D TelephonyNetworkFactory[1]: got request NetworkRequest [ REQUEST id=55, [ Capabilities: INTERNET&NOT_RESTRICTED&TRUSTED&NOT_VCN_MANAGED Uid: 10022 RequestorUid: 1000 RequestorPkg: android UnderlyingNetworks: Null] ]
02-17 16:31:18.050  2663  2663 D TelephonyNetworkFactory[1]: got request NetworkRequest [ REQUEST id=57, [ Capabilities: INTERNET&NOT_RESTRICTED&TRUSTED&NOT_VCN_MANAGED Uid: 10145 RequestorUid: 1000 RequestorPkg: android UnderlyingNetworks: Null] ]
02-17 16:31:18.050  2663  2663 D TelephonyNetworkFactory[1]: got request NetworkRequest [ REQUEST id=59, [ Capabilities: INTERNET&NOT_RESTRICTED&TRUSTED&NOT_VCN_MANAGED Uid: 10019 RequestorUid: 1000 RequestorPkg: android UnderlyingNetworks: Null] ]
02-17 16:31:18.050  2663  2663 D TelephonyNetworkFactory[1]: got request NetworkRequest [ REQUEST id=61, [ Capabilities: INTERNET&NOT_RESTRICTED&TRUSTED&NOT_VCN_MANAGED Uid: 1000 RequestorUid: 1000 RequestorPkg: android UnderlyingNetworks: Null] ]
02-17 16:31:18.050  2663  2663 D TelephonyNetworkFactory[1]: got request NetworkRequest [ REQUEST id=63, [ Capabilities: INTERNET&NOT_RESTRICTED&TRUSTED&NOT_VCN_MANAGED Uid: 1073 RequestorUid: 1073 RequestorPkg: com.google.android.networkstack UnderlyingNetworks: Null] ]
02-17 16:31:18.050  2663  2663 D TelephonyNetworkFactory[1]: got request NetworkRequest [ REQUEST id=68, [ Capabilities: INTERNET&NOT_RESTRICTED&TRUSTED&NOT_VCN_MANAGED Uid: 10157 RequestorUid: 10157 RequestorPkg: com.android.systemui UnderlyingNetworks: Null] ]
02-17 16:31:18.050  2663  2663 D TelephonyNetworkFactory[1]: got request NetworkRequest [ REQUEST id=70, [ Capabilities: INTERNET&NOT_RESTRICTED&TRUSTED&NOT_VCN_MANAGED Uid: 10157 RequestorUid: 10157 RequestorPkg: com.android.systemui UnderlyingNetworks: Null] ]
02-17 16:31:18.051  2663  2663 D TelephonyNetworkFactory[1]: got request NetworkRequest [ REQUEST id=74, [ Capabilities: INTERNET&NOT_RESTRICTED&TRUSTED&NOT_VCN_MANAGED Uid: 1001 RequestorUid: 1001 RequestorPkg: com.android.phone UnderlyingNetworks: Null] ]
02-17 16:31:18.051  2663  2663 D TelephonyNetworkFactory[1]: got request NetworkRequest [ REQUEST id=77, [ Capabilities: INTERNET&NOT_RESTRICTED&TRUSTED&NOT_VCN_MANAGED Uid: 1001 RequestorUid: 1001 RequestorPkg: com.android.phone UnderlyingNetworks: Null] ]
02-17 16:31:18.051  2663  2663 D TelephonyNetworkFactory[1]: got request NetworkRequest [ REQUEST id=82, [ Capabilities: INTERNET&NOT_RESTRICTED&TRUSTED&NOT_VCN_MANAGED Uid: 10130 RequestorUid: 10130 RequestorPkg: com.google.android.apps.scone UnderlyingNetworks: Null] ]
02-17 16:31:18.051  2663  2663 D TelephonyNetworkFactory[1]: got request NetworkRequest [ REQUEST id=84, [ Capabilities: INTERNET&NOT_RESTRICTED&TRUSTED&NOT_VCN_MANAGED Uid: 10263 RequestorUid: 10263 RequestorPkg: com.qualcomm.qti.cne UnderlyingNetworks: Null] ]
02-17 16:31:18.051  2663  2663 D TelephonyNetworkFactory[1]: got request NetworkRequest [ REQUEST id=89, [ Capabilities: INTERNET&NOT_RESTRICTED&TRUSTED&NOT_VCN_MANAGED Uid: 1000 RequestorUid: 1000 RequestorPkg: android UnderlyingNetworks: Null] ]
02-17 16:31:18.051  2663  2663 D TelephonyNetworkFactory[1]: got request NetworkRequest [ REQUEST id=98, [ Capabilities: INTERNET&NOT_RESTRICTED&TRUSTED&NOT_VCN_MANAGED Uid: 10202 RequestorUid: 10202 RequestorPkg: com.google.android.inputmethod.latin UnderlyingNetworks: Null] ]
02-17 16:31:18.051  2663  2663 D TelephonyNetworkFactory[1]: got request NetworkRequest [ REQUEST id=103, [ Capabilities: INTERNET&NOT_RESTRICTED&TRUSTED&NOT_VCN_MANAGED Uid: 10150 RequestorUid: 1000 RequestorPkg: android UnderlyingNetworks: Null] ]
02-17 16:31:18.051  2663  2663 D TelephonyNetworkFactory[1]: got request NetworkRequest [ REQUEST id=107, [ Capabilities: INTERNET&NOT_RESTRICTED&TRUSTED&NOT_VCN_MANAGED Uid: 10126 RequestorUid: 1000 RequestorPkg: android UnderlyingNetworks: Null] ]
02-17 16:31:18.051  2663  2663 D TelephonyNetworkFactory[1]: got request NetworkRequest [ REQUEST id=114, [ Capabilities: INTERNET&NOT_RESTRICTED&TRUSTED&NOT_VCN_MANAGED Uid: 10270 RequestorUid: 1000 RequestorPkg: android UnderlyingNetworks: Null] ]
02-17 16:31:18.051  2663  2663 D TelephonyNetworkFactory[1]: got request NetworkRequest [ REQUEST id=119, [ Capabilities: INTERNET&NOT_RESTRICTED&TRUSTED&NOT_VCN_MANAGED Uid: 10071 RequestorUid: 1000 RequestorPkg: android UnderlyingNetworks: Null] ]
02-17 16:31:18.051  2663  2663 D TelephonyNetworkFactory[1]: got request NetworkRequest [ REQUEST id=126, [ Capabilities: INTERNET&NOT_RESTRICTED&TRUSTED&NOT_VCN_MANAGED Uid: 10106 RequestorUid: 1000 RequestorPkg: android UnderlyingNetworks: Null] ]
02-17 16:31:18.051  2663  2663 D TelephonyNetworkFactory[1]: got request NetworkRequest [ REQUEST id=136, [ Capabilities: INTERNET&NOT_RESTRICTED&TRUSTED&NOT_VCN_MANAGED Uid: 10178 RequestorUid: 1000 RequestorPkg: android UnderlyingNetworks: Null] ]
02-17 16:31:18.051  2663  2663 D TelephonyNetworkFactory[0]: got request NetworkRequest [ REQUEST id=7, [ Capabilities: INTERNET&NOT_RESTRICTED&TRUSTED&NOT_VCN_MANAGED Uid: 1000 RequestorUid: 1000 RequestorPkg: android UnderlyingNetworks: Null] ]
02-17 16:31:18.051  2663  2663 D TelephonyNetworkFactory[1]: got request NetworkRequest [ REQUEST id=146, [ Capabilities: INTERNET&NOT_RESTRICTED&TRUSTED&NOT_VCN_MANAGED Uid: 10234 RequestorUid: 1000 RequestorPkg: android UnderlyingNetworks: Null] ]
02-17 16:31:18.051  2663  2663 D TelephonyNetworkFactory[1]: got request NetworkRequest [ REQUEST id=158, [ Capabilities: INTERNET&NOT_RESTRICTED&TRUSTED&NOT_VCN_MANAGED Uid: 10149 RequestorUid: 1000 RequestorPkg: android UnderlyingNetworks: Null] ]
02-17 16:31:18.051  2663  2663 D TelephonyNetworkFactory[0]: got request NetworkRequest [ REQUEST id=15, [ Capabilities: INTERNET&NOT_RESTRICTED&TRUSTED&NOT_VCN_MANAGED Uid: 10272 RequestorUid: 1000 RequestorPkg: android UnderlyingNetworks: Null] ]
02-17 16:31:18.051  2663  2663 D TelephonyNetworkFactory[1]: got request NetworkRequest [ REQUEST id=160, [ Capabilities: INTERNET&NOT_RESTRICTED&TRUSTED&NOT_VCN_MANAGED Uid: 10190 RequestorUid: 1000 RequestorPkg: android UnderlyingNetworks: Null] ]
02-17 16:31:18.051  2663  2663 D TelephonyNetworkFactory[0]: got request NetworkRequest [ REQUEST id=17, [ Capabilities: INTERNET&NOT_RESTRICTED&TRUSTED&NOT_VCN_MANAGED Uid: 10202 RequestorUid: 1000 RequestorPkg: android UnderlyingNetworks: Null] ]
02-17 16:31:18.051  2663  2663 D TelephonyNetworkFactory[1]: got request NetworkRequest [ REQUEST id=170, [ Capabilities: INTERNET&NOT_RESTRICTED&TRUSTED&NOT_VCN_MANAGED Uid: 10194 RequestorUid: 1000 RequestorPkg: android UnderlyingNetworks: Null] ]
02-17 16:31:18.051  2663  2663 D TelephonyNetworkFactory[0]: got request NetworkRequest [ REQUEST id=19, [ Capabilities: INTERNET&NOT_RESTRICTED&TRUSTED&NOT_VCN_MANAGED Uid: 10201 RequestorUid: 1000 RequestorPkg: android UnderlyingNetworks: Null] ]
02-17 16:31:18.051  2663  2663 D TelephonyNetworkFactory[1]: got request NetworkRequest [ REQUEST id=178, [ Capabilities: INTERNET&NOT_RESTRICTED&TRUSTED&NOT_VCN_MANAGED Uid: 10131 RequestorUid: 1000 RequestorPkg: android UnderlyingNetworks: Null] ]
02-17 16:31:18.051  2663  2663 D TelephonyNetworkFactory[0]: got request NetworkRequest [ REQUEST id=21, [ Capabilities: INTERNET&NOT_RESTRICTED&TRUSTED&NOT_VCN_MANAGED Uid: 10200 RequestorUid: 1000 RequestorPkg: android UnderlyingNetworks: Null] ]
02-17 16:31:18.051  2663  2663 D TelephonyNetworkFactory[1]: got request NetworkRequest [ REQUEST id=180, [ Capabilities: INTERNET&NOT_RESTRICTED&TRUSTED&NOT_VCN_MANAGED Uid: 10176 RequestorUid: 1000 RequestorPkg: android UnderlyingNetworks: Null] ]
02-17 16:31:18.051  2663  2663 D TelephonyNetworkFactory[0]: got request NetworkRequest [ REQUEST id=23, [ Capabilities: INTERNET&NOT_RESTRICTED&TRUSTED&NOT_VCN_MANAGED Uid: 10196 RequestorUid: 1000 RequestorPkg: android UnderlyingNetworks: Null] ]
02-17 16:31:18.052  2663  2663 D TelephonyNetworkFactory[1]: got request NetworkRequest [ REQUEST id=185, [ Capabilities: INTERNET&NOT_RESTRICTED&TRUSTED&NOT_VCN_MANAGED Uid: 10268 RequestorUid: 1000 RequestorPkg: android UnderlyingNetworks: Null] ]
02-17 16:31:18.052  2663  2663 D TelephonyNetworkFactory[0]: got request NetworkRequest [ REQUEST id=25, [ Capabilities: INTERNET&NOT_RESTRICTED&TRUSTED&NOT_VCN_MANAGED Uid: 10187 RequestorUid: 1000 RequestorPkg: android UnderlyingNetworks: Null] ]
02-17 16:31:18.052  2663  2663 D TelephonyNetworkFactory[1]: got request NetworkRequest [ REQUEST id=191, [ Capabilities: INTERNET&NOT_RESTRICTED&TRUSTED&NOT_VCN_MANAGED Uid: 10165 RequestorUid: 1000 RequestorPkg: android UnderlyingNetworks: Null] ]
02-17 16:31:18.052  2663  2663 D TelephonyNetworkFactory[0]: got request NetworkRequest [ REQUEST id=27, [ Capabilities: INTERNET&NOT_RESTRICTED&TRUSTED&NOT_VCN_MANAGED Uid: 10186 RequestorUid: 1000 RequestorPkg: android UnderlyingNetworks: Null] ]
02-17 16:31:18.052  2663  2663 D TelephonyNetworkFactory[1]: got request NetworkRequest [ REQUEST id=195, [ Capabilities: INTERNET&NOT_RESTRICTED&TRUSTED&NOT_VCN_MANAGED Uid: 10146 RequestorUid: 1000 RequestorPkg: android UnderlyingNetworks: Null] ]
02-17 16:31:18.052  2663  2663 D TelephonyNetworkFactory[0]: got request NetworkRequest [ REQUEST id=29, [ Capabilities: INTERNET&NOT_RESTRICTED&TRUSTED&NOT_VCN_MANAGED Uid: 10173 RequestorUid: 1000 RequestorPkg: android UnderlyingNetworks: Null] ]
02-17 16:31:18.052  2663  2663 D TelephonyNetworkFactory[1]: got request NetworkRequest [ REQUEST id=206, [ Capabilities: INTERNET&NOT_RESTRICTED&TRUSTED&NOT_VCN_MANAGED Uid: 10189 RequestorUid: 1000 RequestorPkg: android UnderlyingNetworks: Null] ]
02-17 16:31:18.052  2663  2663 D TelephonyNetworkFactory[0]: got request NetworkRequest [ REQUEST id=31, [ Capabilities: INTERNET&NOT_RESTRICTED&TRUSTED&NOT_VCN_MANAGED Uid: 10172 RequestorUid: 1000 RequestorPkg: android UnderlyingNetworks: Null] ]
02-17 16:31:18.052  2663  2663 D TelephonyNetworkFactory[1]: got request NetworkRequest [ REQUEST id=213, [ Capabilities: INTERNET&NOT_RESTRICTED&TRUSTED&NOT_VCN_MANAGED Uid: 10205 RequestorUid: 1000 RequestorPkg: android UnderlyingNetworks: Null] ]
02-17 16:31:18.052  2663  2663 D TelephonyNetworkFactory[0]: got request NetworkRequest [ REQUEST id=33, [ Capabilities: INTERNET&NOT_RESTRICTED&TRUSTED&NOT_VCN_MANAGED Uid: 10167 RequestorUid: 1000 RequestorPkg: android UnderlyingNetworks: Null] ]
