02-21 07:36:19.442  2663  2663 D DCT-C-1 : onEnableApn: apnType=default, request type=NORMAL
02-21 07:36:19.443  2663  2663 D DCT-C-1 : shouldRestrictDataForEcbm: isInEcm=false isInImsEcm=false
02-21 07:36:19.444  2663  2663 D DCT-C-1 : trySetupData for APN type default, reason: dataEnabled, requestType=NORMAL. Data disallowed reasons: NOT_ATTACHED
02-21 07:36:19.444  2663  2663 D DCT-C-1 : trySetupData failed. apnContext = [type=default, mState=IDLE, apnEnabled=true, mDependencyMet=true] 
02-21 07:36:19.444  2663  2663 D DCT-C-1 : onEnableApn: apnType=default, request type=NORMAL
02-21 07:36:19.445  2663  2663 D DCT-C-1 : shouldRestrictDataForEcbm: isInEcm=false isInImsEcm=false
02-21 07:36:19.446  2663  2663 D DCT-C-1 : trySetupData for APN type default, reason: dataEnabled, requestType=NORMAL. Data disallowed reasons: NOT_ATTACHED
02-21 07:36:19.446  2663  2663 D DCT-C-1 : trySetupData failed. apnContext = [type=default, mState=IDLE, apnEnabled=true, mDependencyMet=true] 
02-21 07:36:19.446  2663  2663 D DCT-C-1 : onEnableApn: apnType=default, request type=NORMAL
02-21 07:36:19.447  2663  2663 D DCT-C-1 : shouldRestrictDataForEcbm: isInEcm=false isInImsEcm=false
02-21 07:36:19.448  2663  2663 D DCT-C-1 : trySetupData for APN type default, reason: dataEnabled, requestType=NORMAL. Data disallowed reasons: NOT_ATTACHED
02-21 07:36:19.448  2663  2663 D DCT-C-1 : trySetupData failed. apnContext = [type=default, mState=IDLE, apnEnabled=true, mDependencyMet=true] 
02-21 07:36:19.448  2663  2663 D DCT-C-1 : onEnableApn: apnType=default, request type=NORMAL
02-21 07:36:19.449  2663  2663 D DCT-C-1 : shouldRestrictDataForEcbm: isInEcm=false isInImsEcm=false
02-21 07:36:19.450  2663  2663 D DCT-C-1 : trySetupData for APN type default, reason: dataEnabled, requestType=NORMAL. Data disallowed reasons: NOT_ATTACHED
02-21 07:36:19.450  2663  2663 D DCT-C-1 : trySetupData failed. apnContext = [type=default, mState=IDLE, apnEnabled=true, mDependencyMet=true] 
02-21 07:36:19.450  2663  2663 D DCT-C-1 : onEnableApn: apnType=default, request type=NORMAL
02-21 07:36:19.452  2663  2663 D DCT-C-1 : shouldRestrictDataForEcbm: isInEcm=false isInImsEcm=false
02-21 07:36:19.453  2663  2663 D DCT-C-1 : trySetupData for APN type default, reason: dataEnabled, requestType=NORMAL. Data disallowed reasons: NOT_ATTACHED
02-21 07:36:19.453  2663  2663 D DCT-C-1 : trySetupData failed. apnContext = [type=default, mState=IDLE, apnEnabled=true, mDependencyMet=true] 
02-21 07:36:19.453  2663  2663 D DCT-C-1 : onEnableApn: apnType=default, request type=NORMAL
02-21 07:36:19.454  2663  2663 D DCT-C-1 : shouldRestrictDataForEcbm: isInEcm=false isInImsEcm=false
02-21 07:36:19.455  2663  2663 D DCT-C-1 : trySetupData for APN type default, reason: dataEnabled, requestType=NORMAL. Data disallowed reasons: NOT_ATTACHED
02-21 07:36:19.455  2663  2663 D DCT-C-1 : trySetupData failed. apnContext = [type=default, mState=IDLE, apnEnabled=true, mDependencyMet=true] 
02-21 07:36:19.455  2663  2663 D DCT-C-1 : onEnableApn: apnType=default, request type=NORMAL
02-21 07:36:19.456  2663  2663 D DCT-C-1 : shouldRestrictDataForEcbm: isInEcm=false isInImsEcm=false
02-21 07:36:19.457  2663  2663 D DCT-C-1 : trySetupData for APN type default, reason: dataEnabled, requestType=NORMAL. Data disallowed reasons: NOT_ATTACHED
02-21 07:36:19.457  2663  2663 D DCT-C-1 : trySetupData failed. apnContext = [type=default, mState=IDLE, apnEnabled=true, mDependencyMet=true] 
02-21 07:36:19.457  2663  2663 D DCT-C-1 : onEnableApn: apnType=default, request type=NORMAL
02-21 07:36:19.458  2663  2663 D DCT-C-1 : shouldRestrictDataForEcbm: isInEcm=false isInImsEcm=false
02-21 07:36:19.459  2663  2663 D DCT-C-1 : trySetupData for APN type default, reason: dataEnabled, requestType=NORMAL. Data disallowed reasons: NOT_ATTACHED
02-21 07:36:19.459  2663  2663 D DCT-C-1 : trySetupData failed. apnContext = [type=default, mState=IDLE, apnEnabled=true, mDependencyMet=true] 
02-21 07:36:19.459  2663  2663 D DCT-C-1 : onEnableApn: apnType=default, request type=NORMAL
02-21 07:36:19.460  2663  2663 D DCT-C-1 : shouldRestrictDataForEcbm: isInEcm=false isInImsEcm=false
02-21 07:36:19.462  2663  2663 D DCT-C-1 : trySetupData for APN type default, reason: dataEnabled, requestType=NORMAL. Data disallowed reasons: NOT_ATTACHED
02-21 07:36:19.462  2663  2663 D DCT-C-1 : trySetupData failed. apnContext = [type=default, mState=IDLE, apnEnabled=true, mDependencyMet=true] 
02-21 07:36:19.462  2663  2663 D DCT-C-1 : onEnableApn: apnType=default, request type=NORMAL
02-21 07:36:19.462  2663  2663 D DCT-C-1 : shouldRestrictDataForEcbm: isInEcm=false isInImsEcm=false
02-21 07:36:19.463  2663  2663 D DCT-C-1 : trySetupData for APN type default, reason: dataEnabled, requestType=NORMAL. Data disallowed reasons: NOT_ATTACHED
02-21 07:36:19.464  2663  2663 D DCT-C-1 : trySetupData failed. apnContext = [type=default, mState=IDLE, apnEnabled=true, mDependencyMet=true] 
02-21 07:36:19.464  2663  2663 D DCT-C-1 : onEnableApn: apnType=default, request type=NORMAL
02-21 07:36:19.464  2663  2663 D DCT-C-1 : shouldRestrictDataForEcbm: isInEcm=false isInImsEcm=false
02-21 07:36:19.465  2663  2663 D DCT-C-1 : trySetupData for APN type default, reason: dataEnabled, requestType=NORMAL. Data disallowed reasons: NOT_ATTACHED
02-21 07:36:19.466  2663  2663 D DCT-C-1 : trySetupData failed. apnContext = [type=default, mState=IDLE, apnEnabled=true, mDependencyMet=true] 
02-21 07:36:19.466  2663  2663 D DCT-C-1 : onEnableApn: apnType=default, request type=NORMAL
02-21 07:36:19.466  2663  2663 D DCT-C-1 : shouldRestrictDataForEcbm: isInEcm=false isInImsEcm=false
02-21 07:36:19.467  2663  2663 D DCT-C-1 : trySetupData for APN type default, reason: dataEnabled, requestType=NORMAL. Data disallowed reasons: NOT_ATTACHED
02-21 07:36:19.468  2663  2663 D DCT-C-1 : trySetupData failed. apnContext = [type=default, mState=IDLE, apnEnabled=true, mDependencyMet=true] 
02-21 07:36:19.468  2663  2663 D DCT-C-1 : onEnableApn: apnType=default, request type=NORMAL
02-21 07:36:19.468  2663  2663 D DCT-C-1 : shouldRestrictDataForEcbm: isInEcm=false isInImsEcm=false
02-21 07:36:19.469  2663  2663 D DCT-C-1 : trySetupData for APN type default, reason: dataEnabled, requestType=NORMAL. Data disallowed reasons: NOT_ATTACHED
02-21 07:36:19.469  2663  2663 D DCT-C-1 : trySetupData failed. apnContext = [type=default, mState=IDLE, apnEnabled=true, mDependencyMet=true] 
02-21 07:36:19.469  2663  2663 D DCT-C-1 : onEnableApn: apnType=default, request type=NORMAL
02-21 07:36:19.470  2663  2663 D DCT-C-1 : shouldRestrictDataForEcbm: isInEcm=false isInImsEcm=false
02-21 07:36:19.471  2663  2663 D DCT-C-1 : trySetupData for APN type default, reason: dataEnabled, requestType=NORMAL. Data disallowed reasons: NOT_ATTACHED
02-21 07:36:19.471  2663  2663 D DCT-C-1 : trySetupData failed. apnContext = [type=default, mState=IDLE, apnEnabled=true, mDependencyMet=true] 
02-21 07:36:19.472  2663  2663 D DCT-C-1 : onEnableApn: apnType=default, request type=NORMAL
02-21 07:36:19.472  2663  2663 D DCT-C-1 : shouldRestrictDataForEcbm: isInEcm=false isInImsEcm=false
02-21 07:36:19.473  2663  2663 D DCT-C-1 : trySetupData for APN type default, reason: dataEnabled, requestType=NORMAL. Data disallowed reasons: NOT_ATTACHED
02-21 07:36:19.473  2663  2663 D DCT-C-1 : trySetupData failed. apnContext = [type=default, mState=IDLE, apnEnabled=true, mDependencyMet=true] 
02-21 07:36:19.473  2663  2663 D DCT-C-1 : onEnableApn: apnType=default, request type=NORMAL
02-21 07:36:19.474  2663  2663 D DCT-C-1 : shouldRestrictDataForEcbm: isInEcm=false isInImsEcm=false
02-21 07:36:19.475  2663  2663 D DCT-C-1 : trySetupData for APN type default, reason: dataEnabled, requestType=NORMAL. Data disallowed reasons: NOT_ATTACHED
02-21 07:36:19.475  2663  2663 D DCT-C-1 : trySetupData failed. apnContext = [type=default, mState=IDLE, apnEnabled=true, mDependencyMet=true] 
02-21 07:36:19.475  2663  2663 D DCT-C-1 : onEnableApn: apnType=default, request type=NORMAL
02-21 07:36:19.476  2663  2663 D DCT-C-1 : shouldRestrictDataForEcbm: isInEcm=false isInImsEcm=false
02-21 07:36:19.477  2663  2663 D DCT-C-1 : trySetupData for APN type default, reason: dataEnabled, requestType=NORMAL. Data disallowed reasons: NOT_ATTACHED
02-21 07:36:19.477  2663  2663 D DCT-C-1 : trySetupData failed. apnContext = [type=default, mState=IDLE, apnEnabled=true, mDependencyMet=true] 
02-21 07:36:19.477  2663  2663 D DCT-C-1 : onEnableApn: apnType=default, request type=NORMAL
02-21 07:36:19.478  2663  2663 D DCT-C-1 : shouldRestrictDataForEcbm: isInEcm=false isInImsEcm=false
02-21 07:36:19.479  2663  2663 D DCT-C-1 : trySetupData for APN type default, reason: dataEnabled, requestType=NORMAL. Data disallowed reasons: NOT_ATTACHED
02-21 07:36:19.479  2663  2663 D DCT-C-1 : trySetupData failed. apnContext = [type=default, mState=IDLE, apnEnabled=true, mDependencyMet=true] 
02-21 07:36:19.479  2663  2663 D DCT-C-1 : onEnableApn: apnType=default, request type=NORMAL
02-21 07:36:19.480  2663  2663 D DCT-C-1 : shouldRestrictDataForEcbm: isInEcm=false isInImsEcm=false
02-21 07:36:19.481  2663  2663 D DCT-C-1 : trySetupData for APN type default, reason: dataEnabled, requestType=NORMAL. Data disallowed reasons: NOT_ATTACHED
02-21 07:36:19.481  2663  2663 D DCT-C-1 : trySetupData failed. apnContext = [type=default, mState=IDLE, apnEnabled=true, mDependencyMet=true] 
02-21 07:36:19.481  2663  2663 D DCT-C-1 : onEnableApn: apnType=default, request type=NORMAL
02-21 07:36:19.482  2663  2663 D DCT-C-1 : shouldRestrictDataForEcbm: isInEcm=false isInImsEcm=false
02-21 07:36:19.483  2663  2663 D DCT-C-1 : trySetupData for APN type default, reason: dataEnabled, requestType=NORMAL. Data disallowed reasons: NOT_ATTACHED
02-21 07:36:19.483  2663  2663 D DCT-C-1 : trySetupData failed. apnContext = [type=default, mState=IDLE, apnEnabled=true, mDependencyMet=true] 
02-21 07:36:19.483  2663  2663 D DCT-C-1 : onEnableApn: apnType=default, request type=NORMAL
02-21 07:36:19.484  2663  2663 D DCT-C-1 : shouldRestrictDataForEcbm: isInEcm=false isInImsEcm=false
02-21 07:36:19.485  2663  2663 D DCT-C-1 : trySetupData for APN type default, reason: dataEnabled, requestType=NORMAL. Data disallowed reasons: NOT_ATTACHED
02-21 07:36:19.485  2663  2663 D DCT-C-1 : trySetupData failed. apnContext = [type=default, mState=IDLE, apnEnabled=true, mDependencyMet=true] 
02-21 07:36:19.485  2663  2663 D DCT-C-1 : onEnableApn: apnType=default, request type=NORMAL
02-21 07:36:19.486  2663  2663 D DCT-C-1 : shouldRestrictDataForEcbm: isInEcm=false isInImsEcm=false
02-21 07:36:19.487  2663  2663 D DCT-C-1 : trySetupData for APN type default, reason: dataEnabled, requestType=NORMAL. Data disallowed reasons: NOT_ATTACHED
02-21 07:36:19.487  2663  2663 D DCT-C-1 : trySetupData failed. apnContext = [type=default, mState=IDLE, apnEnabled=true, mDependencyMet=true] 
02-21 07:36:19.487  2663  2663 D DCT-C-1 : onEnableApn: apnType=default, request type=NORMAL
02-21 07:36:19.488  2663  2663 D DCT-C-1 : shouldRestrictDataForEcbm: isInEcm=false isInImsEcm=false
02-21 07:36:19.489  2663  2663 D DCT-C-1 : trySetupData for APN type default, reason: dataEnabled, requestType=NORMAL. Data disallowed reasons: NOT_ATTACHED
02-21 07:36:19.489  2663  2663 D DCT-C-1 : trySetupData failed. apnContext = [type=default, mState=IDLE, apnEnabled=true, mDependencyMet=true] 
02-21 07:36:19.489  2663  2663 D DCT-C-1 : onEnableApn: apnType=default, request type=NORMAL
02-21 07:36:19.490  2663  2663 D DCT-C-1 : shouldRestrictDataForEcbm: isInEcm=false isInImsEcm=false
02-21 07:36:19.491  2663  2663 D DCT-C-1 : trySetupData for APN type default, reason: dataEnabled, requestType=NORMAL. Data disallowed reasons: NOT_ATTACHED
02-21 07:36:19.491  2663  2663 D DCT-C-1 : trySetupData failed. apnContext = [type=default, mState=IDLE, apnEnabled=true, mDependencyMet=true] 
02-21 07:36:19.491  2663  2663 D DCT-C-1 : onEnableApn: apnType=default, request type=NORMAL
02-21 07:36:19.492  2663  2663 D DCT-C-1 : shouldRestrictDataForEcbm: isInEcm=false isInImsEcm=false
02-21 07:36:19.493  2663  2663 D DCT-C-1 : trySetupData for APN type default, reason: dataEnabled, requestType=NORMAL. Data disallowed reasons: NOT_ATTACHED
02-21 07:36:19.493  2663  2663 D DCT-C-1 : trySetupData failed. apnContext = [type=default, mState=IDLE, apnEnabled=true, mDependencyMet=true] 
02-21 07:36:19.493  2663  2663 D TelephonyNetworkFactory[0]: got request NetworkRequest [ REQUEST id=1938, [ Capabilities: INTERNET&NOT_RESTRICTED&TRUSTED&NOT_VCN_MANAGED Uid: 10178 RequestorUid: 10178 RequestorPkg: com.google.android.apps.messaging UnderlyingNetworks: Null] ]
02-21 07:36:19.493  2663  2663 D TelephonyNetworkFactory[1]: got request NetworkRequest [ REQUEST id=1938, [ Capabilities: INTERNET&NOT_RESTRICTED&TRUSTED&NOT_VCN_MANAGED Uid: 10178 RequestorUid: 10178 RequestorPkg: com.google.android.apps.messaging UnderlyingNetworks: Null] ]
02-21 07:36:19.493  2663  2663 D SubscriptionController: [getSubId]- numSubIds == 0, return null slotIndex=0
02-21 07:36:19.493  2663  2663 D TelephonyNetworkFactory[0]: onNeedNetworkFor NetworkRequest [ REQUEST id=1938, [ Capabilities: INTERNET&NOT_RESTRICTED&TRUSTED&NOT_VCN_MANAGED Uid: 10178 RequestorUid: 10178 RequestorPkg: com.google.android.apps.messaging UnderlyingNetworks: Null] ] shouldApply false
02-21 07:36:19.493  2663  2663 D TelephonyNetworkFactory[1]: onNeedNetworkFor NetworkRequest [ REQUEST id=1938, [ Capabilities: INTERNET&NOT_RESTRICTED&TRUSTED&NOT_VCN_MANAGED Uid: 10178 RequestorUid: 10178 RequestorPkg: com.google.android.apps.messaging UnderlyingNetworks: Null] ] shouldApply true
02-21 07:36:19.493  2663  2663 D DCT-C-1 : onEnableApn: apnType=default, request type=NORMAL
02-21 07:36:19.494  2663  2663 D DCT-C-1 : shouldRestrictDataForEcbm: isInEcm=false isInImsEcm=false
02-21 07:36:19.495  2663  2663 D DCT-C-1 : trySetupData for APN type default, reason: dataEnabled, requestType=NORMAL. Data disallowed reasons: NOT_ATTACHED
02-21 07:36:19.495  2663  2663 D DCT-C-1 : trySetupData failed. apnContext = [type=default, mState=IDLE, apnEnabled=true, mDependencyMet=true] 
02-21 07:36:20.245  2663  2974 D ImsManagerIM [1]: Registration Callback registered.
02-21 07:36:24.295  2663  2663 D TelephonyNetworkFactory[0]: got request NetworkRequest [ REQUEST id=1940, [ Capabilities: INTERNET&NOT_RESTRICTED&TRUSTED&NOT_VCN_MANAGED Uid: 10121 RequestorUid: 10121 RequestorPkg: com.android.vending UnderlyingNetworks: Null] ]
02-21 07:36:24.295  2663  2663 D TelephonyNetworkFactory[1]: got request NetworkRequest [ REQUEST id=1940, [ Capabilities: INTERNET&NOT_RESTRICTED&TRUSTED&NOT_VCN_MANAGED Uid: 10121 RequestorUid: 10121 RequestorPkg: com.android.vending UnderlyingNetworks: Null] ]
02-21 07:36:24.295  2663  2663 D SubscriptionController: [getSubId]- numSubIds == 0, return null slotIndex=0
02-21 07:36:24.296  2663  2663 D TelephonyNetworkFactory[0]: onNeedNetworkFor NetworkRequest [ REQUEST id=1940, [ Capabilities: INTERNET&NOT_RESTRICTED&TRUSTED&NOT_VCN_MANAGED Uid: 10121 RequestorUid: 10121 RequestorPkg: com.android.vending UnderlyingNetworks: Null] ] shouldApply false
02-21 07:36:24.296  2663  2663 D TelephonyNetworkFactory[1]: onNeedNetworkFor NetworkRequest [ REQUEST id=1940, [ Capabilities: INTERNET&NOT_RESTRICTED&TRUSTED&NOT_VCN_MANAGED Uid: 10121 RequestorUid: 10121 RequestorPkg: com.android.vending UnderlyingNetworks: Null] ] shouldApply true
02-21 07:36:24.296  2663  2663 D DCT-C-1 : onEnableApn: apnType=default, request type=NORMAL
02-21 07:36:24.297  2663  2663 D DCT-C-1 : shouldRestrictDataForEcbm: isInEcm=false isInImsEcm=false
02-21 07:36:24.299  2663  2663 D DCT-C-1 : trySetupData for APN type default, reason: dataEnabled, requestType=NORMAL. Data disallowed reasons: NOT_ATTACHED
02-21 07:36:24.299  2663  2663 D DCT-C-1 : trySetupData failed. apnContext = [type=default, mState=IDLE, apnEnabled=true, mDependencyMet=true] 
02-21 07:36:25.267  2663  2953 D ImsManagerIM [1]: Registration Callback registered.
02-21 07:36:26.806  1061  1061 I GRIL-Q  : qmi_vs_scone_activity_input_req completed 0, 0
02-21 07:36:30.292  2663  2974 D ImsManagerIM [1]: Registration Callback registered.
02-21 07:36:35.320  2663  2953 D ImsManagerIM [1]: Registration Callback registered.
02-21 07:36:40.350  2663  2974 D ImsManagerIM [1]: Registration Callback registered.
02-21 07:36:42.797  1061  1061 I GRIL-Q  : qmi_vs_scone_activity_input_req completed 0, 0
02-21 07:36:45.367  2663  2974 D ImsManagerIM [1]: Registration Callback registered.
02-21 07:36:47.236  2663  2663 D TelephonyNetworkFactory[0]: onReleaseNetworkFor NetworkRequest [ REQUEST id=1922, [ Transports: CELLULAR Capabilities: INTERNET&NOT_RESTRICTED&TRUSTED&NOT_VPN&NOT_VCN_MANAGED Uid: 10113 RequestorUid: 10113 RequestorPkg: com.google.android.googlequicksearchbox UnderlyingNetworks: Null] ] applied false
02-21 07:36:47.237  2663  2663 D TelephonyNetworkFactory[1]: onReleaseNetworkFor NetworkRequest [ REQUEST id=1922, [ Transports: CELLULAR Capabilities: INTERNET&NOT_RESTRICTED&TRUSTED&NOT_VPN&NOT_VCN_MANAGED Uid: 10113 RequestorUid: 10113 RequestorPkg: com.google.android.googlequicksearchbox UnderlyingNetworks: Null] ] applied true
02-21 07:36:50.398  2663  2974 D ImsManagerIM [1]: Registration Callback registered.
02-21 07:36:55.428  2663  2953 D ImsManagerIM [1]: Registration Callback registered.
02-21 07:37:00.454  2663  2953 D ImsManagerIM [1]: Registration Callback registered.
02-21 07:37:05.474  2663  2974 D ImsManagerIM [1]: Registration Callback registered.
02-21 07:37:10.499  2663  2953 D ImsManagerIM [1]: Registration Callback registered.
02-21 07:37:15.513  2663  2953 D ImsManagerIM [1]: Registration Callback registered.
02-21 07:37:20.537  2663  2953 D ImsManagerIM [1]: Registration Callback registered.
02-21 07:37:25.571  2663  2974 D ImsManagerIM [1]: Registration Callback registered.
02-21 07:37:30.603  2663  2953 D ImsManagerIM [1]: Registration Callback registered.
02-21 07:37:35.641  2663  2953 D ImsManagerIM [1]: Registration Callback registered.
02-21 07:37:40.677  2663  2974 D ImsManagerIM [1]: Registration Callback registered.
02-21 07:37:45.702  2663  2974 D ImsManagerIM [1]: Registration Callback registered.
02-21 07:37:50.732  2663  2953 D ImsManagerIM [1]: Registration Callback registered.
02-21 07:37:55.767  2663  2974 D ImsManagerIM [1]: Registration Callback registered.
02-21 07:38:00.792  2663  2953 D ImsManagerIM [1]: Registration Callback registered.
02-21 07:38:04.414  2663  2974 D Phone   : isImsCapabilityAvailable, capability=1, regTech=1, isAvailable=false
02-21 07:38:04.436  2663  2974 D SubscriptionController: getSubscriptionProperty Query value = -1
02-21 07:38:04.439  2663  2974 D ImsManagerIM [1]: getWfcMode - setting=1
02-21 07:38:04.463  2663  2953 D SubscriptionController: getSubscriptionProperty Query value = -1
02-21 07:38:04.473  2663  2974 D Phone   : isImsCapabilityAvailable, capability=1, regTech=1, isAvailable=false
02-21 07:38:04.485  2663  2953 D SubscriptionController: getSubscriptionProperty Query value = -1
02-21 07:38:04.487  2663  2953 D ImsManagerIM [1]: getWfcMode - setting=1
02-21 07:38:04.510  2663  2974 D SubscriptionController: getSubscriptionProperty Query value = -1
02-21 07:38:05.819  2663  2953 D ImsManagerIM [1]: Registration Callback registered.
02-21 07:38:10.854  2663  2974 D ImsManagerIM [1]: Registration Callback registered.
02-21 07:38:15.888  2663  2974 D ImsManagerIM [1]: Registration Callback registered.
02-21 07:38:20.920  2663  2974 D ImsManagerIM [1]: Registration Callback registered.
02-21 07:38:25.949  2663  2953 D ImsManagerIM [1]: Registration Callback registered.
02-21 07:38:30.980  2663  2974 D ImsManagerIM [1]: Registration Callback registered.
02-21 07:38:35.994  2663  2974 D ImsManagerIM [1]: Registration Callback registered.
02-21 07:38:41.023  2663  2953 D ImsManagerIM [1]: Registration Callback registered.
02-21 07:38:44.541  1061  1061 I GRIL-Q  : qmi_vs_scone_activity_input_req completed 0, 0
02-21 07:38:46.059  2663  2953 D ImsManagerIM [1]: Registration Callback registered.
02-21 07:38:51.093  2663  2953 D ImsManagerIM [1]: Registration Callback registered.
02-21 07:38:56.128  2663  2953 D ImsManagerIM [1]: Registration Callback registered.
02-21 07:39:01.157  2663  2974 D ImsManagerIM [1]: Registration Callback registered.
02-21 07:39:06.193  2663  2974 D ImsManagerIM [1]: Registration Callback registered.
02-21 07:39:11.222  2663  2953 D ImsManagerIM [1]: Registration Callback registered.
02-21 07:39:16.251  2663  2953 D ImsManagerIM [1]: Registration Callback registered.
02-21 07:39:21.285  2663  2974 D ImsManagerIM [1]: Registration Callback registered.
02-21 07:39:26.316  2663  2974 D ImsManagerIM [1]: Registration Callback registered.
02-21 07:39:31.352  2663  2974 D ImsManagerIM [1]: Registration Callback registered.
02-21 07:39:36.389  2663  2974 D ImsManagerIM [1]: Registration Callback registered.
02-21 07:39:41.420  2663  2974 D ImsManagerIM [1]: Registration Callback registered.
02-21 07:39:45.682  1061  1061 I GRIL-Q  : qmi_vs_send_device_state_req completed 0, 0
02-21 07:39:46.453  2663  2974 D ImsManagerIM [1]: Registration Callback registered.
02-21 07:39:51.487  2663  2974 D ImsManagerIM [1]: Registration Callback registered.
02-21 07:39:56.520  2663  2953 D ImsManagerIM [1]: Registration Callback registered.
02-21 07:40:01.546  2663  2974 D ImsManagerIM [1]: Registration Callback registered.
02-21 07:40:06.576  2663  2953 D ImsManagerIM [1]: Registration Callback registered.
02-21 07:40:11.608  2663  2953 D ImsManagerIM [1]: Registration Callback registered.
02-21 07:40:16.644  2663  2953 D ImsManagerIM [1]: Registration Callback registered.
02-21 07:40:21.676  2663  2974 D ImsManagerIM [1]: Registration Callback registered.
02-21 07:40:26.712  2663  2974 D ImsManagerIM [1]: Registration Callback registered.
02-21 07:40:31.742  2663  2953 D ImsManagerIM [1]: Registration Callback registered.
02-21 07:40:36.775  2663  2953 D ImsManagerIM [1]: Registration Callback registered.
02-21 07:40:41.802  2663  2953 D ImsManagerIM [1]: Registration Callback registered.
02-21 07:40:46.839  2663  2974 D ImsManagerIM [1]: Registration Callback registered.
02-21 07:40:51.873  2663  2953 D ImsManagerIM [1]: Registration Callback registered.
02-21 07:40:56.909  2663  2953 D ImsManagerIM [1]: Registration Callback registered.
02-21 07:41:01.945  2663  2974 D ImsManagerIM [1]: Registration Callback registered.
02-21 07:41:06.983  2663  2953 D ImsManagerIM [1]: Registration Callback registered.
02-21 07:41:12.019  2663  2953 D ImsManagerIM [1]: Registration Callback registered.
02-21 07:41:17.053  2663  2953 D ImsManagerIM [1]: Registration Callback registered.
02-21 07:41:22.091  2663  2974 D ImsManagerIM [1]: Registration Callback registered.
02-21 07:41:27.116  2663  2974 D ImsManagerIM [1]: Registration Callback registered.
02-21 07:41:32.154  2663  2974 D ImsManagerIM [1]: Registration Callback registered.
02-21 07:41:37.190  2663  2974 D ImsManagerIM [1]: Registration Callback registered.
02-21 07:41:42.219  2663  2974 D ImsManagerIM [1]: Registration Callback registered.
02-21 07:41:47.251  2663  2974 D ImsManagerIM [1]: Registration Callback registered.
02-21 07:41:52.283  2663  2953 D ImsManagerIM [1]: Registration Callback registered.
02-21 07:41:57.314  2663  2953 D ImsManagerIM [1]: Registration Callback registered.
02-21 07:42:02.344  2663  2953 D ImsManagerIM [1]: Registration Callback registered.
02-21 07:42:04.563  2663  2663 D TelephonyNetworkFactory[0]: onReleaseNetworkFor NetworkRequest [ REQUEST id=1907, [ Capabilities: INTERNET&NOT_RESTRICTED&TRUSTED&NOT_VCN_MANAGED Uid: 10167 RequestorUid: 10167 RequestorPkg: com.google.android.videos UnderlyingNetworks: Null] ] applied false
02-21 07:42:04.564  2663  2663 D TelephonyNetworkFactory[1]: onReleaseNetworkFor NetworkRequest [ REQUEST id=1907, [ Capabilities: INTERNET&NOT_RESTRICTED&TRUSTED&NOT_VCN_MANAGED Uid: 10167 RequestorUid: 10167 RequestorPkg: com.google.android.videos UnderlyingNetworks: Null] ] applied true
02-21 07:42:04.676  2663  3080 D SubscriptionController: getSubscriptionProperty Query value = 0
02-21 07:42:04.676  2663  3080 D ImsManagerIM [1]: getLocalImsConfigKeInt() for key:68, result: 0
02-21 07:42:04.694  2663  3080 D SubscriptionController: getSubscriptionProperty Query value = 0
02-21 07:42:04.695  2663  3080 D ImsManagerIM [1]: getLocalImsConfigKeInt() for key:68, result: 0
02-21 07:42:04.753  2663  2957 D ImsManagerIM [1]: isGbaValid - GBA capable=true, ISF=E200
02-21 07:42:04.774  2663  2957 D ImsManagerIM [1]: isGbaValid - GBA capable=true, ISF=E200
02-21 07:42:04.796  2663  2957 D ImsManagerIM [1]: isGbaValid - GBA capable=true, ISF=E200
02-21 07:42:04.810  2663  2957 D ImsManagerIM [1]: isGbaValid - GBA capable=true, ISF=E200
02-21 07:42:04.819  2663  2957 D ImsManagerIM [1]: isGbaValid - GBA capable=true, ISF=E200
02-21 07:42:04.831  2663  2957 D ImsManagerIM [1]: isGbaValid - GBA capable=true, ISF=E200
02-21 07:42:04.869  2663  3080 D Phone   : [1] SubId2,get allowed network types user: value = GPRS|EDGE|UMTS|CDMA|CDMA - EvDo rev. 0|CDMA - EvDo rev. A|CDMA - 1xRTT|HSDPA|HSUPA|HSPA|CDMA - EvDo rev. B|LTE|CDMA - eHRPD|HSPA+|GSM|LTE_CA
02-21 07:42:04.869  2663  3080 D Phone   : [1] SubId2,get allowed network types user: value = GPRS|EDGE|UMTS|CDMA|CDMA - EvDo rev. 0|CDMA - EvDo rev. A|CDMA - 1xRTT|HSDPA|HSUPA|HSPA|CDMA - EvDo rev. B|LTE|CDMA - eHRPD|HSPA+|GSM|LTE_CA
02-21 07:42:04.887  2663  3002 D Phone   : [1] SubId2,get allowed network types user: value = GPRS|EDGE|UMTS|CDMA|CDMA - EvDo rev. 0|CDMA - EvDo rev. A|CDMA - 1xRTT|HSDPA|HSUPA|HSPA|CDMA - EvDo rev. B|LTE|CDMA - eHRPD|HSPA+|GSM|LTE_CA
02-21 07:42:04.887  2663  3002 D Phone   : [1] SubId2,get allowed network types user: value = GPRS|EDGE|UMTS|CDMA|CDMA - EvDo rev. 0|CDMA - EvDo rev. A|CDMA - 1xRTT|HSDPA|HSUPA|HSPA|CDMA - EvDo rev. B|LTE|CDMA - eHRPD|HSPA+|GSM|LTE_CA
02-21 07:42:04.904  2663  3080 D Phone   : [1] SubId2,get allowed network types user: value = GPRS|EDGE|UMTS|CDMA|CDMA - EvDo rev. 0|CDMA - EvDo rev. A|CDMA - 1xRTT|HSDPA|HSUPA|HSPA|CDMA - EvDo rev. B|LTE|CDMA - eHRPD|HSPA+|GSM|LTE_CA
02-21 07:42:04.904  2663  3080 D Phone   : [1] SubId2,get allowed network types user: value = GPRS|EDGE|UMTS|CDMA|CDMA - EvDo rev. 0|CDMA - EvDo rev. A|CDMA - 1xRTT|HSDPA|HSUPA|HSPA|CDMA - EvDo rev. B|LTE|CDMA - eHRPD|HSPA+|GSM|LTE_CA
02-21 07:42:04.918  2663  3002 D Phone   : [1] SubId2,get allowed network types user: value = GPRS|EDGE|UMTS|CDMA|CDMA - EvDo rev. 0|CDMA - EvDo rev. A|CDMA - 1xRTT|HSDPA|HSUPA|HSPA|CDMA - EvDo rev. B|LTE|CDMA - eHRPD|HSPA+|GSM|LTE_CA
02-21 07:42:04.918  2663  3002 D Phone   : [1] SubId2,get allowed network types user: value = GPRS|EDGE|UMTS|CDMA|CDMA - EvDo rev. 0|CDMA - EvDo rev. A|CDMA - 1xRTT|HSDPA|HSUPA|HSPA|CDMA - EvDo rev. B|LTE|CDMA - eHRPD|HSPA+|GSM|LTE_CA
02-21 07:42:05.275  2663  3080 D SubscriptionController: [getSubId]- numSubIds == 0, return null slotIndex=0
02-21 07:42:05.572  2663  3080 D SubscriptionController: [getSubId]- numSubIds == 0, return null slotIndex=0
02-21 07:42:05.971  2663  2663 D TelephonyNetworkFactory[0]: onReleaseNetworkFor NetworkRequest [ REQUEST id=1914, [ Capabilities: INTERNET&NOT_RESTRICTED&TRUSTED&NOT_VCN_MANAGED Uid: 10176 RequestorUid: 10176 RequestorPkg: com.google.android.contacts UnderlyingNetworks: Null] ] applied false
02-21 07:42:05.971  2663  2663 D TelephonyNetworkFactory[0]: onReleaseNetworkFor NetworkRequest [ REQUEST id=1917, [ Capabilities: INTERNET&NOT_RESTRICTED&TRUSTED&NOT_VCN_MANAGED Uid: 10176 RequestorUid: 10176 RequestorPkg: com.google.android.contacts UnderlyingNetworks: Null] ] applied false
02-21 07:42:05.971  2663  2663 D TelephonyNetworkFactory[1]: onReleaseNetworkFor NetworkRequest [ REQUEST id=1914, [ Capabilities: INTERNET&NOT_RESTRICTED&TRUSTED&NOT_VCN_MANAGED Uid: 10176 RequestorUid: 10176 RequestorPkg: com.google.android.contacts UnderlyingNetworks: Null] ] applied true
02-21 07:42:05.971  2663  2663 D TelephonyNetworkFactory[1]: onReleaseNetworkFor NetworkRequest [ REQUEST id=1917, [ Capabilities: INTERNET&NOT_RESTRICTED&TRUSTED&NOT_VCN_MANAGED Uid: 10176 RequestorUid: 10176 RequestorPkg: com.google.android.contacts UnderlyingNetworks: Null] ] applied true
02-21 07:42:05.978  2663  2663 D TelephonyNetworkFactory[1]: onReleaseNetworkFor NetworkRequest [ REQUEST id=1905, [ Capabilities: INTERNET&NOT_RESTRICTED&TRUSTED&NOT_VCN_MANAGED Uid: 10021 RequestorUid: 10021 RequestorPkg: com.google.android.apps.tachyon UnderlyingNetworks: Null] ] applied true
02-21 07:42:05.978  2663  2663 D TelephonyNetworkFactory[0]: onReleaseNetworkFor NetworkRequest [ REQUEST id=1905, [ Capabilities: INTERNET&NOT_RESTRICTED&TRUSTED&NOT_VCN_MANAGED Uid: 10021 RequestorUid: 10021 RequestorPkg: com.google.android.apps.tachyon UnderlyingNetworks: Null] ] applied false
02-21 07:42:07.353  2663  3080 D ImsManagerIM [1]: Registration Callback registered.
02-21 07:42:07.572  2663  2663 D TelephonyNetworkFactory[0]: onReleaseNetworkFor NetworkRequest [ REQUEST id=1912, [ Capabilities: INTERNET&NOT_RESTRICTED&TRUSTED&NOT_VCN_MANAGED Uid: 10172 RequestorUid: 10172 RequestorPkg: com.google.android.apps.photos UnderlyingNetworks: Null] ] applied false
02-21 07:42:07.572  2663  2663 D TelephonyNetworkFactory[1]: onReleaseNetworkFor NetworkRequest [ REQUEST id=1912, [ Capabilities: INTERNET&NOT_RESTRICTED&TRUSTED&NOT_VCN_MANAGED Uid: 10172 RequestorUid: 10172 RequestorPkg: com.google.android.apps.photos UnderlyingNetworks: Null] ] applied true
02-21 07:42:12.376  2663  2983 D ImsManagerIM [1]: Registration Callback registered.
02-21 07:48:53.763  2663  2785 D RILJ    : [UNSL]< UNSOL_EMERGENCY_NUMBER_LIST [EmergencyNumber:Number-911|CountryIso-|Mnc-|ServiceCategories-0|Urns-[]|Sources-10|Routing-0, EmergencyNumber:Number-*911|CountryIso-|Mnc-|ServiceCategories-0|Urns-[]|Sources-1000|Routing-0, EmergencyNumber:Number-112|CountryIso-|Mnc-|ServiceCategories-0|Urns-[]|Sources-10|Routing-0, EmergencyNumber:Number-#911|CountryIso-|Mnc-|ServiceCategories-0|Urns-[]|Sources-1000|Routing-0] [PHONE1]
02-21 07:48:53.764  2663  2663 D EmergencyNumberTracker: updateRadioEmergencyNumberListAndNotify(): receiving [EmergencyNumber:Number-112|CountryIso-|Mnc-|ServiceCategories-0|Urns-[]|Sources-10|Routing-0, EmergencyNumber:Number-911|CountryIso-|Mnc-|ServiceCategories-0|Urns-[]|Sources-10|Routing-0, EmergencyNumber:Number-#911|CountryIso-|Mnc-|ServiceCategories-0|Urns-[]|Sources-1000|Routing-0, EmergencyNumber:Number-*911|CountryIso-|Mnc-|ServiceCategories-0|Urns-[]|Sources-1000|Routing-0]
02-21 07:48:53.766  2663  2785 D RILJ    : Unsol response received; Sending ack to ril.cpp [PHONE0]
02-21 07:48:53.766  2663  2785 V RILJ    : [UNSL]< UNSOL_RESTRICTED_STATE_CHANGED 0 [PHONE0]
02-21 07:48:53.767  2663  2663 D SST     : [0] EVENT_RESTRICTED_STATE_CHANGED
02-21 07:48:53.767  2663  2663 D SST     : [0] onRestrictedStateChanged: E rs Restricted State CS: none PS:false
02-21 07:48:53.767  2663  2663 D SST     : [0] onRestrictedStateChanged: new rs Restricted State CS: none PS:false
02-21 07:48:53.768  2663  2663 D SST     : [0] onRestrictedStateChanged: X rs Restricted State CS: none PS:false
02-21 07:48:53.777  2663  2785 D RILJ    : Unsol response received; Sending ack to ril.cpp [PHONE0]
02-21 07:48:53.777  2663  2785 D RILJ    : [UNSL]< UNSOL_RESPONSE_NETWORK_STATE_CHANGED [PHONE0]
02-21 07:48:53.777  2663  3019 D NRM-C-0 : onNetworkStateChanged
02-21 07:48:53.778  2663  2663 D SST     : [0] pollState: modemTriggered=true
02-21 07:48:53.781  2663  2663 D RILJ    : [1789]> OPERATOR [PHONE0]
02-21 07:48:53.782  2663  3019 D RILJ    : [1790]> DATA_REGISTRATION_STATE [PHONE0]
02-21 07:48:53.782  2663  3019 D RILJ    : getDataRegistrationState: overrideHalVersion=null [PHONE0]
02-21 07:48:53.782  2663  2663 D RILJ    : [1791]> QUERY_NETWORK_SELECTION_MODE [PHONE0]
02-21 07:48:53.782  2663  3019 D RILJ    : [1792]> VOICE_REGISTRATION_STATE [PHONE0]
02-21 07:48:53.782  2663  3019 D RILJ    : getVoiceRegistrationState: overrideHalVersion=null [PHONE0]
02-21 07:48:53.806  2663  2785 D RILJ    : Unsol response received; Sending ack to ril.cpp [PHONE0]
02-21 07:48:53.806  2663  2785 D RILJ    : [UNSL]< UNSOL_VOICE_RADIO_TECH_CHANGED {14} [PHONE0]
02-21 07:48:53.806  2663  2663 D GsmCdmaPhone: [0] EVENT_VOICE_RADIO_TECH_CHANGED: newVoiceTech=14
02-21 07:48:53.807  2663  2663 D GsmCdmaPhone: [0] phoneObjectUpdater: newVoiceRadioTech=14
02-21 07:48:53.807  2663  2663 D SubscriptionController: [getSubId]- numSubIds == 0, return null slotIndex=0
02-21 07:48:53.808  2663  2663 D GsmCdmaPhone: [0] phoneObjectUpdater: volteReplacementRat=0
02-21 07:48:53.808  2663  2663 D GsmCdmaPhone: [0] phoneObjectUpdater: No change ignore, newVoiceRadioTech=14 mActivePhone=GSM
02-21 07:48:53.814  2663  2663 D SubscriptionController: [getSubId]- numSubIds == 0, return null slotIndex=0
02-21 07:48:53.816  2663  2663 D SubscriptionController: [getSubId]- numSubIds == 0, return null slotIndex=0
02-21 07:48:53.831  2663  2983 D NRM-I-0 : onRequestNetworkRegistrationInfoComplete result: 0, info: NetworkRegistrationInfo{ domain=PS transportType=WLAN registrationState=NOT_REG_OR_SEARCHING roamingType=NOT_ROAMING accessNetworkTechnology=IWLAN rejectCause=0 emergencyEnabled=false availableServices=[] cellIdentity=null voiceSpecificInfo=null dataSpecificInfo=null nrState=**** rRplmn= isUsingCarrierAggregation=false}
02-21 07:48:53.833  2663  2663 D SST     : [0] handlePollStateResultMessage: PS IWLAN. NetworkRegistrationInfo{ domain=PS transportType=WLAN registrationState=NOT_REG_OR_SEARCHING roamingType=NOT_ROAMING accessNetworkTechnology=IWLAN rejectCause=0 emergencyEnabled=false availableServices=[] cellIdentity=null voiceSpecificInfo=null dataSpecificInfo=null nrState=**** rRplmn= isUsingCarrierAggregation=false}
02-21 07:48:53.838  2663  2785 D RILJ    : Unsol response received; Sending ack to ril.cpp [PHONE0]
02-21 07:48:53.838  2663  2785 D RILJ    : [UNSL]< UNSOL_RESPONSE_NETWORK_STATE_CHANGED [PHONE0]
02-21 07:48:53.838  2663  3019 D NRM-C-0 : onNetworkStateChanged
02-21 07:48:53.838  2663  2663 D SST     : [0] pollState: modemTriggered=true
02-21 07:48:53.839  2663  2663 D RILJ    : [1795]> OPERATOR [PHONE0]
02-21 07:48:53.841  2663  3019 D RILJ    : [1796]> DATA_REGISTRATION_STATE [PHONE0]
02-21 07:48:53.841  2663  3019 D RILJ    : getDataRegistrationState: overrideHalVersion=null [PHONE0]
02-21 07:48:53.842  2663  2663 D RILJ    : [1797]> QUERY_NETWORK_SELECTION_MODE [PHONE0]
02-21 07:48:53.843  2663  3019 D RILJ    : [1798]> VOICE_REGISTRATION_STATE [PHONE0]
02-21 07:48:53.843  2663  3019 D RILJ    : getVoiceRegistrationState: overrideHalVersion=null [PHONE0]
02-21 07:48:53.844  2663  2983 D NRM-I-0 : onRequestNetworkRegistrationInfoComplete result: 0, info: NetworkRegistrationInfo{ domain=PS transportType=WLAN registrationState=NOT_REG_OR_SEARCHING roamingType=NOT_ROAMING accessNetworkTechnology=IWLAN rejectCause=0 emergencyEnabled=false availableServices=[] cellIdentity=null voiceSpecificInfo=null dataSpecificInfo=null nrState=**** rRplmn= isUsingCarrierAggregation=false}
02-21 07:48:53.844  2663  2663 D SST     : [0] handlePollStateResultMessage: PS IWLAN. NetworkRegistrationInfo{ domain=PS transportType=WLAN registrationState=NOT_REG_OR_SEARCHING roamingType=NOT_ROAMING accessNetworkTechnology=IWLAN rejectCause=0 emergencyEnabled=false availableServices=[] cellIdentity=null voiceSpecificInfo=null dataSpecificInfo=null nrState=**** rRplmn= isUsingCarrierAggregation=false}
02-21 07:48:53.851  2663  2785 D RILJ    : [UNSL]< UNSOL_EMERGENCY_NUMBER_LIST [EmergencyNumber:Number-911|CountryIso-|Mnc-|ServiceCategories-0|Urns-[]|Sources-10|Routing-0, EmergencyNumber:Number-*911|CountryIso-|Mnc-|ServiceCategories-0|Urns-[]|Sources-1000|Routing-0, EmergencyNumber:Number-112|CountryIso-|Mnc-|ServiceCategories-0|Urns-[]|Sources-10|Routing-0, EmergencyNumber:Number-#911|CountryIso-|Mnc-|ServiceCategories-0|Urns-[]|Sources-1000|Routing-0] [PHONE0]
02-21 07:48:53.851  2663  2663 D EmergencyNumberTracker: updateRadioEmergencyNumberListAndNotify(): receiving [EmergencyNumber:Number-112|CountryIso-|Mnc-|ServiceCategories-0|Urns-[]|Sources-10|Routing-0, EmergencyNumber:Number-911|CountryIso-|Mnc-|ServiceCategories-0|Urns-[]|Sources-10|Routing-0, EmergencyNumber:Number-#911|CountryIso-|Mnc-|ServiceCategories-0|Urns-[]|Sources-1000|Routing-0, EmergencyNumber:Number-*911|CountryIso-|Mnc-|ServiceCategories-0|Urns-[]|Sources-1000|Routing-0]
02-21 07:48:53.856  2663  2785 D RILJ    : [UNSL]< UNSOL_EMERGENCY_NUMBER_LIST [EmergencyNumber:Number-911|CountryIso-|Mnc-|ServiceCategories-0|Urns-[]|Sources-10|Routing-0, EmergencyNumber:Number-*911|CountryIso-|Mnc-|ServiceCategories-0|Urns-[]|Sources-1000|Routing-0, EmergencyNumber:Number-112|CountryIso-|Mnc-|ServiceCategories-0|Urns-[]|Sources-10|Routing-0, EmergencyNumber:Number-#911|CountryIso-|Mnc-|ServiceCategories-0|Urns-[]|Sources-1000|Routing-0] [PHONE0]
02-21 07:48:53.856  2663  2663 D EmergencyNumberTracker: updateRadioEmergencyNumberListAndNotify(): receiving [EmergencyNumber:Number-112|CountryIso-|Mnc-|ServiceCategories-0|Urns-[]|Sources-10|Routing-0, EmergencyNumber:Number-911|CountryIso-|Mnc-|ServiceCategories-0|Urns-[]|Sources-10|Routing-0, EmergencyNumber:Number-#911|CountryIso-|Mnc-|ServiceCategories-0|Urns-[]|Sources-1000|Routing-0, EmergencyNumber:Number-*911|CountryIso-|Mnc-|ServiceCategories-0|Urns-[]|Sources-1000|Routing-0]
02-21 07:48:53.868  2663  2785 D RILJ    : [UNSL]< UNSOL_EMERGENCY_NUMBER_LIST [EmergencyNumber:Number-911|CountryIso-|Mnc-|ServiceCategories-0|Urns-[]|Sources-10|Routing-0, EmergencyNumber:Number-*911|CountryIso-|Mnc-|ServiceCategories-0|Urns-[]|Sources-1000|Routing-0, EmergencyNumber:Number-112|CountryIso-|Mnc-|ServiceCategories-0|Urns-[]|Sources-10|Routing-0, EmergencyNumber:Number-#911|CountryIso-|Mnc-|ServiceCategories-0|Urns-[]|Sources-1000|Routing-0] [PHONE0]
02-21 07:48:53.868  2663  2663 D EmergencyNumberTracker: updateRadioEmergencyNumberListAndNotify(): receiving [EmergencyNumber:Number-112|CountryIso-|Mnc-|ServiceCategories-0|Urns-[]|Sources-10|Routing-0, EmergencyNumber:Number-911|CountryIso-|Mnc-|ServiceCategories-0|Urns-[]|Sources-10|Routing-0, EmergencyNumber:Number-#911|CountryIso-|Mnc-|ServiceCategories-0|Urns-[]|Sources-1000|Routing-0, EmergencyNumber:Number-*911|CountryIso-|Mnc-|ServiceCategories-0|Urns-[]|Sources-1000|Routing-0]
02-21 07:48:53.872  2663  2663 D SST     : [0] EVENT_POLL_STATE_NETWORK_SELECTION_MODE
02-21 07:48:53.872  2663  2785 D RILJ    : [1791]< QUERY_NETWORK_SELECTION_MODE {0} [PHONE0]
02-21 07:48:53.873  2663  2663 D SST     : [0] EVENT_POLL_STATE_NETWORK_SELECTION_MODE
02-21 07:48:53.873  2663  2785 D RILJ    : [1797]< QUERY_NETWORK_SELECTION_MODE {0} [PHONE0]
02-21 07:48:53.879  2663  2785 D RILJ    : [UNSL]< UNSOL_EMERGENCY_NUMBER_LIST [EmergencyNumber:Number-911|CountryIso-|Mnc-|ServiceCategories-0|Urns-[]|Sources-10|Routing-0, EmergencyNumber:Number-*911|CountryIso-|Mnc-|ServiceCategories-0|Urns-[]|Sources-1000|Routing-0, EmergencyNumber:Number-112|CountryIso-|Mnc-|ServiceCategories-0|Urns-[]|Sources-10|Routing-0, EmergencyNumber:Number-#911|CountryIso-|Mnc-|ServiceCategories-0|Urns-[]|Sources-1000|Routing-0] [PHONE0]
02-21 07:48:53.880  2663  2663 D EmergencyNumberTracker: updateRadioEmergencyNumberListAndNotify(): receiving [EmergencyNumber:Number-112|CountryIso-|Mnc-|ServiceCategories-0|Urns-[]|Sources-10|Routing-0, EmergencyNumber:Number-911|CountryIso-|Mnc-|ServiceCategories-0|Urns-[]|Sources-10|Routing-0, EmergencyNumber:Number-#911|CountryIso-|Mnc-|ServiceCategories-0|Urns-[]|Sources-1000|Routing-0, EmergencyNumber:Number-*911|CountryIso-|Mnc-|ServiceCategories-0|Urns-[]|Sources-1000|Routing-0]
02-21 07:48:53.881  2663  2785 D RILJ    : [1790]< DATA_REGISTRATION_STATE {.base = {.regState = NOT_REG_MT_SEARCHING_OP_EM, .rat = 14, .reasonDataDenied = 0, .maxDataCalls = 20, .cellIdentity = {.cellInfoType = LTE, .cellIdentityGsm = [], .cellIdentityWcdma = [], .cellIdentityCdma = [], .cellIdentityLte = [{.base = {.mcc = 311, .mnc = 480, .ci = 14445334, .pci = 432, .tac = 14336, .earfcn = 66536}, .operatorNames = {.alphaLong = Verizon, .alphaShort = Verizon}, .bandwidth = 20000}], .cellIdentityTdscdma = []}}, .vopsInfo = {.lteVopsInfo = {.isVopsSupported = false, .isEmcBearerSupported = true}}, .nrIndicators = {.isEndcAvailable = false, .isDcNrRestricted = false, .isNrAvailable = false}} [PHONE0]
02-21 07:48:53.881  2663  2785 D RILJ    : [1789]< OPERATOR {, , } [PHONE0]
02-21 07:48:53.881  2663  3019 D NRM-C-0 : onRequestNetworkRegistrationInfoComplete result: 0, info: NetworkRegistrationInfo{ domain=PS transportType=WWAN registrationState=NOT_REG_SEARCHING roamingType=NOT_ROAMING accessNetworkTechnology=LTE rejectCause=0 emergencyEnabled=true availableServices=[EMERGENCY] cellIdentity=CellIdentityLte:{ mCi=14445334 mPci=432 mTac=14336 mEarfcn=66536 mBands=[] mBandwidth=20000 mMcc=311 mMnc=480 mAlphaLong=Verizon mAlphaShort=Verizon mAdditionalPlmns={} mCsgInfo=null} voiceSpecificInfo=null dataSpecificInfo=android.telephony.DataSpecificRegistrationInfo :{ maxDataCalls = 20 isDcNrRestricted = false isNrAvailable = false isEnDcAvailable = false LteVopsSupportInfo :  mVopsSupport = 3 mEmcBearerSupport = 2 } nrState=**** rRplmn=311480 isUsingCarrierAggregation=false}
02-21 07:48:53.881  2663  2785 D RILJ    : [1795]< OPERATOR {, , } [PHONE0]
02-21 07:48:53.882  2663  2785 D RILJ    : [1796]< DATA_REGISTRATION_STATE {.base = {.regState = NOT_REG_MT_SEARCHING_OP_EM, .rat = 14, .reasonDataDenied = 0, .maxDataCalls = 20, .cellIdentity = {.cellInfoType = LTE, .cellIdentityGsm = [], .cellIdentityWcdma = [], .cellIdentityCdma = [], .cellIdentityLte = [{.base = {.mcc = 311, .mnc = 480, .ci = 14445334, .pci = 432, .tac = 14336, .earfcn = 66536}, .operatorNames = {.alphaLong = Verizon, .alphaShort = Verizon}, .bandwidth = 20000}], .cellIdentityTdscdma = []}}, .vopsInfo = {.lteVopsInfo = {.isVopsSupported = false, .isEmcBearerSupported = true}}, .nrIndicators = {.isEndcAvailable = false, .isDcNrRestricted = false, .isNrAvailable = false}} [PHONE0]
02-21 07:48:53.882  2663  3019 D NRM-C-0 : onRequestNetworkRegistrationInfoComplete result: 0, info: NetworkRegistrationInfo{ domain=PS transportType=WWAN registrationState=NOT_REG_SEARCHING roamingType=NOT_ROAMING accessNetworkTechnology=LTE rejectCause=0 emergencyEnabled=true availableServices=[EMERGENCY] cellIdentity=CellIdentityLte:{ mCi=14445334 mPci=432 mTac=14336 mEarfcn=66536 mBands=[] mBandwidth=20000 mMcc=311 mMnc=480 mAlphaLong=Verizon mAlphaShort=Verizon mAdditionalPlmns={} mCsgInfo=null} voiceSpecificInfo=null dataSpecificInfo=android.telephony.DataSpecificRegistrationInfo :{ maxDataCalls = 20 isDcNrRestricted = false isNrAvailable = false isEnDcAvailable = false LteVopsSupportInfo :  mVopsSupport = 3 mEmcBearerSupport = 2 } nrState=**** rRplmn=311480 isUsingCarrierAggregation=false}
02-21 07:48:53.883  2663  2663 D SST     : [0] handlePollStateResultMessage: PS cellular. NetworkRegistrationInfo{ domain=PS transportType=WWAN registrationState=NOT_REG_SEARCHING roamingType=NOT_ROAMING accessNetworkTechnology=LTE rejectCause=0 emergencyEnabled=true availableServices=[EMERGENCY] cellIdentity=CellIdentityLte:{ mCi=14445334 mPci=432 mTac=14336 mEarfcn=66536 mBands=[] mBandwidth=20000 mMcc=311 mMnc=480 mAlphaLong=Verizon mAlphaShort=Verizon mAdditionalPlmns={} mCsgInfo=null} voiceSpecificInfo=null dataSpecificInfo=android.telephony.DataSpecificRegistrationInfo :{ maxDataCalls = 20 isDcNrRestricted = false isNrAvailable = false isEnDcAvailable = false LteVopsSupportInfo :  mVopsSupport = 3 mEmcBearerSupport = 2 } nrState=**** rRplmn=311480 isUsingCarrierAggregation=false}
02-21 07:48:53.893  2663  2785 D RILJ    : [1792]< VOICE_REGISTRATION_STATE {.regState = NOT_REG_MT_SEARCHING_OP_EM, .rat = 14, .cssSupported = false, .roamingIndicator = 0, .systemIsInPrl = -1, .defaultRoamingIndicator = -1, .reasonForDenial = 0, .cellIdentity = {.cellInfoType = LTE, .cellIdentityGsm = [], .cellIdentityWcdma = [], .cellIdentityCdma = [], .cellIdentityLte = [{.base = {.mcc = 311, .mnc = 480, .ci = 14445334, .pci = 432, .tac = 14336, .earfcn = 66536}, .operatorNames = {.alphaLong = Verizon, .alphaShort = Verizon}, .bandwidth = 20000}], .cellIdentityTdscdma = []}} [PHONE0]
02-21 07:48:53.894  2663  3019 D NRM-C-0 : onRequestNetworkRegistrationInfoComplete result: 0, info: NetworkRegistrationInfo{ domain=CS transportType=WWAN registrationState=NOT_REG_SEARCHING roamingType=NOT_ROAMING accessNetworkTechnology=LTE rejectCause=0 emergencyEnabled=true availableServices=[EMERGENCY] cellIdentity=CellIdentityLte:{ mCi=14445334 mPci=432 mTac=14336 mEarfcn=66536 mBands=[] mBandwidth=20000 mMcc=311 mMnc=480 mAlphaLong=Verizon mAlphaShort=Verizon mAdditionalPlmns={} mCsgInfo=null} voiceSpecificInfo=VoiceSpecificRegistrationInfo { mCssSupported=false mRoamingIndicator=0 mSystemIsInPrl=-1 mDefaultRoamingIndicator=-1} dataSpecificInfo=null nrState=**** rRplmn=311480 isUsingCarrierAggregation=false}
02-21 07:48:53.895  2663  2785 D RILJ    : Unsol response received; Sending ack to ril.cpp [PHONE0]
02-21 07:48:53.895  2663  2785 D RILJ    : [UNSL]< UNSOL_RESPONSE_NETWORK_STATE_CHANGED [PHONE0]
02-21 07:48:53.895  2663  3019 D NRM-C-0 : onNetworkStateChanged
02-21 07:48:53.895  2663  2663 D SST     : [0] pollState: modemTriggered=true
02-21 07:48:53.896  2663  2785 D RILJ    : [1798]< VOICE_REGISTRATION_STATE {.regState = NOT_REG_MT_SEARCHING_OP_EM, .rat = 14, .cssSupported = false, .roamingIndicator = 0, .systemIsInPrl = -1, .defaultRoamingIndicator = -1, .reasonForDenial = 0, .cellIdentity = {.cellInfoType = LTE, .cellIdentityGsm = [], .cellIdentityWcdma = [], .cellIdentityCdma = [], .cellIdentityLte = [{.base = {.mcc = 311, .mnc = 480, .ci = 14445334, .pci = 432, .tac = 14336, .earfcn = 66536}, .operatorNames = {.alphaLong = Verizon, .alphaShort = Verizon}, .bandwidth = 20000}], .cellIdentityTdscdma = []}} [PHONE0]
02-21 07:48:53.896  2663  3019 D NRM-C-0 : onRequestNetworkRegistrationInfoComplete result: 0, info: NetworkRegistrationInfo{ domain=CS transportType=WWAN registrationState=NOT_REG_SEARCHING roamingType=NOT_ROAMING accessNetworkTechnology=LTE rejectCause=0 emergencyEnabled=true availableServices=[EMERGENCY] cellIdentity=CellIdentityLte:{ mCi=14445334 mPci=432 mTac=14336 mEarfcn=66536 mBands=[] mBandwidth=20000 mMcc=311 mMnc=480 mAlphaLong=Verizon mAlphaShort=Verizon mAdditionalPlmns={} mCsgInfo=null} voiceSpecificInfo=VoiceSpecificRegistrationInfo { mCssSupported=false mRoamingIndicator=0 mSystemIsInPrl=-1 mDefaultRoamingIndicator=-1} dataSpecificInfo=null nrState=**** rRplmn=311480 isUsingCarrierAggregation=false}
02-21 07:48:53.896  2663  2663 D RILJ    : [1800]> OPERATOR [PHONE0]
02-21 07:48:53.897  2663  2785 D RILJ    : Unsol response received; Sending ack to ril.cpp [PHONE0]
02-21 07:48:53.897  2663  3019 D RILJ    : [1802]> DATA_REGISTRATION_STATE [PHONE0]
02-21 07:48:53.897  2663  3019 D RILJ    : getDataRegistrationState: overrideHalVersion=null [PHONE0]
02-21 07:48:53.897  2663  2785 V RILJ    : [UNSL]< UNSOL_RESTRICTED_STATE_CHANGED 0 [PHONE0]
02-21 07:48:53.898  2663  2663 D RILJ    : [1803]> QUERY_NETWORK_SELECTION_MODE [PHONE0]
02-21 07:48:53.898  2663  2663 D SST     : [0] EVENT_RESTRICTED_STATE_CHANGED
02-21 07:48:53.898  2663  2663 D SST     : [0] onRestrictedStateChanged: E rs Restricted State CS: none PS:false
02-21 07:48:53.898  2663  2663 D SST     : [0] onRestrictedStateChanged: new rs Restricted State CS: none PS:false
02-21 07:48:53.898  2663  2663 D SST     : [0] onRestrictedStateChanged: X rs Restricted State CS: none PS:false
02-21 07:48:53.899  2663  3019 D RILJ    : [1804]> VOICE_REGISTRATION_STATE [PHONE0]
02-21 07:48:53.899  2663  3019 D RILJ    : getVoiceRegistrationState: overrideHalVersion=null [PHONE0]
02-21 07:48:53.900  2663  2785 D RILJ    : [1800]< OPERATOR {, , } [PHONE0]
02-21 07:48:53.902  2663  2983 D NRM-I-0 : onRequestNetworkRegistrationInfoComplete result: 0, info: NetworkRegistrationInfo{ domain=PS transportType=WLAN registrationState=NOT_REG_OR_SEARCHING roamingType=NOT_ROAMING accessNetworkTechnology=IWLAN rejectCause=0 emergencyEnabled=false availableServices=[] cellIdentity=null voiceSpecificInfo=null dataSpecificInfo=null nrState=**** rRplmn= isUsingCarrierAggregation=false}
02-21 07:48:53.902  2663  2663 D SST     : [0] handlePollStateResultMessage: PS IWLAN. NetworkRegistrationInfo{ domain=PS transportType=WLAN registrationState=NOT_REG_OR_SEARCHING roamingType=NOT_ROAMING accessNetworkTechnology=IWLAN rejectCause=0 emergencyEnabled=false availableServices=[] cellIdentity=null voiceSpecificInfo=null dataSpecificInfo=null nrState=**** rRplmn= isUsingCarrierAggregation=false}
02-21 07:48:53.908  2663  2785 D RILJ    : [1802]< DATA_REGISTRATION_STATE {.base = {.regState = NOT_REG_MT_SEARCHING_OP_EM, .rat = 14, .reasonDataDenied = 0, .maxDataCalls = 20, .cellIdentity = {.cellInfoType = LTE, .cellIdentityGsm = [], .cellIdentityWcdma = [], .cellIdentityCdma = [], .cellIdentityLte = [{.base = {.mcc = 311, .mnc = 480, .ci = 14445334, .pci = 432, .tac = 14336, .earfcn = 66536}, .operatorNames = {.alphaLong = Verizon, .alphaShort = Verizon}, .bandwidth = 20000}], .cellIdentityTdscdma = []}}, .vopsInfo = {.lteVopsInfo = {.isVopsSupported = false, .isEmcBearerSupported = true}}, .nrIndicators = {.isEndcAvailable = false, .isDcNrRestricted = false, .isNrAvailable = false}} [PHONE0]
