02-21 10:08:49.152  2663  2663 D SST     : [1] pollStateDone: hasRegistered = false hasDeregistered = false hasDataAttached = {1=false, 2=false} hasDataDetached = {1=false, 2=false} hasDataRegStateChanged = {1=false, 2=false} hasRilVoiceRadioTechnologyChanged = false hasRilDataRadioTechnologyChanged = {1=false, 2=false} hasDataTransportPreferenceChanged = false hasChanged = false hasVoiceRoamingOn = false hasVoiceRoamingOff = false hasDataRoamingOn =false hasDataRoamingOff = false hasLocationChanged = false has4gHandoff = false hasMultiApnSupport = false hasLostMultiApnSupport = false hasCssIndicatorChanged = false hasNrFrequencyRangeChanged = false hasNrStateChanged = false hasAirplaneModeOnlChanged = false
02-21 10:08:49.152  2663  2663 D SST     : [0] handlePollStateResultMessage: PS IWLAN. NetworkRegistrationInfo{ domain=PS transportType=WLAN registrationState=NOT_REG_OR_SEARCHING roamingType=NOT_ROAMING accessNetworkTechnology=IWLAN rejectCause=0 emergencyEnabled=false availableServices=[] cellIdentity=null voiceSpecificInfo=null dataSpecificInfo=null nrState=**** rRplmn= isUsingCarrierAggregation=false}
02-21 10:08:49.152  2663  2663 D SST     : [0] handlePollStateResultMessage: PS cellular. NetworkRegistrationInfo{ domain=PS transportType=WWAN registrationState=NOT_REG_SEARCHING roamingType=NOT_ROAMING accessNetworkTechnology=LTE rejectCause=0 emergencyEnabled=true availableServices=[EMERGENCY] cellIdentity=CellIdentityLte:{ mCi=14351128 mPci=218 mTac=14336 mEarfcn=1025 mBands=[] mBandwidth=15000 mMcc=311 mMnc=480 mAlphaLong=Verizon mAlphaShort=Verizon mAdditionalPlmns={} mCsgInfo=null} voiceSpecificInfo=null dataSpecificInfo=android.telephony.DataSpecificRegistrationInfo :{ maxDataCalls = 20 isDcNrRestricted = false isNrAvailable = false isEnDcAvailable = false LteVopsSupportInfo :  mVopsSupport = 3 mEmcBearerSupport = 2 } nrState=**** rRplmn=311480 isUsingCarrierAggregation=false}
02-21 10:08:49.152  2663  2663 D SST     : [0] EVENT_POLL_STATE_NETWORK_SELECTION_MODE
02-21 10:08:49.152  2663  2663 D SST     : [0] handlePollStateResultMessage: CS cellular. NetworkRegistrationInfo{ domain=CS transportType=WWAN registrationState=NOT_REG_SEARCHING roamingType=NOT_ROAMING accessNetworkTechnology=LTE rejectCause=0 emergencyEnabled=true availableServices=[EMERGENCY] cellIdentity=CellIdentityLte:{ mCi=14351128 mPci=218 mTac=14336 mEarfcn=1025 mBands=[] mBandwidth=15000 mMcc=311 mMnc=480 mAlphaLong=Verizon mAlphaShort=Verizon mAdditionalPlmns={} mCsgInfo=null} voiceSpecificInfo=VoiceSpecificRegistrationInfo { mCssSupported=false mRoamingIndicator=0 mSystemIsInPrl=-1 mDefaultRoamingIndicator=-1} dataSpecificInfo=null nrState=**** rRplmn=311480 isUsingCarrierAggregation=false}
02-21 10:08:49.152  2663  2663 D SST     : [0] combinePsRegistrationStates: {mVoiceRegState=1(OUT_OF_SERVICE), mDataRegState=1(OUT_OF_SERVICE), mChannelNumber=1025, duplexMode()=1, mCellBandwidths=[15000], mOperatorAlphaLong=, mOperatorAlphaShort=, isManualNetworkSelection=false(automatic), getRilVoiceRadioTechnology=14(LTE), getRilDataRadioTechnology=14(LTE), mCssIndicator=unsupported, mNetworkId=-1, mSystemId=-1, mCdmaRoamingIndicator=-1, mCdmaDefaultRoamingIndicator=-1, mIsEmergencyOnly=true, isUsingCarrierAggregation=false, mArfcnRsrpBoost=0, mNetworkRegistrationInfos=[NetworkRegistrationInfo{ domain=PS transportType=WLAN registrationState=NOT_REG_OR_SEARCHING roamingType=NOT_ROAMING accessNetworkTechnology=IWLAN rejectCause=0 emergencyEnabled=false availableServices=[] cellIdentity=null voiceSpecificInfo=null dataSpecificInfo=null nrState=**** rRplmn= isUsingCarrierAggregation=false}, NetworkRegistrationInfo{ domain=PS transportType=WWAN registrationState=NOT_REG_SEARCHING roamingType=NOT_ROAMING accessNetworkTechnology=LTE rejectCause=0 emergencyEnabled=true availableServices=[EMERGENCY] cellIdentity=CellIdentityLte:{ mCi=14351128 mPci=218 mTac=14336 mEarfcn=1025 mBands=[] mBandwidth=15000 mMcc=311 mMnc=480 mAlphaLong=Verizon mAlphaShort=Verizon mAdditionalPlmns={} mCsgInfo=null} voiceSpecificInfo=null dataSpecificInfo=android.telephony.DataSpecificRegistrationInfo :{ maxDataCalls = 20 isDcNrRestricted = false isNrAvailable = false isEnDcAvailable = false LteVopsSupportInfo :  mVopsSupport = 3 mEmcBearerSupport = 2 } nrState=**** rRplmn=311480 isUsingCarrierAggregation=false}, NetworkRegistrationInfo{ domain=CS transportType=WWAN registrationState=NOT_REG_SEARCHING roamingType=NOT_ROAMING accessNetworkTechnology=LTE rejectCause=0 emergencyEnabled=true availableServices=[EMERGENCY] cellIdentity=CellIdentityLte:{ mCi=14351128 mPci=218 mTac=14336 mEarfcn=1025 mBands=[] mBandwidth=15000 mMcc=311 mMnc=480 mAlphaLong=Verizon mAlphaShort=Verizon mAdditionalPlmns={} mCsgInfo=null} voiceSpecificInfo=VoiceSpecificRegistrationInfo { mCssSupported=false mRoamingIndicator=0 mSystemIsInPrl=-1 mDefaultRoamingIndicator=-1} dataSpecificInfo=null nrState=**** rRplmn=311480 isUsingCarrierAggregation=false}], mNrFrequencyRange=0, mOperatorAlphaLongRaw=, mOperatorAlphaShortRaw=, mIsDataRoamingFromRegistration=false, mIsIwlanPreferred=false}
02-21 10:08:49.152  2663  2663 D SubscriptionController: [getSubId]- numSubIds == 0, return null slotIndex=0
02-21 10:08:49.153  2663  2663 D SST     : [0] Poll ServiceState done:  oldSS=[{mVoiceRegState=1(OUT_OF_SERVICE), mDataRegState=1(OUT_OF_SERVICE), mChannelNumber=1025, duplexMode()=1, mCellBandwidths=[15000], mOperatorAlphaLong=, mOperatorAlphaShort=, isManualNetworkSelection=false(automatic), getRilVoiceRadioTechnology=14(LTE), getRilDataRadioTechnology=14(LTE), mCssIndicator=unsupported, mNetworkId=-1, mSystemId=-1, mCdmaRoamingIndicator=-1, mCdmaDefaultRoamingIndicator=-1, mIsEmergencyOnly=true, isUsingCarrierAggregation=false, mArfcnRsrpBoost=0, mNetworkRegistrationInfos=[NetworkRegistrationInfo{ domain=PS transportType=WLAN registrationState=NOT_REG_OR_SEARCHING roamingType=NOT_ROAMING accessNetworkTechnology=IWLAN rejectCause=0 emergencyEnabled=false availableServices=[] cellIdentity=null voiceSpecificInfo=null dataSpecificInfo=null nrState=**** rRplmn= isUsingCarrierAggregation=false}, NetworkRegistrationInfo{ domain=CS transportType=WWAN registrationState=NOT_REG_SEARCHING roamingType=NOT_ROAMING accessNetworkTechnology=LTE rejectCause=0 emergencyEnabled=true availableServices=[EMERGENCY] cellIdentity=CellIdentityLte:{ mCi=14351128 mPci=218 mTac=14336 mEarfcn=1025 mBands=[] mBandwidth=15000 mMcc=311 mMnc=480 mAlphaLong=Verizon mAlphaShort=Verizon mAdditionalPlmns={} mCsgInfo=null} voiceSpecificInfo=VoiceSpecificRegistrationInfo { mCssSupported=false mRoamingIndicator=0 mSystemIsInPrl=-1 mDefaultRoamingIndicator=-1} dataSpecificInfo=null nrState=**** rRplmn=311480 isUsingCarrierAggregation=false}, NetworkRegistrationInfo{ domain=PS transportType=WWAN registrationState=NOT_REG_SEARCHING roamingType=NOT_ROAMING accessNetworkTechnology=LTE rejectCause=0 emergencyEnabled=true availableServices=[EMERGENCY] cellIdentity=CellIdentityLte:{ mCi=14351128 mPci=218 mTac=14336 mEarfcn=1025 mBands=[] mBandwidth=15000 mMcc=311 mMnc=480 mAlphaLong=Verizon mAlphaShort=Verizon mAdditionalPlmns={} mCsgInfo=null} voiceSpecificInfo=null dataSpecificInfo=android.telephony.DataSpecificRegistrationInfo :{ maxDataCalls = 20 isDcNrRestricted = false isNrAvailable = false isEnDcAvailable = false LteVopsSupportInfo :  mVopsSupport = 3 mEmcBearerSupport = 2 } nrState=**** rRplmn=311480 isUsingCarrierAggregation=false}], mNrFrequencyRange=0, mOperatorAlphaLongRaw=, mOperatorAlphaShortRaw=, mIsDataRoamingFromRegistration=false, mIsIwlanPreferred=false}] newSS=[{mVoiceRegState=1(OUT_OF_SERVICE), mDataRegState=1(OUT_OF_SERVICE), mChannelNumber=1025, duplexMode()=1, mCellBandwidths=[15000], mOperatorAlphaLong=, mOperatorAlphaShort=, isManualNetworkSelection=false(automatic), getRilVoiceRadioTechnology=14(LTE), getRilDataRadioTechnology=14(LTE), mCssIndicator=unsupported, mNetworkId=-1, mSystemId=-1, mCdmaRoamingIndicator=-1, mCdmaDefaultRoamingIndicator=-1, mIsEmergencyOnly=true, isUsingCarrierAggregation=false, mArfcnRsrpBoost=0, mNetworkRegistrationInfos=[NetworkRegistrationInfo{ domain=PS transportType=WLAN registrationState=NOT_REG_OR_SEARCHING roamingType=NOT_ROAMING accessNetworkTechnology=IWLAN rejectCause=0 emergencyEnabled=false availableServices=[] cellIdentity=null voiceSpecificInfo=null dataSpecificInfo=null nrState=**** rRplmn= isUsingCarrierAggregation=false}, NetworkRegistrationInfo{ domain=CS transportType=WWAN registrationState=NOT_REG_SEARCHING roamingType=NOT_ROAMING accessNetworkTechnology=LTE rejectCause=0 emergencyEnabled=true availableServices=[EMERGENCY] cellIdentity=CellIdentityLte:{ mCi=14351128 mPci=218 mTac=14336 mEarfcn=1025 mBands=[] mBandwidth=15000 mMcc=311 mMnc=480 mAlphaLong=Verizon mAlphaShort=Verizon mAdditionalPlmns={} mCsgInfo=null} voiceSpecificInfo=VoiceSpecificRegistrationInfo { mCssSupported=false mRoamingIndicator=0 mSystemIsInPrl=-1 mDefaultRoamingIndicator=-1} dataSpecificInfo=null nrState=**** rRplmn=311480 isUsingCarrierAggregation=false}, NetworkRegistrationInfo{ domain=PS transportType=WWAN registrationState=NOT_REG_SEARCHING roamingType=NOT_ROAMING accessNetworkTechnology=LTE rejectCause=0 emergencyEnabled=true availableServices=[EMERGENCY] cellIdentity=CellIdentityLte:{ mCi=14351128 mPci=218 mTac=14336 mEa
02-21 10:08:49.153  2663  2663 D SST     : [0] pollStateDone: hasRegistered = false hasDeregistered = false hasDataAttached = {1=false, 2=false} hasDataDetached = {1=false, 2=false} hasDataRegStateChanged = {1=false, 2=false} hasRilVoiceRadioTechnologyChanged = false hasRilDataRadioTechnologyChanged = {1=false, 2=false} hasDataTransportPreferenceChanged = false hasChanged = false hasVoiceRoamingOn = false hasVoiceRoamingOff = false hasDataRoamingOn =false hasDataRoamingOff = false hasLocationChanged = false has4gHandoff = false hasMultiApnSupport = false hasLostMultiApnSupport = false hasCssIndicatorChanged = false hasNrFrequencyRangeChanged = false hasNrStateChanged = false hasAirplaneModeOnlChanged = false
02-21 10:08:50.696  2663  2704 D ImsManagerIM [1]: Registration Callback registered.
02-21 10:08:55.710  2663  2704 D ImsManagerIM [1]: Registration Callback registered.
02-21 10:09:00.721  2663  3001 D ImsManagerIM [1]: Registration Callback registered.
02-21 10:09:05.734  2663  3001 D ImsManagerIM [1]: Registration Callback registered.
02-21 10:09:10.751  2663  2974 D ImsManagerIM [1]: Registration Callback registered.
02-21 10:09:15.422  2663  2704 E PhoneSubInfoController: getLine1Number phone is null for Subscription:1
02-21 10:09:15.424  2663  2704 E PhoneSubInfoController: getLine1Number phone is null for Subscription:3
02-21 10:09:15.425  2663  2704 E PhoneSubInfoController: getLine1Number phone is null for Subscription:4
02-21 10:09:15.426  2663  2704 E PhoneSubInfoController: getLine1Number phone is null for Subscription:5
02-21 10:09:15.459  2663  3001 E PhoneSubInfoController: getLine1Number phone is null for Subscription:1
02-21 10:09:15.467  2663  3001 E PhoneSubInfoController: getLine1Number phone is null for Subscription:3
02-21 10:09:15.468  2663  3001 E PhoneSubInfoController: getLine1Number phone is null for Subscription:4
02-21 10:09:15.469  2663  3001 E PhoneSubInfoController: getLine1Number phone is null for Subscription:5
02-21 10:09:15.510  2663  3001 E PhoneSubInfoController: getLine1Number phone is null for Subscription:1
02-21 10:09:15.517  2663  3001 E PhoneSubInfoController: getLine1Number phone is null for Subscription:3
02-21 10:09:15.518  2663  3001 E PhoneSubInfoController: getLine1Number phone is null for Subscription:4
02-21 10:09:15.519  2663  3001 E PhoneSubInfoController: getLine1Number phone is null for Subscription:5
02-21 10:09:15.642  2663  3001 D RILJ    : [1892]> SIM_OPEN_CHANNEL [PHONE1]
02-21 10:09:15.660  2663  2785 D RILJ    : [1892]< SIM_OPEN_CHANNEL  [PHONE1]
02-21 10:09:15.661  2663  2663 V OpenChan: Response: Channel: 1 Status: 1
02-21 10:09:15.663  2663  2663 V TransApdu: Send: ApduCommand(channel=1, cla=128, ins=226, p1=145, p2=0, p3=16, cmd=BF2D0D5C0B5A909192B79F709599BF76)
02-21 10:09:15.663  2663  2663 D RILJ    : [1893]> SIM_TRANSMIT_APDU_CHANNEL [PHONE1]
02-21 10:09:15.746  2663  2785 D RILJ    : [1893]< SIM_TRANSMIT_APDU_CHANNEL  [PHONE1]
02-21 10:09:15.746  2663  2663 V TransApdu: Response: IccIoResult sw1:0x90 sw2:0x0 Payload: *******
02-21 10:09:15.746  2663  2663 V ApduSender: Full APDU response: IccIoResult sw1:0x90 sw2:0x0 Payload: *******
02-21 10:09:15.746  2663  2663 V CloseChan: Channel: 1
02-21 10:09:15.749  2663  2663 D RILJ    : [1894]> SIM_CLOSE_CHANNEL channel = 1 [PHONE1]
02-21 10:09:15.753  2663  2785 D RILJ    : [1894]< SIM_CLOSE_CHANNEL  [PHONE1]
02-21 10:09:15.761  2663  3001 D ImsManagerIM [1]: Registration Callback registered.
02-21 10:09:15.807  2663  2955 D SubscriptionInfoUpdater: blockingGetEuiccProfileInfoList cardId 0
02-21 10:09:15.807  2663  2663 D SubscriptionInfoUpdater: updateEmbeddedSubscriptionsCache
02-21 10:09:15.807  2663  2663 D SubscriptionInfoUpdater: blockingGetEuiccProfileInfoList: got 1 profiles
02-21 10:09:15.807  2663  2663 D SubscriptionInfoUpdater: Get eUICC profile list of size 1
02-21 10:09:15.813  2663  2663 D SubscriptionInfoUpdater: embeddedProfile EuiccProfileInfo (nickname=Mint Mobile, serviceProviderName=Mint Mobile, profileName=Mint Mobile, profileClass=2, state=1, CarrierIdentifier=CarrierIdentifier{mcc=310,mnc=240,spn=null,imsi=null,gid1=756D,gid2=null,carrierid=-1,specificCarrierId=-1}, policyRules=0, accessRules=null) existing record found
02-21 10:09:15.822  2663  2663 D SubscriptionInfoUpdater: updateEmbeddedSubscriptions done hasChanges=true
02-21 10:09:15.822  2663  2663 D SubscriptionController: notifySubscriptionInfoChanged:
02-21 10:09:15.828  2663  2663 D SubscriptionController: [getSubId]- numSubIds == 0, return null slotIndex=0
02-21 10:09:15.828  2663  2663 D Phone   : isImsRegistered =false
02-21 10:09:15.829  2663  2700 D SubscriptionController: [getSubId]- numSubIds == 0, return null slotIndex=0
02-21 10:09:15.834  2663  3004 D RILJ    : [1895]> SIM_OPEN_CHANNEL [PHONE1]
02-21 10:09:15.839  2663  2953 E PhoneSubInfoController: getLine1Number phone is null for Subscription:1
02-21 10:09:15.842  2663  2975 D SubscriptionController: [getSubId]- numSubIds == 0, return null slotIndex=0
02-21 10:09:15.842  2663  2975 D SubscriptionController: [getActiveSubscriptionInfoForSimSlotIndex]+ slotIndex=0 subId=null
02-21 10:09:15.844  2663  2975 D SubscriptionController: [getActiveSubscriptionInfoForSimSlotIndex]+ slotIndex=1 subId={id=2 iccId=890124019[****] simSlotIndex=1 carrierId=1 displayName=Mint Mobile carrierName=No service nameSource=3 iconTint=-16746133 number=[****] dataRoaming=0 iconBitmap=android.graphics.Bitmap@aa353ef mcc=310 mnc=240 countryIso=us isEmbedded=true nativeAccessRules=null cardString=890490320[****] cardId=0 isOpportunistic=false groupUUID=null isGroupDisabled=false profileClass=2 ehplmns=[310260] hplmns=[310260, 310260, 310260] subscriptionType=0 groupOwner=null carrierConfigAccessRules=[cert: 27F96DBAB77B31F6953E4CD2C2DEFE15F5D7C78F073DD7162018EF476B097C34 pkg: null access: 0, cert: 3D1A4BEF6EE7AF7D34D120E7B1AAC0DD245585DE6237CF100F68333AFACFF562 pkg: null access: 0, cert: 92B5F8117FBD9BD5738FF168A4FA12CBE284BE834EDE1A7BB44DD8455BA15920 pkg: null access: 0] areUiccApplicationsEnabled=true}
02-21 10:09:15.844  2663  3086 D ImsManagerIM [1]: Registration Callback registered.
02-21 10:09:15.845  2663  2953 E PhoneSubInfoController: getLine1Number phone is null for Subscription:3
02-21 10:09:15.845  2663  2953 E PhoneSubInfoController: getLine1Number phone is null for Subscription:4
02-21 10:09:15.846  2663  2953 E PhoneSubInfoController: getLine1Number phone is null for Subscription:5
02-21 10:09:15.847  2663  2785 D RILJ    : [1895]< SIM_OPEN_CHANNEL  [PHONE1]
02-21 10:09:15.848  2663  2663 D Phone   : getImsRegistrationTechnology =-1
02-21 10:09:15.854  2663  2663 D ImsManagerIM [1]: isGbaValid - GBA capable=true, ISF=E200
02-21 10:09:15.874  2663  2663 D ImsManagerIM [1]: Registration Callback registered.
02-21 10:09:15.874  2663  2663 D SST     : [0] SubscriptionListener.onSubscriptionInfoChanged
02-21 10:09:15.875  2663  2663 D SubscriptionController: [getSubId]- numSubIds == 0, return null slotIndex=0
02-21 10:09:15.876  2663  2663 D SubscriptionController: [getSubId]- numSubIds == 0, return null slotIndex=0
02-21 10:09:15.876  2663  2663 D SubscriptionController: [getSubId]- numSubIds == 0, return null slotIndex=0
02-21 10:09:15.876  2663  2663 D SST     : [1] SubscriptionListener.onSubscriptionInfoChanged
02-21 10:09:15.877  2663  2663 D GsmCdmaPhone: [1] getVoiceMailNumber: from IccRecords number=[****]
02-21 10:09:15.881  2663  2663 D SubscriptionController: [getSubId]- numSubIds == 0, return null slotIndex=0
02-21 10:09:15.881  2663  2663 D SubscriptionController: [getSubId]- numSubIds == 0, return null slotIndex=0
02-21 10:09:15.881  2663  2663 V OpenChan: Response: Channel: 1 Status: 1
02-21 10:09:15.881  2663  2663 V TransApdu: Send: ApduCommand(channel=1, cla=128, ins=226, p1=145, p2=0, p3=16, cmd=BF2D0D5C0B5A909192B79F709599BF76)
02-21 10:09:15.882  2663  2663 D RILJ    : [1896]> SIM_TRANSMIT_APDU_CHANNEL [PHONE1]
02-21 10:09:15.884  2663  2663 D Phone   : isImsCapabilityAvailable, capability=0, regTech=1, isAvailable=false
02-21 10:09:15.884  2663  2663 D Phone   : isImsCapabilityAvailable, capability=1, regTech=1, isAvailable=false
02-21 10:09:15.884  2663  2663 D Phone   : isImsCapabilityAvailable, capability=2, regTech=1, isAvailable=false
02-21 10:09:15.886  2663  2663 D Phone   : getImsRegistrationTechnology =-1
02-21 10:09:15.888  2663  2663 D ImsManagerIM [1]: isGbaValid - GBA capable=true, ISF=E200
02-21 10:09:15.896  2663  2663 D SubscriptionController: [getSubId]- numSubIds == 0, return null slotIndex=0
02-21 10:09:15.897  2663  2663 D SubscriptionController: [getSubId]- numSubIds == 0, return null slotIndex=0
02-21 10:09:15.964  2663  2785 D RILJ    : [1896]< SIM_TRANSMIT_APDU_CHANNEL  [PHONE1]
02-21 10:09:15.965  2663  2663 V TransApdu: Response: IccIoResult sw1:0x90 sw2:0x0 Payload: *******
02-21 10:09:15.965  2663  2663 V ApduSender: Full APDU response: IccIoResult sw1:0x90 sw2:0x0 Payload: *******
02-21 10:09:15.965  2663  2663 V CloseChan: Channel: 1
02-21 10:09:15.966  2663  2663 D RILJ    : [1897]> SIM_CLOSE_CHANNEL channel = 1 [PHONE1]
02-21 10:09:15.971  2663  2785 D RILJ    : [1897]< SIM_CLOSE_CHANNEL  [PHONE1]
02-21 10:09:15.992  2663  2955 D SubscriptionInfoUpdater: blockingGetEuiccProfileInfoList cardId 0
02-21 10:09:15.992  2663  2663 D SubscriptionInfoUpdater: updateEmbeddedSubscriptionsCache
02-21 10:09:15.992  2663  2663 D SubscriptionInfoUpdater: blockingGetEuiccProfileInfoList: got 1 profiles
02-21 10:09:15.992  2663  2663 D SubscriptionInfoUpdater: Get eUICC profile list of size 1
02-21 10:09:15.996  2663  2663 D SubscriptionInfoUpdater: embeddedProfile EuiccProfileInfo (nickname=Mint Mobile, serviceProviderName=Mint Mobile, profileName=Mint Mobile, profileClass=2, state=1, CarrierIdentifier=CarrierIdentifier{mcc=310,mnc=240,spn=null,imsi=null,gid1=756D,gid2=null,carrierid=-1,specificCarrierId=-1}, policyRules=0, accessRules=null) existing record found
02-21 10:09:16.001  2663  2663 D SubscriptionInfoUpdater: updateEmbeddedSubscriptions done hasChanges=true
02-21 10:09:16.002  2663  2663 D SubscriptionController: notifySubscriptionInfoChanged:
02-21 10:09:16.006  2663  3004 D SubscriptionController: [getSubId]- numSubIds == 0, return null slotIndex=0
02-21 10:09:16.019  2663  2704 D ImsManagerIM [1]: Registration Callback registered.
02-21 10:09:16.022  2663  2953 E PhoneSubInfoController: getLine1Number phone is null for Subscription:1
02-21 10:09:16.025  2663  2953 E PhoneSubInfoController: getLine1Number phone is null for Subscription:3
02-21 10:09:16.027  2663  2953 E PhoneSubInfoController: getLine1Number phone is null for Subscription:4
02-21 10:09:16.028  2663  2953 E PhoneSubInfoController: getLine1Number phone is null for Subscription:5
02-21 10:09:16.034  2663  3001 D SubscriptionController: [getSubId]- numSubIds == 0, return null slotIndex=0
02-21 10:09:16.039  2663  3001 D SubscriptionController: [getActiveSubscriptionInfoForSimSlotIndex]+ slotIndex=0 subId=null
02-21 10:09:16.041  2663  3001 D SubscriptionController: [getActiveSubscriptionInfoForSimSlotIndex]+ slotIndex=1 subId={id=2 iccId=890124019[****] simSlotIndex=1 carrierId=1 displayName=Mint Mobile carrierName=No service nameSource=3 iconTint=-16746133 number=[****] dataRoaming=0 iconBitmap=android.graphics.Bitmap@d87c739 mcc=310 mnc=240 countryIso=us isEmbedded=true nativeAccessRules=null cardString=890490320[****] cardId=0 isOpportunistic=false groupUUID=null isGroupDisabled=false profileClass=2 ehplmns=[310260] hplmns=[310260, 310260, 310260] subscriptionType=0 groupOwner=null carrierConfigAccessRules=[cert: 27F96DBAB77B31F6953E4CD2C2DEFE15F5D7C78F073DD7162018EF476B097C34 pkg: null access: 0, cert: 3D1A4BEF6EE7AF7D34D120E7B1AAC0DD245585DE6237CF100F68333AFACFF562 pkg: null access: 0, cert: 92B5F8117FBD9BD5738FF168A4FA12CBE284BE834EDE1A7BB44DD8455BA15920 pkg: null access: 0] areUiccApplicationsEnabled=true}
02-21 10:09:16.043  2663  2663 D GsmCdmaPhone: [1] getVoiceMailNumber: from IccRecords number=[****]
02-21 10:09:16.047  2663  2663 D SubscriptionController: [getSubId]- numSubIds == 0, return null slotIndex=0
02-21 10:09:16.047  2663  2663 D Phone   : isImsRegistered =false
02-21 10:09:16.053  2663  2663 D Phone   : getImsRegistrationTechnology =-1
02-21 10:09:16.055  2663  2663 D ImsManagerIM [1]: isGbaValid - GBA capable=true, ISF=E200
02-21 10:09:16.065  2663  2663 D ImsManagerIM [1]: Registration Callback registered.
02-21 10:09:16.066  2663  2663 D SST     : [0] SubscriptionListener.onSubscriptionInfoChanged
02-21 10:09:16.066  2663  2663 D SubscriptionController: [getSubId]- numSubIds == 0, return null slotIndex=0
02-21 10:09:16.066  2663  2663 D SubscriptionController: [getSubId]- numSubIds == 0, return null slotIndex=0
02-21 10:09:16.066  2663  2663 D SubscriptionController: [getSubId]- numSubIds == 0, return null slotIndex=0
02-21 10:09:16.066  2663  2663 D SST     : [1] SubscriptionListener.onSubscriptionInfoChanged
02-21 10:09:16.066  2663  2663 D SubscriptionController: [getSubId]- numSubIds == 0, return null slotIndex=0
02-21 10:09:16.066  2663  2663 D SubscriptionController: [getSubId]- numSubIds == 0, return null slotIndex=0
02-21 10:09:16.069  2663  2663 D Phone   : isImsCapabilityAvailable, capability=0, regTech=1, isAvailable=false
02-21 10:09:16.069  2663  2663 D Phone   : isImsCapabilityAvailable, capability=1, regTech=1, isAvailable=false
02-21 10:09:16.069  2663  2663 D Phone   : isImsCapabilityAvailable, capability=2, regTech=1, isAvailable=false
02-21 10:09:16.071  2663  2663 D Phone   : getImsRegistrationTechnology =-1
02-21 10:09:16.073  2663  2663 D ImsManagerIM [1]: isGbaValid - GBA capable=true, ISF=E200
02-21 10:09:16.081  2663  2663 D SubscriptionController: [getSubId]- numSubIds == 0, return null slotIndex=0
02-21 10:09:16.081  2663  2663 D SubscriptionController: [getSubId]- numSubIds == 0, return null slotIndex=0
02-21 10:09:16.337  2663  3068 D SubscriptionController: [getSubId]- numSubIds == 0, return null slotIndex=0
02-21 10:09:16.344  2663  2974 D SubscriptionController: [getSubId]- numSubIds == 0, return null slotIndex=0
02-21 10:09:16.367  2663  2974 D SubscriptionController: [getSubId]- numSubIds == 0, return null slotIndex=0
02-21 10:09:16.533  2663  2974 D SubscriptionController: [getSubId]- numSubIds == 0, return null slotIndex=0
02-21 10:09:21.050  2663  2974 D ImsManagerIM [1]: Registration Callback registered.
02-21 10:09:26.071  2663  2974 D ImsManagerIM [1]: Registration Callback registered.
02-21 10:09:31.095  2663  2974 D ImsManagerIM [1]: Registration Callback registered.
02-21 10:09:36.121  2663  2974 D ImsManagerIM [1]: Registration Callback registered.
02-21 10:09:41.136  2663  3068 D ImsManagerIM [1]: Registration Callback registered.
02-21 10:09:46.162  2663  3068 D ImsManagerIM [1]: Registration Callback registered.
02-21 10:09:51.187  2663  2974 D ImsManagerIM [1]: Registration Callback registered.
02-21 10:09:56.212  2663  3068 D ImsManagerIM [1]: Registration Callback registered.
02-21 10:10:01.236  2663  3068 D ImsManagerIM [1]: Registration Callback registered.
02-21 10:10:06.263  2663  2974 D ImsManagerIM [1]: Registration Callback registered.
02-21 10:10:11.272  2663  3068 D ImsManagerIM [1]: Registration Callback registered.
02-21 10:10:16.297  2663  3068 D ImsManagerIM [1]: Registration Callback registered.
02-21 10:10:21.322  2663  2974 D ImsManagerIM [1]: Registration Callback registered.
02-21 10:10:26.344  2663  2974 D ImsManagerIM [1]: Registration Callback registered.
02-21 10:10:31.368  2663  2974 D ImsManagerIM [1]: Registration Callback registered.
02-21 10:10:36.396  2663  2974 D ImsManagerIM [1]: Registration Callback registered.
02-21 10:10:38.908  2663  2663 D RILJ    : [1898]> GET_CELL_INFO_LIST [PHONE1]
02-21 10:10:38.912  2663  2785 D RILJ    : [1898]< GET_CELL_INFO_LIST [] [PHONE1]
02-21 10:10:38.916  2663  2663 D LocaleTracker-1: processCellInfo: cell info=[]
02-21 10:10:38.916  2663  2663 D LocaleTracker-1: updateLocale: countryIso = , countryIsoDebugInfo = empty as default
02-21 10:10:38.916  2663  2663 D LocaleTracker-1: updateLocale: timeZoneCountryIso = , timeZoneCountryIsoDebugInfo = Defaulted: empty as default
02-21 10:10:38.916  2663  2663 D NewNitzStateMachineImpl: handleCountryUnavailable: mLatestNitzSignal=null
02-21 10:10:38.916  2663  2663 D NewNitzStateMachineImpl: doTimeZoneDetection: countryIsoCode=null, nitzSignal=null, suggestion=TelephonyTimeZoneSuggestion{mSlotIndex=1, mZoneId='null', mMatchType=0, mQuality=0, mDebugInfo=[getTimeZoneSuggestion: nitzSignal=null, countryIsoCode=null, Detection reason=handleCountryUnavailable()]}, reason=handleCountryUnavailable()
02-21 10:10:38.916  2663  2663 D LocaleTracker-1: processCellInfo: cell info=[]
02-21 10:10:38.916  2663  2663 D LocaleTracker-1: updateLocale: countryIso = , countryIsoDebugInfo = empty as default
02-21 10:10:38.916  2663  2663 D LocaleTracker-1: updateLocale: timeZoneCountryIso = , timeZoneCountryIsoDebugInfo = Defaulted: empty as default
02-21 10:10:38.916  2663  2663 D NewNitzStateMachineImpl: handleCountryUnavailable: mLatestNitzSignal=null
02-21 10:10:38.916  2663  2663 D NewNitzStateMachineImpl: doTimeZoneDetection: countryIsoCode=null, nitzSignal=null, suggestion=TelephonyTimeZoneSuggestion{mSlotIndex=1, mZoneId='null', mMatchType=0, mQuality=0, mDebugInfo=[getTimeZoneSuggestion: nitzSignal=null, countryIsoCode=null, Detection reason=handleCountryUnavailable()]}, reason=handleCountryUnavailable()
02-21 10:10:38.916  2663  2663 D LocaleTracker-1: Can't get cell info. Try again in 600 secs.
02-21 10:10:41.409  2663  2974 D ImsManagerIM [1]: Registration Callback registered.
02-21 10:10:46.097  2663  2974 D SubscriptionController: [getSubId]- numSubIds == 0, return null slotIndex=0
02-21 10:10:46.098  2663  2974 D SubscriptionController: [getActiveSubscriptionInfoForSimSlotIndex]+ slotIndex=0 subId=null
02-21 10:10:46.100  2663  2974 D SubscriptionController: [getActiveSubscriptionInfoForSimSlotIndex]+ slotIndex=1 subId={id=2 iccId=890124019[****] simSlotIndex=1 carrierId=1 displayName=Mint Mobile carrierName=No service nameSource=3 iconTint=-16746133 number=[****] dataRoaming=0 iconBitmap=android.graphics.Bitmap@d87c739 mcc=310 mnc=240 countryIso=us isEmbedded=true nativeAccessRules=null cardString=890490320[****] cardId=0 isOpportunistic=false groupUUID=null isGroupDisabled=false profileClass=2 ehplmns=[310260] hplmns=[310260, 310260, 310260] subscriptionType=0 groupOwner=null carrierConfigAccessRules=[cert: 27F96DBAB77B31F6953E4CD2C2DEFE15F5D7C78F073DD7162018EF476B097C34 pkg: null access: 0, cert: 3D1A4BEF6EE7AF7D34D120E7B1AAC0DD245585DE6237CF100F68333AFACFF562 pkg: null access: 0, cert: 92B5F8117FBD9BD5738FF168A4FA12CBE284BE834EDE1A7BB44DD8455BA15920 pkg: null access: 0] areUiccApplicationsEnabled=true}
02-21 10:10:46.112  2663  2974 D SubscriptionController: [getSubId]- numSubIds == 0, return null slotIndex=0
02-21 10:10:46.113  2663  2974 D SubscriptionController: [getActiveSubscriptionInfoForSimSlotIndex]+ slotIndex=0 subId=null
02-21 10:10:46.115  2663  2974 D SubscriptionController: [getActiveSubscriptionInfoForSimSlotIndex]+ slotIndex=1 subId={id=2 iccId=890124019[****] simSlotIndex=1 carrierId=1 displayName=Mint Mobile carrierName=No service nameSource=3 iconTint=-16746133 number=[****] dataRoaming=0 iconBitmap=android.graphics.Bitmap@d87c739 mcc=310 mnc=240 countryIso=us isEmbedded=true nativeAccessRules=null cardString=890490320[****] cardId=0 isOpportunistic=false groupUUID=null isGroupDisabled=false profileClass=2 ehplmns=[310260] hplmns=[310260, 310260, 310260] subscriptionType=0 groupOwner=null carrierConfigAccessRules=[cert: 27F96DBAB77B31F6953E4CD2C2DEFE15F5D7C78F073DD7162018EF476B097C34 pkg: null access: 0, cert: 3D1A4BEF6EE7AF7D34D120E7B1AAC0DD245585DE6237CF100F68333AFACFF562 pkg: null access: 0, cert: 92B5F8117FBD9BD5738FF168A4FA12CBE284BE834EDE1A7BB44DD8455BA15920 pkg: null access: 0] areUiccApplicationsEnabled=true}
02-21 10:10:46.423  2663  3068 D ImsManagerIM [1]: Registration Callback registered.
02-21 10:10:51.446  2663  2974 D ImsManagerIM [1]: Registration Callback registered.
02-21 10:10:56.472  2663  2974 D ImsManagerIM [1]: Registration Callback registered.
02-21 10:11:01.499  2663  2974 D ImsManagerIM [1]: Registration Callback registered.
02-21 10:11:03.944  1061  1061 I GRIL-Q  : qmi_vs_send_device_state_req completed 0, 0
02-21 10:11:05.844  1061  1061 I GRIL-Q  : qmi_vs_send_device_state_req completed 0, 0
02-21 10:11:05.858  2663  2663 D DCT-C-0 : screen on
02-21 10:11:05.858  2663  2663 D DCT-C-0 : stopNetStatPoll
02-21 10:11:05.858  2663  2663 D SubscriptionController: [getSubId]- numSubIds == 0, return null slotIndex=0
02-21 10:11:05.858  2663  2663 D SubscriptionController: [getSubId]- numSubIds == 0, return null slotIndex=0
02-21 10:11:05.859  2663  2663 D DCT-I-0 : screen on
02-21 10:11:05.859  2663  2663 D DCT-I-0 : stopNetStatPoll
02-21 10:11:05.859  2663  2663 D SubscriptionController: [getSubId]- numSubIds == 0, return null slotIndex=0
02-21 10:11:05.860  2663  2663 D SubscriptionController: [getSubId]- numSubIds == 0, return null slotIndex=0
02-21 10:11:05.861  2663  2663 D DCT-C-1 : screen on
02-21 10:11:05.861  2663  2663 D DCT-C-1 : stopNetStatPoll
02-21 10:11:05.866  2663  2663 D DCT-I-1 : screen on
02-21 10:11:05.866  2663  2663 D DCT-I-1 : stopNetStatPoll
02-21 10:11:05.965  1061  1061 I GRIL-Q  : qmi_vs_scone_activity_input_req completed 0, 0
02-21 10:11:06.514  2663  3068 D ImsManagerIM [1]: Registration Callback registered.
02-21 10:11:11.540  2663  3068 D ImsManagerIM [1]: Registration Callback registered.
02-21 10:11:16.259  2663  2974 D SubscriptionController: [getActiveSubscriptionInfo]- subId=3 subList=[{id=2 iccId=890124019[****] simSlotIndex=1 carrierId=1 displayName=Mint Mobile carrierName=No service nameSource=3 iconTint=-16746133 number=[****] dataRoaming=0 iconBitmap=android.graphics.Bitmap@d87c739 mcc=310 mnc=240 countryIso=us isEmbedded=true nativeAccessRules=null cardString=890490320[****] cardId=0 isOpportunistic=false groupUUID=null isGroupDisabled=false profileClass=2 ehplmns=[310260] hplmns=[310260, 310260, 310260] subscriptionType=0 groupOwner=null carrierConfigAccessRules=[cert: 27F96DBAB77B31F6953E4CD2C2DEFE15F5D7C78F073DD7162018EF476B097C34 pkg: null access: 0, cert: 3D1A4BEF6EE7AF7D34D120E7B1AAC0DD245585DE6237CF100F68333AFACFF562 pkg: null access: 0, cert: 92B5F8117FBD9BD5738FF168A4FA12CBE284BE834EDE1A7BB44DD8455BA15920 pkg: null access: 0] areUiccApplicationsEnabled=true}] subInfo=null
02-21 10:11:16.262  2663  2974 D SubscriptionController: [getActiveSubscriptionInfo]- subId=3 subList=[{id=2 iccId=890124019[****] simSlotIndex=1 carrierId=1 displayName=Mint Mobile carrierName=No service nameSource=3 iconTint=-16746133 number=[****] dataRoaming=0 iconBitmap=android.graphics.Bitmap@d87c739 mcc=310 mnc=240 countryIso=us isEmbedded=true nativeAccessRules=null cardString=890490320[****] cardId=0 isOpportunistic=false groupUUID=null isGroupDisabled=false profileClass=2 ehplmns=[310260] hplmns=[310260, 310260, 310260] subscriptionType=0 groupOwner=null carrierConfigAccessRules=[cert: 27F96DBAB77B31F6953E4CD2C2DEFE15F5D7C78F073DD7162018EF476B097C34 pkg: null access: 0, cert: 3D1A4BEF6EE7AF7D34D120E7B1AAC0DD245585DE6237CF100F68333AFACFF562 pkg: null access: 0, cert: 92B5F8117FBD9BD5738FF168A4FA12CBE284BE834EDE1A7BB44DD8455BA15920 pkg: null access: 0] areUiccApplicationsEnabled=true}] subInfo=null
02-21 10:11:16.263  2663  3068 D SubscriptionController: [getActiveSubscriptionInfo]- subId=3 subList=[{id=2 iccId=890124019[****] simSlotIndex=1 carrierId=1 displayName=Mint Mobile carrierName=No service nameSource=3 iconTint=-16746133 number=[****] dataRoaming=0 iconBitmap=android.graphics.Bitmap@d87c739 mcc=310 mnc=240 countryIso=us isEmbedded=true nativeAccessRules=null cardString=890490320[****] cardId=0 isOpportunistic=false groupUUID=null isGroupDisabled=false profileClass=2 ehplmns=[310260] hplmns=[310260, 310260, 310260] subscriptionType=0 groupOwner=null carrierConfigAccessRules=[cert: 27F96DBAB77B31F6953E4CD2C2DEFE15F5D7C78F073DD7162018EF476B097C34 pkg: null access: 0, cert: 3D1A4BEF6EE7AF7D34D120E7B1AAC0DD245585DE6237CF100F68333AFACFF562 pkg: null access: 0, cert: 92B5F8117FBD9BD5738FF168A4FA12CBE284BE834EDE1A7BB44DD8455BA15920 pkg: null access: 0] areUiccApplicationsEnabled=true}] subInfo=null
02-21 10:11:16.319  2663  3068 D SubscriptionController: [getActiveSubscriptionInfo]- subId=4 subList=[{id=2 iccId=890124019[****] simSlotIndex=1 carrierId=1 displayName=Mint Mobile carrierName=No service nameSource=3 iconTint=-16746133 number=[****] dataRoaming=0 iconBitmap=android.graphics.Bitmap@d87c739 mcc=310 mnc=240 countryIso=us isEmbedded=true nativeAccessRules=null cardString=890490320[****] cardId=0 isOpportunistic=false groupUUID=null isGroupDisabled=false profileClass=2 ehplmns=[310260] hplmns=[310260, 310260, 310260] subscriptionType=0 groupOwner=null carrierConfigAccessRules=[cert: 27F96DBAB77B31F6953E4CD2C2DEFE15F5D7C78F073DD7162018EF476B097C34 pkg: null access: 0, cert: 3D1A4BEF6EE7AF7D34D120E7B1AAC0DD245585DE6237CF100F68333AFACFF562 pkg: null access: 0, cert: 92B5F8117FBD9BD5738FF168A4FA12CBE284BE834EDE1A7BB44DD8455BA15920 pkg: null access: 0] areUiccApplicationsEnabled=true}] subInfo=null
02-21 10:11:16.322  2663  3068 D SubscriptionController: [getActiveSubscriptionInfo]- subId=4 subList=[{id=2 iccId=890124019[****] simSlotIndex=1 carrierId=1 displayName=Mint Mobile carrierName=No service nameSource=3 iconTint=-16746133 number=[****] dataRoaming=0 iconBitmap=android.graphics.Bitmap@d87c739 mcc=310 mnc=240 countryIso=us isEmbedded=true nativeAccessRules=null cardString=890490320[****] cardId=0 isOpportunistic=false groupUUID=null isGroupDisabled=false profileClass=2 ehplmns=[310260] hplmns=[310260, 310260, 310260] subscriptionType=0 groupOwner=null carrierConfigAccessRules=[cert: 27F96DBAB77B31F6953E4CD2C2DEFE15F5D7C78F073DD7162018EF476B097C34 pkg: null access: 0, cert: 3D1A4BEF6EE7AF7D34D120E7B1AAC0DD245585DE6237CF100F68333AFACFF562 pkg: null access: 0, cert: 92B5F8117FBD9BD5738FF168A4FA12CBE284BE834EDE1A7BB44DD8455BA15920 pkg: null access: 0] areUiccApplicationsEnabled=true}] subInfo=null
02-21 10:11:16.323  2663  2974 D SubscriptionController: [getActiveSubscriptionInfo]- subId=4 subList=[{id=2 iccId=890124019[****] simSlotIndex=1 carrierId=1 displayName=Mint Mobile carrierName=No service nameSource=3 iconTint=-16746133 number=[****] dataRoaming=0 iconBitmap=android.graphics.Bitmap@d87c739 mcc=310 mnc=240 countryIso=us isEmbedded=true nativeAccessRules=null cardString=890490320[****] cardId=0 isOpportunistic=false groupUUID=null isGroupDisabled=false profileClass=2 ehplmns=[310260] hplmns=[310260, 310260, 310260] subscriptionType=0 groupOwner=null carrierConfigAccessRules=[cert: 27F96DBAB77B31F6953E4CD2C2DEFE15F5D7C78F073DD7162018EF476B097C34 pkg: null access: 0, cert: 3D1A4BEF6EE7AF7D34D120E7B1AAC0DD245585DE6237CF100F68333AFACFF562 pkg: null access: 0, cert: 92B5F8117FBD9BD5738FF168A4FA12CBE284BE834EDE1A7BB44DD8455BA15920 pkg: null access: 0] areUiccApplicationsEnabled=true}] subInfo=null
02-21 10:11:16.559  2663  3068 D ImsManagerIM [1]: Registration Callback registered.
02-21 10:11:21.583  2663  2974 D ImsManagerIM [1]: Registration Callback registered.
02-21 10:11:26.607  2663  2974 D ImsManagerIM [1]: Registration Callback registered.
02-21 10:11:31.624  2663  2983 D ImsManagerIM [1]: Registration Callback registered.
02-21 10:11:36.641  2663  3068 D ImsManagerIM [1]: Registration Callback registered.
02-21 10:11:41.662  2663  3068 D ImsManagerIM [1]: Registration Callback registered.
02-21 10:11:46.683  2663  2983 D ImsManagerIM [1]: Registration Callback registered.
02-21 10:11:51.692  2663  3068 D ImsManagerIM [1]: Registration Callback registered.
02-21 10:11:56.709  2663  2983 D ImsManagerIM [1]: Registration Callback registered.
02-21 10:12:01.736  2663  2983 D ImsManagerIM [1]: Registration Callback registered.
02-21 10:12:06.762  2663  3068 D ImsManagerIM [1]: Registration Callback registered.
02-21 10:12:11.663  2663  2983 D Phone   : [1] SubId2,get allowed network types carrier: value = GPRS|EDGE|UMTS|CDMA|CDMA - EvDo rev. 0|CDMA - EvDo rev. A|CDMA - 1xRTT|HSDPA|HSUPA|HSPA|CDMA - EvDo rev. B|LTE|CDMA - eHRPD|HSPA+|GSM|LTE_CA
02-21 10:12:11.682  2663  3068 D Phone   : [1] SubId2,get allowed network types user: value = GPRS|EDGE|UMTS|CDMA|CDMA - EvDo rev. 0|CDMA - EvDo rev. A|CDMA - 1xRTT|HSDPA|HSUPA|HSPA|CDMA - EvDo rev. B|LTE|CDMA - eHRPD|HSPA+|GSM|LTE_CA
02-21 10:12:11.682  2663  3004 D SubscriptionController: getSubscriptionProperty Query value = 0
02-21 10:12:11.682  2663  3004 D ImsManagerIM [1]: getLocalImsConfigKeInt() for key:68, result: 0
02-21 10:12:11.683  2663  3068 D Phone   : [1] SubId2,get allowed network types user: value = GPRS|EDGE|UMTS|CDMA|CDMA - EvDo rev. 0|CDMA - EvDo rev. A|CDMA - 1xRTT|HSDPA|HSUPA|HSPA|CDMA - EvDo rev. B|LTE|CDMA - eHRPD|HSPA+|GSM|LTE_CA
02-21 10:12:11.686  2663  2957 D ImsManagerIM [1]: isGbaValid - GBA capable=true, ISF=E200
02-21 10:12:11.687  2663  2974 D Phone   : [1] SubId2,get allowed network types user: value = GPRS|EDGE|UMTS|CDMA|CDMA - EvDo rev. 0|CDMA - EvDo rev. A|CDMA - 1xRTT|HSDPA|HSUPA|HSPA|CDMA - EvDo rev. B|LTE|CDMA - eHRPD|HSPA+|GSM|LTE_CA
02-21 10:12:11.688  2663  2974 D Phone   : [1] SubId2,get allowed network types user: value = GPRS|EDGE|UMTS|CDMA|CDMA - EvDo rev. 0|CDMA - EvDo rev. A|CDMA - 1xRTT|HSDPA|HSUPA|HSPA|CDMA - EvDo rev. B|LTE|CDMA - eHRPD|HSPA+|GSM|LTE_CA
02-21 10:12:11.688  2663  2957 D ImsManagerIM [1]: isGbaValid - GBA capable=true, ISF=E200
02-21 10:12:11.691  2663  2983 D Phone   : [1] SubId2,get allowed network types user: value = GPRS|EDGE|UMTS|CDMA|CDMA - EvDo rev. 0|CDMA - EvDo rev. A|CDMA - 1xRTT|HSDPA|HSUPA|HSPA|CDMA - EvDo rev. B|LTE|CDMA - eHRPD|HSPA+|GSM|LTE_CA
02-21 10:12:11.691  2663  2974 D Phone   : [1] SubId2,get allowed network types user: value = GPRS|EDGE|UMTS|CDMA|CDMA - EvDo rev. 0|CDMA - EvDo rev. A|CDMA - 1xRTT|HSDPA|HSUPA|HSPA|CDMA - EvDo rev. B|LTE|CDMA - eHRPD|HSPA+|GSM|LTE_CA
02-21 10:12:11.695  2663  2957 D ImsManagerIM [1]: isGbaValid - GBA capable=true, ISF=E200
02-21 10:12:11.772  2663  3080 D ImsManagerIM [1]: Registration Callback registered.
02-21 10:12:11.799  2663  3080 D Phone   : [1] SubId2,get allowed network types user: value = GPRS|EDGE|UMTS|CDMA|CDMA - EvDo rev. 0|CDMA - EvDo rev. A|CDMA - 1xRTT|HSDPA|HSUPA|HSPA|CDMA - EvDo rev. B|LTE|CDMA - eHRPD|HSPA+|GSM|LTE_CA
02-21 10:12:11.811  2663  3080 D Phone   : [1] SubId2,get allowed network types user: value = GPRS|EDGE|UMTS|CDMA|CDMA - EvDo rev. 0|CDMA - EvDo rev. A|CDMA - 1xRTT|HSDPA|HSUPA|HSPA|CDMA - EvDo rev. B|LTE|CDMA - eHRPD|HSPA+|GSM|LTE_CA
02-21 10:12:11.811  2663  3080 D Phone   : [1] SubId2,get allowed network types user: value = GPRS|EDGE|UMTS|CDMA|CDMA - EvDo rev. 0|CDMA - EvDo rev. A|CDMA - 1xRTT|HSDPA|HSUPA|HSPA|CDMA - EvDo rev. B|LTE|CDMA - eHRPD|HSPA+|GSM|LTE_CA
02-21 10:12:11.824  2663  2663 D RILJ    : [1899]> QUERY_NETWORK_SELECTION_MODE [PHONE1]
02-21 10:12:11.825  2663  2785 D RILJ    : [1899]< QUERY_NETWORK_SELECTION_MODE {0} [PHONE1]
02-21 10:12:11.847  2663  3002 D SubscriptionController: [getSubId]- numSubIds == 0, return null slotIndex=0
02-21 10:12:11.854  2663  3002 D SubscriptionController: [getSubId]- numSubIds == 0, return null slotIndex=0
02-21 10:12:11.874  2663  3080 D Phone   : [1] SubId2,get allowed network types user: value = GPRS|EDGE|UMTS|CDMA|CDMA - EvDo rev. 0|CDMA - EvDo rev. A|CDMA - 1xRTT|HSDPA|HSUPA|HSPA|CDMA - EvDo rev. B|LTE|CDMA - eHRPD|HSPA+|GSM|LTE_CA
02-21 10:12:11.874  2663  3080 D Phone   : [1] SubId2,get allowed network types user: value = GPRS|EDGE|UMTS|CDMA|CDMA - EvDo rev. 0|CDMA - EvDo rev. A|CDMA - 1xRTT|HSDPA|HSUPA|HSPA|CDMA - EvDo rev. B|LTE|CDMA - eHRPD|HSPA+|GSM|LTE_CA
02-21 10:12:11.890  2663  3080 D SubscriptionController: [getSubId]- numSubIds == 0, return null slotIndex=0
02-21 10:12:11.898  2663  3080 D SubscriptionController: [getSubId]- numSubIds == 0, return null slotIndex=0
02-21 10:12:11.902  2663  3080 D Phone   : [1] SubId2,get allowed network types user: value = GPRS|EDGE|UMTS|CDMA|CDMA - EvDo rev. 0|CDMA - EvDo rev. A|CDMA - 1xRTT|HSDPA|HSUPA|HSPA|CDMA - EvDo rev. B|LTE|CDMA - eHRPD|HSPA+|GSM|LTE_CA
02-21 10:12:11.903  2663  3080 D Phone   : [1] SubId2,get allowed network types user: value = GPRS|EDGE|UMTS|CDMA|CDMA - EvDo rev. 0|CDMA - EvDo rev. A|CDMA - 1xRTT|HSDPA|HSUPA|HSPA|CDMA - EvDo rev. B|LTE|CDMA - eHRPD|HSPA+|GSM|LTE_CA
02-21 10:12:11.909  2663  2663 D RILJ    : [1900]> QUERY_NETWORK_SELECTION_MODE [PHONE1]
02-21 10:12:11.910  2663  2785 D RILJ    : [1900]< QUERY_NETWORK_SELECTION_MODE {0} [PHONE1]
02-21 10:12:12.023  2663  2974 D SubscriptionController: getSubscriptionProperty Query value = -1
02-21 10:12:12.030  2663  2974 D SubscriptionController: getSubscriptionProperty Query value = 0
02-21 10:12:12.039  2663  2974 D SubscriptionController: getSubscriptionProperty Query value = -1
02-21 10:12:12.047  2663  2974 D SubscriptionController: getSubscriptionProperty Query value = 0
02-21 10:12:12.050  2663  2974 D SubscriptionController: getSubscriptionProperty Query value = -1
02-21 10:12:12.063  2663  2974 D SubscriptionController: getSubscriptionProperty Query value = -1
02-21 10:12:12.065  2663  2974 D ImsManagerIM [1]: getWfcMode - setting=1
02-21 10:12:12.072  2663  2974 D SubscriptionController: getSubscriptionProperty Query value = -1
02-21 10:12:12.080  2663  2957 D ImsManagerIM [1]: isGbaValid - GBA capable=true, ISF=E200
02-21 10:12:12.084  2663  2974 D Phone   : [1] SubId2,get allowed network types carrier: value = GPRS|EDGE|UMTS|CDMA|CDMA - EvDo rev. 0|CDMA - EvDo rev. A|CDMA - 1xRTT|HSDPA|HSUPA|HSPA|CDMA - EvDo rev. B|LTE|CDMA - eHRPD|HSPA+|GSM|LTE_CA
02-21 10:12:14.688  1061  1061 I GRIL-Q  : qmi_vs_scone_activity_input_req completed 0, 0
02-21 10:12:16.791  2663  2974 D ImsManagerIM [1]: Registration Callback registered.
02-21 10:12:21.803  2663  3080 D ImsManagerIM [1]: Registration Callback registered.
02-21 10:12:26.822  2663  2974 D ImsManagerIM [1]: Registration Callback registered.
02-21 10:12:28.183  2663  3080 E PhoneSubInfoController: getLine1Number phone is null for Subscription:1
02-21 10:12:28.184  2663  3080 E PhoneSubInfoController: getLine1Number phone is null for Subscription:3
02-21 10:12:28.184  2663  3080 E PhoneSubInfoController: getLine1Number phone is null for Subscription:4
02-21 10:12:28.184  2663  3080 E PhoneSubInfoController: getLine1Number phone is null for Subscription:5
02-21 10:12:28.190  2663  3080 E PhoneSubInfoController: getLine1Number phone is null for Subscription:1
02-21 10:12:28.191  2663  3080 E PhoneSubInfoController: getLine1Number phone is null for Subscription:3
02-21 10:12:28.192  2663  3080 E PhoneSubInfoController: getLine1Number phone is null for Subscription:4
02-21 10:12:28.192  2663  3080 E PhoneSubInfoController: getLine1Number phone is null for Subscription:5
02-21 10:12:29.784  2663  3080 D RILJ    : [1901]> SIM_OPEN_CHANNEL [PHONE1]
02-21 10:12:29.800  2663  2785 D RILJ    : [1901]< SIM_OPEN_CHANNEL  [PHONE1]
02-21 10:12:29.800  2663  2663 V OpenChan: Response: Channel: 1 Status: 1
02-21 10:12:29.800  2663  2663 V TransApdu: Send: ApduCommand(channel=1, cla=128, ins=226, p1=145, p2=0, p3=16, cmd=BF2D0D5C0B5A909192B79F709599BF76)
02-21 10:12:29.802  2663  2663 D RILJ    : [1902]> SIM_TRANSMIT_APDU_CHANNEL [PHONE1]
02-21 10:12:29.888  2663  2785 D RILJ    : [1902]< SIM_TRANSMIT_APDU_CHANNEL  [PHONE1]
02-21 10:12:29.888  2663  2663 V TransApdu: Response: IccIoResult sw1:0x90 sw2:0x0 Payload: *******
02-21 10:12:29.888  2663  2663 V ApduSender: Full APDU response: IccIoResult sw1:0x90 sw2:0x0 Payload: *******
02-21 10:12:29.888  2663  2663 V CloseChan: Channel: 1
02-21 10:12:29.891  2663  2663 D RILJ    : [1903]> SIM_CLOSE_CHANNEL channel = 1 [PHONE1]
02-21 10:12:29.896  2663  2785 D RILJ    : [1903]< SIM_CLOSE_CHANNEL  [PHONE1]
02-21 10:12:29.920  2663  3080 D RILJ    : [1904]> SIM_OPEN_CHANNEL [PHONE1]
02-21 10:12:29.935  2663  2785 D RILJ    : [1904]< SIM_OPEN_CHANNEL  [PHONE1]
02-21 10:12:29.935  2663  2663 V OpenChan: Response: Channel: 1 Status: 1
02-21 10:12:29.936  2663  2663 V TransApdu: Send: ApduCommand(channel=1, cla=128, ins=226, p1=145, p2=0, p3=20, cmd=BF3211A00C5A0A981042107931561608F58101FF)
02-21 10:12:29.939  2663  2663 D RILJ    : [1905]> SIM_TRANSMIT_APDU_CHANNEL [PHONE1]
02-21 10:12:30.122  2663  2785 D RILJ    : [1905]< SIM_TRANSMIT_APDU_CHANNEL  [PHONE1]
02-21 10:12:30.122  2663  2663 V TransApdu: Response: IccIoResult sw1:0x90 sw2:0x0 Payload: *******
02-21 10:12:30.122  2663  2663 V ApduSender: Full APDU response: IccIoResult sw1:0x90 sw2:0x0 Payload: *******
02-21 10:12:30.122  2663  2663 V CloseChan: Channel: 1
02-21 10:12:30.125  2663  2663 D RILJ    : [1906]> SIM_CLOSE_CHANNEL channel = 1 [PHONE1]
02-21 10:12:30.153  2663  2785 D RILJ    : [UNSL]< UNSOL_EMERGENCY_NUMBER_LIST [EmergencyNumber:Number-911|CountryIso-|Mnc-|ServiceCategories-0|Urns-[]|Sources-1000|Routing-0, EmergencyNumber:Number-*911|CountryIso-|Mnc-|ServiceCategories-0|Urns-[]|Sources-1000|Routing-0, EmergencyNumber:Number-112|CountryIso-|Mnc-|ServiceCategories-0|Urns-[]|Sources-1000|Routing-0, EmergencyNumber:Number-#911|CountryIso-|Mnc-|ServiceCategories-0|Urns-[]|Sources-1000|Routing-0] [PHONE0]
02-21 10:12:30.155  2663  2663 D EmergencyNumberTracker: updateRadioEmergencyNumberListAndNotify(): receiving [EmergencyNumber:Number-#911|CountryIso-|Mnc-|ServiceCategories-0|Urns-[]|Sources-1000|Routing-0, EmergencyNumber:Number-*911|CountryIso-|Mnc-|ServiceCategories-0|Urns-[]|Sources-1000|Routing-0, EmergencyNumber:Number-112|CountryIso-|Mnc-|ServiceCategories-0|Urns-[]|Sources-1000|Routing-0, EmergencyNumber:Number-911|CountryIso-|Mnc-|ServiceCategories-0|Urns-[]|Sources-1000|Routing-0]
02-21 10:12:30.158  2663  2663 D SubscriptionController: [getSubId]- numSubIds == 0, return null slotIndex=0
02-21 10:12:30.158  2663  2663 D SubscriptionController: [getSubId]- numSubIds == 0, return null slotIndex=0
02-21 10:12:30.159  2663  2663 D EmergencyNumberTracker: notifyEmergencyNumberList(): notified
02-21 10:12:30.161  2663  2785 D RILJ    : [1906]< SIM_CLOSE_CHANNEL error 44 [PHONE1]
02-21 10:12:30.162  2663  2785 D RilRequest: [1906]< SIM_CLOSE_CHANNEL error: com.android.internal.telephony.CommandException: INVALID_ARGUMENTS ret= result={ when=-9h39m55s48ms what=0 obj=com.android.internal.telephony.uicc.euicc.apdu.ApduSender$4@2c87a57 target=android.os.Handler }
02-21 10:12:30.164  2663  2663 E CloseChan: CommandException
02-21 10:12:30.164  2663  2663 E CloseChan: com.android.internal.telephony.CommandException: INVALID_ARGUMENTS
02-21 10:12:30.164  2663  2663 E CloseChan: 	at com.android.internal.telephony.RILRequest.onError(RILRequest.java:236)
02-21 10:12:30.164  2663  2663 E CloseChan: 	at com.android.internal.telephony.RIL.processResponseDoneInternal(RIL.java:6249)
02-21 10:12:30.164  2663  2663 E CloseChan: 	at com.android.internal.telephony.RIL.processResponseDone(RIL.java:6218)
02-21 10:12:30.164  2663  2663 E CloseChan: 	at com.android.internal.telephony.RadioResponse.responseVoid(RadioResponse.java:2346)
02-21 10:12:30.164  2663  2663 E CloseChan: 	at com.android.internal.telephony.RadioResponse.iccCloseLogicalChannelResponse(RadioResponse.java:1513)
02-21 10:12:30.164  2663  2663 E CloseChan: 	at android.hardware.radio.V1_6.IRadioResponse$Stub.onTransact(IRadioResponse.java:5518)
02-21 10:12:30.180  2663  2785 D RILJ    : Unsol response received; Sending ack to ril.cpp [PHONE1]
02-21 10:12:30.180  2663  2785 D RILJ    : [UNSL]< UNSOL_SIM_REFRESH {2, , 0} [PHONE1]
02-21 10:12:30.180  2663  2663 D UiccController: handleMessage: Received SIM_REFRESH for phoneId 1
02-21 10:12:30.180  2663  2663 D UiccController: Received EVENT_SIM_REFRESH
02-21 10:12:30.181  2663  2785 D RILJ    : [UNSL]< UNSOL_EMERGENCY_NUMBER_LIST [EmergencyNumber:Number-911|CountryIso-|Mnc-|ServiceCategories-0|Urns-[]|Sources-1000|Routing-0, EmergencyNumber:Number-*911|CountryIso-|Mnc-|ServiceCategories-0|Urns-[]|Sources-1000|Routing-0, EmergencyNumber:Number-112|CountryIso-|Mnc-|ServiceCategories-0|Urns-[]|Sources-1000|Routing-0, EmergencyNumber:Number-#911|CountryIso-|Mnc-|ServiceCategories-0|Urns-[]|Sources-1000|Routing-0] [PHONE1]
02-21 10:12:30.181  2663  2663 D UiccController: onSimRefresh: index 1, {2, , 0}
02-21 10:12:30.181  2663  2663 D UiccCardApplication: APPTYPE_USIM being Disposed
