02-21 08:11:58.821  2663  2976 E PhoneSubInfoController: getLine1Number phone is null for Subscription:3
02-21 08:11:58.823  2663  2976 E PhoneSubInfoController: getLine1Number phone is null for Subscription:4
02-21 08:11:58.823  2663  2976 E PhoneSubInfoController: getLine1Number phone is null for Subscription:5
02-21 08:11:58.898  2663  2663 E CarrierPrivilegesTracker: Error getting installed package: com.google.android.trichromelibrary_447211483
02-21 08:11:58.898  2663  2663 E CarrierPrivilegesTracker: android.content.pm.PackageManager$NameNotFoundException: com.google.android.trichromelibrary_447211483
02-21 08:11:58.898  2663  2663 E CarrierPrivilegesTracker: 	at android.app.ApplicationPackageManager.getPackageInfoAsUser(ApplicationPackageManager.java:241)
02-21 08:11:58.898  2663  2663 E CarrierPrivilegesTracker: 	at android.app.ApplicationPackageManager.getPackageInfo(ApplicationPackageManager.java:213)
02-21 08:11:58.898  2663  2663 E CarrierPrivilegesTracker: 	at com.android.internal.telephony.CarrierPrivilegesTracker.handlePackageAddedOrReplaced(CarrierPrivilegesTracker.java:374)
02-21 08:11:58.898  2663  2663 E CarrierPrivilegesTracker: 	at com.android.internal.telephony.CarrierPrivilegesTracker.handleMessage(CarrierPrivilegesTracker.java:272)
02-21 08:11:58.898  2663  2663 E CarrierPrivilegesTracker: 	at android.os.Handler.dispatchMessage(Handler.java:106)
02-21 08:11:58.898  2663  2663 E CarrierPrivilegesTracker: 	at android.os.Looper.loopOnce(Looper.java:201)
02-21 08:11:58.898  2663  2663 E CarrierPrivilegesTracker: 	at android.os.Looper.loop(Looper.java:288)
02-21 08:11:58.898  2663  2663 E CarrierPrivilegesTracker: 	at android.app.ActivityThread.main(ActivityThread.java:7839)
02-21 08:11:58.898  2663  2663 E CarrierPrivilegesTracker: 	at java.lang.reflect.Method.invoke(Native Method)
02-21 08:11:58.898  2663  2663 E CarrierPrivilegesTracker: 	at com.android.internal.os.RuntimeInit$MethodAndArgsCaller.run(RuntimeInit.java:548)
02-21 08:11:58.898  2663  2663 E CarrierPrivilegesTracker: 	at com.android.internal.os.ZygoteInit.main(ZygoteInit.java:1003)
02-21 08:11:59.475  2663  2704 D RILJ    : [1807]> SIM_OPEN_CHANNEL [PHONE1]
02-21 08:11:59.489  2663  2785 D RILJ    : [1807]< SIM_OPEN_CHANNEL  [PHONE1]
02-21 08:11:59.490  2663  2663 V OpenChan: Response: Channel: 1 Status: 1
02-21 08:11:59.490  2663  2663 V TransApdu: Send: ApduCommand(channel=1, cla=128, ins=226, p1=145, p2=0, p3=16, cmd=BF2D0D5C0B5A909192B79F709599BF76)
02-21 08:11:59.491  2663  2663 D RILJ    : [1808]> SIM_TRANSMIT_APDU_CHANNEL [PHONE1]
02-21 08:11:59.574  2663  2785 D RILJ    : [1808]< SIM_TRANSMIT_APDU_CHANNEL  [PHONE1]
02-21 08:11:59.574  2663  2663 V TransApdu: Response: IccIoResult sw1:0x90 sw2:0x0 Payload: *******
02-21 08:11:59.574  2663  2663 V ApduSender: Full APDU response: IccIoResult sw1:0x90 sw2:0x0 Payload: *******
02-21 08:11:59.574  2663  2663 V CloseChan: Channel: 1
02-21 08:11:59.576  2663  2663 D RILJ    : [1809]> SIM_CLOSE_CHANNEL channel = 1 [PHONE1]
02-21 08:11:59.581  2663  2785 D RILJ    : [1809]< SIM_CLOSE_CHANNEL  [PHONE1]
02-21 08:11:59.660  2663  2955 D SubscriptionInfoUpdater: blockingGetEuiccProfileInfoList cardId 0
02-21 08:11:59.660  2663  2663 D SubscriptionInfoUpdater: updateEmbeddedSubscriptionsCache
02-21 08:11:59.660  2663  2663 D SubscriptionInfoUpdater: blockingGetEuiccProfileInfoList: got 1 profiles
02-21 08:11:59.661  2663  2663 D SubscriptionInfoUpdater: Get eUICC profile list of size 1
02-21 08:11:59.670  2663  2663 D SubscriptionInfoUpdater: embeddedProfile EuiccProfileInfo (nickname=Mint Mobile, serviceProviderName=Mint Mobile, profileName=Mint Mobile, profileClass=2, state=1, CarrierIdentifier=CarrierIdentifier{mcc=310,mnc=240,spn=null,imsi=null,gid1=756D,gid2=null,carrierid=-1,specificCarrierId=-1}, policyRules=0, accessRules=null) existing record found
02-21 08:11:59.679  2663  2976 D RILJ    : [1810]> SIM_OPEN_CHANNEL [PHONE1]
02-21 08:11:59.683  2663  2663 D SubscriptionInfoUpdater: updateEmbeddedSubscriptions done hasChanges=true
02-21 08:11:59.683  2663  2663 D SubscriptionController: notifySubscriptionInfoChanged:
02-21 08:11:59.691  2663  3069 D SubscriptionController: [getSubId]- numSubIds == 0, return null slotIndex=0
02-21 08:11:59.692  2663  3069 D SubscriptionController: [getActiveSubscriptionInfoForSimSlotIndex]+ slotIndex=0 subId=null
02-21 08:11:59.693  2663  2785 D RILJ    : [1810]< SIM_OPEN_CHANNEL  [PHONE1]
02-21 08:11:59.693  2663  2704 D SubscriptionController: [getActiveSubscriptionInfoForSimSlotIndex]+ slotIndex=1 subId={id=2 iccId=890124019[****] simSlotIndex=1 carrierId=1 displayName=Mint Mobile carrierName=No service nameSource=3 iconTint=-16746133 number=[****] dataRoaming=0 iconBitmap=android.graphics.Bitmap@646940a mcc=310 mnc=240 countryIso=us isEmbedded=true nativeAccessRules=null cardString=890490320[****] cardId=0 isOpportunistic=false groupUUID=null isGroupDisabled=false profileClass=2 ehplmns=[310260] hplmns=[310260, 310260, 310260] subscriptionType=0 groupOwner=null carrierConfigAccessRules=[cert: 27F96DBAB77B31F6953E4CD2C2DEFE15F5D7C78F073DD7162018EF476B097C34 pkg: null access: 0, cert: 3D1A4BEF6EE7AF7D34D120E7B1AAC0DD245585DE6237CF100F68333AFACFF562 pkg: null access: 0, cert: 92B5F8117FBD9BD5738FF168A4FA12CBE284BE834EDE1A7BB44DD8455BA15920 pkg: null access: 0] areUiccApplicationsEnabled=true}
02-21 08:11:59.698  2663  3069 D SubscriptionController: [getSubId]- numSubIds == 0, return null slotIndex=0
02-21 08:11:59.706  2663  3002 D ImsManagerIM [1]: Registration Callback registered.
02-21 08:11:59.711  2663  3080 E PhoneSubInfoController: getLine1Number phone is null for Subscription:1
02-21 08:11:59.715  2663  3080 E PhoneSubInfoController: getLine1Number phone is null for Subscription:3
02-21 08:11:59.719  2663  3080 E PhoneSubInfoController: getLine1Number phone is null for Subscription:4
02-21 08:11:59.720  2663  3080 E PhoneSubInfoController: getLine1Number phone is null for Subscription:5
02-21 08:11:59.724  2663  2663 D SST     : [0] SubscriptionListener.onSubscriptionInfoChanged
02-21 08:11:59.724  2663  2663 D SubscriptionController: [getSubId]- numSubIds == 0, return null slotIndex=0
02-21 08:11:59.724  2663  2663 D SubscriptionController: [getSubId]- numSubIds == 0, return null slotIndex=0
02-21 08:11:59.724  2663  2663 D SubscriptionController: [getSubId]- numSubIds == 0, return null slotIndex=0
02-21 08:11:59.727  2663  2663 D GsmCdmaPhone: [1] getVoiceMailNumber: from IccRecords number=[****]
02-21 08:11:59.732  2663  2663 D SubscriptionController: [getSubId]- numSubIds == 0, return null slotIndex=0
02-21 08:11:59.733  2663  2663 D Phone   : isImsRegistered =false
02-21 08:11:59.743  2663  2663 D Phone   : getImsRegistrationTechnology =-1
02-21 08:11:59.747  2663  2663 D ImsManagerIM [1]: isGbaValid - GBA capable=true, ISF=E200
02-21 08:11:59.760  2663  2663 D ImsManagerIM [1]: Registration Callback registered.
02-21 08:11:59.760  2663  2663 D SST     : [1] SubscriptionListener.onSubscriptionInfoChanged
02-21 08:11:59.762  2663  2663 V OpenChan: Response: Channel: 1 Status: 1
02-21 08:11:59.762  2663  2663 V TransApdu: Send: ApduCommand(channel=1, cla=128, ins=226, p1=145, p2=0, p3=16, cmd=BF2D0D5C0B5A909192B79F709599BF76)
02-21 08:11:59.763  2663  2663 D RILJ    : [1811]> SIM_TRANSMIT_APDU_CHANNEL [PHONE1]
02-21 08:11:59.763  2663  2663 D SubscriptionController: [getSubId]- numSubIds == 0, return null slotIndex=0
02-21 08:11:59.763  2663  2663 D SubscriptionController: [getSubId]- numSubIds == 0, return null slotIndex=0
02-21 08:11:59.764  2663  2663 D SubscriptionController: [getSubId]- numSubIds == 0, return null slotIndex=0
02-21 08:11:59.765  2663  2663 D SubscriptionController: [getSubId]- numSubIds == 0, return null slotIndex=0
02-21 08:11:59.767  2663  2663 D Phone   : isImsCapabilityAvailable, capability=0, regTech=1, isAvailable=false
02-21 08:11:59.767  2663  2663 D Phone   : isImsCapabilityAvailable, capability=1, regTech=1, isAvailable=false
02-21 08:11:59.767  2663  2663 D Phone   : isImsCapabilityAvailable, capability=2, regTech=1, isAvailable=false
02-21 08:11:59.768  2663  2663 D Phone   : getImsRegistrationTechnology =-1
02-21 08:11:59.771  2663  2663 D ImsManagerIM [1]: isGbaValid - GBA capable=true, ISF=E200
02-21 08:11:59.846  2663  2785 D RILJ    : [1811]< SIM_TRANSMIT_APDU_CHANNEL  [PHONE1]
02-21 08:11:59.846  2663  2663 V TransApdu: Response: IccIoResult sw1:0x90 sw2:0x0 Payload: *******
02-21 08:11:59.846  2663  2663 V ApduSender: Full APDU response: IccIoResult sw1:0x90 sw2:0x0 Payload: *******
02-21 08:11:59.846  2663  2663 V CloseChan: Channel: 1
02-21 08:11:59.848  2663  2663 D RILJ    : [1812]> SIM_CLOSE_CHANNEL channel = 1 [PHONE1]
02-21 08:11:59.851  2663  2785 D RILJ    : [1812]< SIM_CLOSE_CHANNEL  [PHONE1]
02-21 08:11:59.867  2663  2955 D SubscriptionInfoUpdater: blockingGetEuiccProfileInfoList cardId 0
02-21 08:11:59.867  2663  2663 D SubscriptionInfoUpdater: updateEmbeddedSubscriptionsCache
02-21 08:11:59.867  2663  2663 D SubscriptionInfoUpdater: blockingGetEuiccProfileInfoList: got 1 profiles
02-21 08:11:59.867  2663  2663 D SubscriptionInfoUpdater: Get eUICC profile list of size 1
02-21 08:11:59.871  2663  2663 D SubscriptionInfoUpdater: embeddedProfile EuiccProfileInfo (nickname=Mint Mobile, serviceProviderName=Mint Mobile, profileName=Mint Mobile, profileClass=2, state=1, CarrierIdentifier=CarrierIdentifier{mcc=310,mnc=240,spn=null,imsi=null,gid1=756D,gid2=null,carrierid=-1,specificCarrierId=-1}, policyRules=0, accessRules=null) existing record found
02-21 08:11:59.876  2663  2663 D SubscriptionInfoUpdater: updateEmbeddedSubscriptions done hasChanges=true
02-21 08:11:59.876  2663  2663 D SubscriptionController: notifySubscriptionInfoChanged:
02-21 08:11:59.880  2663  3004 D SubscriptionController: [getSubId]- numSubIds == 0, return null slotIndex=0
02-21 08:11:59.887  2663  2974 E PhoneSubInfoController: getLine1Number phone is null for Subscription:1
02-21 08:11:59.889  2663  2699 D SubscriptionController: [getSubId]- numSubIds == 0, return null slotIndex=0
02-21 08:11:59.891  2663  2974 E PhoneSubInfoController: getLine1Number phone is null for Subscription:3
02-21 08:11:59.891  2663  2663 D SST     : [0] SubscriptionListener.onSubscriptionInfoChanged
02-21 08:11:59.891  2663  2663 D SubscriptionController: [getSubId]- numSubIds == 0, return null slotIndex=0
02-21 08:11:59.891  2663  2663 D SubscriptionController: [getSubId]- numSubIds == 0, return null slotIndex=0
02-21 08:11:59.891  2663  2663 D SubscriptionController: [getSubId]- numSubIds == 0, return null slotIndex=0
02-21 08:11:59.891  2663  2663 D SST     : [1] SubscriptionListener.onSubscriptionInfoChanged
02-21 08:11:59.892  2663  2974 E PhoneSubInfoController: getLine1Number phone is null for Subscription:4
02-21 08:11:59.893  2663  2699 D SubscriptionController: [getActiveSubscriptionInfoForSimSlotIndex]+ slotIndex=0 subId=null
02-21 08:11:59.895  2663  2699 D SubscriptionController: [getActiveSubscriptionInfoForSimSlotIndex]+ slotIndex=1 subId={id=2 iccId=890124019[****] simSlotIndex=1 carrierId=1 displayName=Mint Mobile carrierName=No service nameSource=3 iconTint=-16746133 number=[****] dataRoaming=0 iconBitmap=android.graphics.Bitmap@eb413ba mcc=310 mnc=240 countryIso=us isEmbedded=true nativeAccessRules=null cardString=890490320[****] cardId=0 isOpportunistic=false groupUUID=null isGroupDisabled=false profileClass=2 ehplmns=[310260] hplmns=[310260, 310260, 310260] subscriptionType=0 groupOwner=null carrierConfigAccessRules=[cert: 27F96DBAB77B31F6953E4CD2C2DEFE15F5D7C78F073DD7162018EF476B097C34 pkg: null access: 0, cert: 3D1A4BEF6EE7AF7D34D120E7B1AAC0DD245585DE6237CF100F68333AFACFF562 pkg: null access: 0, cert: 92B5F8117FBD9BD5738FF168A4FA12CBE284BE834EDE1A7BB44DD8455BA15920 pkg: null access: 0] areUiccApplicationsEnabled=true}
02-21 08:11:59.896  2663  2974 E PhoneSubInfoController: getLine1Number phone is null for Subscription:5
02-21 08:11:59.900  2663  3001 D ImsManagerIM [1]: Registration Callback registered.
02-21 08:11:59.903  2663  2663 D GsmCdmaPhone: [1] getVoiceMailNumber: from IccRecords number=[****]
02-21 08:11:59.906  2663  2663 D SubscriptionController: [getSubId]- numSubIds == 0, return null slotIndex=0
02-21 08:11:59.907  2663  2663 D Phone   : isImsRegistered =false
02-21 08:11:59.910  2663  2663 D Phone   : getImsRegistrationTechnology =-1
02-21 08:11:59.913  2663  2663 D ImsManagerIM [1]: isGbaValid - GBA capable=true, ISF=E200
02-21 08:11:59.922  2663  2663 D ImsManagerIM [1]: Registration Callback registered.
02-21 08:11:59.923  2663  2663 D SubscriptionController: [getSubId]- numSubIds == 0, return null slotIndex=0
02-21 08:11:59.924  2663  2663 D SubscriptionController: [getSubId]- numSubIds == 0, return null slotIndex=0
02-21 08:11:59.924  2663  2663 D SubscriptionController: [getSubId]- numSubIds == 0, return null slotIndex=0
02-21 08:11:59.924  2663  2663 D SubscriptionController: [getSubId]- numSubIds == 0, return null slotIndex=0
02-21 08:11:59.926  2663  2663 D Phone   : isImsCapabilityAvailable, capability=0, regTech=1, isAvailable=false
02-21 08:11:59.926  2663  2663 D Phone   : isImsCapabilityAvailable, capability=1, regTech=1, isAvailable=false
02-21 08:11:59.926  2663  2663 D Phone   : isImsCapabilityAvailable, capability=2, regTech=1, isAvailable=false
02-21 08:11:59.928  2663  2663 D Phone   : getImsRegistrationTechnology =-1
02-21 08:11:59.931  2663  2663 D ImsManagerIM [1]: isGbaValid - GBA capable=true, ISF=E200
02-21 08:12:00.917  2663  3001 D SubscriptionController: [getSubId]- numSubIds == 0, return null slotIndex=0
02-21 08:12:00.924  2663  3001 D SubscriptionController: [getSubId]- numSubIds == 0, return null slotIndex=0
02-21 08:12:00.959  2663  3001 D SubscriptionController: [getSubId]- numSubIds == 0, return null slotIndex=0
02-21 08:12:01.004  2663  3080 D SubscriptionController: [getSubId]- numSubIds == 0, return null slotIndex=0
02-21 08:12:02.525  2663  2974 D IccProvider: [IccProvider] query
02-21 08:12:02.525  2663  2974 D IccProvider: [IccProvider] getRequestSubId url: content://icc/fdn/subId/2
02-21 08:12:02.526  2663  2974 D IccProvider: [IccProvider] loadFromEf: efType=0x6F3B, subscription=2
02-21 08:12:02.527  2663  2974 D IccPhoneBookIM: [IccPbInterfaceManager] getAdnRecordsInEF: efid=0x6F3B
02-21 08:12:02.527  2663  2974 D IccProvider: [IccProvider] adnRecords.size=15
02-21 08:12:04.099  2663  2663 D TelephonyNetworkFactory[1]: got request NetworkRequest [ REQUEST id=1973, [ Transports: CELLULAR Capabilities: INTERNET&NOT_RESTRICTED&TRUSTED&NOT_VPN&NOT_VCN_MANAGED Uid: 10113 RequestorUid: 10113 RequestorPkg: com.google.android.googlequicksearchbox UnderlyingNetworks: Null] ]
02-21 08:12:04.100  2663  2663 D TelephonyNetworkFactory[1]: onNeedNetworkFor NetworkRequest [ REQUEST id=1973, [ Transports: CELLULAR Capabilities: INTERNET&NOT_RESTRICTED&TRUSTED&NOT_VPN&NOT_VCN_MANAGED Uid: 10113 RequestorUid: 10113 RequestorPkg: com.google.android.googlequicksearchbox UnderlyingNetworks: Null] ] shouldApply true
02-21 08:12:04.100  2663  2663 D TelephonyNetworkFactory[0]: got request NetworkRequest [ REQUEST id=1973, [ Transports: CELLULAR Capabilities: INTERNET&NOT_RESTRICTED&TRUSTED&NOT_VPN&NOT_VCN_MANAGED Uid: 10113 RequestorUid: 10113 RequestorPkg: com.google.android.googlequicksearchbox UnderlyingNetworks: Null] ]
02-21 08:12:04.100  2663  2663 D DCT-C-1 : onEnableApn: apnType=default, request type=NORMAL
02-21 08:12:04.102  2663  2663 D DCT-C-1 : shouldRestrictDataForEcbm: isInEcm=false isInImsEcm=false
02-21 08:12:04.103  2663  2663 D DCT-C-1 : trySetupData for APN type default, reason: dataEnabled, requestType=NORMAL. Data disallowed reasons: NOT_ATTACHED
02-21 08:12:04.103  2663  2663 D DCT-C-1 : trySetupData failed. apnContext = [type=default, mState=IDLE, apnEnabled=true, mDependencyMet=true] 
02-21 08:12:04.103  2663  2663 D SubscriptionController: [getSubId]- numSubIds == 0, return null slotIndex=0
02-21 08:12:04.103  2663  2663 D TelephonyNetworkFactory[0]: onNeedNetworkFor NetworkRequest [ REQUEST id=1973, [ Transports: CELLULAR Capabilities: INTERNET&NOT_RESTRICTED&TRUSTED&NOT_VPN&NOT_VCN_MANAGED Uid: 10113 RequestorUid: 10113 RequestorPkg: com.google.android.googlequicksearchbox UnderlyingNetworks: Null] ] shouldApply false
02-21 08:12:04.912  2663  3080 D ImsManagerIM [1]: Registration Callback registered.
02-21 08:12:05.218  2663  2699 D SubscriptionController: [getSubId]- numSubIds == 0, return null slotIndex=0
02-21 08:12:06.903  2663  3080 D Phone   : isImsCapabilityAvailable, capability=1, regTech=1, isAvailable=false
02-21 08:12:06.909  2663  3080 D SubscriptionController: getSubscriptionProperty Query value = -1
02-21 08:12:06.910  2663  3080 D ImsManagerIM [1]: getWfcMode - setting=1
02-21 08:12:06.926  2663  3080 D SubscriptionController: getSubscriptionProperty Query value = -1
02-21 08:12:06.934  2663  3080 D Phone   : isImsCapabilityAvailable, capability=1, regTech=1, isAvailable=false
02-21 08:12:06.939  2663  3080 D SubscriptionController: getSubscriptionProperty Query value = -1
02-21 08:12:06.941  2663  3080 D ImsManagerIM [1]: getWfcMode - setting=1
02-21 08:12:06.954  2663  3080 D SubscriptionController: getSubscriptionProperty Query value = -1
02-21 08:12:08.391  2663  3080 D IccProvider: [IccProvider] query
02-21 08:12:08.391  2663  3080 D IccProvider: [IccProvider] getRequestSubId url: content://icc/adn/subId/2
02-21 08:12:08.391  2663  3080 D IccProvider: [IccProvider] loadFromEf: efType=0x6F3A, subscription=2
02-21 08:12:08.392  2663  3080 D IccPhoneBookIM: [IccPbInterfaceManager] getAdnRecordsInEF: efid=0x4F30
02-21 08:12:08.393  2663  3080 D IccProvider: [IccProvider] adnRecords.size=100
02-21 08:12:09.922  2663  2699 D ImsManagerIM [1]: Registration Callback registered.
02-21 08:12:14.931  2663  2699 D ImsManagerIM [1]: Registration Callback registered.
02-21 08:12:16.322  2663  2700 D SubscriptionController: [getSubId]- numSubIds == 0, return null slotIndex=0
02-21 08:12:16.809  2663  2700 D SubscriptionController: [getSubId]- numSubIds == 0, return null slotIndex=0
02-21 08:12:19.947  2663  2699 D ImsManagerIM [1]: Registration Callback registered.
02-21 08:12:24.962  2663  2700 D ImsManagerIM [1]: Registration Callback registered.
02-21 08:12:29.975  2663  2699 D ImsManagerIM [1]: Registration Callback registered.
02-21 08:12:34.987  2663  2974 D ImsManagerIM [1]: Registration Callback registered.
02-21 08:12:35.432  2663  2663 D RILJ    : [1813]> GET_CELL_INFO_LIST [PHONE0]
02-21 08:12:35.438  2663  2785 D RILJ    : [1813]< GET_CELL_INFO_LIST [CellInfoLte:{mRegistered=NO mTimeStamp=591736178411818ns mCellConnectionStatus=0 CellIdentityLte:{ mCi=14374422 mPci=282 mTac=14336 mEarfcn=66536 mBands=[] mBandwidth=20000 mMcc=311 mMnc=480 mAlphaLong=Verizon mAlphaShort=Verizon mAdditionalPlmns={} mCsgInfo=null} CellSignalStrengthLte: rssi=-51 rsrp=-79 rsrq=-11 rssnr=2147483647 cqiTableIndex=2147483647 cqi=2147483647 ta=2147483647 level=4 parametersUseForLevel=1 android.telephony.CellConfigLte :{ isEndcAvailable = false }}, CellInfoLte:{mRegistered=NO mTimeStamp=591736178411818ns mCellConnectionStatus=0 CellIdentityLte:{ mCi=2147483647 mPci=283 mTac=2147483647 mEarfcn=66536 mBands=[] mBandwidth=2147483647 mMcc=null mMnc=null mAlphaLong= mAlphaShort= mAdditionalPlmns={} mCsgInfo=null} CellSignalStrengthLte: rssi=-63 rsrp=-83 rsrq=-11 rssnr=2147483647 cqiTableIndex=2147483647 cqi=2147483647 ta=2147483647 level=4 parametersUseForLevel=1 android.telephony.CellConfigLte :{ isEndcAvailable = false }}] [PHONE0]
02-21 08:12:35.440  2663  2663 D SubscriptionController: [getSubId]- numSubIds == 0, return null slotIndex=0
02-21 08:12:35.441  2663  2663 D LocaleTracker-0: processCellInfo: cell info=[CellInfoLte:{mRegistered=NO mTimeStamp=591736178411818ns mCellConnectionStatus=0 CellIdentityLte:{ mCi=14374422 mPci=282 mTac=14336 mEarfcn=66536 mBands=[] mBandwidth=20000 mMcc=311 mMnc=480 mAlphaLong=Verizon mAlphaShort=Verizon mAdditionalPlmns={} mCsgInfo=null} CellSignalStrengthLte: rssi=-51 rsrp=-79 rsrq=-11 rssnr=2147483647 cqiTableIndex=2147483647 cqi=2147483647 ta=2147483647 level=4 parametersUseForLevel=1 android.telephony.CellConfigLte :{ isEndcAvailable = false }}, CellInfoLte:{mRegistered=NO mTimeStamp=591736178411818ns mCellConnectionStatus=0 CellIdentityLte:{ mCi=2147483647 mPci=283 mTac=2147483647 mEarfcn=66536 mBands=[] mBandwidth=2147483647 mMcc=null mMnc=null mAlphaLong= mAlphaShort= mAdditionalPlmns={} mCsgInfo=null} CellSignalStrengthLte: rssi=-63 rsrp=-83 rsrq=-11 rssnr=2147483647 cqiTableIndex=2147483647 cqi=2147483647 ta=2147483647 level=4 parametersUseForLevel=1 android.telephony.CellConfigLte :{ isEndcAvailable = false }}]
02-21 08:12:35.442  2663  2663 D LocaleTracker-0: updateLocale: countryIso = us, countryIsoDebugInfo = OperatorNumeric(311480): MccTable.countryCodeForMcc("311")
02-21 08:12:35.442  2663  2663 D LocaleTracker-0: updateLocale: timeZoneCountryIso = us, timeZoneCountryIsoDebugInfo = OperatorNumeric: MccTable.geoCountryCodeForMccMnc(MccMnc{mcc='311', mnc='480'})
02-21 08:12:35.442  2663  2663 D NewNitzStateMachineImpl: handleCountryDetected: countryIsoCode=us, mLatestNitzSignal=null
02-21 08:12:40.003  2663  2700 D ImsManagerIM [1]: Registration Callback registered.
02-21 08:12:42.177  2663  2974 D SubscriptionController: [getSubId]- numSubIds == 0, return null slotIndex=0
02-21 08:12:42.404  2663  2974 D SubscriptionController: [getSubId]- numSubIds == 0, return null slotIndex=0
02-21 08:12:42.797  2663  2974 D SubscriptionController: [getSubId]- numSubIds == 0, return null slotIndex=0
02-21 08:12:42.970  2663  2700 D SubscriptionController: [getSubId]- numSubIds == 0, return null slotIndex=0
02-21 08:12:45.028  2663  2700 D ImsManagerIM [1]: Registration Callback registered.
02-21 08:12:49.288  2663  2663 D TelephonyNetworkFactory[0]: onReleaseNetworkFor NetworkRequest [ REQUEST id=1973, [ Transports: CELLULAR Capabilities: INTERNET&NOT_RESTRICTED&TRUSTED&NOT_VPN&NOT_VCN_MANAGED Uid: 10113 RequestorUid: 10113 RequestorPkg: com.google.android.googlequicksearchbox UnderlyingNetworks: Null] ] applied false
02-21 08:12:49.289  2663  2663 D TelephonyNetworkFactory[1]: onReleaseNetworkFor NetworkRequest [ REQUEST id=1973, [ Transports: CELLULAR Capabilities: INTERNET&NOT_RESTRICTED&TRUSTED&NOT_VPN&NOT_VCN_MANAGED Uid: 10113 RequestorUid: 10113 RequestorPkg: com.google.android.googlequicksearchbox UnderlyingNetworks: Null] ] applied true
02-21 08:12:50.052  2663  2700 D ImsManagerIM [1]: Registration Callback registered.
02-21 08:12:55.068  2663  2699 D ImsManagerIM [1]: Registration Callback registered.
02-21 08:13:00.098  2663  2700 D ImsManagerIM [1]: Registration Callback registered.
02-21 08:13:05.121  2663  2700 D ImsManagerIM [1]: Registration Callback registered.
02-21 08:13:09.605  1061  1061 I GRIL-Q  : qmi_vs_send_device_state_req completed 0, 0
02-21 08:13:10.143  2663  2699 D ImsManagerIM [1]: Registration Callback registered.
02-21 08:13:15.172  2663  2700 D ImsManagerIM [1]: Registration Callback registered.
02-21 08:13:20.198  2663  2699 D ImsManagerIM [1]: Registration Callback registered.
02-21 08:13:25.229  2663  2699 D ImsManagerIM [1]: Registration Callback registered.
02-21 08:13:29.902  2663  2699 D SubscriptionController: [getSubId]- numSubIds == 0, return null slotIndex=0
02-21 08:13:29.904  2663  2699 D SubscriptionController: [getActiveSubscriptionInfoForSimSlotIndex]+ slotIndex=0 subId=null
02-21 08:13:29.908  2663  2699 D SubscriptionController: [getActiveSubscriptionInfoForSimSlotIndex]+ slotIndex=1 subId={id=2 iccId=890124019[****] simSlotIndex=1 carrierId=1 displayName=Mint Mobile carrierName=No service nameSource=3 iconTint=-16746133 number=[****] dataRoaming=0 iconBitmap=android.graphics.Bitmap@eb413ba mcc=310 mnc=240 countryIso=us isEmbedded=true nativeAccessRules=null cardString=890490320[****] cardId=0 isOpportunistic=false groupUUID=null isGroupDisabled=false profileClass=2 ehplmns=[310260] hplmns=[310260, 310260, 310260] subscriptionType=0 groupOwner=null carrierConfigAccessRules=[cert: 27F96DBAB77B31F6953E4CD2C2DEFE15F5D7C78F073DD7162018EF476B097C34 pkg: null access: 0, cert: 3D1A4BEF6EE7AF7D34D120E7B1AAC0DD245585DE6237CF100F68333AFACFF562 pkg: null access: 0, cert: 92B5F8117FBD9BD5738FF168A4FA12CBE284BE834EDE1A7BB44DD8455BA15920 pkg: null access: 0] areUiccApplicationsEnabled=true}
02-21 08:13:29.912  2663  2700 D SubscriptionController: [getSubId]- numSubIds == 0, return null slotIndex=0
02-21 08:13:29.916  2663  2700 D SubscriptionController: [getActiveSubscriptionInfoForSimSlotIndex]+ slotIndex=0 subId=null
02-21 08:13:29.920  2663  2699 D SubscriptionController: [getActiveSubscriptionInfoForSimSlotIndex]+ slotIndex=1 subId={id=2 iccId=890124019[****] simSlotIndex=1 carrierId=1 displayName=Mint Mobile carrierName=No service nameSource=3 iconTint=-16746133 number=[****] dataRoaming=0 iconBitmap=android.graphics.Bitmap@eb413ba mcc=310 mnc=240 countryIso=us isEmbedded=true nativeAccessRules=null cardString=890490320[****] cardId=0 isOpportunistic=false groupUUID=null isGroupDisabled=false profileClass=2 ehplmns=[310260] hplmns=[310260, 310260, 310260] subscriptionType=0 groupOwner=null carrierConfigAccessRules=[cert: 27F96DBAB77B31F6953E4CD2C2DEFE15F5D7C78F073DD7162018EF476B097C34 pkg: null access: 0, cert: 3D1A4BEF6EE7AF7D34D120E7B1AAC0DD245585DE6237CF100F68333AFACFF562 pkg: null access: 0, cert: 92B5F8117FBD9BD5738FF168A4FA12CBE284BE834EDE1A7BB44DD8455BA15920 pkg: null access: 0] areUiccApplicationsEnabled=true}
02-21 08:13:30.260  2663  2699 D ImsManagerIM [1]: Registration Callback registered.
02-21 08:13:35.289  2663  2699 D ImsManagerIM [1]: Registration Callback registered.
02-21 08:13:39.218  1061  1061 I GRIL-Q  : qmi_vs_scone_activity_input_req completed 0, 0
02-21 08:13:40.313  2663  2700 D ImsManagerIM [1]: Registration Callback registered.
02-21 08:13:41.907  1061  1061 I GRIL-Q  : qmi_vs_send_device_state_req completed 0, 0
02-21 08:13:45.336  2663  2699 D ImsManagerIM [1]: Registration Callback registered.
02-21 08:13:50.355  2663  2700 D ImsManagerIM [1]: Registration Callback registered.
02-21 08:13:55.369  2663  2700 D ImsManagerIM [1]: Registration Callback registered.
02-21 08:13:56.230  1061  1061 I GRIL-Q  : qmi_vs_send_device_state_req completed 0, 0
02-21 08:14:00.253  2663  2700 D SubscriptionController: [getActiveSubscriptionInfo]- subId=3 subList=[{id=2 iccId=890124019[****] simSlotIndex=1 carrierId=1 displayName=Mint Mobile carrierName=No service nameSource=3 iconTint=-16746133 number=[****] dataRoaming=0 iconBitmap=android.graphics.Bitmap@eb413ba mcc=310 mnc=240 countryIso=us isEmbedded=true nativeAccessRules=null cardString=890490320[****] cardId=0 isOpportunistic=false groupUUID=null isGroupDisabled=false profileClass=2 ehplmns=[310260] hplmns=[310260, 310260, 310260] subscriptionType=0 groupOwner=null carrierConfigAccessRules=[cert: 27F96DBAB77B31F6953E4CD2C2DEFE15F5D7C78F073DD7162018EF476B097C34 pkg: null access: 0, cert: 3D1A4BEF6EE7AF7D34D120E7B1AAC0DD245585DE6237CF100F68333AFACFF562 pkg: null access: 0, cert: 92B5F8117FBD9BD5738FF168A4FA12CBE284BE834EDE1A7BB44DD8455BA15920 pkg: null access: 0] areUiccApplicationsEnabled=true}] subInfo=null
02-21 08:14:00.257  2663  2700 D SubscriptionController: [getActiveSubscriptionInfo]- subId=3 subList=[{id=2 iccId=890124019[****] simSlotIndex=1 carrierId=1 displayName=Mint Mobile carrierName=No service nameSource=3 iconTint=-16746133 number=[****] dataRoaming=0 iconBitmap=android.graphics.Bitmap@eb413ba mcc=310 mnc=240 countryIso=us isEmbedded=true nativeAccessRules=null cardString=890490320[****] cardId=0 isOpportunistic=false groupUUID=null isGroupDisabled=false profileClass=2 ehplmns=[310260] hplmns=[310260, 310260, 310260] subscriptionType=0 groupOwner=null carrierConfigAccessRules=[cert: 27F96DBAB77B31F6953E4CD2C2DEFE15F5D7C78F073DD7162018EF476B097C34 pkg: null access: 0, cert: 3D1A4BEF6EE7AF7D34D120E7B1AAC0DD245585DE6237CF100F68333AFACFF562 pkg: null access: 0, cert: 92B5F8117FBD9BD5738FF168A4FA12CBE284BE834EDE1A7BB44DD8455BA15920 pkg: null access: 0] areUiccApplicationsEnabled=true}] subInfo=null
02-21 08:14:00.258  2663  2699 D SubscriptionController: [getActiveSubscriptionInfo]- subId=3 subList=[{id=2 iccId=890124019[****] simSlotIndex=1 carrierId=1 displayName=Mint Mobile carrierName=No service nameSource=3 iconTint=-16746133 number=[****] dataRoaming=0 iconBitmap=android.graphics.Bitmap@eb413ba mcc=310 mnc=240 countryIso=us isEmbedded=true nativeAccessRules=null cardString=890490320[****] cardId=0 isOpportunistic=false groupUUID=null isGroupDisabled=false profileClass=2 ehplmns=[310260] hplmns=[310260, 310260, 310260] subscriptionType=0 groupOwner=null carrierConfigAccessRules=[cert: 27F96DBAB77B31F6953E4CD2C2DEFE15F5D7C78F073DD7162018EF476B097C34 pkg: null access: 0, cert: 3D1A4BEF6EE7AF7D34D120E7B1AAC0DD245585DE6237CF100F68333AFACFF562 pkg: null access: 0, cert: 92B5F8117FBD9BD5738FF168A4FA12CBE284BE834EDE1A7BB44DD8455BA15920 pkg: null access: 0] areUiccApplicationsEnabled=true}] subInfo=null
02-21 08:14:00.284  2663  2699 D SubscriptionController: [getActiveSubscriptionInfo]- subId=4 subList=[{id=2 iccId=890124019[****] simSlotIndex=1 carrierId=1 displayName=Mint Mobile carrierName=No service nameSource=3 iconTint=-16746133 number=[****] dataRoaming=0 iconBitmap=android.graphics.Bitmap@eb413ba mcc=310 mnc=240 countryIso=us isEmbedded=true nativeAccessRules=null cardString=890490320[****] cardId=0 isOpportunistic=false groupUUID=null isGroupDisabled=false profileClass=2 ehplmns=[310260] hplmns=[310260, 310260, 310260] subscriptionType=0 groupOwner=null carrierConfigAccessRules=[cert: 27F96DBAB77B31F6953E4CD2C2DEFE15F5D7C78F073DD7162018EF476B097C34 pkg: null access: 0, cert: 3D1A4BEF6EE7AF7D34D120E7B1AAC0DD245585DE6237CF100F68333AFACFF562 pkg: null access: 0, cert: 92B5F8117FBD9BD5738FF168A4FA12CBE284BE834EDE1A7BB44DD8455BA15920 pkg: null access: 0] areUiccApplicationsEnabled=true}] subInfo=null
02-21 08:14:00.288  2663  2699 D SubscriptionController: [getActiveSubscriptionInfo]- subId=4 subList=[{id=2 iccId=890124019[****] simSlotIndex=1 carrierId=1 displayName=Mint Mobile carrierName=No service nameSource=3 iconTint=-16746133 number=[****] dataRoaming=0 iconBitmap=android.graphics.Bitmap@eb413ba mcc=310 mnc=240 countryIso=us isEmbedded=true nativeAccessRules=null cardString=890490320[****] cardId=0 isOpportunistic=false groupUUID=null isGroupDisabled=false profileClass=2 ehplmns=[310260] hplmns=[310260, 310260, 310260] subscriptionType=0 groupOwner=null carrierConfigAccessRules=[cert: 27F96DBAB77B31F6953E4CD2C2DEFE15F5D7C78F073DD7162018EF476B097C34 pkg: null access: 0, cert: 3D1A4BEF6EE7AF7D34D120E7B1AAC0DD245585DE6237CF100F68333AFACFF562 pkg: null access: 0, cert: 92B5F8117FBD9BD5738FF168A4FA12CBE284BE834EDE1A7BB44DD8455BA15920 pkg: null access: 0] areUiccApplicationsEnabled=true}] subInfo=null
02-21 08:14:00.289  2663  2700 D SubscriptionController: [getActiveSubscriptionInfo]- subId=4 subList=[{id=2 iccId=890124019[****] simSlotIndex=1 carrierId=1 displayName=Mint Mobile carrierName=No service nameSource=3 iconTint=-16746133 number=[****] dataRoaming=0 iconBitmap=android.graphics.Bitmap@eb413ba mcc=310 mnc=240 countryIso=us isEmbedded=true nativeAccessRules=null cardString=890490320[****] cardId=0 isOpportunistic=false groupUUID=null isGroupDisabled=false profileClass=2 ehplmns=[310260] hplmns=[310260, 310260, 310260] subscriptionType=0 groupOwner=null carrierConfigAccessRules=[cert: 27F96DBAB77B31F6953E4CD2C2DEFE15F5D7C78F073DD7162018EF476B097C34 pkg: null access: 0, cert: 3D1A4BEF6EE7AF7D34D120E7B1AAC0DD245585DE6237CF100F68333AFACFF562 pkg: null access: 0, cert: 92B5F8117FBD9BD5738FF168A4FA12CBE284BE834EDE1A7BB44DD8455BA15920 pkg: null access: 0] areUiccApplicationsEnabled=true}] subInfo=null
02-21 08:14:00.393  2663  2700 D ImsManagerIM [1]: Registration Callback registered.
02-21 08:14:17.895  1061  1061 I GRIL-Q  : qmi_vs_send_device_state_req completed 0, 0
02-21 08:14:22.285  2663  2699 D ImsManagerIM [1]: Registration Callback registered.
02-21 08:14:41.144  1061  1061 I GRIL-Q  : qmi_vs_send_device_state_req completed 0, 0
02-21 08:14:45.122  2663  2699 D ImsManagerIM [1]: Registration Callback registered.
02-21 08:16:08.880  1061  1061 I GRIL-Q  : qmi_vs_send_device_state_req completed 0, 0
02-21 08:16:09.590  2663  2699 D ImsManagerIM [1]: Registration Callback registered.
02-21 08:17:58.308  1061  1061 I GRIL-Q  : qmi_vs_send_device_state_req completed 0, 0
02-21 08:18:01.908  1061  1061 I GRIL-Q  : qmi_vs_send_device_state_req completed 0, 0
02-21 08:18:02.080  2663  2699 D ImsManagerIM [1]: Registration Callback registered.
02-21 08:18:52.715  1061  1061 I GRIL-Q  : qmi_vs_send_device_state_req completed 0, 0
02-21 08:19:08.133  1061  1061 I GRIL-Q  : qmi_vs_send_device_state_req completed 0, 0
02-21 08:19:27.944  1061  1061 I GRIL-Q  : qmi_vs_send_device_state_req completed 0, 0
02-21 08:30:29.072  2663  3004 D ImsManagerIM [1]: Registration Callback registered.
02-21 08:32:21.523  1061  1061 I GRIL-Q  : qmi_vs_send_device_state_req completed 0, 0
02-21 08:32:43.965  1061  1061 I GRIL-Q  : qmi_vs_send_device_state_req completed 0, 0
02-21 08:32:52.519  2663  2700 D Phone   : isImsCapabilityAvailable, capability=1, regTech=1, isAvailable=false
02-21 08:32:52.535  2663  2700 D SubscriptionController: getSubscriptionProperty Query value = -1
02-21 08:32:52.536  2663  2700 D ImsManagerIM [1]: getWfcMode - setting=1
02-21 08:32:52.574  2663  2700 D SubscriptionController: getSubscriptionProperty Query value = -1
02-21 08:32:52.598  2663  2953 D Phone   : isImsCapabilityAvailable, capability=1, regTech=1, isAvailable=false
02-21 08:32:52.606  2663  2953 D SubscriptionController: getSubscriptionProperty Query value = -1
02-21 08:32:52.613  2663  2953 D ImsManagerIM [1]: getWfcMode - setting=1
02-21 08:32:52.643  1061  1061 I GRIL-Q  : qmi_vs_scone_activity_input_req completed 0, 0
02-21 08:32:52.644  2663  2953 D SubscriptionController: getSubscriptionProperty Query value = -1
02-21 08:32:52.672  1061  1061 I GRIL-Q  : qmi_vs_scone_activity_input_req completed 0, 0
02-21 08:32:52.681  1061  1061 I GRIL-Q  : qmi_vs_scone_activity_input_req completed 0, 0
02-21 08:32:52.690  1061  1061 I GRIL-Q  : qmi_vs_scone_activity_input_req completed 0, 0
02-21 08:32:52.702  1061  1061 I GRIL-Q  : qmi_vs_scone_activity_input_req completed 0, 0
02-21 08:32:52.718  1061  1061 I GRIL-Q  : qmi_vs_scone_activity_input_req completed 0, 0
02-21 08:32:52.725  1061  1061 I GRIL-Q  : qmi_vs_scone_activity_input_req completed 0, 0
02-21 08:32:52.733  1061  1061 I GRIL-Q  : qmi_vs_scone_activity_input_req completed 0, 0
02-21 08:32:55.449  2663  3002 D ImsManagerIM [1]: Registration Callback registered.
02-21 08:32:56.142  2663  2953 D SubscriptionController: [getSubId]- numSubIds == 0, return null slotIndex=0
02-21 08:32:56.207  2663  2953 D SubscriptionController: [getSubId]- numSubIds == 0, return null slotIndex=0
02-21 08:32:56.296  2663  2953 D SubscriptionController: [getSubId]- numSubIds == 0, return null slotIndex=0
02-21 08:32:56.590  2663  2953 D SubscriptionController: [getSubId]- numSubIds == 0, return null slotIndex=0
02-21 08:32:59.050  2663  2953 D IccProvider: [IccProvider] query
02-21 08:32:59.050  2663  2953 D IccProvider: [IccProvider] getRequestSubId url: content://icc/fdn/subId/2
02-21 08:32:59.050  2663  2953 D IccProvider: [IccProvider] loadFromEf: efType=0x6F3B, subscription=2
02-21 08:32:59.051  2663  2953 D IccPhoneBookIM: [IccPbInterfaceManager] getAdnRecordsInEF: efid=0x6F3B
02-21 08:32:59.052  2663  2953 D IccProvider: [IccProvider] adnRecords.size=15
02-21 08:33:00.462  2663  2953 D ImsManagerIM [1]: Registration Callback registered.
02-21 08:33:01.698  2663  2953 D SubscriptionController: [getSubId]- numSubIds == 0, return null slotIndex=0
02-21 08:33:05.491  2663  2700 D ImsManagerIM [1]: Registration Callback registered.
02-21 08:33:10.513  2663  2700 D ImsManagerIM [1]: Registration Callback registered.
02-21 08:33:11.038  2663  2700 D SubscriptionController: [getSubId]- numSubIds == 0, return null slotIndex=0
02-21 08:40:28.569  2663  2700 D SubscriptionController: [getSubId]- numSubIds == 0, return null slotIndex=0
02-21 08:40:28.645  2663  2700 D SubscriptionController: [getSubId]- numSubIds == 0, return null slotIndex=0
02-21 08:40:28.665  2663  3068 D ImsManagerIM [1]: Registration Callback registered.
02-21 08:40:28.691  2663  3068 D SubscriptionController: [getSubId]- numSubIds == 0, return null slotIndex=0
02-21 08:40:28.723  2663  3068 D SubscriptionController: [getSubId]- numSubIds == 0, return null slotIndex=0
02-21 08:46:35.700  2663  2700 D ImsManagerIM [1]: Registration Callback registered.
02-21 08:46:36.170  2663  3068 D SubscriptionController: [getSubId]- numSubIds == 0, return null slotIndex=0
02-21 08:56:05.501  2663  2700 D Phone   : isImsCapabilityAvailable, capability=1, regTech=1, isAvailable=false
02-21 08:56:05.517  2663  2700 D SubscriptionController: getSubscriptionProperty Query value = -1
02-21 08:56:05.524  2663  2700 D ImsManagerIM [1]: getWfcMode - setting=1
02-21 08:56:05.570  2663  3069 D SubscriptionController: getSubscriptionProperty Query value = -1
02-21 08:56:05.580  2663  2983 D Phone   : isImsCapabilityAvailable, capability=1, regTech=1, isAvailable=false
02-21 08:56:05.592  2663  2983 D SubscriptionController: getSubscriptionProperty Query value = -1
02-21 08:56:05.594  2663  2983 D ImsManagerIM [1]: getWfcMode - setting=1
02-21 08:56:05.596  2663  2663 D RILJ    : [1814]> GET_CELL_INFO_LIST [PHONE1]
02-21 08:56:05.598  2663  2785 D RILJ    : [1814]< GET_CELL_INFO_LIST [] [PHONE1]
02-21 08:56:05.599  2663  2663 D LocaleTracker-1: processCellInfo: cell info=[]
02-21 08:56:05.600  2663  2663 D LocaleTracker-1: updateLocale: countryIso = , countryIsoDebugInfo = empty as default
02-21 08:56:05.600  2663  2663 D LocaleTracker-1: updateLocale: timeZoneCountryIso = , timeZoneCountryIsoDebugInfo = Defaulted: empty as default
02-21 08:56:05.600  2663  2663 D NewNitzStateMachineImpl: handleCountryUnavailable: mLatestNitzSignal=null
02-21 08:56:05.603  2663  2663 D NewNitzStateMachineImpl: doTimeZoneDetection: countryIsoCode=null, nitzSignal=null, suggestion=TelephonyTimeZoneSuggestion{mSlotIndex=1, mZoneId='null', mMatchType=0, mQuality=0, mDebugInfo=[getTimeZoneSuggestion: nitzSignal=null, countryIsoCode=null, Detection reason=handleCountryUnavailable()]}, reason=handleCountryUnavailable()
02-21 08:56:05.635  2663  2983 D SubscriptionController: getSubscriptionProperty Query value = -1
02-21 08:56:05.741  2663  2983 D ImsManagerIM [1]: Registration Callback registered.
02-21 08:56:10.752  2663  2700 D ImsManagerIM [1]: Registration Callback registered.
02-21 08:56:15.771  2663  3004 D ImsManagerIM [1]: Registration Callback registered.
02-21 08:57:52.946  2663  2974 D ImsManagerIM [1]: Registration Callback registered.
02-21 08:57:57.977  2663  3004 D ImsManagerIM [1]: Registration Callback registered.
02-21 08:58:02.718  2663  2663 D RILJ    : [1815]> GET_CELL_INFO_LIST [PHONE1]
02-21 08:58:02.721  2663  2785 D RILJ    : [1815]< GET_CELL_INFO_LIST [] [PHONE1]
02-21 08:58:02.722  2663  2663 D LocaleTracker-1: processCellInfo: cell info=[]
02-21 08:58:02.722  2663  2663 D LocaleTracker-1: updateLocale: countryIso = , countryIsoDebugInfo = empty as default
02-21 08:58:02.722  2663  2663 D LocaleTracker-1: updateLocale: timeZoneCountryIso = , timeZoneCountryIsoDebugInfo = Defaulted: empty as default
02-21 08:58:02.722  2663  2663 D NewNitzStateMachineImpl: handleCountryUnavailable: mLatestNitzSignal=null
02-21 08:58:02.723  2663  2663 D NewNitzStateMachineImpl: doTimeZoneDetection: countryIsoCode=null, nitzSignal=null, suggestion=TelephonyTimeZoneSuggestion{mSlotIndex=1, mZoneId='null', mMatchType=0, mQuality=0, mDebugInfo=[getTimeZoneSuggestion: nitzSignal=null, countryIsoCode=null, Detection reason=handleCountryUnavailable()]}, reason=handleCountryUnavailable()
02-21 08:58:03.003  2663  2974 D ImsManagerIM [1]: Registration Callback registered.
02-21 08:58:08.028  2663  2974 D ImsManagerIM [1]: Registration Callback registered.
02-21 08:59:33.988  2663  3004 D ImsManagerIM [1]: Registration Callback registered.
02-21 09:00:00.555  2663  2663 D RILJ    : [1816]> GET_ACTIVITY_INFO [PHONE1]
02-21 09:00:00.558  2663  2785 D RILJ    : [1816]< GET_ACTIVITY_INFO ModemActivityInfo{ mTimestamp=594581298 mSleepTimeMs=3360486 mIdleTimeMs=195312 mTxTimeMs[]=[0, 0, 0, 0, 0] mRxTimeMs=44692} [PHONE1]
02-21 09:00:05.146  2663  3004 D ImsManagerIM [1]: Registration Callback registered.
02-21 09:04:44.000  2663  3004 D ImsManagerIM [1]: Registration Callback registered.
02-21 09:08:12.455  2663  2975 D ImsManagerIM [1]: Registration Callback registered.
02-21 09:30:30.768  2663  2975 D ImsManagerIM [1]: Registration Callback registered.
02-21 09:47:06.905  1061  1061 I GRIL-Q  : qmi_vs_send_device_state_req completed 0, 0
02-21 09:47:17.372  1061  1061 I GRIL-Q  : qmi_vs_send_device_state_req completed 0, 0
02-21 09:47:17.376  2663  2663 D RILJ    : [1817]> SEND_DEVICE_STATE 2:false [PHONE0]
02-21 09:47:17.378  2663  2663 D RILJ    : [1818]> SET_UNSOLICITED_RESPONSE_FILTER 127 [PHONE0]
02-21 09:47:17.380  2663  2663 D RILJ    : [1819]> SEND_DEVICE_STATE 2:false [PHONE1]
02-21 09:47:17.381  2663  2663 D RILJ    : [1820]> SET_UNSOLICITED_RESPONSE_FILTER 127 [PHONE1]
02-21 09:47:17.381  2663  2663 D SubscriptionController: [getSubId]- numSubIds == 0, return null slotIndex=0
02-21 09:47:17.383  2663  2663 D SubscriptionController: [getSubId]- numSubIds == 0, return null slotIndex=0
02-21 09:47:17.383  2663  2663 D SubscriptionController: [getSubId]- numSubIds == 0, return null slotIndex=0
02-21 09:47:17.384  2663  2785 D RILJ    : [1817]< SEND_DEVICE_STATE  [PHONE0]
02-21 09:47:17.385  2663  2663 D RILJ    : [1821]> SET_SIGNAL_STRENGTH_REPORTING_CRITERIA [PHONE0]
02-21 09:47:17.385  2663  2663 D SubscriptionController: [getSubId]- numSubIds == 0, return null slotIndex=0
02-21 09:47:17.385  2663  2663 D SubscriptionController: [getSubId]- numSubIds == 0, return null slotIndex=0
02-21 09:47:17.385  2663  2785 D RILJ    : [1819]< SEND_DEVICE_STATE  [PHONE1]
02-21 09:47:17.385  2663  2663 D RILJ    : [1822]> SET_SIGNAL_STRENGTH_REPORTING_CRITERIA [PHONE0]
02-21 09:47:17.385  2663  2663 D SubscriptionController: [getSubId]- numSubIds == 0, return null slotIndex=0
02-21 09:47:17.385  2663  2663 D SubscriptionController: [getSubId]- numSubIds == 0, return null slotIndex=0
02-21 09:47:17.386  2663  2663 D RILJ    : [1823]> SET_SIGNAL_STRENGTH_REPORTING_CRITERIA [PHONE0]
02-21 09:47:17.386  2663  2663 D NetworkTypeController: [0] LegacyState: process EVENT_PHYSICAL_CHANNEL_CONFIG_NOTIF_CHANGED
02-21 09:47:17.386  2663  2663 D NetworkTypeController: [0] DefaultState: process EVENT_PHYSICAL_CHANNEL_CONFIG_NOTIF_CHANGED
02-21 09:47:17.387  2663  2663 D NetworkTypeController: [0] mIsPhysicalChannelConfigOn changed to: true
02-21 09:47:17.392  2663  2663 D RILJ    : [1824]> SET_SIGNAL_STRENGTH_REPORTING_CRITERIA [PHONE1]
02-21 09:47:17.394  2663  2785 D RILJ    : [1821]< SET_SIGNAL_STRENGTH_REPORTING_CRITERIA  [PHONE0]
02-21 09:47:17.395  2663  2663 D RILJ    : [1825]> SET_SIGNAL_STRENGTH_REPORTING_CRITERIA [PHONE1]
02-21 09:47:17.396  2663  2663 D RILJ    : [1826]> SET_SIGNAL_STRENGTH_REPORTING_CRITERIA [PHONE1]
02-21 09:47:17.396  2663  2663 D NetworkTypeController: [1] LegacyState: process EVENT_PHYSICAL_CHANNEL_CONFIG_NOTIF_CHANGED
02-21 09:47:17.396  2663  2663 D NetworkTypeController: [1] Remove all timers
02-21 09:47:17.396  2663  2663 D NetworkTypeController: [1] DefaultState: process EVENT_PHYSICAL_CHANNEL_CONFIG_NOTIF_CHANGED
02-21 09:47:17.397  2663  2663 D NetworkTypeController: [1] mIsPhysicalChannelConfigOn changed to: true
02-21 09:47:17.407  2663  2785 D RILJ    : Unsol response received; Sending ack to ril.cpp [PHONE0]
02-21 09:47:17.408  2663  2785 D RILJ    : [UNSL]< UNSOL_RESPONSE_NETWORK_STATE_CHANGED [PHONE0]
02-21 09:47:17.409  2663  3019 D NRM-C-0 : onNetworkStateChanged
02-21 09:47:17.409  2663  2663 D SST     : [0] pollState: modemTriggered=true
02-21 09:47:17.409  2663  2785 D RILJ    : Unsol response received; Sending ack to ril.cpp [PHONE1]
02-21 09:47:17.410  2663  2785 D RILJ    : [UNSL]< UNSOL_RESPONSE_NETWORK_STATE_CHANGED [PHONE1]
02-21 09:47:17.410  2663  3019 D NRM-C-1 : onNetworkStateChanged
02-21 09:47:17.410  2663  2663 D RILJ    : [1829]> OPERATOR [PHONE0]
02-21 09:47:17.411  2663  2663 D RILJ    : [1830]> QUERY_NETWORK_SELECTION_MODE [PHONE0]
02-21 09:47:17.412  2663  2663 D SST     : [1] pollState: modemTriggered=true
02-21 09:47:17.412  2663  2785 D RILJ    : [1822]< SET_SIGNAL_STRENGTH_REPORTING_CRITERIA  [PHONE0]
02-21 09:47:17.412  2663  2785 D RILJ    : [1823]< SET_SIGNAL_STRENGTH_REPORTING_CRITERIA  [PHONE0]
02-21 09:47:17.413  2663  3019 D RILJ    : [1831]> DATA_REGISTRATION_STATE [PHONE0]
02-21 09:47:17.413  2663  3019 D RILJ    : getDataRegistrationState: overrideHalVersion=null [PHONE0]
02-21 09:47:17.413  2663  2663 D RILJ    : [1832]> OPERATOR [PHONE1]
02-21 09:47:17.414  2663  2663 D RILJ    : [1833]> QUERY_NETWORK_SELECTION_MODE [PHONE1]
02-21 09:47:17.415  2663  2663 D SubscriptionController: [getSubId]- numSubIds == 0, return null slotIndex=0
02-21 09:47:17.415  2663  3019 D RILJ    : [1834]> VOICE_REGISTRATION_STATE [PHONE0]
02-21 09:47:17.415  2663  3019 D RILJ    : getVoiceRegistrationState: overrideHalVersion=null [PHONE0]
02-21 09:47:17.416  2663  2785 D RILJ    : [UNSL]< UNSOL_PHYSICAL_CHANNEL_CONFIG [{mConnectionStatus=PrimaryServing,mCellBandwidthDownlinkKhz=20000,mCellBandwidthUplinkKhz=0,mNetworkType=UNKNOWN,mFrequencyRange=LOW,mDownlinkChannelNumber=2147483647,mUplinkChannelNumber=2147483647,mContextIds=[],mPhysicalCellId=432,mBand=0,mDownlinkFrequency=0,mUplinkFrequency=0}] [PHONE0]
02-21 09:47:17.416  2663  2663 D SubscriptionController: [getSubId]- numSubIds == 0, return null slotIndex=0
02-21 09:47:17.416  2663  2785 D RILJ    : [1824]< SET_SIGNAL_STRENGTH_REPORTING_CRITERIA  [PHONE1]
02-21 09:47:17.417  2663  3019 D RILJ    : [1835]> DATA_REGISTRATION_STATE [PHONE1]
02-21 09:47:17.417  2663  3019 D RILJ    : getDataRegistrationState: overrideHalVersion=null [PHONE1]
02-21 09:47:17.417  2663  2785 D RILJ    : [UNSL]< UNSOL_EMERGENCY_NUMBER_LIST [EmergencyNumber:Number-911|CountryIso-|Mnc-|ServiceCategories-0|Urns-[]|Sources-10|Routing-0, EmergencyNumber:Number-*911|CountryIso-|Mnc-|ServiceCategories-0|Urns-[]|Sources-1000|Routing-0, EmergencyNumber:Number-112|CountryIso-|Mnc-|ServiceCategories-0|Urns-[]|Sources-10|Routing-0, EmergencyNumber:Number-#911|CountryIso-|Mnc-|ServiceCategories-0|Urns-[]|Sources-1000|Routing-0] [PHONE0]
02-21 09:47:17.417  2663  2785 D RILJ    : [1825]< SET_SIGNAL_STRENGTH_REPORTING_CRITERIA  [PHONE1]
02-21 09:47:17.417  2663  3019 D RILJ    : [1836]> VOICE_REGISTRATION_STATE [PHONE1]
02-21 09:47:17.417  2663  3019 D RILJ    : getVoiceRegistrationState: overrideHalVersion=null [PHONE1]
02-21 09:47:17.418  2663  2785 D RILJ    : [UNSL]< UNSOL_PHYSICAL_CHANNEL_CONFIG [{mConnectionStatus=PrimaryServing,mCellBandwidthDownlinkKhz=15000,mCellBandwidthUplinkKhz=0,mNetworkType=UNKNOWN,mFrequencyRange=LOW,mDownlinkChannelNumber=2147483647,mUplinkChannelNumber=2147483647,mContextIds=[],mPhysicalCellId=218,mBand=0,mDownlinkFrequency=0,mUplinkFrequency=0}] [PHONE0]
02-21 09:47:17.418  2663  2785 D RILJ    : [1829]< OPERATOR {, , } [PHONE0]
02-21 09:47:17.418  2663  2785 D RILJ    : [1826]< SET_SIGNAL_STRENGTH_REPORTING_CRITERIA  [PHONE1]
02-21 09:47:17.419  2663  2785 D RILJ    : [UNSL]< UNSOL_EMERGENCY_NUMBER_LIST [EmergencyNumber:Number-911|CountryIso-|Mnc-|ServiceCategories-0|Urns-[]|Sources-10|Routing-0, EmergencyNumber:Number-*911|CountryIso-|Mnc-|ServiceCategories-0|Urns-[]|Sources-1000|Routing-0, EmergencyNumber:Number-112|CountryIso-|Mnc-|ServiceCategories-0|Urns-[]|Sources-10|Routing-0, EmergencyNumber:Number-#911|CountryIso-|Mnc-|ServiceCategories-0|Urns-[]|Sources-1000|Routing-0] [PHONE1]
02-21 09:47:17.419  2663  2785 D RILJ    : [1830]< QUERY_NETWORK_SELECTION_MODE {0} [PHONE0]
02-21 09:47:17.419  2663  2785 E RILJ    : Invalid PhysicalChannelConfig java.lang.IllegalArgumentException: Physical cell Id: 60902 is over limit. [PHONE1]
02-21 09:47:17.424  2663  2663 D SubscriptionController: [getSubId]- numSubIds == 0, return null slotIndex=0
02-21 09:47:17.425  2663  2663 D EmergencyNumberTracker: updateRadioEmergencyNumberListAndNotify(): receiving [EmergencyNumber:Number-112|CountryIso-|Mnc-|ServiceCategories-0|Urns-[]|Sources-10|Routing-0, EmergencyNumber:Number-911|CountryIso-|Mnc-|ServiceCategories-0|Urns-[]|Sources-10|Routing-0, EmergencyNumber:Number-#911|CountryIso-|Mnc-|ServiceCategories-0|Urns-[]|Sources-1000|Routing-0, EmergencyNumber:Number-*911|CountryIso-|Mnc-|ServiceCategories-0|Urns-[]|Sources-1000|Routing-0]
02-21 09:47:17.426  2663  2663 D SubscriptionController: [getSubId]- numSubIds == 0, return null slotIndex=0
02-21 09:47:17.426  2663  2663 D EmergencyNumberTracker: updateRadioEmergencyNumberListAndNotify(): receiving [EmergencyNumber:Number-112|CountryIso-|Mnc-|ServiceCategories-0|Urns-[]|Sources-10|Routing-0, EmergencyNumber:Number-911|CountryIso-|Mnc-|ServiceCategories-0|Urns-[]|Sources-10|Routing-0, EmergencyNumber:Number-#911|CountryIso-|Mnc-|ServiceCategories-0|Urns-[]|Sources-1000|Routing-0, EmergencyNumber:Number-*911|CountryIso-|Mnc-|ServiceCategories-0|Urns-[]|Sources-1000|Routing-0]
02-21 09:47:17.427  2663  2663 D SST     : [0] EVENT_POLL_STATE_NETWORK_SELECTION_MODE
02-21 09:47:17.427  2663  2663 D NetworkTypeController: [0] LegacyState: process EVENT_PHYSICAL_CHANNEL_CONFIG_CHANGED
02-21 09:47:17.427  2663  2663 D NetworkTypeController: [0] LegacyState: process EVENT_PHYSICAL_CHANNEL_CONFIG_CHANGED
