02-21 10:12:30.946  2663  2663 D SubscriptionInfoUpdater: Get eUICC profile list of size 1
02-21 10:12:30.947  2663  2785 D RILJ    : [1941]< OPERATOR {, , } [PHONE1]
02-21 10:12:30.947  2663  2700 E PhoneSubInfoController: getLine1Number phone is null for Subscription:1
02-21 10:12:30.947  2663  3019 D RILJ    : [1944]> VOICE_REGISTRATION_STATE [PHONE1]
02-21 10:12:30.947  2663  3019 D RILJ    : getVoiceRegistrationState: overrideHalVersion=null [PHONE1]
02-21 10:12:30.948  2663  2785 D RILJ    : [1938]< SET_SIGNAL_STRENGTH_REPORTING_CRITERIA  [PHONE1]
02-21 10:12:30.948  2663  2785 D RILJ    : [1939]< SET_SIGNAL_STRENGTH_REPORTING_CRITERIA  [PHONE1]
02-21 10:12:30.948  2663  2785 D RILJ    : [1940]< SET_SIGNAL_STRENGTH_REPORTING_CRITERIA  [PHONE1]
02-21 10:12:30.948  2663  2785 D RILJ    : [1942]< DATA_REGISTRATION_STATE {.base = {.regState = NOT_REG_MT_NOT_SEARCHING_OP, .rat = 0, .reasonDataDenied = 0, .maxDataCalls = 20, .cellIdentity = {.cellInfoType = NONE, .cellIdentityGsm = [], .cellIdentityWcdma = [], .cellIdentityCdma = [], .cellIdentityLte = [], .cellIdentityTdscdma = []}}, .vopsInfo = {.noinit = {}}, .nrIndicators = {.isEndcAvailable = false, .isDcNrRestricted = false, .isNrAvailable = false}} [PHONE1]
02-21 10:12:30.948  2663  2785 D RILJ    : [1943]< QUERY_NETWORK_SELECTION_MODE {0} [PHONE1]
02-21 10:12:30.948  2663  2700 E PhoneSubInfoController: getLine1Number phone is null for Subscription:2
02-21 10:12:30.949  2663  3068 D NRM-I-1 : onRequestNetworkRegistrationInfoComplete result: 0, info: NetworkRegistrationInfo{ domain=PS transportType=WLAN registrationState=NOT_REG_OR_SEARCHING roamingType=NOT_ROAMING accessNetworkTechnology=IWLAN rejectCause=0 emergencyEnabled=false availableServices=[] cellIdentity=null voiceSpecificInfo=null dataSpecificInfo=null nrState=**** rRplmn= isUsingCarrierAggregation=false}
02-21 10:12:30.949  2663  2663 E PhoneSubInfoController: getLine1Number phone is null for Subscription:2
02-21 10:12:30.949  2663  3019 D NRM-C-1 : onRequestNetworkRegistrationInfoComplete result: 0, info: NetworkRegistrationInfo{ domain=PS transportType=WWAN registrationState=NOT_REG_OR_SEARCHING roamingType=NOT_ROAMING accessNetworkTechnology=UNKNOWN rejectCause=0 emergencyEnabled=false availableServices=[] cellIdentity=null voiceSpecificInfo=null dataSpecificInfo=android.telephony.DataSpecificRegistrationInfo :{ maxDataCalls = 20 isDcNrRestricted = false isNrAvailable = false isEnDcAvailable = false LteVopsSupportInfo :  mVopsSupport = 1 mEmcBearerSupport = 1 } nrState=**** rRplmn= isUsingCarrierAggregation=false}
02-21 10:12:30.949  2663  2663 D SubscriptionInfoUpdater: embeddedProfile EuiccProfileInfo (nickname=Mint Mobile, serviceProviderName=Mint Mobile, profileName=Mint Mobile, profileClass=2, state=0, CarrierIdentifier=CarrierIdentifier{mcc=310,mnc=240,spn=null,imsi=null,gid1=756D,gid2=null,carrierid=-1,specificCarrierId=-1}, policyRules=0, accessRules=null) existing record found
02-21 10:12:30.950  2663  2785 D RILJ    : [1944]< VOICE_REGISTRATION_STATE {.regState = NOT_REG_MT_NOT_SEARCHING_OP, .rat = 0, .cssSupported = false, .roamingIndicator = -1, .systemIsInPrl = -1, .defaultRoamingIndicator = -1, .reasonForDenial = 0, .cellIdentity = {.cellInfoType = NONE, .cellIdentityGsm = [], .cellIdentityWcdma = [], .cellIdentityCdma = [], .cellIdentityLte = [], .cellIdentityTdscdma = []}} [PHONE1]
02-21 10:12:30.950  2663  2700 E PhoneSubInfoController: getLine1Number phone is null for Subscription:3
02-21 10:12:30.950  2663  3019 D NRM-C-1 : onRequestNetworkRegistrationInfoComplete result: 0, info: NetworkRegistrationInfo{ domain=CS transportType=WWAN registrationState=NOT_REG_OR_SEARCHING roamingType=NOT_ROAMING accessNetworkTechnology=UNKNOWN rejectCause=0 emergencyEnabled=false availableServices=[] cellIdentity=null voiceSpecificInfo=VoiceSpecificRegistrationInfo { mCssSupported=false mRoamingIndicator=-1 mSystemIsInPrl=-1 mDefaultRoamingIndicator=-1} dataSpecificInfo=null nrState=**** rRplmn= isUsingCarrierAggregation=false}
02-21 10:12:30.952  2663  2663 D SubscriptionController: activeSubscriptionInfoList is null.
02-21 10:12:30.952  2663  2700 E PhoneSubInfoController: getLine1Number phone is null for Subscription:4
02-21 10:12:30.953  2663  2663 D SubscriptionInfoUpdater: updateEmbeddedSubscriptions done hasChanges=true
02-21 10:12:30.953  2663  2663 D SubscriptionController: notifySubscriptionInfoChanged:
02-21 10:12:30.954  2663  2700 E PhoneSubInfoController: getLine1Number phone is null for Subscription:5
02-21 10:12:30.958  2663  2663 V OpenChan: Response: Channel: 1 Status: 1
02-21 10:12:30.959  2663  2982 D SubscriptionController: [getSlotIndex]- size == 0, return SIM_NOT_INSERTED instead
02-21 10:12:30.959  2663  3068 D SubscriptionController: [getActiveSubscriptionInfoForSimSlotIndex]+ slotIndex=0 subId=null
02-21 10:12:30.959  2663  2663 V TransApdu: Send: ApduCommand(channel=1, cla=128, ins=226, p1=145, p2=0, p3=15, cmd=BF330C5A0A981042107931561608F5)
02-21 10:12:30.960  2663  2663 D RILJ    : [1945]> SIM_TRANSMIT_APDU_CHANNEL [PHONE1]
02-21 10:12:30.960  2663  2704 E PhoneSubInfoController: getLine1Number phone is null for Subscription:2
02-21 10:12:30.961  2663  2663 D DSM-C-1 : Service com.android.phone already bound or being bound.
02-21 10:12:30.961  2663  3068 D SubscriptionController: [getActiveSubscriptionInfoForSimSlotIndex]+ slotIndex=1 subId=null
02-21 10:12:30.961  2663  2663 D DSM-I-1 : Service vendor.qti.iwlan already bound or being bound.
02-21 10:12:30.962  2663  3068 D Phone   : [0] SubId-1,get allowed network types carrier: value = GPRS|EDGE|UMTS|CDMA|CDMA - EvDo rev. 0|CDMA - EvDo rev. A|CDMA - 1xRTT|HSDPA|HSUPA|HSPA|CDMA - EvDo rev. B|LTE|CDMA - eHRPD|HSPA+|GSM|LTE_CA
02-21 10:12:30.962  2663  2704 D SubscriptionController: [getSlotIndex]- size == 0, return SIM_NOT_INSERTED instead
02-21 10:12:30.963  2663  3002 E PhoneSubInfoController: getLine1Number phone is null for Subscription:1
02-21 10:12:30.964  2663  2976 D IccSmsInterfaceManager: Failed to add GSM cell broadcast channels range 4384 to 4385
02-21 10:12:30.964 22693 22712 D SmsManager: enableCellBroadcastRange: failed at calling enableCellBroadcastRangeForSubscriber. subId = 2
02-21 10:12:30.964  2663  3002 E PhoneSubInfoController: getLine1Number phone is null for Subscription:2
02-21 10:12:30.964  2663  2976 D IccSmsInterfaceManager: Calling setGsmBroadcastConfig with 1 configurations
02-21 10:12:30.965  2663  2976 D RILJ    : [1946]> GSM_SET_BROADCAST_CONFIG with 1 configs :  [PHONE0]
02-21 10:12:30.965  2663  2976 D RILJ    : SmsBroadcastConfigInfo: Id [4373,4378] Code [0,255] ENABLED [PHONE0]
02-21 10:12:30.966  2663  3002 E PhoneSubInfoController: getLine1Number phone is null for Subscription:3
02-21 10:12:30.966  2663  2663 D NetworkTypeController: [1] LegacyState: process EVENT_CARRIER_CONFIG_CHANGED
02-21 10:12:30.966  2663  2785 D RILJ    : [1946]< GSM_SET_BROADCAST_CONFIG error 46 [PHONE0]
02-21 10:12:30.966  2663  2663 D NetworkTypeController: [1] Remove all timers
02-21 10:12:30.966  2663  2663 D NetworkTypeController: [1] DefaultState: process EVENT_CARRIER_CONFIG_CHANGED
02-21 10:12:30.966  2663  2785 D RilRequest: [1946]< GSM_SET_BROADCAST_CONFIG error: com.android.internal.telephony.CommandException: INVALID_MODEM_STATE ret= result={ when=-9h39m55s853ms what=4 obj=com.android.internal.telephony.IccSmsInterfaceManager$Request@4e9bf88 target=com.android.internal.telephony.IccSmsInterfaceManager$1 }
02-21 10:12:30.967  2663  2663 D NetworkTypeController: [1] mOverrideTimerRules: {connected={mState=connected, mOverrideType=NR_NSA, mPrimaryTimers={}, mSecondaryTimers={}}, not_restricted_rrc_con={mState=not_restricted_rrc_con, mOverrideType=NR_NSA, mPrimaryTimers={}, mSecondaryTimers={}}, legacy={mState=legacy, mOverrideType=NONE, mPrimaryTimers={}, mSecondaryTimers={}}, not_restricted_rrc_idle={mState=not_restricted_rrc_idle, mOverrideType=NR_NSA, mPrimaryTimers={}, mSecondaryTimers={}}, restricted={mState=restricted, mOverrideType=NONE, mPrimaryTimers={}, mSecondaryTimers={}}, connected_mmwave={mState=connected_mmwave, mOverrideType=NR_NSA, mPrimaryTimers={}, mSecondaryTimers={}}}
02-21 10:12:30.967  2663  2663 D NetworkTypeController: [1] Remove all timers
02-21 10:12:30.967  2663  3002 E PhoneSubInfoController: getLine1Number phone is null for Subscription:4
02-21 10:12:30.967  2663  2663 D UiccProfile: handleMessage: Received CARRIER_CONFIG_CHANGED for phoneId 1
02-21 10:12:30.967  2663  2663 E UiccProfile: subId not valid for Phone 1
02-21 10:12:30.967  2663  2663 E UiccProfile: subId not valid for Phone 1
02-21 10:12:30.969  2663  3002 E PhoneSubInfoController: getLine1Number phone is null for Subscription:5
02-21 10:12:30.970  2663  2663 D GsmCdmaPhone: [1] EVENT_REQUEST_VOICE_RADIO_TECH_DONE: newVoiceTech=1
02-21 10:12:30.970  2663  2663 D GsmCdmaPhone: [1] phoneObjectUpdater: newVoiceRadioTech=1
02-21 10:12:30.970  2663  2663 D GsmCdmaPhone: [1] phoneObjectUpdater: No change ignore, newVoiceRadioTech=1 mActivePhone=GSM
02-21 10:12:30.970  2663  2663 D GsmCdmaPhone: EVENT_GET_RADIO_CAPABILITY: phone rc: {mPhoneId = 1 mVersion=1 mSession=0 mPhase=0 mRadioAccessFamily=36964 mLogicModemId=1 mStatus=1}
02-21 10:12:30.970  2663  2663 D SST     : [1] EVENT_POLL_STATE_NETWORK_SELECTION_MODE
02-21 10:12:30.970  2663  2663 D SST     : [1] handlePollStateResultMessage: PS IWLAN. NetworkRegistrationInfo{ domain=PS transportType=WLAN registrationState=NOT_REG_OR_SEARCHING roamingType=NOT_ROAMING accessNetworkTechnology=IWLAN rejectCause=0 emergencyEnabled=false availableServices=[] cellIdentity=null voiceSpecificInfo=null dataSpecificInfo=null nrState=**** rRplmn= isUsingCarrierAggregation=false}
02-21 10:12:30.970  2663  2663 D SST     : [1] handlePollStateResultMessage: PS cellular. NetworkRegistrationInfo{ domain=PS transportType=WWAN registrationState=NOT_REG_OR_SEARCHING roamingType=NOT_ROAMING accessNetworkTechnology=UNKNOWN rejectCause=0 emergencyEnabled=false availableServices=[] cellIdentity=null voiceSpecificInfo=null dataSpecificInfo=android.telephony.DataSpecificRegistrationInfo :{ maxDataCalls = 20 isDcNrRestricted = false isNrAvailable = false isEnDcAvailable = false LteVopsSupportInfo :  mVopsSupport = 1 mEmcBearerSupport = 1 } nrState=**** rRplmn= isUsingCarrierAggregation=false}
02-21 10:12:30.970  2663  2663 E SST     : [1] Exception while polling service state. Probably malformed RIL response.java.lang.NullPointerException: Attempt to invoke virtual method 'int android.telephony.CellIdentity.getType()' on a null object reference
02-21 10:12:30.970  2663  2663 D SST     : [1] Could not set ServiceState channel number. CellIdentity null
02-21 10:12:30.970  2663  2663 D SST     : [1] handlePollStateResultMessage: CS cellular. NetworkRegistrationInfo{ domain=CS transportType=WWAN registrationState=NOT_REG_OR_SEARCHING roamingType=NOT_ROAMING accessNetworkTechnology=UNKNOWN rejectCause=0 emergencyEnabled=false availableServices=[] cellIdentity=null voiceSpecificInfo=VoiceSpecificRegistrationInfo { mCssSupported=false mRoamingIndicator=-1 mSystemIsInPrl=-1 mDefaultRoamingIndicator=-1} dataSpecificInfo=null nrState=**** rRplmn= isUsingCarrierAggregation=false}
02-21 10:12:30.970  2663  2663 D SST     : [1] combinePsRegistrationStates: {mVoiceRegState=1(OUT_OF_SERVICE), mDataRegState=1(OUT_OF_SERVICE), mChannelNumber=-1, duplexMode()=0, mCellBandwidths=[], mOperatorAlphaLong=, mOperatorAlphaShort=, isManualNetworkSelection=false(automatic), getRilVoiceRadioTechnology=0(Unknown), getRilDataRadioTechnology=0(Unknown), mCssIndicator=unsupported, mNetworkId=-1, mSystemId=-1, mCdmaRoamingIndicator=-1, mCdmaDefaultRoamingIndicator=-1, mIsEmergencyOnly=false, isUsingCarrierAggregation=false, mArfcnRsrpBoost=0, mNetworkRegistrationInfos=[NetworkRegistrationInfo{ domain=PS transportType=WLAN registrationState=NOT_REG_OR_SEARCHING roamingType=NOT_ROAMING accessNetworkTechnology=IWLAN rejectCause=0 emergencyEnabled=false availableServices=[] cellIdentity=null voiceSpecificInfo=null dataSpecificInfo=null nrState=**** rRplmn= isUsingCarrierAggregation=false}, NetworkRegistrationInfo{ domain=PS transportType=WWAN registrationState=NOT_REG_OR_SEARCHING roamingType=NOT_ROAMING accessNetworkTechnology=UNKNOWN rejectCause=0 emergencyEnabled=false availableServices=[] cellIdentity=null voiceSpecificInfo=null dataSpecificInfo=android.telephony.DataSpecificRegistrationInfo :{ maxDataCalls = 20 isDcNrRestricted = false isNrAvailable = false isEnDcAvailable = false LteVopsSupportInfo :  mVopsSupport = 1 mEmcBearerSupport = 1 } nrState=**** rRplmn= isUsingCarrierAggregation=false}, NetworkRegistrationInfo{ domain=CS transportType=WWAN registrationState=NOT_REG_OR_SEARCHING roamingType=NOT_ROAMING accessNetworkTechnology=UNKNOWN rejectCause=0 emergencyEnabled=false availableServices=[] cellIdentity=null voiceSpecificInfo=VoiceSpecificRegistrationInfo { mCssSupported=false mRoamingIndicator=-1 mSystemIsInPrl=-1 mDefaultRoamingIndicator=-1} dataSpecificInfo=null nrState=**** rRplmn= isUsingCarrierAggregation=false}], mNrFrequencyRange=0, mOperatorAlphaLongRaw=, mOperatorAlphaShortRaw=, mIsDataRoamingFromRegistration=false, mIsIwlanPreferred=false}
02-21 10:12:30.972  2663  2663 D SST     : [1] Could not set ServiceState channel number. CellIdentity null
02-21 10:12:30.972  2663  2663 D SST     : [1] Poll ServiceState done:  oldSS=[{mVoiceRegState=1(OUT_OF_SERVICE), mDataRegState=1(OUT_OF_SERVICE), mChannelNumber=-1, duplexMode()=0, mCellBandwidths=[], mOperatorAlphaLong=, mOperatorAlphaShort=, isManualNetworkSelection=false(automatic), getRilVoiceRadioTechnology=0(Unknown), getRilDataRadioTechnology=0(Unknown), mCssIndicator=unsupported, mNetworkId=-1, mSystemId=-1, mCdmaRoamingIndicator=-1, mCdmaDefaultRoamingIndicator=-1, mIsEmergencyOnly=false, isUsingCarrierAggregation=false, mArfcnRsrpBoost=0, mNetworkRegistrationInfos=[NetworkRegistrationInfo{ domain=PS transportType=WLAN registrationState=NOT_REG_OR_SEARCHING roamingType=NOT_ROAMING accessNetworkTechnology=IWLAN rejectCause=0 emergencyEnabled=false availableServices=[] cellIdentity=null voiceSpecificInfo=null dataSpecificInfo=null nrState=**** rRplmn= isUsingCarrierAggregation=false}, NetworkRegistrationInfo{ domain=CS transportType=WWAN registrationState=NOT_REG_OR_SEARCHING roamingType=NOT_ROAMING accessNetworkTechnology=UNKNOWN rejectCause=0 emergencyEnabled=false availableServices=[] cellIdentity=null voiceSpecificInfo=VoiceSpecificRegistrationInfo { mCssSupported=false mRoamingIndicator=-1 mSystemIsInPrl=-1 mDefaultRoamingIndicator=-1} dataSpecificInfo=null nrState=**** rRplmn= isUsingCarrierAggregation=false}, NetworkRegistrationInfo{ domain=PS transportType=WWAN registrationState=NOT_REG_OR_SEARCHING roamingType=NOT_ROAMING accessNetworkTechnology=UNKNOWN rejectCause=0 emergencyEnabled=false availableServices=[] cellIdentity=null voiceSpecificInfo=null dataSpecificInfo=android.telephony.DataSpecificRegistrationInfo :{ maxDataCalls = 20 isDcNrRestricted = false isNrAvailable = false isEnDcAvailable = false LteVopsSupportInfo :  mVopsSupport = 1 mEmcBearerSupport = 1 } nrState=**** rRplmn= isUsingCarrierAggregation=false}], mNrFrequencyRange=0, mOperatorAlphaLongRaw=, mOperatorAlphaShortRaw=, mIsDataRoamingFromRegistration=false, mIsIwlanPreferred=false}] newSS=[{mVoiceRegState=1(OUT_OF_SERVICE), mDataRegState=1(OUT_OF_SERVICE), mChannelNumber=-1, duplexMode()=0, mCellBandwidths=[], mOperatorAlphaLong=, mOperatorAlphaShort=, isManualNetworkSelection=false(automatic), getRilVoiceRadioTechnology=0(Unknown), getRilDataRadioTechnology=0(Unknown), mCssIndicator=unsupported, mNetworkId=-1, mSystemId=-1, mCdmaRoamingIndicator=-1, mCdmaDefaultRoamingIndicator=-1, mIsEmergencyOnly=false, isUsingCarrierAggregation=false, mArfcnRsrpBoost=0, mNetworkRegistrationInfos=[NetworkRegistrationInfo{ domain=PS transportType=WLAN registrationState=NOT_REG_OR_SEARCHING roamingType=NOT_ROAMING accessNetworkTechnology=IWLAN rejectCause=0 emergencyEnabled=false availableServices=[] cellIdentity=null voiceSpecificInfo=null dataSpecificInfo=null nrState=**** rRplmn= isUsingCarrierAggregation=false}, NetworkRegistrationInfo{ domain=CS transportType=WWAN registrationState=NOT_REG_OR_SEARCHING roamingType=NOT_ROAMING accessNetworkTechnology=UNKNOWN rejectCause=0 emergencyEnabled=false availableServices=[] cellIdentity=null voiceSpecificInfo=VoiceSpecificRegistrationInfo { mCssSupported=false mRoamingIndicator=-1 mSystemIsInPrl=-1 mDefaultRoamingIndicator=-1} dataSpecificInfo=null nrState=**** rRplmn= isUsingCarrierAggregation=false}, NetworkRegistrationInfo{ domain=PS transportType=WWAN registrationState=NOT_REG_OR_SEARCHING roamingType=NOT_ROAMING accessNetworkTechnology=UNKNOWN rejectCause=0 emergencyEnabled=false availableServices=[] cellIdentity=null voiceSpecificInfo=null dataSpecificInfo=android.telephony.DataSpecificRegistrationInfo :{ maxDataCalls = 20 isDcNrRestricted = false isNrAvailable = false isEnDcAvailable = false LteVopsSupportInfo :  mVopsSupport = 1 mEmcBearerSupport = 1 } nrState=**** rRplmn= isUsingCarrierAggregation=false}], mNrFrequencyRange=0, mOperatorAlphaLongRaw=, mOperatorAlphaShortRaw=, mIsDataRoamingFromRegistration=false, mIsIwlanPreferred=false}] oldMaxDataCalls=20 mNewMaxDataCalls=20 oldReasonDataDenied=0 mNewReasonDataDenied=0
02-21 10:12:30.973  2663  2663 D SST     : [1] pollStateDone: hasRegistered = false hasDeregistered = false hasDataAttached = {1=false, 2=false} hasDataDetached = {1=false, 2=false} hasDataRegStateChanged = {1=false, 2=false} hasRilVoiceRadioTechnologyChanged = false hasRilDataRadioTechnologyChanged = {1=false, 2=false} hasDataTransportPreferenceChanged = false hasChanged = false hasVoiceRoamingOn = false hasVoiceRoamingOff = false hasDataRoamingOn =false hasDataRoamingOff = false hasLocationChanged = false has4gHandoff = false hasMultiApnSupport = false hasLostMultiApnSupport = false hasCssIndicatorChanged = false hasNrFrequencyRangeChanged = false hasNrStateChanged = false hasAirplaneModeOnlChanged = false
02-21 10:12:30.974  2663  2663 D Phone   : isImsRegistered =false
02-21 10:12:30.976  2663  2663 E PhoneSubInfoController: getLine1Number phone is null for Subscription:-1
02-21 10:12:30.984  2663  2663 D SST     : [0] SubscriptionListener.onSubscriptionInfoChanged
02-21 10:12:30.984  2663  2663 D SST     : [1] SubscriptionListener.onSubscriptionInfoChanged
02-21 10:12:30.991  2663  2663 D SubscriptionController: [setDefaultDataSubId] num phones=2, subId=-1
02-21 10:12:30.994  2663  2663 D SubscriptionController: [broadcastDefaultDataSubIdChanged] subId=-1
02-21 10:12:30.996  2663  2663 D SubscriptionController: [setDefaultVoiceSubId] subId=-1
02-21 10:12:30.998  2663  2663 D SubscriptionController: [broadcastDefaultVoiceSubIdChanged] subId=-1
02-21 10:12:30.999  2663  2663 D SubscriptionController: [setDefaultVoiceSubId] default phone account not changed
02-21 10:12:30.999  2663  2663 D SubscriptionController: [setDefaultSmsSubId] subId=-1
02-21 10:12:31.001  2663  2663 D SubscriptionController: [broadcastDefaultSmsSubIdChanged] subId=-1
02-21 10:12:31.006  2663  2976 D IccSmsInterfaceManager: Failed to add GSM cell broadcast channels range 4373 to 4378
02-21 10:12:31.006 22693 22712 D SmsManager: enableCellBroadcastRange: failed at calling enableCellBroadcastRangeForSubscriber. subId = 2
02-21 10:12:31.007  2663  2976 D IccSmsInterfaceManager: Calling setCdmaBroadcastConfig with 1 configurations
02-21 10:12:31.008  2663  2976 D RILJ    : [1947]> CDMA_SET_BROADCAST_CONFIG with 1 configs :  [PHONE0]
02-21 10:12:31.008  2663  2976 D RILJ    : {.serviceCategory = 4098, .language = 1, .selected = true} [PHONE0]
02-21 10:12:31.010  2663  2785 D RILJ    : [1947]< CDMA_SET_BROADCAST_CONFIG error 6 [PHONE0]
02-21 10:12:31.010  2663  2785 D RilRequest: [1947]< CDMA_SET_BROADCAST_CONFIG error: com.android.internal.telephony.CommandException: REQUEST_NOT_SUPPORTED ret= result={ when=-9h39m55s896ms what=4 obj=com.android.internal.telephony.IccSmsInterfaceManager$Request@e587307 target=com.android.internal.telephony.IccSmsInterfaceManager$1 }
02-21 10:12:31.010  2663  2663 E PhoneSubInfoController: getLine1Number phone is null for Subscription:-1
02-21 10:12:31.026  2663  2976 D IccSmsInterfaceManager: Failed to add cdma broadcast channels range 4098 to 4098
02-21 10:12:31.026 22693 22712 D SmsManager: enableCellBroadcastRange: failed at calling enableCellBroadcastRangeForSubscriber. subId = 2
02-21 10:12:31.027  2663  2976 D IccSmsInterfaceManager: Calling setGsmBroadcastConfig with 1 configurations
02-21 10:12:31.028  2663  2976 D RILJ    : [1948]> GSM_SET_BROADCAST_CONFIG with 1 configs :  [PHONE0]
02-21 10:12:31.028  2663  2976 D RILJ    : SmsBroadcastConfigInfo: Id [4386,4391] Code [0,255] ENABLED [PHONE0]
02-21 10:12:31.029  2663  2785 D RILJ    : [1948]< GSM_SET_BROADCAST_CONFIG error 46 [PHONE0]
02-21 10:12:31.029  2663  2785 D RilRequest: [1948]< GSM_SET_BROADCAST_CONFIG error: com.android.internal.telephony.CommandException: INVALID_MODEM_STATE ret= result={ when=-9h39m55s916ms what=4 obj=com.android.internal.telephony.IccSmsInterfaceManager$Request@94fc4f5 target=com.android.internal.telephony.IccSmsInterfaceManager$1 }
02-21 10:12:31.031  2663  2976 D IccSmsInterfaceManager: Failed to add GSM cell broadcast channels range 4386 to 4391
02-21 10:12:31.031 22693 22712 D SmsManager: enableCellBroadcastRange: failed at calling enableCellBroadcastRangeForSubscriber. subId = 2
02-21 10:12:31.033  2663  2976 D IccSmsInterfaceManager: Calling setGsmBroadcastConfig with 1 configurations
02-21 10:12:31.034  2663  2976 D RILJ    : [1949]> GSM_SET_BROADCAST_CONFIG with 1 configs :  [PHONE0]
02-21 10:12:31.034  2663  2976 D RILJ    : SmsBroadcastConfigInfo: Id [4379,4379] Code [0,255] ENABLED [PHONE0]
02-21 10:12:31.035  2663  2785 D RILJ    : [1949]< GSM_SET_BROADCAST_CONFIG error 46 [PHONE0]
02-21 10:12:31.035  2663  2785 D RilRequest: [1949]< GSM_SET_BROADCAST_CONFIG error: com.android.internal.telephony.CommandException: INVALID_MODEM_STATE ret= result={ when=-9h39m55s922ms what=4 obj=com.android.internal.telephony.IccSmsInterfaceManager$Request@f77b28a target=com.android.internal.telephony.IccSmsInterfaceManager$1 }
02-21 10:12:31.035  2663  2976 D IccSmsInterfaceManager: Failed to add GSM cell broadcast channels range 4379 to 4379
02-21 10:12:31.036 22693 22712 D SmsManager: enableCellBroadcastRange: failed at calling enableCellBroadcastRangeForSubscriber. subId = 2
02-21 10:12:31.036  2663  2976 D IccSmsInterfaceManager: Calling setCdmaBroadcastConfig with 1 configurations
02-21 10:12:31.037  2663  2976 D RILJ    : [1950]> CDMA_SET_BROADCAST_CONFIG with 1 configs :  [PHONE0]
02-21 10:12:31.038  2663  2976 D RILJ    : {.serviceCategory = 4099, .language = 1, .selected = true} [PHONE0]
02-21 10:12:31.038  2663  2785 D RILJ    : [1950]< CDMA_SET_BROADCAST_CONFIG error 6 [PHONE0]
02-21 10:12:31.038  2663  2785 D RilRequest: [1950]< CDMA_SET_BROADCAST_CONFIG error: com.android.internal.telephony.CommandException: REQUEST_NOT_SUPPORTED ret= result={ when=-9h39m55s925ms what=4 obj=com.android.internal.telephony.IccSmsInterfaceManager$Request@f1940fb target=com.android.internal.telephony.IccSmsInterfaceManager$1 }
02-21 10:12:31.039  2663  2976 D IccSmsInterfaceManager: Failed to add cdma broadcast channels range 4099 to 4099
02-21 10:12:31.039 22693 22712 D SmsManager: enableCellBroadcastRange: failed at calling enableCellBroadcastRangeForSubscriber. subId = 2
02-21 10:12:31.040  2663  2976 D IccSmsInterfaceManager: Calling setGsmBroadcastConfig with 1 configurations
02-21 10:12:31.042  2663  2976 D RILJ    : [1951]> GSM_SET_BROADCAST_CONFIG with 1 configs :  [PHONE0]
02-21 10:12:31.042  2663  2976 D RILJ    : SmsBroadcastConfigInfo: Id [4392,4392] Code [0,255] ENABLED [PHONE0]
02-21 10:12:31.044  2663  2785 D RILJ    : [1951]< GSM_SET_BROADCAST_CONFIG error 46 [PHONE0]
02-21 10:12:31.044  2663  2785 D RilRequest: [1951]< GSM_SET_BROADCAST_CONFIG error: com.android.internal.telephony.CommandException: INVALID_MODEM_STATE ret= result={ when=-9h39m55s930ms what=4 obj=com.android.internal.telephony.IccSmsInterfaceManager$Request@caf5518 target=com.android.internal.telephony.IccSmsInterfaceManager$1 }
02-21 10:12:31.044  2663  2976 D IccSmsInterfaceManager: Failed to add GSM cell broadcast channels range 4392 to 4392
02-21 10:12:31.045 22693 22712 D SmsManager: enableCellBroadcastRange: failed at calling enableCellBroadcastRangeForSubscriber. subId = 2
02-21 10:12:31.045  2663  2976 D IccSmsInterfaceManager: Failed to remove GSM cell broadcast channels range 4380 to 4380
02-21 10:12:31.045 22693 22712 D SmsManager: disableCellBroadcastRange: failed at calling disableCellBroadcastRangeForSubscriber. subId = 2
02-21 10:12:31.046  2663  2976 D IccSmsInterfaceManager: Failed to remove cdma broadcast channels range 4100 to 4100
02-21 10:12:31.046 22693 22712 D SmsManager: disableCellBroadcastRange: failed at calling disableCellBroadcastRangeForSubscriber. subId = 2
02-21 10:12:31.046  2663  2976 D IccSmsInterfaceManager: Failed to remove GSM cell broadcast channels range 4393 to 4393
02-21 10:12:31.047 22693 22712 D SmsManager: disableCellBroadcastRange: failed at calling disableCellBroadcastRangeForSubscriber. subId = 2
02-21 10:12:31.047  2663  2976 D IccSmsInterfaceManager: Failed to remove GSM cell broadcast channels range 4381 to 4381
02-21 10:12:31.047 22693 22712 D SmsManager: disableCellBroadcastRange: failed at calling disableCellBroadcastRangeForSubscriber. subId = 2
02-21 10:12:31.047  2663  2976 D IccSmsInterfaceManager: Failed to remove GSM cell broadcast channels range 4394 to 4394
02-21 10:12:31.047 22693 22712 D SmsManager: disableCellBroadcastRange: failed at calling disableCellBroadcastRangeForSubscriber. subId = 2
02-21 10:12:31.048  2663  2976 D IccSmsInterfaceManager: Failed to remove GSM cell broadcast channels range 4382 to 4382
02-21 10:12:31.048 22693 22712 D SmsManager: disableCellBroadcastRange: failed at calling disableCellBroadcastRangeForSubscriber. subId = 2
02-21 10:12:31.048  2663  2976 D IccSmsInterfaceManager: Failed to remove GSM cell broadcast channels range 4395 to 4395
02-21 10:12:31.048 22693 22712 D SmsManager: disableCellBroadcastRange: failed at calling disableCellBroadcastRangeForSubscriber. subId = 2
02-21 10:12:31.048  2663  2976 D IccSmsInterfaceManager: Calling setGsmBroadcastConfig with 1 configurations
02-21 10:12:31.050  2663  2976 D RILJ    : [1952]> GSM_SET_BROADCAST_CONFIG with 1 configs :  [PHONE0]
02-21 10:12:31.050  2663  2976 D RILJ    : SmsBroadcastConfigInfo: Id [4352,4354] Code [0,255] ENABLED [PHONE0]
02-21 10:12:31.051  2663  2785 D RILJ    : [1952]< GSM_SET_BROADCAST_CONFIG error 46 [PHONE0]
02-21 10:12:31.051  2663  2785 D RilRequest: [1952]< GSM_SET_BROADCAST_CONFIG error: com.android.internal.telephony.CommandException: INVALID_MODEM_STATE ret= result={ when=-9h39m55s938ms what=4 obj=com.android.internal.telephony.IccSmsInterfaceManager$Request@b24bb71 target=com.android.internal.telephony.IccSmsInterfaceManager$1 }
02-21 10:12:31.051  2663  2976 D IccSmsInterfaceManager: Failed to add GSM cell broadcast channels range 4352 to 4354
02-21 10:12:31.052 22693 22712 D SmsManager: enableCellBroadcastRange: failed at calling enableCellBroadcastRangeForSubscriber. subId = 2
02-21 10:12:31.053  2663  2976 D IccSmsInterfaceManager: Calling setGsmBroadcastConfig with 1 configurations
02-21 10:12:31.054  2663  2976 D RILJ    : [1953]> GSM_SET_BROADCAST_CONFIG with 1 configs :  [PHONE0]
02-21 10:12:31.054  2663  2976 D RILJ    : SmsBroadcastConfigInfo: Id [4356,4356] Code [0,255] ENABLED [PHONE0]
02-21 10:12:31.057  2663  2785 D RILJ    : [1953]< GSM_SET_BROADCAST_CONFIG error 46 [PHONE0]
02-21 10:12:31.057  2663  2785 D RilRequest: [1953]< GSM_SET_BROADCAST_CONFIG error: com.android.internal.telephony.CommandException: INVALID_MODEM_STATE ret= result={ when=-9h39m55s944ms what=4 obj=com.android.internal.telephony.IccSmsInterfaceManager$Request@a266d56 target=com.android.internal.telephony.IccSmsInterfaceManager$1 }
02-21 10:12:31.058  2663  2976 D IccSmsInterfaceManager: Failed to add GSM cell broadcast channels range 4356 to 4356
02-21 10:12:31.058 22693 22712 D SmsManager: enableCellBroadcastRange: failed at calling enableCellBroadcastRangeForSubscriber. subId = 2
02-21 10:12:31.058  2663  2976 D IccSmsInterfaceManager: Failed to remove GSM cell broadcast channels range 4355 to 4355
02-21 10:12:31.059 22693 22712 D SmsManager: disableCellBroadcastRange: failed at calling disableCellBroadcastRangeForSubscriber. subId = 2
02-21 10:12:31.059  2663  2976 D IccSmsInterfaceManager: Calling setGsmBroadcastConfig with 1 configurations
02-21 10:12:31.061  2663  2976 D RILJ    : [1954]> GSM_SET_BROADCAST_CONFIG with 1 configs :  [PHONE0]
02-21 10:12:31.061  2663  2976 D RILJ    : SmsBroadcastConfigInfo: Id [4396,4396] Code [0,255] ENABLED [PHONE0]
02-21 10:12:31.062  2663  2785 D RILJ    : [1954]< GSM_SET_BROADCAST_CONFIG error 46 [PHONE0]
02-21 10:12:31.062  2663  2785 D RilRequest: [1954]< GSM_SET_BROADCAST_CONFIG error: com.android.internal.telephony.CommandException: INVALID_MODEM_STATE ret= result={ when=-9h39m55s948ms what=4 obj=com.android.internal.telephony.IccSmsInterfaceManager$Request@e30f1d7 target=com.android.internal.telephony.IccSmsInterfaceManager$1 }
02-21 10:12:31.062  2663  2976 D IccSmsInterfaceManager: Failed to add GSM cell broadcast channels range 4396 to 4396
02-21 10:12:31.062 22693 22712 D SmsManager: enableCellBroadcastRange: failed at calling enableCellBroadcastRangeForSubscriber. subId = 2
02-21 10:12:31.064  2663  2976 D IccSmsInterfaceManager: Calling setGsmBroadcastConfig with 1 configurations
02-21 10:12:31.065  2663  2976 D RILJ    : [1955]> GSM_SET_BROADCAST_CONFIG with 1 configs :  [PHONE0]
02-21 10:12:31.065  2663  2976 D RILJ    : SmsBroadcastConfigInfo: Id [4397,4397] Code [0,255] ENABLED [PHONE0]
02-21 10:12:31.069  2663  2785 D RILJ    : [1955]< GSM_SET_BROADCAST_CONFIG error 46 [PHONE0]
02-21 10:12:31.069  2663  2785 D RilRequest: [1955]< GSM_SET_BROADCAST_CONFIG error: com.android.internal.telephony.CommandException: INVALID_MODEM_STATE ret= result={ when=-9h39m55s955ms what=4 obj=com.android.internal.telephony.IccSmsInterfaceManager$Request@7d0aac4 target=com.android.internal.telephony.IccSmsInterfaceManager$1 }
02-21 10:12:31.069  2663  2976 D IccSmsInterfaceManager: Failed to add GSM cell broadcast channels range 4397 to 4397
02-21 10:12:31.069 22693 22712 D SmsManager: enableCellBroadcastRange: failed at calling enableCellBroadcastRangeForSubscriber. subId = 2
02-21 10:12:31.070  2663  2976 D IccSmsInterfaceManager: Failed to remove GSM cell broadcast channels range 4398 to 4398
02-21 10:12:31.070 22693 22712 D SmsManager: disableCellBroadcastRange: failed at calling disableCellBroadcastRangeForSubscriber. subId = 2
02-21 10:12:31.070  2663  3086 D IccSmsInterfaceManager: Failed to remove GSM cell broadcast channels range 4399 to 4399
02-21 10:12:31.071 22693 22712 D SmsManager: disableCellBroadcastRange: failed at calling disableCellBroadcastRangeForSubscriber. subId = 2
02-21 10:12:31.071  2663  3086 D IccSmsInterfaceManager: Calling setGsmBroadcastConfig with 1 configurations
02-21 10:12:31.072  2663  3086 D RILJ    : [1956]> GSM_SET_BROADCAST_CONFIG with 1 configs :  [PHONE0]
02-21 10:12:31.072  2663  3086 D RILJ    : SmsBroadcastConfigInfo: Id [4400,4400] Code [0,255] ENABLED [PHONE0]
02-21 10:12:31.073  2663  2785 D RILJ    : [1956]< GSM_SET_BROADCAST_CONFIG error 46 [PHONE0]
02-21 10:12:31.073  2663  2785 D RilRequest: [1956]< GSM_SET_BROADCAST_CONFIG error: com.android.internal.telephony.CommandException: INVALID_MODEM_STATE ret= result={ when=-9h39m55s960ms what=4 obj=com.android.internal.telephony.IccSmsInterfaceManager$Request@f789dad target=com.android.internal.telephony.IccSmsInterfaceManager$1 }
02-21 10:12:31.073  2663  3086 D IccSmsInterfaceManager: Failed to add GSM cell broadcast channels range 4400 to 4400
02-21 10:12:31.074 22693 22712 D SmsManager: enableCellBroadcastRange: failed at calling enableCellBroadcastRangeForSubscriber. subId = 2
02-21 10:12:31.076  2663  3086 D IccSmsInterfaceManager: Cell broadcast ranges reset.
02-21 10:12:31.077  2663  3086 D IccSmsInterfaceManager: Calling setGsmBroadcastConfig with 1 configurations
02-21 10:12:31.078  2663  3086 D RILJ    : [1957]> GSM_SET_BROADCAST_CONFIG with 1 configs :  [PHONE0]
02-21 10:12:31.078  2663  3086 D RILJ    : SmsBroadcastConfigInfo: Id [4370,4370] Code [0,255] ENABLED [PHONE0]
02-21 10:12:31.079  2663  2785 D RILJ    : [1957]< GSM_SET_BROADCAST_CONFIG error 46 [PHONE0]
02-21 10:12:31.079  2663  2785 D RilRequest: [1957]< GSM_SET_BROADCAST_CONFIG error: com.android.internal.telephony.CommandException: INVALID_MODEM_STATE ret= result={ when=-9h39m55s966ms what=4 obj=com.android.internal.telephony.IccSmsInterfaceManager$Request@73408e2 target=com.android.internal.telephony.IccSmsInterfaceManager$1 }
02-21 10:12:31.079  2663  3086 D IccSmsInterfaceManager: Failed to add GSM cell broadcast channels range 4370 to 4370
02-21 10:12:31.080 22693 22712 D SmsManager: enableCellBroadcastRange: failed at calling enableCellBroadcastRangeForSubscriber. subId = -1
02-21 10:12:31.080  2663  3086 D IccSmsInterfaceManager: Calling setGsmBroadcastConfig with 1 configurations
02-21 10:12:31.081  2663  3086 D RILJ    : [1958]> GSM_SET_BROADCAST_CONFIG with 1 configs :  [PHONE0]
02-21 10:12:31.081  2663  3086 D RILJ    : SmsBroadcastConfigInfo: Id [4383,4383] Code [0,255] ENABLED [PHONE0]
02-21 10:12:31.082  2663  2785 D RILJ    : [1958]< GSM_SET_BROADCAST_CONFIG error 46 [PHONE0]
02-21 10:12:31.082  2663  2785 D RilRequest: [1958]< GSM_SET_BROADCAST_CONFIG error: com.android.internal.telephony.CommandException: INVALID_MODEM_STATE ret= result={ when=-9h39m55s969ms what=4 obj=com.android.internal.telephony.IccSmsInterfaceManager$Request@ca8d473 target=com.android.internal.telephony.IccSmsInterfaceManager$1 }
02-21 10:12:31.082  2663  3086 D IccSmsInterfaceManager: Failed to add GSM cell broadcast channels range 4383 to 4383
02-21 10:12:31.083 22693 22712 D SmsManager: enableCellBroadcastRange: failed at calling enableCellBroadcastRangeForSubscriber. subId = -1
02-21 10:12:31.083  2663  3086 D IccSmsInterfaceManager: Calling setGsmBroadcastConfig with 1 configurations
02-21 10:12:31.084  2663  3086 D RILJ    : [1959]> GSM_SET_BROADCAST_CONFIG with 1 configs :  [PHONE0]
02-21 10:12:31.084  2663  3086 D RILJ    : SmsBroadcastConfigInfo: Id [4371,4372] Code [0,255] ENABLED [PHONE0]
02-21 10:12:31.085  2663  2785 D RILJ    : [1959]< GSM_SET_BROADCAST_CONFIG error 46 [PHONE0]
02-21 10:12:31.085  2663  2785 D RilRequest: [1959]< GSM_SET_BROADCAST_CONFIG error: com.android.internal.telephony.CommandException: INVALID_MODEM_STATE ret= result={ when=-9h39m55s972ms what=4 obj=com.android.internal.telephony.IccSmsInterfaceManager$Request@88faf30 target=com.android.internal.telephony.IccSmsInterfaceManager$1 }
02-21 10:12:31.085  2663  3086 D IccSmsInterfaceManager: Failed to add GSM cell broadcast channels range 4371 to 4372
02-21 10:12:31.086 22693 22712 D SmsManager: enableCellBroadcastRange: failed at calling enableCellBroadcastRangeForSubscriber. subId = -1
02-21 10:12:31.086  2663  3086 D IccSmsInterfaceManager: Calling setCdmaBroadcastConfig with 1 configurations
02-21 10:12:31.087  2663  3086 D RILJ    : [1960]> CDMA_SET_BROADCAST_CONFIG with 1 configs :  [PHONE0]
02-21 10:12:31.087  2663  3086 D RILJ    : {.serviceCategory = 4097, .language = 1, .selected = true} [PHONE0]
02-21 10:12:31.089  2663  2785 D RILJ    : [1960]< CDMA_SET_BROADCAST_CONFIG error 6 [PHONE0]
02-21 10:12:31.090  2663  2785 D RilRequest: [1960]< CDMA_SET_BROADCAST_CONFIG error: com.android.internal.telephony.CommandException: REQUEST_NOT_SUPPORTED ret= result={ when=-9h39m55s976ms what=4 obj=com.android.internal.telephony.IccSmsInterfaceManager$Request@bae67a9 target=com.android.internal.telephony.IccSmsInterfaceManager$1 }
02-21 10:12:31.090  2663  3086 D IccSmsInterfaceManager: Failed to add cdma broadcast channels range 4097 to 4097
02-21 10:12:31.090 22693 22712 D SmsManager: enableCellBroadcastRange: failed at calling enableCellBroadcastRangeForSubscriber. subId = -1
02-21 10:12:31.091  2663  3086 D IccSmsInterfaceManager: Calling setGsmBroadcastConfig with 1 configurations
02-21 10:12:31.092  2663  3086 D RILJ    : [1961]> GSM_SET_BROADCAST_CONFIG with 1 configs :  [PHONE0]
02-21 10:12:31.092  2663  3086 D RILJ    : SmsBroadcastConfigInfo: Id [4384,4385] Code [0,255] ENABLED [PHONE0]
02-21 10:12:31.093  2663  2785 D RILJ    : [1961]< GSM_SET_BROADCAST_CONFIG error 46 [PHONE0]
02-21 10:12:31.093  2663  2785 D RilRequest: [1961]< GSM_SET_BROADCAST_CONFIG error: com.android.internal.telephony.CommandException: INVALID_MODEM_STATE ret= result={ when=-9h39m55s979ms what=4 obj=com.android.internal.telephony.IccSmsInterfaceManager$Request@28dd12e target=com.android.internal.telephony.IccSmsInterfaceManager$1 }
02-21 10:12:31.093  2663  3086 D IccSmsInterfaceManager: Failed to add GSM cell broadcast channels range 4384 to 4385
02-21 10:12:31.093 22693 22712 D SmsManager: enableCellBroadcastRange: failed at calling enableCellBroadcastRangeForSubscriber. subId = -1
02-21 10:12:31.094  2663  3086 D IccSmsInterfaceManager: Calling setGsmBroadcastConfig with 1 configurations
02-21 10:12:31.094  2663  3086 D RILJ    : [1962]> GSM_SET_BROADCAST_CONFIG with 1 configs :  [PHONE0]
02-21 10:12:31.094  2663  3086 D RILJ    : SmsBroadcastConfigInfo: Id [4373,4378] Code [0,255] ENABLED [PHONE0]
02-21 10:12:31.095  2663  2785 D RILJ    : [1962]< GSM_SET_BROADCAST_CONFIG error 46 [PHONE0]
02-21 10:12:31.096  2663  2785 D RilRequest: [1962]< GSM_SET_BROADCAST_CONFIG error: com.android.internal.telephony.CommandException: INVALID_MODEM_STATE ret= result={ when=-9h39m55s982ms what=4 obj=com.android.internal.telephony.IccSmsInterfaceManager$Request@3b244cf target=com.android.internal.telephony.IccSmsInterfaceManager$1 }
02-21 10:12:31.096  2663  3086 D IccSmsInterfaceManager: Failed to add GSM cell broadcast channels range 4373 to 4378
02-21 10:12:31.096 22693 22712 D SmsManager: enableCellBroadcastRange: failed at calling enableCellBroadcastRangeForSubscriber. subId = -1
02-21 10:12:31.097  2663  3086 D IccSmsInterfaceManager: Calling setCdmaBroadcastConfig with 1 configurations
02-21 10:12:31.098  2663  3086 D RILJ    : [1963]> CDMA_SET_BROADCAST_CONFIG with 1 configs :  [PHONE0]
02-21 10:12:31.098  2663  3086 D RILJ    : {.serviceCategory = 4098, .language = 1, .selected = true} [PHONE0]
02-21 10:12:31.100  2663  2785 D RILJ    : [1963]< CDMA_SET_BROADCAST_CONFIG error 6 [PHONE0]
02-21 10:12:31.100  2663  2785 D RilRequest: [1963]< CDMA_SET_BROADCAST_CONFIG error: com.android.internal.telephony.CommandException: REQUEST_NOT_SUPPORTED ret= result={ when=-9h39m55s987ms what=4 obj=com.android.internal.telephony.IccSmsInterfaceManager$Request@af88e5c target=com.android.internal.telephony.IccSmsInterfaceManager$1 }
02-21 10:12:31.101  2663  3086 D IccSmsInterfaceManager: Failed to add cdma broadcast channels range 4098 to 4098
02-21 10:12:31.101 22693 22712 D SmsManager: enableCellBroadcastRange: failed at calling enableCellBroadcastRangeForSubscriber. subId = -1
02-21 10:12:31.102  2663  3086 D IccSmsInterfaceManager: Calling setGsmBroadcastConfig with 1 configurations
02-21 10:12:31.103  2663  3086 D RILJ    : [1964]> GSM_SET_BROADCAST_CONFIG with 1 configs :  [PHONE0]
02-21 10:12:31.103  2663  3086 D RILJ    : SmsBroadcastConfigInfo: Id [4386,4391] Code [0,255] ENABLED [PHONE0]
02-21 10:12:31.104  2663  3068 D SubscriptionController: [getSlotIndex]- subId invalid
02-21 10:12:31.104  2663  2785 D RILJ    : [1964]< GSM_SET_BROADCAST_CONFIG error 46 [PHONE0]
02-21 10:12:31.104  2663  2785 D RilRequest: [1964]< GSM_SET_BROADCAST_CONFIG error: com.android.internal.telephony.CommandException: INVALID_MODEM_STATE ret= result={ when=-9h39m55s991ms what=4 obj=com.android.internal.telephony.IccSmsInterfaceManager$Request@e5cd565 target=com.android.internal.telephony.IccSmsInterfaceManager$1 }
02-21 10:12:31.104  2663  3086 D IccSmsInterfaceManager: Failed to add GSM cell broadcast channels range 4386 to 4391
02-21 10:12:31.105 22693 22712 D SmsManager: enableCellBroadcastRange: failed at calling enableCellBroadcastRangeForSubscriber. subId = -1
02-21 10:12:31.106  2663  3086 D IccSmsInterfaceManager: Calling setGsmBroadcastConfig with 1 configurations
02-21 10:12:31.106  2663  3086 D RILJ    : [1965]> GSM_SET_BROADCAST_CONFIG with 1 configs :  [PHONE0]
02-21 10:12:31.106  2663  3086 D RILJ    : SmsBroadcastConfigInfo: Id [4379,4379] Code [0,255] ENABLED [PHONE0]
02-21 10:12:31.107  2663  2785 D RILJ    : [1965]< GSM_SET_BROADCAST_CONFIG error 46 [PHONE0]
02-21 10:12:31.107  2663  2785 D RilRequest: [1965]< GSM_SET_BROADCAST_CONFIG error: com.android.internal.telephony.CommandException: INVALID_MODEM_STATE ret= result={ when=-9h39m55s994ms what=4 obj=com.android.internal.telephony.IccSmsInterfaceManager$Request@7a9d23a target=com.android.internal.telephony.IccSmsInterfaceManager$1 }
02-21 10:12:31.107  2663  3086 D IccSmsInterfaceManager: Failed to add GSM cell broadcast channels range 4379 to 4379
02-21 10:12:31.108 22693 22712 D SmsManager: enableCellBroadcastRange: failed at calling enableCellBroadcastRangeForSubscriber. subId = -1
02-21 10:12:31.108  2663  3086 D IccSmsInterfaceManager: Calling setCdmaBroadcastConfig with 1 configurations
02-21 10:12:31.109  2663  3086 D RILJ    : [1966]> CDMA_SET_BROADCAST_CONFIG with 1 configs :  [PHONE0]
02-21 10:12:31.109  2663  3086 D RILJ    : {.serviceCategory = 4099, .language = 1, .selected = true} [PHONE0]
02-21 10:12:31.110  2663  2785 D RILJ    : [1966]< CDMA_SET_BROADCAST_CONFIG error 6 [PHONE0]
02-21 10:12:31.110  2663  2785 D RilRequest: [1966]< CDMA_SET_BROADCAST_CONFIG error: com.android.internal.telephony.CommandException: REQUEST_NOT_SUPPORTED ret= result={ when=-9h39m55s996ms what=4 obj=com.android.internal.telephony.IccSmsInterfaceManager$Request@4385eeb target=com.android.internal.telephony.IccSmsInterfaceManager$1 }
02-21 10:12:31.110  2663  3086 D IccSmsInterfaceManager: Failed to add cdma broadcast channels range 4099 to 4099
02-21 10:12:31.110 22693 22712 D SmsManager: enableCellBroadcastRange: failed at calling enableCellBroadcastRangeForSubscriber. subId = -1
02-21 10:12:31.111  2663  3086 D IccSmsInterfaceManager: Calling setGsmBroadcastConfig with 1 configurations
02-21 10:12:31.111  2663  3086 D RILJ    : [1967]> GSM_SET_BROADCAST_CONFIG with 1 configs :  [PHONE0]
02-21 10:12:31.111  2663  3086 D RILJ    : SmsBroadcastConfigInfo: Id [4392,4392] Code [0,255] ENABLED [PHONE0]
02-21 10:12:31.113  2663  2785 D RILJ    : [1967]< GSM_SET_BROADCAST_CONFIG error 46 [PHONE0]
02-21 10:12:31.113  2663  2785 D RilRequest: [1967]< GSM_SET_BROADCAST_CONFIG error: com.android.internal.telephony.CommandException: INVALID_MODEM_STATE ret= result={ when=-9h39m56s0ms what=4 obj=com.android.internal.telephony.IccSmsInterfaceManager$Request@dae3448 target=com.android.internal.telephony.IccSmsInterfaceManager$1 }
02-21 10:12:31.116  2663  3086 D IccSmsInterfaceManager: Failed to add GSM cell broadcast channels range 4392 to 4392
02-21 10:12:31.117 22693 22712 D SmsManager: enableCellBroadcastRange: failed at calling enableCellBroadcastRangeForSubscriber. subId = -1
02-21 10:12:31.117  2663  2976 D IccSmsInterfaceManager: Failed to remove GSM cell broadcast channels range 4380 to 4380
02-21 10:12:31.117 22693 22712 D SmsManager: disableCellBroadcastRange: failed at calling disableCellBroadcastRangeForSubscriber. subId = -1
02-21 10:12:31.118  2663  2976 D IccSmsInterfaceManager: Failed to remove cdma broadcast channels range 4100 to 4100
02-21 10:12:31.118 22693 22712 D SmsManager: disableCellBroadcastRange: failed at calling disableCellBroadcastRangeForSubscriber. subId = -1
02-21 10:12:31.118  2663  2976 D IccSmsInterfaceManager: Failed to remove GSM cell broadcast channels range 4393 to 4393
02-21 10:12:31.118 22693 22712 D SmsManager: disableCellBroadcastRange: failed at calling disableCellBroadcastRangeForSubscriber. subId = -1
02-21 10:12:31.119  2663  2976 D IccSmsInterfaceManager: Failed to remove GSM cell broadcast channels range 4381 to 4381
02-21 10:12:31.119 22693 22712 D SmsManager: disableCellBroadcastRange: failed at calling disableCellBroadcastRangeForSubscriber. subId = -1
02-21 10:12:31.119  2663  2976 D IccSmsInterfaceManager: Failed to remove GSM cell broadcast channels range 4394 to 4394
02-21 10:12:31.119 22693 22712 D SmsManager: disableCellBroadcastRange: failed at calling disableCellBroadcastRangeForSubscriber. subId = -1
02-21 10:12:31.119  2663  2976 D IccSmsInterfaceManager: Failed to remove GSM cell broadcast channels range 4382 to 4382
02-21 10:12:31.120 22693 22712 D SmsManager: disableCellBroadcastRange: failed at calling disableCellBroadcastRangeForSubscriber. subId = -1
02-21 10:12:31.120  2663  2976 D IccSmsInterfaceManager: Failed to remove GSM cell broadcast channels range 4395 to 4395
02-21 10:12:31.120 22693 22712 D SmsManager: disableCellBroadcastRange: failed at calling disableCellBroadcastRangeForSubscriber. subId = -1
02-21 10:12:31.121  2663  2976 D IccSmsInterfaceManager: Calling setGsmBroadcastConfig with 1 configurations
02-21 10:12:31.122  2663  2976 D RILJ    : [1968]> GSM_SET_BROADCAST_CONFIG with 1 configs :  [PHONE0]
02-21 10:12:31.122  2663  2976 D RILJ    : SmsBroadcastConfigInfo: Id [4352,4354] Code [0,255] ENABLED [PHONE0]
02-21 10:12:31.124  2663  2785 D RILJ    : [1968]< GSM_SET_BROADCAST_CONFIG error 46 [PHONE0]
02-21 10:12:31.124  2663  2785 D RilRequest: [1968]< GSM_SET_BROADCAST_CONFIG error: com.android.internal.telephony.CommandException: INVALID_MODEM_STATE ret= result={ when=-9h39m56s10ms what=4 obj=com.android.internal.telephony.IccSmsInterfaceManager$Request@eca62e1 target=com.android.internal.telephony.IccSmsInterfaceManager$1 }
02-21 10:12:31.124  2663  2976 D IccSmsInterfaceManager: Failed to add GSM cell broadcast channels range 4352 to 4354
02-21 10:12:31.124 22693 22712 D SmsManager: enableCellBroadcastRange: failed at calling enableCellBroadcastRangeForSubscriber. subId = -1
02-21 10:12:31.125  2663  3086 D IccSmsInterfaceManager: Calling setGsmBroadcastConfig with 1 configurations
02-21 10:12:31.125  2663  3086 D RILJ    : [1969]> GSM_SET_BROADCAST_CONFIG with 1 configs :  [PHONE0]
02-21 10:12:31.125  2663  3086 D RILJ    : SmsBroadcastConfigInfo: Id [4356,4356] Code [0,255] ENABLED [PHONE0]
02-21 10:12:31.126  2663  2785 D RILJ    : [1969]< GSM_SET_BROADCAST_CONFIG error 46 [PHONE0]
02-21 10:12:31.126  2663  2785 D RilRequest: [1969]< GSM_SET_BROADCAST_CONFIG error: com.android.internal.telephony.CommandException: INVALID_MODEM_STATE ret= result={ when=-9h39m56s13ms what=4 obj=com.android.internal.telephony.IccSmsInterfaceManager$Request@152d806 target=com.android.internal.telephony.IccSmsInterfaceManager$1 }
02-21 10:12:31.127  2663  3086 D IccSmsInterfaceManager: Failed to add GSM cell broadcast channels range 4356 to 4356
02-21 10:12:31.127 22693 22712 D SmsManager: enableCellBroadcastRange: failed at calling enableCellBroadcastRangeForSubscriber. subId = -1
02-21 10:12:31.128  2663  3086 D IccSmsInterfaceManager: Failed to remove GSM cell broadcast channels range 4355 to 4355
02-21 10:12:31.128 22693 22712 D SmsManager: disableCellBroadcastRange: failed at calling disableCellBroadcastRangeForSubscriber. subId = -1
02-21 10:12:31.128  2663  3086 D IccSmsInterfaceManager: Calling setGsmBroadcastConfig with 1 configurations
02-21 10:12:31.129  2663  3086 D RILJ    : [1970]> GSM_SET_BROADCAST_CONFIG with 1 configs :  [PHONE0]
02-21 10:12:31.129  2663  3086 D RILJ    : SmsBroadcastConfigInfo: Id [4396,4396] Code [0,255] ENABLED [PHONE0]
02-21 10:12:31.130  2663  2785 D RILJ    : [1970]< GSM_SET_BROADCAST_CONFIG error 46 [PHONE0]
02-21 10:12:31.130  2663  2785 D RilRequest: [1970]< GSM_SET_BROADCAST_CONFIG error: com.android.internal.telephony.CommandException: INVALID_MODEM_STATE ret= result={ when=-9h39m56s17ms what=4 obj=com.android.internal.telephony.IccSmsInterfaceManager$Request@8bbfec7 target=com.android.internal.telephony.IccSmsInterfaceManager$1 }
02-21 10:12:31.131  2663  3086 D IccSmsInterfaceManager: Failed to add GSM cell broadcast channels range 4396 to 4396
02-21 10:12:31.131 22693 22712 D SmsManager: enableCellBroadcastRange: failed at calling enableCellBroadcastRangeForSubscriber. subId = -1
02-21 10:12:31.132  2663  3086 D IccSmsInterfaceManager: Calling setGsmBroadcastConfig with 1 configurations
02-21 10:12:31.132  2663  3086 D RILJ    : [1971]> GSM_SET_BROADCAST_CONFIG with 1 configs :  [PHONE0]
02-21 10:12:31.132  2663  3086 D RILJ    : SmsBroadcastConfigInfo: Id [4397,4397] Code [0,255] ENABLED [PHONE0]
02-21 10:12:31.135  2663  2785 D RILJ    : [1971]< GSM_SET_BROADCAST_CONFIG error 46 [PHONE0]
02-21 10:12:31.136  2663  2785 D RilRequest: [1971]< GSM_SET_BROADCAST_CONFIG error: com.android.internal.telephony.CommandException: INVALID_MODEM_STATE ret= result={ when=-9h39m56s22ms what=4 obj=com.android.internal.telephony.IccSmsInterfaceManager$Request@4964cf4 target=com.android.internal.telephony.IccSmsInterfaceManager$1 }
02-21 10:12:31.136  2663  3086 D IccSmsInterfaceManager: Failed to add GSM cell broadcast channels range 4397 to 4397
02-21 10:12:31.137 22693 22712 D SmsManager: enableCellBroadcastRange: failed at calling enableCellBroadcastRangeForSubscriber. subId = -1
02-21 10:12:31.138  2663  3086 D IccSmsInterfaceManager: Failed to remove GSM cell broadcast channels range 4398 to 4398
02-21 10:12:31.138 22693 22712 D SmsManager: disableCellBroadcastRange: failed at calling disableCellBroadcastRangeForSubscriber. subId = -1
02-21 10:12:31.138  2663  3086 D IccSmsInterfaceManager: Failed to remove GSM cell broadcast channels range 4399 to 4399
