02-21 10:12:31.139 22693 22712 D SmsManager: disableCellBroadcastRange: failed at calling disableCellBroadcastRangeForSubscriber. subId = -1
02-21 10:12:31.139  2663  3086 D IccSmsInterfaceManager: Calling setGsmBroadcastConfig with 1 configurations
02-21 10:12:31.141  2663  3086 D RILJ    : [1972]> GSM_SET_BROADCAST_CONFIG with 1 configs :  [PHONE0]
02-21 10:12:31.141  2663  3086 D RILJ    : SmsBroadcastConfigInfo: Id [4400,4400] Code [0,255] ENABLED [PHONE0]
02-21 10:12:31.142  2663  2785 D RILJ    : [1972]< GSM_SET_BROADCAST_CONFIG error 46 [PHONE0]
02-21 10:12:31.142  2663  2785 D RilRequest: [1972]< GSM_SET_BROADCAST_CONFIG error: com.android.internal.telephony.CommandException: INVALID_MODEM_STATE ret= result={ when=-9h39m56s28ms what=4 obj=com.android.internal.telephony.IccSmsInterfaceManager$Request@8294c1d target=com.android.internal.telephony.IccSmsInterfaceManager$1 }
02-21 10:12:31.142  2663  3086 D IccSmsInterfaceManager: Failed to add GSM cell broadcast channels range 4400 to 4400
02-21 10:12:31.142 22693 22712 D SmsManager: enableCellBroadcastRange: failed at calling enableCellBroadcastRangeForSubscriber. subId = -1
02-21 10:12:31.531  2663  3086 D SubscriptionController: [getSlotIndex]- size == 0, return SIM_NOT_INSERTED instead
02-21 10:12:32.260  1061  1061 I GRIL-Q  : qmi_vs_scone_activity_input_req completed 0, 0
02-21 10:12:32.292  2663  3068 E PhoneSubInfoController: getGroupIdLevel1 phone is null for Subscription:-1
02-21 10:12:32.292  2663  3068 E PhoneSubInfoController: getGroupIdLevel1 phone is null for Subscription:-1
02-21 10:12:32.293  2663  3068 E PhoneSubInfoController: getGroupIdLevel1 phone is null for Subscription:-1
02-21 10:12:32.298  2663  3086 E PhoneSubInfoController: getGroupIdLevel1 phone is null for Subscription:-1
02-21 10:12:32.298  2663  3068 E PhoneSubInfoController: getGroupIdLevel1 phone is null for Subscription:-1
02-21 10:12:32.302  2663  3068 E PhoneSubInfoController: getGroupIdLevel1 phone is null for Subscription:-1
02-21 10:12:32.305  2663  3086 E PhoneSubInfoController: getGroupIdLevel1 phone is null for Subscription:-1
02-21 10:12:32.306  2663  3086 E PhoneSubInfoController: getGroupIdLevel1 phone is null for Subscription:-1
02-21 10:12:32.311  2663  3086 E PhoneSubInfoController: getGroupIdLevel1 phone is null for Subscription:-1
02-21 10:12:32.311  2663  3086 E PhoneSubInfoController: getGroupIdLevel1 phone is null for Subscription:-1
02-21 10:12:32.315  2663  3086 E PhoneSubInfoController: getGroupIdLevel1 phone is null for Subscription:-1
02-21 10:12:32.315  2663  3086 E PhoneSubInfoController: getGroupIdLevel1 phone is null for Subscription:-1
02-21 10:12:32.372  2663  3086 D IccSmsInterfaceManager: Cell broadcast ranges reset.
02-21 10:12:32.374  2663  3086 D IccSmsInterfaceManager: Calling setGsmBroadcastConfig with 1 configurations
02-21 10:12:32.375  2663  3086 D RILJ    : [1973]> GSM_SET_BROADCAST_CONFIG with 1 configs :  [PHONE0]
02-21 10:12:32.375  2663  3086 D RILJ    : SmsBroadcastConfigInfo: Id [4370,4370] Code [0,255] ENABLED [PHONE0]
02-21 10:12:32.378  2663  2785 D RILJ    : [1973]< GSM_SET_BROADCAST_CONFIG error 46 [PHONE0]
02-21 10:12:32.378  2663  2785 D RilRequest: [1973]< GSM_SET_BROADCAST_CONFIG error: com.android.internal.telephony.CommandException: INVALID_MODEM_STATE ret= result={ when=-9h39m57s264ms what=4 obj=com.android.internal.telephony.IccSmsInterfaceManager$Request@a346e92 target=com.android.internal.telephony.IccSmsInterfaceManager$1 }
02-21 10:12:32.378  2663  3086 D IccSmsInterfaceManager: Failed to add GSM cell broadcast channels range 4370 to 4370
02-21 10:12:32.379 22693 22918 D SmsManager: enableCellBroadcastRange: failed at calling enableCellBroadcastRangeForSubscriber. subId = -1
02-21 10:12:32.379  2663  3086 D IccSmsInterfaceManager: Calling setGsmBroadcastConfig with 1 configurations
02-21 10:12:32.381  2663  3086 D RILJ    : [1974]> GSM_SET_BROADCAST_CONFIG with 1 configs :  [PHONE0]
02-21 10:12:32.381  2663  3086 D RILJ    : SmsBroadcastConfigInfo: Id [4383,4383] Code [0,255] ENABLED [PHONE0]
02-21 10:12:32.383  2663  2785 D RILJ    : [1974]< GSM_SET_BROADCAST_CONFIG error 46 [PHONE0]
02-21 10:12:32.383  2663  2785 D RilRequest: [1974]< GSM_SET_BROADCAST_CONFIG error: com.android.internal.telephony.CommandException: INVALID_MODEM_STATE ret= result={ when=-9h39m57s270ms what=4 obj=com.android.internal.telephony.IccSmsInterfaceManager$Request@8efc063 target=com.android.internal.telephony.IccSmsInterfaceManager$1 }
02-21 10:12:32.384  2663  3086 D IccSmsInterfaceManager: Failed to add GSM cell broadcast channels range 4383 to 4383
02-21 10:12:32.384 22693 22918 D SmsManager: enableCellBroadcastRange: failed at calling enableCellBroadcastRangeForSubscriber. subId = -1
02-21 10:12:32.386  2663  3086 D IccSmsInterfaceManager: Calling setGsmBroadcastConfig with 1 configurations
02-21 10:12:32.387  2663  3086 D RILJ    : [1975]> GSM_SET_BROADCAST_CONFIG with 1 configs :  [PHONE0]
02-21 10:12:32.387  2663  3086 D RILJ    : SmsBroadcastConfigInfo: Id [4371,4372] Code [0,255] ENABLED [PHONE0]
02-21 10:12:32.388  2663  2785 D RILJ    : [1975]< GSM_SET_BROADCAST_CONFIG error 46 [PHONE0]
02-21 10:12:32.389  2663  2785 D RilRequest: [1975]< GSM_SET_BROADCAST_CONFIG error: com.android.internal.telephony.CommandException: INVALID_MODEM_STATE ret= result={ when=-9h39m57s275ms what=4 obj=com.android.internal.telephony.IccSmsInterfaceManager$Request@a454460 target=com.android.internal.telephony.IccSmsInterfaceManager$1 }
02-21 10:12:32.389  2663  3086 D IccSmsInterfaceManager: Failed to add GSM cell broadcast channels range 4371 to 4372
02-21 10:12:32.393 22693 22918 D SmsManager: enableCellBroadcastRange: failed at calling enableCellBroadcastRangeForSubscriber. subId = -1
02-21 10:12:32.393  2663  3086 D IccSmsInterfaceManager: Calling setCdmaBroadcastConfig with 1 configurations
02-21 10:12:32.395  2663  3086 D RILJ    : [1976]> CDMA_SET_BROADCAST_CONFIG with 1 configs :  [PHONE0]
02-21 10:12:32.395  2663  3086 D RILJ    : {.serviceCategory = 4097, .language = 1, .selected = true} [PHONE0]
02-21 10:12:32.397  2663  2785 D RILJ    : [1976]< CDMA_SET_BROADCAST_CONFIG error 6 [PHONE0]
02-21 10:12:32.397  2663  2785 D RilRequest: [1976]< CDMA_SET_BROADCAST_CONFIG error: com.android.internal.telephony.CommandException: REQUEST_NOT_SUPPORTED ret= result={ when=-9h39m57s283ms what=4 obj=com.android.internal.telephony.IccSmsInterfaceManager$Request@c938d19 target=com.android.internal.telephony.IccSmsInterfaceManager$1 }
02-21 10:12:32.397  2663  3086 D IccSmsInterfaceManager: Failed to add cdma broadcast channels range 4097 to 4097
02-21 10:12:32.398 22693 22918 D SmsManager: enableCellBroadcastRange: failed at calling enableCellBroadcastRangeForSubscriber. subId = -1
02-21 10:12:32.399  2663  3086 D IccSmsInterfaceManager: Calling setGsmBroadcastConfig with 1 configurations
02-21 10:12:32.401  2663  3086 D RILJ    : [1977]> GSM_SET_BROADCAST_CONFIG with 1 configs :  [PHONE0]
02-21 10:12:32.401  2663  3086 D RILJ    : SmsBroadcastConfigInfo: Id [4384,4385] Code [0,255] ENABLED [PHONE0]
02-21 10:12:32.403  2663  2785 D RILJ    : [1977]< GSM_SET_BROADCAST_CONFIG error 46 [PHONE0]
02-21 10:12:32.403  2663  2785 D RilRequest: [1977]< GSM_SET_BROADCAST_CONFIG error: com.android.internal.telephony.CommandException: INVALID_MODEM_STATE ret= result={ when=-9h39m57s290ms what=4 obj=com.android.internal.telephony.IccSmsInterfaceManager$Request@a26e1de target=com.android.internal.telephony.IccSmsInterfaceManager$1 }
02-21 10:12:32.404  2663  3086 D IccSmsInterfaceManager: Failed to add GSM cell broadcast channels range 4384 to 4385
02-21 10:12:32.404 22693 22918 D SmsManager: enableCellBroadcastRange: failed at calling enableCellBroadcastRangeForSubscriber. subId = -1
02-21 10:12:32.405  2663  3086 D IccSmsInterfaceManager: Calling setGsmBroadcastConfig with 1 configurations
02-21 10:12:32.406  2663  3086 D RILJ    : [1978]> GSM_SET_BROADCAST_CONFIG with 1 configs :  [PHONE0]
02-21 10:12:32.406  2663  3086 D RILJ    : SmsBroadcastConfigInfo: Id [4373,4378] Code [0,255] ENABLED [PHONE0]
02-21 10:12:32.407  2663  2785 D RILJ    : [1978]< GSM_SET_BROADCAST_CONFIG error 46 [PHONE0]
02-21 10:12:32.407  2663  2785 D RilRequest: [1978]< GSM_SET_BROADCAST_CONFIG error: com.android.internal.telephony.CommandException: INVALID_MODEM_STATE ret= result={ when=-9h39m57s294ms what=4 obj=com.android.internal.telephony.IccSmsInterfaceManager$Request@b13ffbf target=com.android.internal.telephony.IccSmsInterfaceManager$1 }
02-21 10:12:32.408  2663  3086 D IccSmsInterfaceManager: Failed to add GSM cell broadcast channels range 4373 to 4378
02-21 10:12:32.408 22693 22918 D SmsManager: enableCellBroadcastRange: failed at calling enableCellBroadcastRangeForSubscriber. subId = -1
02-21 10:12:32.409  2663  3086 D IccSmsInterfaceManager: Calling setCdmaBroadcastConfig with 1 configurations
02-21 10:12:32.410  2663  3086 D RILJ    : [1979]> CDMA_SET_BROADCAST_CONFIG with 1 configs :  [PHONE0]
02-21 10:12:32.410  2663  3086 D RILJ    : {.serviceCategory = 4098, .language = 1, .selected = true} [PHONE0]
02-21 10:12:32.412  2663  2785 D RILJ    : [1979]< CDMA_SET_BROADCAST_CONFIG error 6 [PHONE0]
02-21 10:12:32.412  2663  2785 D RilRequest: [1979]< CDMA_SET_BROADCAST_CONFIG error: com.android.internal.telephony.CommandException: REQUEST_NOT_SUPPORTED ret= result={ when=-9h39m57s298ms what=4 obj=com.android.internal.telephony.IccSmsInterfaceManager$Request@c2a468c target=com.android.internal.telephony.IccSmsInterfaceManager$1 }
02-21 10:12:32.412  2663  3086 D IccSmsInterfaceManager: Failed to add cdma broadcast channels range 4098 to 4098
02-21 10:12:32.412 22693 22918 D SmsManager: enableCellBroadcastRange: failed at calling enableCellBroadcastRangeForSubscriber. subId = -1
02-21 10:12:32.415  2663  3086 D IccSmsInterfaceManager: Calling setGsmBroadcastConfig with 1 configurations
02-21 10:12:32.416  2663  3086 D RILJ    : [1980]> GSM_SET_BROADCAST_CONFIG with 1 configs :  [PHONE0]
02-21 10:12:32.416  2663  3086 D RILJ    : SmsBroadcastConfigInfo: Id [4386,4391] Code [0,255] ENABLED [PHONE0]
02-21 10:12:32.418  2663  2785 D RILJ    : [1980]< GSM_SET_BROADCAST_CONFIG error 46 [PHONE0]
02-21 10:12:32.418  2663  2785 D RilRequest: [1980]< GSM_SET_BROADCAST_CONFIG error: com.android.internal.telephony.CommandException: INVALID_MODEM_STATE ret= result={ when=-9h39m57s304ms what=4 obj=com.android.internal.telephony.IccSmsInterfaceManager$Request@bc6e1d5 target=com.android.internal.telephony.IccSmsInterfaceManager$1 }
02-21 10:12:32.419  2663  3086 D IccSmsInterfaceManager: Failed to add GSM cell broadcast channels range 4386 to 4391
02-21 10:12:32.419 22693 22918 D SmsManager: enableCellBroadcastRange: failed at calling enableCellBroadcastRangeForSubscriber. subId = -1
02-21 10:12:32.420  2663  3068 D IccSmsInterfaceManager: Calling setGsmBroadcastConfig with 1 configurations
02-21 10:12:32.421  2663  3068 D RILJ    : [1981]> GSM_SET_BROADCAST_CONFIG with 1 configs :  [PHONE0]
02-21 10:12:32.421  2663  3068 D RILJ    : SmsBroadcastConfigInfo: Id [4379,4379] Code [0,255] ENABLED [PHONE0]
02-21 10:12:32.423  2663  2785 D RILJ    : [1981]< GSM_SET_BROADCAST_CONFIG error 46 [PHONE0]
02-21 10:12:32.423  2663  2785 D RilRequest: [1981]< GSM_SET_BROADCAST_CONFIG error: com.android.internal.telephony.CommandException: INVALID_MODEM_STATE ret= result={ when=-9h39m57s309ms what=4 obj=com.android.internal.telephony.IccSmsInterfaceManager$Request@c3b3dea target=com.android.internal.telephony.IccSmsInterfaceManager$1 }
02-21 10:12:32.423  2663  3068 D IccSmsInterfaceManager: Failed to add GSM cell broadcast channels range 4379 to 4379
02-21 10:12:32.423 22693 22918 D SmsManager: enableCellBroadcastRange: failed at calling enableCellBroadcastRangeForSubscriber. subId = -1
02-21 10:12:32.426  2663  3068 D IccSmsInterfaceManager: Calling setCdmaBroadcastConfig with 1 configurations
02-21 10:12:32.427  2663  3068 D RILJ    : [1982]> CDMA_SET_BROADCAST_CONFIG with 1 configs :  [PHONE0]
02-21 10:12:32.427  2663  3068 D RILJ    : {.serviceCategory = 4099, .language = 1, .selected = true} [PHONE0]
02-21 10:12:32.430  2663  2785 D RILJ    : [1982]< CDMA_SET_BROADCAST_CONFIG error 6 [PHONE0]
02-21 10:12:32.430  2663  2785 D RilRequest: [1982]< CDMA_SET_BROADCAST_CONFIG error: com.android.internal.telephony.CommandException: REQUEST_NOT_SUPPORTED ret= result={ when=-9h39m57s317ms what=4 obj=com.android.internal.telephony.IccSmsInterfaceManager$Request@f12d8db target=com.android.internal.telephony.IccSmsInterfaceManager$1 }
02-21 10:12:32.430  2663  3068 D IccSmsInterfaceManager: Failed to add cdma broadcast channels range 4099 to 4099
02-21 10:12:32.431 22693 22918 D SmsManager: enableCellBroadcastRange: failed at calling enableCellBroadcastRangeForSubscriber. subId = -1
02-21 10:12:32.432  2663  3068 D IccSmsInterfaceManager: Calling setGsmBroadcastConfig with 1 configurations
02-21 10:12:32.432  2663  3068 D RILJ    : [1983]> GSM_SET_BROADCAST_CONFIG with 1 configs :  [PHONE0]
02-21 10:12:32.432  2663  3068 D RILJ    : SmsBroadcastConfigInfo: Id [4392,4392] Code [0,255] ENABLED [PHONE0]
02-21 10:12:32.434  2663  2785 D RILJ    : [1983]< GSM_SET_BROADCAST_CONFIG error 46 [PHONE0]
02-21 10:12:32.434  2663  2785 D RilRequest: [1983]< GSM_SET_BROADCAST_CONFIG error: com.android.internal.telephony.CommandException: INVALID_MODEM_STATE ret= result={ when=-9h39m57s321ms what=4 obj=com.android.internal.telephony.IccSmsInterfaceManager$Request@d7b3f78 target=com.android.internal.telephony.IccSmsInterfaceManager$1 }
02-21 10:12:32.434  2663  3068 D IccSmsInterfaceManager: Failed to add GSM cell broadcast channels range 4392 to 4392
02-21 10:12:32.435 22693 22918 D SmsManager: enableCellBroadcastRange: failed at calling enableCellBroadcastRangeForSubscriber. subId = -1
02-21 10:12:32.435  2663  3068 D IccSmsInterfaceManager: Failed to remove GSM cell broadcast channels range 4380 to 4380
02-21 10:12:32.436 22693 22918 D SmsManager: disableCellBroadcastRange: failed at calling disableCellBroadcastRangeForSubscriber. subId = -1
02-21 10:12:32.436  2663  3068 D IccSmsInterfaceManager: Failed to remove cdma broadcast channels range 4100 to 4100
02-21 10:12:32.436 22693 22918 D SmsManager: disableCellBroadcastRange: failed at calling disableCellBroadcastRangeForSubscriber. subId = -1
02-21 10:12:32.437  2663  3068 D IccSmsInterfaceManager: Failed to remove GSM cell broadcast channels range 4393 to 4393
02-21 10:12:32.437 22693 22918 D SmsManager: disableCellBroadcastRange: failed at calling disableCellBroadcastRangeForSubscriber. subId = -1
02-21 10:12:32.437  2663  3068 D IccSmsInterfaceManager: Failed to remove GSM cell broadcast channels range 4381 to 4381
02-21 10:12:32.437 22693 22918 D SmsManager: disableCellBroadcastRange: failed at calling disableCellBroadcastRangeForSubscriber. subId = -1
02-21 10:12:32.438  2663  3068 D IccSmsInterfaceManager: Failed to remove GSM cell broadcast channels range 4394 to 4394
02-21 10:12:32.438 22693 22918 D SmsManager: disableCellBroadcastRange: failed at calling disableCellBroadcastRangeForSubscriber. subId = -1
02-21 10:12:32.438  2663  3068 D IccSmsInterfaceManager: Failed to remove GSM cell broadcast channels range 4382 to 4382
02-21 10:12:32.438 22693 22918 D SmsManager: disableCellBroadcastRange: failed at calling disableCellBroadcastRangeForSubscriber. subId = -1
02-21 10:12:32.439  2663  3068 D IccSmsInterfaceManager: Failed to remove GSM cell broadcast channels range 4395 to 4395
02-21 10:12:32.439 22693 22918 D SmsManager: disableCellBroadcastRange: failed at calling disableCellBroadcastRangeForSubscriber. subId = -1
02-21 10:12:32.439  2663  3068 D IccSmsInterfaceManager: Calling setGsmBroadcastConfig with 1 configurations
02-21 10:12:32.440  2663  3068 D RILJ    : [1984]> GSM_SET_BROADCAST_CONFIG with 1 configs :  [PHONE0]
02-21 10:12:32.440  2663  3068 D RILJ    : SmsBroadcastConfigInfo: Id [4352,4354] Code [0,255] ENABLED [PHONE0]
02-21 10:12:32.442  2663  2785 D RILJ    : [1984]< GSM_SET_BROADCAST_CONFIG error 46 [PHONE0]
02-21 10:12:32.442  2663  2785 D RilRequest: [1984]< GSM_SET_BROADCAST_CONFIG error: com.android.internal.telephony.CommandException: INVALID_MODEM_STATE ret= result={ when=-9h39m57s328ms what=4 obj=com.android.internal.telephony.IccSmsInterfaceManager$Request@9a0c651 target=com.android.internal.telephony.IccSmsInterfaceManager$1 }
02-21 10:12:32.442  2663  3068 D IccSmsInterfaceManager: Failed to add GSM cell broadcast channels range 4352 to 4354
02-21 10:12:32.442 22693 22918 D SmsManager: enableCellBroadcastRange: failed at calling enableCellBroadcastRangeForSubscriber. subId = -1
02-21 10:12:32.443  2663  3068 D IccSmsInterfaceManager: Calling setGsmBroadcastConfig with 1 configurations
02-21 10:12:32.444  2663  3068 D RILJ    : [1985]> GSM_SET_BROADCAST_CONFIG with 1 configs :  [PHONE0]
02-21 10:12:32.444  2663  3068 D RILJ    : SmsBroadcastConfigInfo: Id [4356,4356] Code [0,255] ENABLED [PHONE0]
02-21 10:12:32.445  2663  2785 D RILJ    : [1985]< GSM_SET_BROADCAST_CONFIG error 46 [PHONE0]
02-21 10:12:32.445  2663  2785 D RilRequest: [1985]< GSM_SET_BROADCAST_CONFIG error: com.android.internal.telephony.CommandException: INVALID_MODEM_STATE ret= result={ when=-9h39m57s332ms what=4 obj=com.android.internal.telephony.IccSmsInterfaceManager$Request@9874eb6 target=com.android.internal.telephony.IccSmsInterfaceManager$1 }
02-21 10:12:32.445  2663  3068 D IccSmsInterfaceManager: Failed to add GSM cell broadcast channels range 4356 to 4356
02-21 10:12:32.445 22693 22918 D SmsManager: enableCellBroadcastRange: failed at calling enableCellBroadcastRangeForSubscriber. subId = -1
02-21 10:12:32.446  2663  3068 D IccSmsInterfaceManager: Failed to remove GSM cell broadcast channels range 4355 to 4355
02-21 10:12:32.447 22693 22918 D SmsManager: disableCellBroadcastRange: failed at calling disableCellBroadcastRangeForSubscriber. subId = -1
02-21 10:12:32.447  2663  3068 D IccSmsInterfaceManager: Calling setGsmBroadcastConfig with 1 configurations
02-21 10:12:32.449  2663  3068 D RILJ    : [1986]> GSM_SET_BROADCAST_CONFIG with 1 configs :  [PHONE0]
02-21 10:12:32.449  2663  3068 D RILJ    : SmsBroadcastConfigInfo: Id [4396,4396] Code [0,255] ENABLED [PHONE0]
02-21 10:12:32.450  2663  2785 D RILJ    : [1986]< GSM_SET_BROADCAST_CONFIG error 46 [PHONE0]
02-21 10:12:32.451  2663  2785 D RilRequest: [1986]< GSM_SET_BROADCAST_CONFIG error: com.android.internal.telephony.CommandException: INVALID_MODEM_STATE ret= result={ when=-9h39m57s337ms what=4 obj=com.android.internal.telephony.IccSmsInterfaceManager$Request@f5c27b7 target=com.android.internal.telephony.IccSmsInterfaceManager$1 }
02-21 10:12:32.452  2663  3068 D IccSmsInterfaceManager: Failed to add GSM cell broadcast channels range 4396 to 4396
02-21 10:12:32.453 22693 22918 D SmsManager: enableCellBroadcastRange: failed at calling enableCellBroadcastRangeForSubscriber. subId = -1
02-21 10:12:32.454  2663  3086 D IccSmsInterfaceManager: Calling setGsmBroadcastConfig with 1 configurations
02-21 10:12:32.455  2663  3086 D RILJ    : [1987]> GSM_SET_BROADCAST_CONFIG with 1 configs :  [PHONE0]
02-21 10:12:32.455  2663  3086 D RILJ    : SmsBroadcastConfigInfo: Id [4397,4397] Code [0,255] ENABLED [PHONE0]
02-21 10:12:32.457  2663  2785 D RILJ    : [1987]< GSM_SET_BROADCAST_CONFIG error 46 [PHONE0]
02-21 10:12:32.457  2663  2785 D RilRequest: [1987]< GSM_SET_BROADCAST_CONFIG error: com.android.internal.telephony.CommandException: INVALID_MODEM_STATE ret= result={ when=-9h39m57s343ms what=4 obj=com.android.internal.telephony.IccSmsInterfaceManager$Request@ce0db24 target=com.android.internal.telephony.IccSmsInterfaceManager$1 }
02-21 10:12:32.457  2663  3086 D IccSmsInterfaceManager: Failed to add GSM cell broadcast channels range 4397 to 4397
02-21 10:12:32.458 22693 22918 D SmsManager: enableCellBroadcastRange: failed at calling enableCellBroadcastRangeForSubscriber. subId = -1
02-21 10:12:32.459  2663  3086 D IccSmsInterfaceManager: Failed to remove GSM cell broadcast channels range 4398 to 4398
02-21 10:12:32.459 22693 22918 D SmsManager: disableCellBroadcastRange: failed at calling disableCellBroadcastRangeForSubscriber. subId = -1
02-21 10:12:32.460  2663  3086 D IccSmsInterfaceManager: Failed to remove GSM cell broadcast channels range 4399 to 4399
02-21 10:12:32.460 22693 22918 D SmsManager: disableCellBroadcastRange: failed at calling disableCellBroadcastRangeForSubscriber. subId = -1
02-21 10:12:32.460  2663  3086 D IccSmsInterfaceManager: Calling setGsmBroadcastConfig with 1 configurations
02-21 10:12:32.461  2663  3086 D RILJ    : [1988]> GSM_SET_BROADCAST_CONFIG with 1 configs :  [PHONE0]
02-21 10:12:32.461  2663  3086 D RILJ    : SmsBroadcastConfigInfo: Id [4400,4400] Code [0,255] ENABLED [PHONE0]
02-21 10:12:32.462  2663  2785 D RILJ    : [1988]< GSM_SET_BROADCAST_CONFIG error 46 [PHONE0]
02-21 10:12:32.462  2663  2785 D RilRequest: [1988]< GSM_SET_BROADCAST_CONFIG error: com.android.internal.telephony.CommandException: INVALID_MODEM_STATE ret= result={ when=-9h39m57s349ms what=4 obj=com.android.internal.telephony.IccSmsInterfaceManager$Request@5a768d target=com.android.internal.telephony.IccSmsInterfaceManager$1 }
02-21 10:12:32.462  2663  3086 D IccSmsInterfaceManager: Failed to add GSM cell broadcast channels range 4400 to 4400
02-21 10:12:32.463 22693 22918 D SmsManager: enableCellBroadcastRange: failed at calling enableCellBroadcastRangeForSubscriber. subId = -1
02-21 10:12:32.498  2663  3086 D SubscriptionController: [getSlotIndex]- subId invalid
02-21 10:12:32.623  2663  3086 D SubscriptionController: [getActiveSubscriptionInfo]- subId=2 subList=[] subInfo=null
02-21 10:12:32.628  2663  3086 D SubscriptionController: [getActiveSubscriptionInfo]- subId=2 subList=[] subInfo=null
02-21 10:12:32.634  2663  3086 D SubscriptionController: [getActiveSubscriptionInfo]- subId=2 subList=[] subInfo=null
02-21 10:12:32.674  2663  3086 D SubscriptionController: [getActiveSubscriptionInfo]- subId=3 subList=[] subInfo=null
02-21 10:12:32.680  2663  3086 D SubscriptionController: [getActiveSubscriptionInfo]- subId=3 subList=[] subInfo=null
02-21 10:12:32.684  2663  3086 D SubscriptionController: [getActiveSubscriptionInfo]- subId=3 subList=[] subInfo=null
02-21 10:12:32.718  2663  3086 D SubscriptionController: [getActiveSubscriptionInfo]- subId=4 subList=[] subInfo=null
02-21 10:12:32.720  2663  3086 D SubscriptionController: [getActiveSubscriptionInfo]- subId=4 subList=[] subInfo=null
02-21 10:12:32.721  2663  3086 D SubscriptionController: [getActiveSubscriptionInfo]- subId=4 subList=[] subInfo=null
02-21 10:12:33.870  1061  1061 I GRIL-Q  : qmi_vs_scone_activity_input_req completed 0, 0
02-21 10:12:34.041  2663  2785 D RILJ    : [1945]< SIM_TRANSMIT_APDU_CHANNEL  [PHONE1]
02-21 10:12:34.041  2663  2663 V TransApdu: Response: IccIoResult sw1:0x90 sw2:0x0 Payload: *******
02-21 10:12:34.041  2663  2663 V ApduSender: Full APDU response: IccIoResult sw1:0x90 sw2:0x0 Payload: *******
02-21 10:12:34.041  2663  2663 V CloseChan: Channel: 1
02-21 10:12:34.043  2663  2663 D RILJ    : [1989]> SIM_CLOSE_CHANNEL channel = 1 [PHONE1]
02-21 10:12:34.118  2663  2785 D RILJ    : [1931]< SIM_OPEN_CHANNEL error 17 [PHONE1]
02-21 10:12:34.118  2663  2785 D RilRequest: [1931]< SIM_OPEN_CHANNEL error: com.android.internal.telephony.CommandException: NO_SUCH_ELEMENT ret= result={ when=-9h39m59s5ms what=8 obj={ when=-9h39m59s5ms what=1 arg2=1 target=com.android.internal.telephony.uicc.UiccCarrierPrivilegeRules } target=com.android.internal.telephony.uicc.UiccProfile$4 }
02-21 10:12:34.118  2663  2663 D UiccProfile: handleMessage: Received OPEN_LOGICAL_CHANNEL_DONE for phoneId 1
02-21 10:12:34.118  2663  2663 D UiccProfile: handleMessage: Error in SIM access with exception com.android.internal.telephony.CommandException: NO_SUCH_ELEMENT
02-21 10:12:34.119  2663  2663 D UiccPkcs15: Creating UiccPkcs15
02-21 10:12:34.119  2663  2663 D UiccProfile: iccOpenLogicalChannel: A000000063504B43532D3135 , 4 by pid:2663 uid:1001
02-21 10:12:34.120  2663  2663 D RILJ    : [1990]> SIM_OPEN_CHANNEL [PHONE1]
02-21 10:12:34.130  2663  2785 D RILJ    : [1989]< SIM_CLOSE_CHANNEL  [PHONE1]
02-21 10:12:34.140  2663  3068 D RILJ    : [1991]> SIM_OPEN_CHANNEL [PHONE1]
02-21 10:12:34.178  2663  2785 D RILJ    : [1990]< SIM_OPEN_CHANNEL error 17 [PHONE1]
02-21 10:12:34.178  2663  2785 D RilRequest: [1990]< SIM_OPEN_CHANNEL error: com.android.internal.telephony.CommandException: NO_SUCH_ELEMENT ret= result={ when=-9h39m59s64ms what=8 obj={ when=-9h39m59s65ms what=201 target=com.android.internal.telephony.uicc.UiccPkcs15$Pkcs15Selector } target=com.android.internal.telephony.uicc.UiccProfile$4 }
02-21 10:12:34.178  2663  2663 D UiccProfile: handleMessage: Received OPEN_LOGICAL_CHANNEL_DONE for phoneId 1
02-21 10:12:34.179  2663  2663 D UiccProfile: handleMessage: Error in SIM access with exception com.android.internal.telephony.CommandException: NO_SUCH_ELEMENT
02-21 10:12:34.179  2663  2663 D UiccPkcs15: handleMessage: 201
02-21 10:12:34.179  2663  2663 D UiccPkcs15: error: com.android.internal.telephony.CommandException: NO_SUCH_ELEMENT
02-21 10:12:34.179  2663  2663 D UiccPkcs15: handleMessage: 1
02-21 10:12:34.179  2663  2663 D UiccPkcs15: select pkcs15 failed: com.android.internal.telephony.CommandException: NO_SUCH_ELEMENT
02-21 10:12:34.179  2663  2663 D UiccProfile: handleMessage: Received CARRIER_PRIVILEGES_LOADED for phoneId 1
02-21 10:12:34.193  2663  2663 E UiccProfile: updateExternalState: setting state to NOT_READY because mUiccApplication is null
02-21 10:12:34.193  2663  2663 D UiccProfile: setExternalState: !override and newstate unchanged from NOT_READY
02-21 10:12:34.198  2663  2785 D RILJ    : [1991]< SIM_OPEN_CHANNEL  [PHONE1]
02-21 10:12:34.198  2663  2663 V OpenChan: Response: Channel: 2 Status: 1
02-21 10:12:34.198  2663  2663 V TransApdu: Send: ApduCommand(channel=2, cla=128, ins=226, p1=145, p2=0, p3=16, cmd=BF2D0D5C0B5A909192B79F709599BF76)
02-21 10:12:34.202  2663  2663 D RILJ    : [1992]> SIM_TRANSMIT_APDU_CHANNEL [PHONE1]
02-21 10:12:34.272  2663  2785 D RILJ    : [1992]< SIM_TRANSMIT_APDU_CHANNEL  [PHONE1]
02-21 10:12:34.272  2663  2663 V TransApdu: Response: IccIoResult sw1:0x90 sw2:0x0 Payload: *******
02-21 10:12:34.272  2663  2663 V ApduSender: Full APDU response: IccIoResult sw1:0x90 sw2:0x0 Payload: *******
02-21 10:12:34.272  2663  2663 V CloseChan: Channel: 2
02-21 10:12:34.275  2663  2663 D RILJ    : [1993]> SIM_CLOSE_CHANNEL channel = 2 [PHONE1]
02-21 10:12:34.298  2663  2785 D RILJ    : [1993]< SIM_CLOSE_CHANNEL  [PHONE1]
02-21 10:12:34.304  2663  3086 D RILJ    : [1994]> SIM_OPEN_CHANNEL [PHONE1]
02-21 10:12:34.304  2663  2955 D SubscriptionInfoUpdater: blockingGetEuiccProfileInfoList cardId 0
02-21 10:12:34.304  2663  2663 D SubscriptionInfoUpdater: updateEmbeddedSubscriptionsCache
02-21 10:12:34.305  2663  2663 D SubscriptionInfoUpdater: blockingGetEuiccProfileInfoList: got 0 profiles
02-21 10:12:34.305  2663  2663 D SubscriptionInfoUpdater: Get eUICC profile list of size 0
02-21 10:12:34.311  2663  2663 E PhoneSubInfoController: getLine1Number phone is null for Subscription:2
02-21 10:12:34.312  2663  2663 D SubscriptionInfoUpdater: Removing existing embedded subscriptions of size1
02-21 10:12:34.312  2663  2663 D SubscriptionInfoUpdater: Removing embedded subscription of IccId 8901240197136561805
02-21 10:12:34.317  2663  2785 D RILJ    : [1994]< SIM_OPEN_CHANNEL  [PHONE1]
02-21 10:12:34.318  2663  2663 D SubscriptionController: activeSubscriptionInfoList is null.
02-21 10:12:34.320  2663  2663 D SubscriptionInfoUpdater: updateEmbeddedSubscriptions done hasChanges=true
02-21 10:12:34.320  2663  2663 D SubscriptionController: notifySubscriptionInfoChanged:
02-21 10:12:34.323  2663  3086 E PhoneSubInfoController: getLine1Number phone is null for Subscription:1
02-21 10:12:34.324  2663  3086 E PhoneSubInfoController: getLine1Number phone is null for Subscription:2
02-21 10:12:34.324  2663  2663 V OpenChan: Response: Channel: 1 Status: 1
02-21 10:12:34.324  2663  2663 V TransApdu: Send: ApduCommand(channel=1, cla=128, ins=226, p1=145, p2=0, p3=16, cmd=BF2D0D5C0B5A909192B79F709599BF76)
02-21 10:12:34.325  2663  3086 E PhoneSubInfoController: getLine1Number phone is null for Subscription:3
02-21 10:12:34.326  2663  3086 E PhoneSubInfoController: getLine1Number phone is null for Subscription:4
02-21 10:12:34.326  2663  2663 D RILJ    : [1995]> SIM_TRANSMIT_APDU_CHANNEL [PHONE1]
02-21 10:12:34.326  2663  2663 D SST     : [1] SubscriptionListener.onSubscriptionInfoChanged
02-21 10:12:34.326  2663  3086 E PhoneSubInfoController: getLine1Number phone is null for Subscription:5
02-21 10:12:34.328  2663  2983 D SubscriptionController: [getActiveSubscriptionInfoForSimSlotIndex]+ slotIndex=1 subId=null
02-21 10:12:34.329  2663  2663 D Phone   : isImsRegistered =false
02-21 10:12:34.329  2663  2700 D SubscriptionController: [getAvailableSubInfoList]- no info return
02-21 10:12:34.329  2663  2983 D SubscriptionController: [getActiveSubscriptionInfoForSimSlotIndex]+ slotIndex=0 subId=null
02-21 10:12:34.329  2663  2663 E PhoneSubInfoController: getLine1Number phone is null for Subscription:-1
02-21 10:12:34.332  2663  2975 D Phone   : [0] SubId-1,get allowed network types carrier: value = GPRS|EDGE|UMTS|CDMA|CDMA - EvDo rev. 0|CDMA - EvDo rev. A|CDMA - 1xRTT|HSDPA|HSUPA|HSPA|CDMA - EvDo rev. B|LTE|CDMA - eHRPD|HSPA+|GSM|LTE_CA
02-21 10:12:34.332  2663  2700 D SubscriptionController: [getSlotIndex]- size == 0, return SIM_NOT_INSERTED instead
02-21 10:12:34.337  2663  2663 D SubscriptionController: [setDefaultDataSubId] num phones=2, subId=-1
02-21 10:12:34.341  2663  2663 D SubscriptionController: [broadcastDefaultDataSubIdChanged] subId=-1
02-21 10:12:34.342  2663  2663 D SubscriptionController: [setDefaultVoiceSubId] subId=-1
02-21 10:12:34.344  2663  2663 D SubscriptionController: [broadcastDefaultVoiceSubIdChanged] subId=-1
02-21 10:12:34.346  2663  2663 D SubscriptionController: [setDefaultVoiceSubId] default phone account not changed
02-21 10:12:34.347  2663  2663 D SubscriptionController: [setDefaultSmsSubId] subId=-1
02-21 10:12:34.349  2663  2663 D SubscriptionController: [broadcastDefaultSmsSubIdChanged] subId=-1
02-21 10:12:34.354  2663  2663 D SST     : [0] SubscriptionListener.onSubscriptionInfoChanged
02-21 10:12:34.355  2663  2663 E PhoneSubInfoController: getLine1Number phone is null for Subscription:-1
02-21 10:12:34.368  2663  3004 E PhoneSubInfoController: getGroupIdLevel1 phone is null for Subscription:-1
02-21 10:12:34.368  2663  3086 E PhoneSubInfoController: getGroupIdLevel1 phone is null for Subscription:-1
02-21 10:12:34.369  2663  2704 E PhoneSubInfoController: getGroupIdLevel1 phone is null for Subscription:-1
02-21 10:12:34.369  2663  3004 E PhoneSubInfoController: getGroupIdLevel1 phone is null for Subscription:-1
02-21 10:12:34.379  2663  3004 E PhoneSubInfoController: getGroupIdLevel1 phone is null for Subscription:-1
02-21 10:12:34.379  2663  3004 E PhoneSubInfoController: getGroupIdLevel1 phone is null for Subscription:-1
02-21 10:12:34.380  2663  3004 E PhoneSubInfoController: getGroupIdLevel1 phone is null for Subscription:-1
02-21 10:12:34.381  2663  3086 E PhoneSubInfoController: getGroupIdLevel1 phone is null for Subscription:-1
02-21 10:12:34.383  2663  3086 E PhoneSubInfoController: getGroupIdLevel1 phone is null for Subscription:-1
02-21 10:12:34.384  2663  3086 E PhoneSubInfoController: getGroupIdLevel1 phone is null for Subscription:-1
02-21 10:12:34.384  2663  2785 D RILJ    : [1995]< SIM_TRANSMIT_APDU_CHANNEL  [PHONE1]
02-21 10:12:34.384  2663  2663 V TransApdu: Response: IccIoResult sw1:0x90 sw2:0x0 Payload: *******
02-21 10:12:34.384  2663  2663 V ApduSender: Full APDU response: IccIoResult sw1:0x90 sw2:0x0 Payload: *******
02-21 10:12:34.384  2663  2663 V CloseChan: Channel: 1
02-21 10:12:34.386  2663  2663 D RILJ    : [1996]> SIM_CLOSE_CHANNEL channel = 1 [PHONE1]
02-21 10:12:34.393  2663  2785 D RILJ    : [1996]< SIM_CLOSE_CHANNEL  [PHONE1]
02-21 10:12:34.398  2663  3004 E PhoneSubInfoController: getGroupIdLevel1 phone is null for Subscription:-1
02-21 10:12:34.398  2663  3004 E PhoneSubInfoController: getGroupIdLevel1 phone is null for Subscription:-1
02-21 10:12:34.399  2663  3086 D RILJ    : [1997]> SIM_OPEN_CHANNEL [PHONE1]
02-21 10:12:34.412  2663  2785 D RILJ    : [1997]< SIM_OPEN_CHANNEL  [PHONE1]
02-21 10:12:34.412  2663  2663 V OpenChan: Response: Channel: 1 Status: 1
02-21 10:12:34.412  2663  2663 V TransApdu: Send: ApduCommand(channel=1, cla=128, ins=226, p1=145, p2=0, p3=7, cmd=BF2804810204F0)
02-21 10:12:34.418  2663  2663 D RILJ    : [1998]> SIM_TRANSMIT_APDU_CHANNEL [PHONE1]
02-21 10:12:34.428  1061  1061 I GRIL-Q  : qmi_vs_send_config_write_req completed 0, 0
02-21 10:12:34.430  1061  1061 I GRIL-Q  : qmi_vs_send_config_req (1) completed 0, 0
02-21 10:12:34.432  2663  3086 D IccSmsInterfaceManager: Cell broadcast ranges reset.
02-21 10:12:34.433  2663  3086 D IccSmsInterfaceManager: Calling setGsmBroadcastConfig with 1 configurations
02-21 10:12:34.434  2663  3086 D RILJ    : [1999]> GSM_SET_BROADCAST_CONFIG with 1 configs :  [PHONE0]
02-21 10:12:34.434  2663  3086 D RILJ    : SmsBroadcastConfigInfo: Id [4370,4370] Code [0,255] ENABLED [PHONE0]
02-21 10:12:34.436  2663  2785 D RILJ    : [1999]< GSM_SET_BROADCAST_CONFIG error 46 [PHONE0]
02-21 10:12:34.436  2663  2785 D RilRequest: [1999]< GSM_SET_BROADCAST_CONFIG error: com.android.internal.telephony.CommandException: INVALID_MODEM_STATE ret= result={ when=-9h39m59s322ms what=4 obj=com.android.internal.telephony.IccSmsInterfaceManager$Request@c4ea45 target=com.android.internal.telephony.IccSmsInterfaceManager$1 }
02-21 10:12:34.437  2663  3086 D IccSmsInterfaceManager: Failed to add GSM cell broadcast channels range 4370 to 4370
02-21 10:12:34.437 22693 22931 D SmsManager: enableCellBroadcastRange: failed at calling enableCellBroadcastRangeForSubscriber. subId = -1
02-21 10:12:34.441  2663  2785 D RILJ    : [1998]< SIM_TRANSMIT_APDU_CHANNEL  [PHONE1]
02-21 10:12:34.442  2663  2663 V TransApdu: Response: IccIoResult sw1:0x90 sw2:0x0 Payload: *******
02-21 10:12:34.442  2663  2663 V ApduSender: Full APDU response: IccIoResult sw1:0x90 sw2:0x0 Payload: *******
02-21 10:12:34.442  2663  2663 V CloseChan: Channel: 1
02-21 10:12:34.444  2663  2663 D RILJ    : [2000]> SIM_CLOSE_CHANNEL channel = 1 [PHONE1]
02-21 10:12:34.445  2663  3086 D IccSmsInterfaceManager: Calling setGsmBroadcastConfig with 1 configurations
02-21 10:12:34.447  2663  2704 E PhoneSubInfoController: getGroupIdLevel1 phone is null for Subscription:-1
02-21 10:12:34.448  2663  2785 D RILJ    : [2000]< SIM_CLOSE_CHANNEL  [PHONE1]
02-21 10:12:34.451  2663  3086 D RILJ    : [2001]> GSM_SET_BROADCAST_CONFIG with 1 configs :  [PHONE0]
02-21 10:12:34.451  2663  3086 D RILJ    : SmsBroadcastConfigInfo: Id [4383,4383] Code [0,255] ENABLED [PHONE0]
02-21 10:12:34.452  2663  2785 D RILJ    : [2001]< GSM_SET_BROADCAST_CONFIG error 46 [PHONE0]
02-21 10:12:34.452  2663  2785 D RilRequest: [2001]< GSM_SET_BROADCAST_CONFIG error: com.android.internal.telephony.CommandException: INVALID_MODEM_STATE ret= result={ when=-9h39m59s339ms what=4 obj=com.android.internal.telephony.IccSmsInterfaceManager$Request@337aecb target=com.android.internal.telephony.IccSmsInterfaceManager$1 }
02-21 10:12:34.453  2663  3086 D IccSmsInterfaceManager: Failed to add GSM cell broadcast channels range 4383 to 4383
02-21 10:12:34.453 22693 22931 D SmsManager: enableCellBroadcastRange: failed at calling enableCellBroadcastRangeForSubscriber. subId = -1
02-21 10:12:34.453  2663  3086 D IccSmsInterfaceManager: Calling setGsmBroadcastConfig with 1 configurations
02-21 10:12:34.454  2663  2663 D UiccProfile: iccOpenLogicalChannel: D2760001180002FF34100089C0026E01 , -1 by pid:2663 uid:1001
02-21 10:12:34.454  2663  2663 D RILJ    : [2003]> SIM_OPEN_CHANNEL [PHONE1]
02-21 10:12:34.455  2663  3004 D RILJ    : [2004]> SIM_OPEN_CHANNEL [PHONE1]
02-21 10:12:34.455  2663  3086 D RILJ    : [2002]> GSM_SET_BROADCAST_CONFIG with 1 configs :  [PHONE0]
02-21 10:12:34.455  2663  3086 D RILJ    : SmsBroadcastConfigInfo: Id [4371,4372] Code [0,255] ENABLED [PHONE0]
02-21 10:12:34.457  2663  2785 D RILJ    : [2002]< GSM_SET_BROADCAST_CONFIG error 46 [PHONE0]
02-21 10:12:34.457  2663  2785 D RilRequest: [2002]< GSM_SET_BROADCAST_CONFIG error: com.android.internal.telephony.CommandException: INVALID_MODEM_STATE ret= result={ when=-9h39m59s343ms what=4 obj=com.android.internal.telephony.IccSmsInterfaceManager$Request@1f976a8 target=com.android.internal.telephony.IccSmsInterfaceManager$1 }
02-21 10:12:34.457  2663  3086 D IccSmsInterfaceManager: Failed to add GSM cell broadcast channels range 4371 to 4372
02-21 10:12:34.457 22693 22931 D SmsManager: enableCellBroadcastRange: failed at calling enableCellBroadcastRangeForSubscriber. subId = -1
02-21 10:12:34.458  2663  3086 D IccSmsInterfaceManager: Calling setCdmaBroadcastConfig with 1 configurations
02-21 10:12:34.459  2663  3086 D RILJ    : [2005]> CDMA_SET_BROADCAST_CONFIG with 1 configs :  [PHONE0]
02-21 10:12:34.459  2663  3086 D RILJ    : {.serviceCategory = 4097, .language = 1, .selected = true} [PHONE0]
02-21 10:12:34.461  2663  2785 D RILJ    : [2005]< CDMA_SET_BROADCAST_CONFIG error 6 [PHONE0]
02-21 10:12:34.461  2663  2785 D RilRequest: [2005]< CDMA_SET_BROADCAST_CONFIG error: com.android.internal.telephony.CommandException: REQUEST_NOT_SUPPORTED ret= result={ when=-9h39m59s347ms what=4 obj=com.android.internal.telephony.IccSmsInterfaceManager$Request@74ee5c1 target=com.android.internal.telephony.IccSmsInterfaceManager$1 }
02-21 10:12:34.461  2663  3086 D IccSmsInterfaceManager: Failed to add cdma broadcast channels range 4097 to 4097
02-21 10:12:34.461 22693 22931 D SmsManager: enableCellBroadcastRange: failed at calling enableCellBroadcastRangeForSubscriber. subId = -1
02-21 10:12:34.462  2663  3086 D IccSmsInterfaceManager: Calling setGsmBroadcastConfig with 1 configurations
02-21 10:12:34.463  2663  3086 D RILJ    : [2006]> GSM_SET_BROADCAST_CONFIG with 1 configs :  [PHONE0]
02-21 10:12:34.463  2663  3086 D RILJ    : SmsBroadcastConfigInfo: Id [4384,4385] Code [0,255] ENABLED [PHONE0]
02-21 10:12:34.464  2663  2785 D RILJ    : [2006]< GSM_SET_BROADCAST_CONFIG error 46 [PHONE0]
02-21 10:12:34.464  2663  2785 D RilRequest: [2006]< GSM_SET_BROADCAST_CONFIG error: com.android.internal.telephony.CommandException: INVALID_MODEM_STATE ret= result={ when=-9h39m59s351ms what=4 obj=com.android.internal.telephony.IccSmsInterfaceManager$Request@aded166 target=com.android.internal.telephony.IccSmsInterfaceManager$1 }
02-21 10:12:34.464  2663  3086 D IccSmsInterfaceManager: Failed to add GSM cell broadcast channels range 4384 to 4385
02-21 10:12:34.465 22693 22931 D SmsManager: enableCellBroadcastRange: failed at calling enableCellBroadcastRangeForSubscriber. subId = -1
02-21 10:12:34.465  2663  3086 D IccSmsInterfaceManager: Calling setGsmBroadcastConfig with 1 configurations
02-21 10:12:34.466  2663  3086 D RILJ    : [2007]> GSM_SET_BROADCAST_CONFIG with 1 configs :  [PHONE0]
02-21 10:12:34.466  2663  3086 D RILJ    : SmsBroadcastConfigInfo: Id [4373,4378] Code [0,255] ENABLED [PHONE0]
02-21 10:12:34.467  2663  2785 D RILJ    : [2007]< GSM_SET_BROADCAST_CONFIG error 46 [PHONE0]
02-21 10:12:34.467  2663  2785 D RilRequest: [2007]< GSM_SET_BROADCAST_CONFIG error: com.android.internal.telephony.CommandException: INVALID_MODEM_STATE ret= result={ when=-9h39m59s354ms what=4 obj=com.android.internal.telephony.IccSmsInterfaceManager$Request@f906ca7 target=com.android.internal.telephony.IccSmsInterfaceManager$1 }
02-21 10:12:34.468  2663  3086 D IccSmsInterfaceManager: Failed to add GSM cell broadcast channels range 4373 to 4378
02-21 10:12:34.468 22693 22931 D SmsManager: enableCellBroadcastRange: failed at calling enableCellBroadcastRangeForSubscriber. subId = -1
02-21 10:12:34.469  2663  3086 D IccSmsInterfaceManager: Calling setCdmaBroadcastConfig with 1 configurations
02-21 10:12:34.470  2663  3086 D RILJ    : [2008]> CDMA_SET_BROADCAST_CONFIG with 1 configs :  [PHONE0]
02-21 10:12:34.470  2663  3086 D RILJ    : {.serviceCategory = 4098, .language = 1, .selected = true} [PHONE0]
02-21 10:12:34.471  2663  2785 D RILJ    : [2008]< CDMA_SET_BROADCAST_CONFIG error 6 [PHONE0]
02-21 10:12:34.471  2663  2785 D RilRequest: [2008]< CDMA_SET_BROADCAST_CONFIG error: com.android.internal.telephony.CommandException: REQUEST_NOT_SUPPORTED ret= result={ when=-9h39m59s358ms what=4 obj=com.android.internal.telephony.IccSmsInterfaceManager$Request@1c35554 target=com.android.internal.telephony.IccSmsInterfaceManager$1 }
02-21 10:12:34.472  2663  3086 D IccSmsInterfaceManager: Failed to add cdma broadcast channels range 4098 to 4098
02-21 10:12:34.472 22693 22931 D SmsManager: enableCellBroadcastRange: failed at calling enableCellBroadcastRangeForSubscriber. subId = -1
02-21 10:12:34.472  2663  3086 D IccSmsInterfaceManager: Calling setGsmBroadcastConfig with 1 configurations
02-21 10:12:34.472  2663  2785 D RILJ    : [2003]< SIM_OPEN_CHANNEL  [PHONE1]
02-21 10:12:34.472  2663  2663 D UiccProfile: handleMessage: Received OPEN_LOGICAL_CHANNEL_DONE for phoneId 1
02-21 10:12:34.473  2663  3086 D RILJ    : [2009]> GSM_SET_BROADCAST_CONFIG with 1 configs :  [PHONE0]
02-21 10:12:34.473  2663  3086 D RILJ    : SmsBroadcastConfigInfo: Id [4386,4391] Code [0,255] ENABLED [PHONE0]
02-21 10:12:34.474  2663  2663 D RILJ    : [2010]> SIM_TRANSMIT_APDU_CHANNEL [PHONE1]
02-21 10:12:34.475  2663  2785 D RILJ    : [2009]< GSM_SET_BROADCAST_CONFIG error 46 [PHONE0]
02-21 10:12:34.475  2663  2785 D RilRequest: [2009]< GSM_SET_BROADCAST_CONFIG error: com.android.internal.telephony.CommandException: INVALID_MODEM_STATE ret= result={ when=-9h39m59s361ms what=4 obj=com.android.internal.telephony.IccSmsInterfaceManager$Request@7231cfd target=com.android.internal.telephony.IccSmsInterfaceManager$1 }
02-21 10:12:34.475  2663  3086 D IccSmsInterfaceManager: Failed to add GSM cell broadcast channels range 4386 to 4391
02-21 10:12:34.475 22693 22931 D SmsManager: enableCellBroadcastRange: failed at calling enableCellBroadcastRangeForSubscriber. subId = -1
02-21 10:12:34.476  2663  3086 D IccSmsInterfaceManager: Calling setGsmBroadcastConfig with 1 configurations
02-21 10:12:34.476  2663  3086 D RILJ    : [2011]> GSM_SET_BROADCAST_CONFIG with 1 configs :  [PHONE0]
02-21 10:12:34.477  2663  3086 D RILJ    : SmsBroadcastConfigInfo: Id [4379,4379] Code [0,255] ENABLED [PHONE0]
02-21 10:12:34.478  2663  2785 D RILJ    : [2011]< GSM_SET_BROADCAST_CONFIG error 46 [PHONE0]
02-21 10:12:34.478  2663  2785 D RilRequest: [2011]< GSM_SET_BROADCAST_CONFIG error: com.android.internal.telephony.CommandException: INVALID_MODEM_STATE ret= result={ when=-9h39m59s364ms what=4 obj=com.android.internal.telephony.IccSmsInterfaceManager$Request@5769df2 target=com.android.internal.telephony.IccSmsInterfaceManager$1 }
02-21 10:12:34.478  2663  3086 D IccSmsInterfaceManager: Failed to add GSM cell broadcast channels range 4379 to 4379
02-21 10:12:34.478 22693 22931 D SmsManager: enableCellBroadcastRange: failed at calling enableCellBroadcastRangeForSubscriber. subId = -1
02-21 10:12:34.479  2663  3086 D IccSmsInterfaceManager: Calling setCdmaBroadcastConfig with 1 configurations
02-21 10:12:34.479  2663  3086 D RILJ    : [2012]> CDMA_SET_BROADCAST_CONFIG with 1 configs :  [PHONE0]
02-21 10:12:34.479  2663  3086 D RILJ    : {.serviceCategory = 4099, .language = 1, .selected = true} [PHONE0]
02-21 10:12:34.481  2663  2785 D RILJ    : [2012]< CDMA_SET_BROADCAST_CONFIG error 6 [PHONE0]
02-21 10:12:34.481  2663  2785 D RilRequest: [2012]< CDMA_SET_BROADCAST_CONFIG error: com.android.internal.telephony.CommandException: REQUEST_NOT_SUPPORTED ret= result={ when=-9h39m59s367ms what=4 obj=com.android.internal.telephony.IccSmsInterfaceManager$Request@2cd2c43 target=com.android.internal.telephony.IccSmsInterfaceManager$1 }
02-21 10:12:34.481  2663  3086 D IccSmsInterfaceManager: Failed to add cdma broadcast channels range 4099 to 4099
02-21 10:12:34.481 22693 22931 D SmsManager: enableCellBroadcastRange: failed at calling enableCellBroadcastRangeForSubscriber. subId = -1
02-21 10:12:34.482  2663  3086 D IccSmsInterfaceManager: Calling setGsmBroadcastConfig with 1 configurations
02-21 10:12:34.484  2663  3086 D RILJ    : [2013]> GSM_SET_BROADCAST_CONFIG with 1 configs :  [PHONE0]
02-21 10:12:34.484  2663  2785 D RILJ    : [2004]< SIM_OPEN_CHANNEL  [PHONE1]
02-21 10:12:34.484  2663  2663 V OpenChan: Response: Channel: 2 Status: 1
02-21 10:12:34.484  2663  2663 V TransApdu: Send: ApduCommand(channel=2, cla=128, ins=226, p1=145, p2=0, p3=16, cmd=BF2D0D5C0B5A909192B79F709599BF76)
02-21 10:12:34.484  2663  3086 D RILJ    : SmsBroadcastConfigInfo: Id [4392,4392] Code [0,255] ENABLED [PHONE0]
02-21 10:12:34.484  2663  2663 D RILJ    : [2014]> SIM_TRANSMIT_APDU_CHANNEL [PHONE1]
02-21 10:12:34.488  2663  2785 D RILJ    : [2013]< GSM_SET_BROADCAST_CONFIG error 46 [PHONE0]
02-21 10:12:34.488  2663  2785 D RilRequest: [2013]< GSM_SET_BROADCAST_CONFIG error: com.android.internal.telephony.CommandException: INVALID_MODEM_STATE ret= result={ when=-9h39m59s374ms what=4 obj=com.android.internal.telephony.IccSmsInterfaceManager$Request@3aa72c0 target=com.android.internal.telephony.IccSmsInterfaceManager$1 }
02-21 10:12:34.488  2663  3086 D IccSmsInterfaceManager: Failed to add GSM cell broadcast channels range 4392 to 4392
02-21 10:12:34.488 22693 22931 D SmsManager: enableCellBroadcastRange: failed at calling enableCellBroadcastRangeForSubscriber. subId = -1
02-21 10:12:34.489  2663  3004 D IccSmsInterfaceManager: Failed to remove GSM cell broadcast channels range 4380 to 4380
02-21 10:12:34.489 22693 22931 D SmsManager: disableCellBroadcastRange: failed at calling disableCellBroadcastRangeForSubscriber. subId = -1
02-21 10:12:34.490  2663  3004 D IccSmsInterfaceManager: Failed to remove cdma broadcast channels range 4100 to 4100
02-21 10:12:34.490  2663  2785 D RILJ    : [2010]< SIM_TRANSMIT_APDU_CHANNEL  [PHONE1]
02-21 10:12:34.490 22693 22931 D SmsManager: disableCellBroadcastRange: failed at calling disableCellBroadcastRangeForSubscriber. subId = -1
02-21 10:12:34.490  2663  2663 D UiccProfile: handleMessage: Received TRANSMIT_APDU_LOGICAL_CHANNEL_DONE for phoneId 1
02-21 10:12:34.491  2663  3004 D IccSmsInterfaceManager: Failed to remove GSM cell broadcast channels range 4393 to 4393
02-21 10:12:34.492 22693 22931 D SmsManager: disableCellBroadcastRange: failed at calling disableCellBroadcastRangeForSubscriber. subId = -1
02-21 10:12:34.492  2663  2663 D UiccProfile: iccCloseLogicalChannel: 1
02-21 10:12:34.492  2663  3004 D IccSmsInterfaceManager: Failed to remove GSM cell broadcast channels range 4381 to 4381
02-21 10:12:34.492  2663  2663 D RILJ    : [2015]> SIM_CLOSE_CHANNEL channel = 1 [PHONE1]
02-21 10:12:34.492 22693 22931 D SmsManager: disableCellBroadcastRange: failed at calling disableCellBroadcastRangeForSubscriber. subId = -1
02-21 10:12:34.493  2663  3004 D IccSmsInterfaceManager: Failed to remove GSM cell broadcast channels range 4394 to 4394
02-21 10:12:34.493 22693 22931 D SmsManager: disableCellBroadcastRange: failed at calling disableCellBroadcastRangeForSubscriber. subId = -1
02-21 10:12:34.494  2663  3004 D IccSmsInterfaceManager: Failed to remove GSM cell broadcast channels range 4382 to 4382
02-21 10:12:34.494 22693 22931 D SmsManager: disableCellBroadcastRange: failed at calling disableCellBroadcastRangeForSubscriber. subId = -1
02-21 10:12:34.495  2663  3004 D IccSmsInterfaceManager: Failed to remove GSM cell broadcast channels range 4395 to 4395
02-21 10:12:34.495 22693 22931 D SmsManager: disableCellBroadcastRange: failed at calling disableCellBroadcastRangeForSubscriber. subId = -1
02-21 10:12:34.495  2663  3004 D IccSmsInterfaceManager: Calling setGsmBroadcastConfig with 1 configurations
02-21 10:12:34.497  2663  3004 D RILJ    : [2016]> GSM_SET_BROADCAST_CONFIG with 1 configs :  [PHONE0]
02-21 10:12:34.497  2663  3004 D RILJ    : SmsBroadcastConfigInfo: Id [4352,4354] Code [0,255] ENABLED [PHONE0]
02-21 10:12:34.500  2663  2785 D RILJ    : [2016]< GSM_SET_BROADCAST_CONFIG error 46 [PHONE0]
02-21 10:12:34.500  2663  2785 D RilRequest: [2016]< GSM_SET_BROADCAST_CONFIG error: com.android.internal.telephony.CommandException: INVALID_MODEM_STATE ret= result={ when=-9h39m59s386ms what=4 obj=com.android.internal.telephony.IccSmsInterfaceManager$Request@f098bf9 target=com.android.internal.telephony.IccSmsInterfaceManager$1 }
02-21 10:12:34.500  2663  3004 D IccSmsInterfaceManager: Failed to add GSM cell broadcast channels range 4352 to 4354
02-21 10:12:34.500 22693 22931 D SmsManager: enableCellBroadcastRange: failed at calling enableCellBroadcastRangeForSubscriber. subId = -1
02-21 10:12:34.501  2663  2982 D IccSmsInterfaceManager: Calling setGsmBroadcastConfig with 1 configurations
02-21 10:12:34.502  2663  2982 D RILJ    : [2017]> GSM_SET_BROADCAST_CONFIG with 1 configs :  [PHONE0]
02-21 10:12:34.502  2663  2982 D RILJ    : SmsBroadcastConfigInfo: Id [4356,4356] Code [0,255] ENABLED [PHONE0]
02-21 10:12:34.503  2663  2785 D RILJ    : [2017]< GSM_SET_BROADCAST_CONFIG error 46 [PHONE0]
02-21 10:12:34.504  2663  2785 D RilRequest: [2017]< GSM_SET_BROADCAST_CONFIG error: com.android.internal.telephony.CommandException: INVALID_MODEM_STATE ret= result={ when=-9h39m59s390ms what=4 obj=com.android.internal.telephony.IccSmsInterfaceManager$Request@b4ca73e target=com.android.internal.telephony.IccSmsInterfaceManager$1 }
02-21 10:12:34.504  2663  2982 D IccSmsInterfaceManager: Failed to add GSM cell broadcast channels range 4356 to 4356
02-21 10:12:34.504 22693 22931 D SmsManager: enableCellBroadcastRange: failed at calling enableCellBroadcastRangeForSubscriber. subId = -1
