02-21 08:00:00.224  2663  2975 D SubscriptionController: getSubscriptionProperty Query value = 0
02-21 08:00:00.224  2663  2975 D ImsManagerIM [1]: getLocalImsConfigKeInt() for key:68, result: 0
02-21 08:00:00.275  2663  2957 D ImsManagerIM [1]: isGbaValid - GBA capable=true, ISF=E200
02-21 08:00:00.290  2663  2957 D ImsManagerIM [1]: isGbaValid - GBA capable=true, ISF=E200
02-21 08:00:00.309  2663  2957 D ImsManagerIM [1]: isGbaValid - GBA capable=true, ISF=E200
02-21 08:00:00.326  2663  2957 D ImsManagerIM [1]: isGbaValid - GBA capable=true, ISF=E200
02-21 08:00:00.338  2663  2957 D ImsManagerIM [1]: isGbaValid - GBA capable=true, ISF=E200
02-21 08:00:00.350  2663  2957 D ImsManagerIM [1]: isGbaValid - GBA capable=true, ISF=E200
02-21 08:00:00.396  2663  3001 D Phone   : [1] SubId2,get allowed network types user: value = GPRS|EDGE|UMTS|CDMA|CDMA - EvDo rev. 0|CDMA - EvDo rev. A|CDMA - 1xRTT|HSDPA|HSUPA|HSPA|CDMA - EvDo rev. B|LTE|CDMA - eHRPD|HSPA+|GSM|LTE_CA
02-21 08:00:00.397  2663  3001 D Phone   : [1] SubId2,get allowed network types user: value = GPRS|EDGE|UMTS|CDMA|CDMA - EvDo rev. 0|CDMA - EvDo rev. A|CDMA - 1xRTT|HSDPA|HSUPA|HSPA|CDMA - EvDo rev. B|LTE|CDMA - eHRPD|HSPA+|GSM|LTE_CA
02-21 08:00:00.413  2663  3001 D Phone   : [1] SubId2,get allowed network types user: value = GPRS|EDGE|UMTS|CDMA|CDMA - EvDo rev. 0|CDMA - EvDo rev. A|CDMA - 1xRTT|HSDPA|HSUPA|HSPA|CDMA - EvDo rev. B|LTE|CDMA - eHRPD|HSPA+|GSM|LTE_CA
02-21 08:00:00.414  2663  3001 D Phone   : [1] SubId2,get allowed network types user: value = GPRS|EDGE|UMTS|CDMA|CDMA - EvDo rev. 0|CDMA - EvDo rev. A|CDMA - 1xRTT|HSDPA|HSUPA|HSPA|CDMA - EvDo rev. B|LTE|CDMA - eHRPD|HSPA+|GSM|LTE_CA
02-21 08:00:00.436  2663  3001 D Phone   : [1] SubId2,get allowed network types user: value = GPRS|EDGE|UMTS|CDMA|CDMA - EvDo rev. 0|CDMA - EvDo rev. A|CDMA - 1xRTT|HSDPA|HSUPA|HSPA|CDMA - EvDo rev. B|LTE|CDMA - eHRPD|HSPA+|GSM|LTE_CA
02-21 08:00:00.437  2663  3001 D Phone   : [1] SubId2,get allowed network types user: value = GPRS|EDGE|UMTS|CDMA|CDMA - EvDo rev. 0|CDMA - EvDo rev. A|CDMA - 1xRTT|HSDPA|HSUPA|HSPA|CDMA - EvDo rev. B|LTE|CDMA - eHRPD|HSPA+|GSM|LTE_CA
02-21 08:00:00.451  2663  3001 D Phone   : [1] SubId2,get allowed network types user: value = GPRS|EDGE|UMTS|CDMA|CDMA - EvDo rev. 0|CDMA - EvDo rev. A|CDMA - 1xRTT|HSDPA|HSUPA|HSPA|CDMA - EvDo rev. B|LTE|CDMA - eHRPD|HSPA+|GSM|LTE_CA
02-21 08:00:00.452  2663  3001 D Phone   : [1] SubId2,get allowed network types user: value = GPRS|EDGE|UMTS|CDMA|CDMA - EvDo rev. 0|CDMA - EvDo rev. A|CDMA - 1xRTT|HSDPA|HSUPA|HSPA|CDMA - EvDo rev. B|LTE|CDMA - eHRPD|HSPA+|GSM|LTE_CA
02-21 08:00:00.784  2663  3001 D SubscriptionController: [getSubId]- numSubIds == 0, return null slotIndex=0
02-21 08:00:01.023  2663  2663 D TelephonyNetworkFactory[0]: got request NetworkRequest [ REQUEST id=1946, [ Capabilities: INTERNET&NOT_RESTRICTED&TRUSTED&NOT_VCN_MANAGED Uid: 1000 RequestorUid: 1000 RequestorPkg: com.android.settings UnderlyingNetworks: Null] ]
02-21 08:00:01.023  2663  2663 D SubscriptionController: [getSubId]- numSubIds == 0, return null slotIndex=0
02-21 08:00:01.024  2663  2663 D TelephonyNetworkFactory[0]: onNeedNetworkFor NetworkRequest [ REQUEST id=1946, [ Capabilities: INTERNET&NOT_RESTRICTED&TRUSTED&NOT_VCN_MANAGED Uid: 1000 RequestorUid: 1000 RequestorPkg: com.android.settings UnderlyingNetworks: Null] ] shouldApply false
02-21 08:00:01.025  2663  2663 D TelephonyNetworkFactory[1]: got request NetworkRequest [ REQUEST id=1946, [ Capabilities: INTERNET&NOT_RESTRICTED&TRUSTED&NOT_VCN_MANAGED Uid: 1000 RequestorUid: 1000 RequestorPkg: com.android.settings UnderlyingNetworks: Null] ]
02-21 08:00:01.026  2663  2663 D TelephonyNetworkFactory[1]: onNeedNetworkFor NetworkRequest [ REQUEST id=1946, [ Capabilities: INTERNET&NOT_RESTRICTED&TRUSTED&NOT_VCN_MANAGED Uid: 1000 RequestorUid: 1000 RequestorPkg: com.android.settings UnderlyingNetworks: Null] ] shouldApply true
02-21 08:00:01.026  2663  2663 D DCT-C-1 : onEnableApn: apnType=default, request type=NORMAL
02-21 08:00:01.028  2663  2663 D DCT-C-1 : shouldRestrictDataForEcbm: isInEcm=false isInImsEcm=false
02-21 08:00:01.031  2663  2663 D DCT-C-1 : trySetupData for APN type default, reason: dataEnabled, requestType=NORMAL. Data disallowed reasons: NOT_ATTACHED
02-21 08:00:01.031  2663  2663 D DCT-C-1 : trySetupData failed. apnContext = [type=default, mState=IDLE, apnEnabled=true, mDependencyMet=true] 
02-21 08:00:01.062  2663  3001 D SubscriptionController: [getSubId]- numSubIds == 0, return null slotIndex=0
02-21 08:00:01.131  2663  3001 D ImsManagerIM [1]: Registration Callback registered.
02-21 08:00:01.529  2663  2957 D ImsManagerIM [1]: isGbaValid - GBA capable=true, ISF=E200
02-21 08:00:01.541  2663  3001 D SubscriptionController: getSubscriptionProperty Query value = -1
02-21 08:00:01.586  2663  2663 D TelephonyNetworkFactory[0]: onReleaseNetworkFor NetworkRequest [ REQUEST id=1946, [ Capabilities: INTERNET&NOT_RESTRICTED&TRUSTED&NOT_VCN_MANAGED Uid: 1000 RequestorUid: 1000 RequestorPkg: com.android.settings UnderlyingNetworks: Null] ] applied false
02-21 08:00:01.587  2663  2663 D TelephonyNetworkFactory[1]: onReleaseNetworkFor NetworkRequest [ REQUEST id=1946, [ Capabilities: INTERNET&NOT_RESTRICTED&TRUSTED&NOT_VCN_MANAGED Uid: 1000 RequestorUid: 1000 RequestorPkg: com.android.settings UnderlyingNetworks: Null] ] applied true
02-21 08:00:01.751  2663  2663 D TelephonyNetworkFactory[0]: got request NetworkRequest [ REQUEST id=1949, [ Capabilities: INTERNET&NOT_RESTRICTED&TRUSTED&NOT_VCN_MANAGED Uid: 1000 RequestorUid: 1000 RequestorPkg: com.android.settings UnderlyingNetworks: Null] ]
02-21 08:00:01.751  2663  2663 D SubscriptionController: [getSubId]- numSubIds == 0, return null slotIndex=0
02-21 08:00:01.751  2663  2663 D TelephonyNetworkFactory[0]: onNeedNetworkFor NetworkRequest [ REQUEST id=1949, [ Capabilities: INTERNET&NOT_RESTRICTED&TRUSTED&NOT_VCN_MANAGED Uid: 1000 RequestorUid: 1000 RequestorPkg: com.android.settings UnderlyingNetworks: Null] ] shouldApply false
02-21 08:00:01.751  2663  2663 D TelephonyNetworkFactory[1]: got request NetworkRequest [ REQUEST id=1949, [ Capabilities: INTERNET&NOT_RESTRICTED&TRUSTED&NOT_VCN_MANAGED Uid: 1000 RequestorUid: 1000 RequestorPkg: com.android.settings UnderlyingNetworks: Null] ]
02-21 08:00:01.751  2663  2663 D TelephonyNetworkFactory[1]: onNeedNetworkFor NetworkRequest [ REQUEST id=1949, [ Capabilities: INTERNET&NOT_RESTRICTED&TRUSTED&NOT_VCN_MANAGED Uid: 1000 RequestorUid: 1000 RequestorPkg: com.android.settings UnderlyingNetworks: Null] ] shouldApply true
02-21 08:00:01.752  2663  2663 D DCT-C-1 : onEnableApn: apnType=default, request type=NORMAL
02-21 08:00:01.753  2663  2663 D DCT-C-1 : shouldRestrictDataForEcbm: isInEcm=false isInImsEcm=false
02-21 08:00:01.755  2663  2663 D DCT-C-1 : trySetupData for APN type default, reason: dataEnabled, requestType=NORMAL. Data disallowed reasons: NOT_ATTACHED
02-21 08:00:01.755  2663  2663 D DCT-C-1 : trySetupData failed. apnContext = [type=default, mState=IDLE, apnEnabled=true, mDependencyMet=true] 
02-21 08:00:06.161  2663  3001 D ImsManagerIM [1]: Registration Callback registered.
02-21 08:00:11.227  2663  2975 D ImsManagerIM [1]: Registration Callback registered.
02-21 08:00:16.273  2663  2982 D ImsManagerIM [1]: Registration Callback registered.
02-21 08:00:21.310  2663  2975 D ImsManagerIM [1]: Registration Callback registered.
02-21 08:00:26.341  2663  2975 D ImsManagerIM [1]: Registration Callback registered.
02-21 08:00:31.372  2663  2982 D ImsManagerIM [1]: Registration Callback registered.
02-21 08:00:36.411  2663  3080 D ImsManagerIM [1]: Registration Callback registered.
02-21 08:00:41.443  2663  3080 D ImsManagerIM [1]: Registration Callback registered.
02-21 08:00:46.470  2663  3080 D ImsManagerIM [1]: Registration Callback registered.
02-21 08:00:51.501  2663  2982 D ImsManagerIM [1]: Registration Callback registered.
02-21 08:00:56.535  2663  2982 D ImsManagerIM [1]: Registration Callback registered.
02-21 08:01:01.565  2663  2982 D ImsManagerIM [1]: Registration Callback registered.
02-21 08:01:06.579  2663  3002 D ImsManagerIM [1]: Registration Callback registered.
02-21 08:01:06.751  2663  2982 D SubscriptionController: getSubscriptionProperty Query value = 0
02-21 08:01:06.752  2663  2982 D ImsManagerIM [1]: getLocalImsConfigKeInt() for key:68, result: 0
02-21 08:01:06.765  2663  2982 D SubscriptionController: getSubscriptionProperty Query value = 0
02-21 08:01:06.765  2663  2982 D ImsManagerIM [1]: getLocalImsConfigKeInt() for key:68, result: 0
02-21 08:01:06.825  2663  2957 D ImsManagerIM [1]: isGbaValid - GBA capable=true, ISF=E200
02-21 08:01:06.836  2663  2957 D ImsManagerIM [1]: isGbaValid - GBA capable=true, ISF=E200
02-21 08:01:06.851  2663  2957 D ImsManagerIM [1]: isGbaValid - GBA capable=true, ISF=E200
02-21 08:01:06.862  2663  2957 D ImsManagerIM [1]: isGbaValid - GBA capable=true, ISF=E200
02-21 08:01:06.869  2663  2957 D ImsManagerIM [1]: isGbaValid - GBA capable=true, ISF=E200
02-21 08:01:06.876  2663  2957 D ImsManagerIM [1]: isGbaValid - GBA capable=true, ISF=E200
02-21 08:01:06.911  2663  3069 D Phone   : [1] SubId2,get allowed network types user: value = GPRS|EDGE|UMTS|CDMA|CDMA - EvDo rev. 0|CDMA - EvDo rev. A|CDMA - 1xRTT|HSDPA|HSUPA|HSPA|CDMA - EvDo rev. B|LTE|CDMA - eHRPD|HSPA+|GSM|LTE_CA
02-21 08:01:06.911  2663  3069 D Phone   : [1] SubId2,get allowed network types user: value = GPRS|EDGE|UMTS|CDMA|CDMA - EvDo rev. 0|CDMA - EvDo rev. A|CDMA - 1xRTT|HSDPA|HSUPA|HSPA|CDMA - EvDo rev. B|LTE|CDMA - eHRPD|HSPA+|GSM|LTE_CA
02-21 08:01:06.932  2663  2982 D Phone   : [1] SubId2,get allowed network types user: value = GPRS|EDGE|UMTS|CDMA|CDMA - EvDo rev. 0|CDMA - EvDo rev. A|CDMA - 1xRTT|HSDPA|HSUPA|HSPA|CDMA - EvDo rev. B|LTE|CDMA - eHRPD|HSPA+|GSM|LTE_CA
02-21 08:01:06.933  2663  2982 D Phone   : [1] SubId2,get allowed network types user: value = GPRS|EDGE|UMTS|CDMA|CDMA - EvDo rev. 0|CDMA - EvDo rev. A|CDMA - 1xRTT|HSDPA|HSUPA|HSPA|CDMA - EvDo rev. B|LTE|CDMA - eHRPD|HSPA+|GSM|LTE_CA
02-21 08:01:06.947  2663  2982 D Phone   : [1] SubId2,get allowed network types user: value = GPRS|EDGE|UMTS|CDMA|CDMA - EvDo rev. 0|CDMA - EvDo rev. A|CDMA - 1xRTT|HSDPA|HSUPA|HSPA|CDMA - EvDo rev. B|LTE|CDMA - eHRPD|HSPA+|GSM|LTE_CA
02-21 08:01:06.947  2663  2982 D Phone   : [1] SubId2,get allowed network types user: value = GPRS|EDGE|UMTS|CDMA|CDMA - EvDo rev. 0|CDMA - EvDo rev. A|CDMA - 1xRTT|HSDPA|HSUPA|HSPA|CDMA - EvDo rev. B|LTE|CDMA - eHRPD|HSPA+|GSM|LTE_CA
02-21 08:01:06.963  2663  3069 D Phone   : [1] SubId2,get allowed network types user: value = GPRS|EDGE|UMTS|CDMA|CDMA - EvDo rev. 0|CDMA - EvDo rev. A|CDMA - 1xRTT|HSDPA|HSUPA|HSPA|CDMA - EvDo rev. B|LTE|CDMA - eHRPD|HSPA+|GSM|LTE_CA
02-21 08:01:06.963  2663  2982 D Phone   : [1] SubId2,get allowed network types user: value = GPRS|EDGE|UMTS|CDMA|CDMA - EvDo rev. 0|CDMA - EvDo rev. A|CDMA - 1xRTT|HSDPA|HSUPA|HSPA|CDMA - EvDo rev. B|LTE|CDMA - eHRPD|HSPA+|GSM|LTE_CA
02-21 08:01:07.347  2663  2982 D SubscriptionController: [getSubId]- numSubIds == 0, return null slotIndex=0
02-21 08:01:07.621  2663  2982 D SubscriptionController: [getSubId]- numSubIds == 0, return null slotIndex=0
02-21 08:01:11.611  2663  3069 D ImsManagerIM [1]: Registration Callback registered.
02-21 08:03:28.389  2663  3069 D ImsManagerIM [1]: Registration Callback registered.
02-21 08:10:06.923  2663  2982 D ImsManagerIM [1]: Registration Callback registered.
02-21 08:10:25.550  2663  2982 D ImsManagerIM [1]: Registration Callback registered.
02-21 08:10:27.396  2600  2600 E GRIL-WifiExt: unknown wifi status code: 4
02-21 08:10:27.414  1061  1061 I GRIL-Q  : qmi_vs_send_device_state_req completed 0, 0
02-21 08:10:27.444  2663  2663 D TelephonyNetworkFactory[0]: onReleaseNetworkFor NetworkRequest [ REQUEST id=57, [ Capabilities: INTERNET&NOT_RESTRICTED&TRUSTED&NOT_VCN_MANAGED Uid: 10145 RequestorUid: 1000 RequestorPkg: android UnderlyingNetworks: Null] ] applied false
02-21 08:10:27.444  2663  2663 D TelephonyNetworkFactory[0]: onReleaseNetworkFor NetworkRequest [ REQUEST id=170, [ Capabilities: INTERNET&NOT_RESTRICTED&TRUSTED&NOT_VCN_MANAGED Uid: 10194 RequestorUid: 1000 RequestorPkg: android UnderlyingNetworks: Null] ] applied false
02-21 08:10:27.444  2663  2663 D TelephonyNetworkFactory[0]: onReleaseNetworkFor NetworkRequest [ REQUEST id=180, [ Capabilities: INTERNET&NOT_RESTRICTED&TRUSTED&NOT_VCN_MANAGED Uid: 10176 RequestorUid: 1000 RequestorPkg: android UnderlyingNetworks: Null] ] applied false
02-21 08:10:27.444  2663  2663 D TelephonyNetworkFactory[0]: onReleaseNetworkFor NetworkRequest [ REQUEST id=213, [ Capabilities: INTERNET&NOT_RESTRICTED&TRUSTED&NOT_VCN_MANAGED Uid: 10205 RequestorUid: 1000 RequestorPkg: android UnderlyingNetworks: Null] ] applied false
02-21 08:10:27.444  2663  2663 D TelephonyNetworkFactory[0]: onReleaseNetworkFor NetworkRequest [ REQUEST id=74, [ Capabilities: INTERNET&NOT_RESTRICTED&TRUSTED&NOT_VCN_MANAGED Uid: 1001 RequestorUid: 1001 RequestorPkg: com.android.phone UnderlyingNetworks: Null] ] applied false
02-21 08:10:27.444  2663  2663 D TelephonyNetworkFactory[0]: onReleaseNetworkFor NetworkRequest [ REQUEST id=47, [ Capabilities: INTERNET&NOT_RESTRICTED&TRUSTED&NOT_VCN_MANAGED Uid: 10034 RequestorUid: 1000 RequestorPkg: android UnderlyingNetworks: Null] ] applied false
02-21 08:10:27.444  2663  2663 D TelephonyNetworkFactory[0]: onReleaseNetworkFor NetworkRequest [ REQUEST id=435, [ Capabilities: INTERNET&NOT_RESTRICTED&TRUSTED&NOT_VCN_MANAGED Uid: 10162 RequestorUid: 1000 RequestorPkg: android UnderlyingNetworks: Null] ] applied false
02-21 08:10:27.444  2663  2663 D TelephonyNetworkFactory[0]: onReleaseNetworkFor NetworkRequest [ REQUEST id=1877, [ Capabilities: INTERNET&NOT_RESTRICTED&TRUSTED&NOT_VCN_MANAGED Uid: 10196 RequestorUid: 10196 RequestorPkg: com.android.chrome UnderlyingNetworks: Null] ] applied false
02-21 08:10:27.444  2663  2663 D TelephonyNetworkFactory[0]: onReleaseNetworkFor NetworkRequest [ REQUEST id=29, [ Capabilities: INTERNET&NOT_RESTRICTED&TRUSTED&NOT_VCN_MANAGED Uid: 10173 RequestorUid: 1000 RequestorPkg: android UnderlyingNetworks: Null] ] applied false
02-21 08:10:27.444  2663  2663 D TelephonyNetworkFactory[0]: onReleaseNetworkFor NetworkRequest [ REQUEST id=51, [ Capabilities: INTERNET&NOT_RESTRICTED&TRUSTED&NOT_VCN_MANAGED Uid: 10030 RequestorUid: 1000 RequestorPkg: android UnderlyingNetworks: Null] ] applied false
02-21 08:10:27.444  2663  2663 D TelephonyNetworkFactory[0]: onReleaseNetworkFor NetworkRequest [ REQUEST id=77, [ Capabilities: INTERNET&NOT_RESTRICTED&TRUSTED&NOT_VCN_MANAGED Uid: 1001 RequestorUid: 1001 RequestorPkg: com.android.phone UnderlyingNetworks: Null] ] applied false
02-21 08:10:27.444  2663  2663 D TelephonyNetworkFactory[0]: onReleaseNetworkFor NetworkRequest [ REQUEST id=1933, [ Capabilities: INTERNET&NOT_RESTRICTED&TRUSTED&NOT_VCN_MANAGED Uid: 10189 RequestorUid: 10189 RequestorPkg: com.google.android.youtube UnderlyingNetworks: Null] ] applied false
02-21 08:10:27.444  2663  2663 D TelephonyNetworkFactory[0]: onReleaseNetworkFor NetworkRequest [ REQUEST id=84, [ Capabilities: INTERNET&NOT_RESTRICTED&TRUSTED&NOT_VCN_MANAGED Uid: 10263 RequestorUid: 10263 RequestorPkg: com.qualcomm.qti.cne UnderlyingNetworks: Null] ] applied false
02-21 08:10:27.444  2663  2663 D TelephonyNetworkFactory[0]: onReleaseNetworkFor NetworkRequest [ REQUEST id=1854, [ Capabilities: INTERNET&NOT_RESTRICTED&TRUSTED&NOT_VCN_MANAGED Uid: 10113 RequestorUid: 10113 RequestorPkg: com.google.android.googlequicksearchbox UnderlyingNetworks: Null] ] applied false
02-21 08:10:27.444  2663  2663 D TelephonyNetworkFactory[0]: onReleaseNetworkFor NetworkRequest [ REQUEST id=15, [ Capabilities: INTERNET&NOT_RESTRICTED&TRUSTED&NOT_VCN_MANAGED Uid: 10272 RequestorUid: 1000 RequestorPkg: android UnderlyingNetworks: Null] ] applied false
02-21 08:10:27.444  2663  2663 D TelephonyNetworkFactory[0]: onReleaseNetworkFor NetworkRequest [ REQUEST id=27, [ Capabilities: INTERNET&NOT_RESTRICTED&TRUSTED&NOT_VCN_MANAGED Uid: 10186 RequestorUid: 1000 RequestorPkg: android UnderlyingNetworks: Null] ] applied false
02-21 08:10:27.444  2663  2663 D TelephonyNetworkFactory[0]: onReleaseNetworkFor NetworkRequest [ REQUEST id=35, [ Capabilities: INTERNET&NOT_RESTRICTED&TRUSTED&NOT_VCN_MANAGED Uid: 10137 RequestorUid: 1000 RequestorPkg: android UnderlyingNetworks: Null] ] applied false
02-21 08:10:27.444  2663  2663 D TelephonyNetworkFactory[0]: onReleaseNetworkFor NetworkRequest [ REQUEST id=1825, [ Capabilities: INTERNET&NOT_RESTRICTED&TRUSTED&NOT_VCN_MANAGED Uid: 10145 RequestorUid: 10145 RequestorPkg: com.google.android.gms UnderlyingNetworks: Null] ] applied false
02-21 08:10:27.445  2663  2663 D TelephonyNetworkFactory[0]: onReleaseNetworkFor NetworkRequest [ REQUEST id=70, [ Capabilities: INTERNET&NOT_RESTRICTED&TRUSTED&NOT_VCN_MANAGED Uid: 10157 RequestorUid: 10157 RequestorPkg: com.android.systemui UnderlyingNetworks: Null] ] applied false
02-21 08:10:27.445  2663  2663 D TelephonyNetworkFactory[0]: onReleaseNetworkFor NetworkRequest [ REQUEST id=146, [ Capabilities: INTERNET&NOT_RESTRICTED&TRUSTED&NOT_VCN_MANAGED Uid: 10234 RequestorUid: 1000 RequestorPkg: android UnderlyingNetworks: Null] ] applied false
02-21 08:10:27.454  2663  2663 D TelephonyNetworkFactory[0]: onReleaseNetworkFor NetworkRequest [ REQUEST id=1495, [ Capabilities: INTERNET&NOT_RESTRICTED&TRUSTED&NOT_VCN_MANAGED Uid: 10177 RequestorUid: 1000 RequestorPkg: android UnderlyingNetworks: Null] ] applied false
02-21 08:10:27.455  2663  2663 D TelephonyNetworkFactory[0]: onReleaseNetworkFor NetworkRequest [ REQUEST id=59, [ Capabilities: INTERNET&NOT_RESTRICTED&TRUSTED&NOT_VCN_MANAGED Uid: 10019 RequestorUid: 1000 RequestorPkg: android UnderlyingNetworks: Null] ] applied false
02-21 08:10:27.455  2663  2663 D TelephonyNetworkFactory[0]: onReleaseNetworkFor NetworkRequest [ REQUEST id=1806, [ Capabilities: INTERNET&NOT_RESTRICTED&TRUSTED&NOT_VCN_MANAGED Uid: 10201 RequestorUid: 10201 RequestorPkg: com.google.android.apps.maps UnderlyingNetworks: Null] ] applied false
02-21 08:10:27.455  2663  2663 D TelephonyNetworkFactory[0]: onReleaseNetworkFor NetworkRequest [ REQUEST id=1306, [ Capabilities: INTERNET&NOT_RESTRICTED&TRUSTED&NOT_VCN_MANAGED Uid: 10178 RequestorUid: 10178 RequestorPkg: com.google.android.apps.messaging UnderlyingNetworks: Null] ] applied false
02-21 08:10:27.455  2663  2663 D TelephonyNetworkFactory[0]: onReleaseNetworkFor NetworkRequest [ REQUEST id=1, [ Capabilities: INTERNET&NOT_RESTRICTED&TRUSTED&NOT_VPN&NOT_VCN_MANAGED RequestorUid: 1000 RequestorPkg: android UnderlyingNetworks: Null] ] applied false
02-21 08:10:27.455  2663  2663 D TelephonyNetworkFactory[0]: onReleaseNetworkFor NetworkRequest [ REQUEST id=225, [ Capabilities: INTERNET&NOT_RESTRICTED&TRUSTED&NOT_VCN_MANAGED Uid: 10021 RequestorUid: 1000 RequestorPkg: android UnderlyingNetworks: Null] ] applied false
02-21 08:10:27.455  2663  2663 D TelephonyNetworkFactory[0]: onReleaseNetworkFor NetworkRequest [ REQUEST id=1303, [ Capabilities: INTERNET&NOT_RESTRICTED&TRUSTED&NOT_VCN_MANAGED Uid: 10178 RequestorUid: 10178 RequestorPkg: com.google.android.apps.messaging UnderlyingNetworks: Null] ] applied false
02-21 08:10:27.455  2663  2663 D TelephonyNetworkFactory[0]: onReleaseNetworkFor NetworkRequest [ REQUEST id=1938, [ Capabilities: INTERNET&NOT_RESTRICTED&TRUSTED&NOT_VCN_MANAGED Uid: 10178 RequestorUid: 10178 RequestorPkg: com.google.android.apps.messaging UnderlyingNetworks: Null] ] applied false
02-21 08:10:27.455  2663  2663 D TelephonyNetworkFactory[0]: onReleaseNetworkFor NetworkRequest [ REQUEST id=158, [ Capabilities: INTERNET&NOT_RESTRICTED&TRUSTED&NOT_VCN_MANAGED Uid: 10149 RequestorUid: 1000 RequestorPkg: android UnderlyingNetworks: Null] ] applied false
02-21 08:10:27.455  2663  2663 D TelephonyNetworkFactory[0]: onReleaseNetworkFor NetworkRequest [ REQUEST id=25, [ Capabilities: INTERNET&NOT_RESTRICTED&TRUSTED&NOT_VCN_MANAGED Uid: 10187 RequestorUid: 1000 RequestorPkg: android UnderlyingNetworks: Null] ] applied false
02-21 08:10:27.455  2663  2663 D TelephonyNetworkFactory[0]: onReleaseNetworkFor NetworkRequest [ REQUEST id=185, [ Capabilities: INTERNET&NOT_RESTRICTED&TRUSTED&NOT_VCN_MANAGED Uid: 10268 RequestorUid: 1000 RequestorPkg: android UnderlyingNetworks: Null] ] applied false
02-21 08:10:27.455  2663  2663 D TelephonyNetworkFactory[0]: onReleaseNetworkFor NetworkRequest [ REQUEST id=61, [ Capabilities: INTERNET&NOT_RESTRICTED&TRUSTED&NOT_VCN_MANAGED Uid: 1000 RequestorUid: 1000 RequestorPkg: android UnderlyingNetworks: Null] ] applied false
02-21 08:10:27.455  2663  2663 D TelephonyNetworkFactory[0]: onReleaseNetworkFor NetworkRequest [ REQUEST id=103, [ Capabilities: INTERNET&NOT_RESTRICTED&TRUSTED&NOT_VCN_MANAGED Uid: 10150 RequestorUid: 1000 RequestorPkg: android UnderlyingNetworks: Null] ] applied false
02-21 08:10:27.455  2663  2663 D TelephonyNetworkFactory[0]: onReleaseNetworkFor NetworkRequest [ REQUEST id=651, [ Capabilities: INTERNET&NOT_RESTRICTED&TRUSTED&NOT_VCN_MANAGED Uid: 10178 RequestorUid: 10178 RequestorPkg: com.google.android.apps.messaging UnderlyingNetworks: Null] ] applied false
02-21 08:10:27.455  2663  2663 D TelephonyNetworkFactory[0]: onReleaseNetworkFor NetworkRequest [ REQUEST id=19, [ Capabilities: INTERNET&NOT_RESTRICTED&TRUSTED&NOT_VCN_MANAGED Uid: 10201 RequestorUid: 1000 RequestorPkg: android UnderlyingNetworks: Null] ] applied false
02-21 08:10:27.456  2663  2663 D TelephonyNetworkFactory[0]: onReleaseNetworkFor NetworkRequest [ REQUEST id=63, [ Capabilities: INTERNET&NOT_RESTRICTED&TRUSTED&NOT_VCN_MANAGED Uid: 1073 RequestorUid: 1073 RequestorPkg: com.google.android.networkstack UnderlyingNetworks: Null] ] applied false
02-21 08:10:27.456  2663  2663 D TelephonyNetworkFactory[0]: onReleaseNetworkFor NetworkRequest [ REQUEST id=41, [ Capabilities: INTERNET&NOT_RESTRICTED&TRUSTED&NOT_VCN_MANAGED Uid: 10113 RequestorUid: 1000 RequestorPkg: android UnderlyingNetworks: Null] ] applied false
02-21 08:10:27.456  2663  2663 D TelephonyNetworkFactory[0]: onReleaseNetworkFor NetworkRequest [ REQUEST id=1926, [ Capabilities: INTERNET&NOT_RESTRICTED&TRUSTED&NOT_VCN_MANAGED Uid: 10189 RequestorUid: 10189 RequestorPkg: com.google.android.youtube UnderlyingNetworks: Null] ] applied false
02-21 08:10:27.456  2663  2663 D TelephonyNetworkFactory[0]: onReleaseNetworkFor NetworkRequest [ REQUEST id=1931, [ Capabilities: INTERNET&NOT_RESTRICTED&TRUSTED&NOT_VCN_MANAGED Uid: 10189 RequestorUid: 10189 RequestorPkg: com.google.android.youtube UnderlyingNetworks: Null] ] applied false
02-21 08:10:27.459  2663  2663 D TelephonyNetworkFactory[0]: onReleaseNetworkFor NetworkRequest [ REQUEST id=45, [ Capabilities: INTERNET&NOT_RESTRICTED&TRUSTED&NOT_VCN_MANAGED Uid: 10035 RequestorUid: 1000 RequestorPkg: android UnderlyingNetworks: Null] ] applied false
02-21 08:10:27.459  2663  2663 D TelephonyNetworkFactory[0]: onReleaseNetworkFor NetworkRequest [ REQUEST id=282, [ Capabilities: INTERNET&NOT_RESTRICTED&TRUSTED&NOT_VCN_MANAGED Uid: 10164 RequestorUid: 1000 RequestorPkg: android UnderlyingNetworks: Null] ] applied false
02-21 08:10:27.459  2663  2663 D TelephonyNetworkFactory[0]: onReleaseNetworkFor NetworkRequest [ REQUEST id=7, [ Capabilities: INTERNET&NOT_RESTRICTED&TRUSTED&NOT_VCN_MANAGED Uid: 1000 RequestorUid: 1000 RequestorPkg: android UnderlyingNetworks: Null] ] applied false
02-21 08:10:27.459  2663  2663 D TelephonyNetworkFactory[0]: onReleaseNetworkFor NetworkRequest [ REQUEST id=68, [ Capabilities: INTERNET&NOT_RESTRICTED&TRUSTED&NOT_VCN_MANAGED Uid: 10157 RequestorUid: 10157 RequestorPkg: com.android.systemui UnderlyingNetworks: Null] ] applied false
02-21 08:10:27.459  2663  2663 D TelephonyNetworkFactory[0]: onReleaseNetworkFor NetworkRequest [ REQUEST id=1856, [ Capabilities: INTERNET&NOT_RESTRICTED&TRUSTED&NOT_VCN_MANAGED Uid: 10113 RequestorUid: 10113 RequestorPkg: com.google.android.googlequicksearchbox UnderlyingNetworks: Null] ] applied false
02-21 08:10:27.459  2663  2663 D TelephonyNetworkFactory[0]: onReleaseNetworkFor NetworkRequest [ REQUEST id=126, [ Capabilities: INTERNET&NOT_RESTRICTED&TRUSTED&NOT_VCN_MANAGED Uid: 10106 RequestorUid: 1000 RequestorPkg: android UnderlyingNetworks: Null] ] applied false
02-21 08:10:27.459  2663  2663 D TelephonyNetworkFactory[0]: onReleaseNetworkFor NetworkRequest [ REQUEST id=178, [ Capabilities: INTERNET&NOT_RESTRICTED&TRUSTED&NOT_VCN_MANAGED Uid: 10131 RequestorUid: 1000 RequestorPkg: android UnderlyingNetworks: Null] ] applied false
02-21 08:10:27.459  2663  2663 D TelephonyNetworkFactory[0]: onReleaseNetworkFor NetworkRequest [ REQUEST id=43, [ Capabilities: INTERNET&NOT_RESTRICTED&TRUSTED&NOT_VCN_MANAGED Uid: 10112 RequestorUid: 1000 RequestorPkg: android UnderlyingNetworks: Null] ] applied false
02-21 08:10:27.459  2663  2663 D TelephonyNetworkFactory[0]: onReleaseNetworkFor NetworkRequest [ REQUEST id=17, [ Capabilities: INTERNET&NOT_RESTRICTED&TRUSTED&NOT_VCN_MANAGED Uid: 10202 RequestorUid: 1000 RequestorPkg: android UnderlyingNetworks: Null] ] applied false
02-21 08:10:27.459  2663  2663 D TelephonyNetworkFactory[0]: onReleaseNetworkFor NetworkRequest [ REQUEST id=23, [ Capabilities: INTERNET&NOT_RESTRICTED&TRUSTED&NOT_VCN_MANAGED Uid: 10196 RequestorUid: 1000 RequestorPkg: android UnderlyingNetworks: Null] ] applied false
02-21 08:10:27.459  2663  2663 D TelephonyNetworkFactory[0]: onReleaseNetworkFor NetworkRequest [ REQUEST id=1929, [ Capabilities: INTERNET&NOT_RESTRICTED&TRUSTED&NOT_VCN_MANAGED Uid: 10189 RequestorUid: 10189 RequestorPkg: com.google.android.youtube UnderlyingNetworks: Null] ] applied false
02-21 08:10:27.459  2663  2663 D TelephonyNetworkFactory[0]: onReleaseNetworkFor NetworkRequest [ REQUEST id=206, [ Capabilities: INTERNET&NOT_RESTRICTED&TRUSTED&NOT_VCN_MANAGED Uid: 10189 RequestorUid: 1000 RequestorPkg: android UnderlyingNetworks: Null] ] applied false
02-21 08:10:27.459  2663  2663 D TelephonyNetworkFactory[0]: onReleaseNetworkFor NetworkRequest [ REQUEST id=55, [ Capabilities: INTERNET&NOT_RESTRICTED&TRUSTED&NOT_VCN_MANAGED Uid: 10022 RequestorUid: 1000 RequestorPkg: android UnderlyingNetworks: Null] ] applied false
02-21 08:10:27.459  2663  2663 D TelephonyNetworkFactory[0]: onReleaseNetworkFor NetworkRequest [ REQUEST id=136, [ Capabilities: INTERNET&NOT_RESTRICTED&TRUSTED&NOT_VCN_MANAGED Uid: 10178 RequestorUid: 1000 RequestorPkg: android UnderlyingNetworks: Null] ] applied false
02-21 08:10:27.459  2663  2663 D TelephonyNetworkFactory[0]: onReleaseNetworkFor NetworkRequest [ REQUEST id=1949, [ Capabilities: INTERNET&NOT_RESTRICTED&TRUSTED&NOT_VCN_MANAGED Uid: 1000 RequestorUid: 1000 RequestorPkg: com.android.settings UnderlyingNetworks: Null] ] applied false
02-21 08:10:27.459  2663  2663 D TelephonyNetworkFactory[0]: onReleaseNetworkFor NetworkRequest [ REQUEST id=1935, [ Capabilities: INTERNET&NOT_RESTRICTED&TRUSTED&NOT_VCN_MANAGED Uid: 10201 RequestorUid: 10201 RequestorPkg: com.google.android.apps.maps UnderlyingNetworks: Null] ] applied false
02-21 08:10:27.459  2663  2663 D TelephonyNetworkFactory[0]: onReleaseNetworkFor NetworkRequest [ REQUEST id=1770, [ Capabilities: INTERNET&NOT_RESTRICTED&TRUSTED&NOT_VCN_MANAGED Uid: 10145 RequestorUid: 10145 RequestorPkg: com.google.android.gms UnderlyingNetworks: Null] ] applied false
02-21 08:10:27.459  2663  2663 D TelephonyNetworkFactory[0]: onReleaseNetworkFor NetworkRequest [ REQUEST id=33, [ Capabilities: INTERNET&NOT_RESTRICTED&TRUSTED&NOT_VCN_MANAGED Uid: 10167 RequestorUid: 1000 RequestorPkg: android UnderlyingNetworks: Null] ] applied false
02-21 08:10:27.459  2663  2663 D TelephonyNetworkFactory[0]: onReleaseNetworkFor NetworkRequest [ REQUEST id=195, [ Capabilities: INTERNET&NOT_RESTRICTED&TRUSTED&NOT_VCN_MANAGED Uid: 10146 RequestorUid: 1000 RequestorPkg: android UnderlyingNetworks: Null] ] applied false
02-21 08:10:27.459  2663  2663 D TelephonyNetworkFactory[0]: onReleaseNetworkFor NetworkRequest [ REQUEST id=1886, [ Capabilities: INTERNET&NOT_RESTRICTED&TRUSTED&NOT_VCN_MANAGED Uid: 10113 RequestorUid: 10113 RequestorPkg: com.google.android.googlequicksearchbox UnderlyingNetworks: Null] ] applied false
02-21 08:10:27.460  2663  2663 D TelephonyNetworkFactory[0]: onReleaseNetworkFor NetworkRequest [ REQUEST id=1924, [ Capabilities: INTERNET&NOT_RESTRICTED&TRUSTED&NOT_VCN_MANAGED Uid: 10189 RequestorUid: 10189 RequestorPkg: com.google.android.youtube UnderlyingNetworks: Null] ] applied false
02-21 08:10:27.460  2663  2663 D TelephonyNetworkFactory[0]: onReleaseNetworkFor NetworkRequest [ REQUEST id=82, [ Capabilities: INTERNET&NOT_RESTRICTED&TRUSTED&NOT_VCN_MANAGED Uid: 10130 RequestorUid: 10130 RequestorPkg: com.google.android.apps.scone UnderlyingNetworks: Null] ] applied false
02-21 08:10:27.460  2663  2663 D TelephonyNetworkFactory[0]: onReleaseNetworkFor NetworkRequest [ REQUEST id=119, [ Capabilities: INTERNET&NOT_RESTRICTED&TRUSTED&NOT_VCN_MANAGED Uid: 10071 RequestorUid: 1000 RequestorPkg: android UnderlyingNetworks: Null] ] applied false
02-21 08:10:27.460  2663  2663 D TelephonyNetworkFactory[0]: onReleaseNetworkFor NetworkRequest [ REQUEST id=1858, [ Capabilities: INTERNET&NOT_RESTRICTED&TRUSTED&NOT_VCN_MANAGED Uid: 10113 RequestorUid: 10113 RequestorPkg: com.google.android.googlequicksearchbox UnderlyingNetworks: Null] ] applied false
02-21 08:10:27.460  2663  2663 D TelephonyNetworkFactory[0]: onReleaseNetworkFor NetworkRequest [ REQUEST id=1940, [ Capabilities: INTERNET&NOT_RESTRICTED&TRUSTED&NOT_VCN_MANAGED Uid: 10121 RequestorUid: 10121 RequestorPkg: com.android.vending UnderlyingNetworks: Null] ] applied false
02-21 08:10:27.460  2663  2663 D TelephonyNetworkFactory[0]: onReleaseNetworkFor NetworkRequest [ REQUEST id=39, [ Capabilities: INTERNET&NOT_RESTRICTED&TRUSTED&NOT_VCN_MANAGED Uid: 10121 RequestorUid: 1000 RequestorPkg: android UnderlyingNetworks: Null] ] applied false
02-21 08:10:27.460  2663  2663 D TelephonyNetworkFactory[0]: onReleaseNetworkFor NetworkRequest [ REQUEST id=49, [ Capabilities: INTERNET&NOT_RESTRICTED&TRUSTED&NOT_VCN_MANAGED Uid: 10033 RequestorUid: 1000 RequestorPkg: android UnderlyingNetworks: Null] ] applied false
02-21 08:10:27.460  2663  2663 D TelephonyNetworkFactory[0]: onReleaseNetworkFor NetworkRequest [ REQUEST id=21, [ Capabilities: INTERNET&NOT_RESTRICTED&TRUSTED&NOT_VCN_MANAGED Uid: 10200 RequestorUid: 1000 RequestorPkg: android UnderlyingNetworks: Null] ] applied false
02-21 08:10:27.460  2663  2663 D TelephonyNetworkFactory[0]: onReleaseNetworkFor NetworkRequest [ REQUEST id=644, [ Capabilities: INTERNET&NOT_RESTRICTED&TRUSTED&NOT_VCN_MANAGED Uid: 10178 RequestorUid: 10178 RequestorPkg: com.google.android.apps.messaging UnderlyingNetworks: Null] ] applied false
02-21 08:10:27.460  2663  2663 D TelephonyNetworkFactory[0]: onReleaseNetworkFor NetworkRequest [ REQUEST id=160, [ Capabilities: INTERNET&NOT_RESTRICTED&TRUSTED&NOT_VCN_MANAGED Uid: 10190 RequestorUid: 1000 RequestorPkg: android UnderlyingNetworks: Null] ] applied false
02-21 08:10:27.460  2663  2663 D TelephonyNetworkFactory[0]: onReleaseNetworkFor NetworkRequest [ REQUEST id=753, [ Capabilities: INTERNET&NOT_RESTRICTED&TRUSTED&NOT_VCN_MANAGED Uid: 10150 RequestorUid: 10150 RequestorPkg: com.google.android.ims UnderlyingNetworks: Null] ] applied false
02-21 08:10:27.460  2663  2663 D TelephonyNetworkFactory[0]: onReleaseNetworkFor NetworkRequest [ REQUEST id=53, [ Capabilities: INTERNET&NOT_RESTRICTED&TRUSTED&NOT_VCN_MANAGED Uid: 10026 RequestorUid: 1000 RequestorPkg: android UnderlyingNetworks: Null] ] applied false
02-21 08:10:27.460  2663  2663 D TelephonyNetworkFactory[0]: onReleaseNetworkFor NetworkRequest [ REQUEST id=114, [ Capabilities: INTERNET&NOT_RESTRICTED&TRUSTED&NOT_VCN_MANAGED Uid: 10270 RequestorUid: 1000 RequestorPkg: android UnderlyingNetworks: Null] ] applied false
02-21 08:10:27.460  2663  2663 D TelephonyNetworkFactory[0]: onReleaseNetworkFor NetworkRequest [ REQUEST id=1799, [ Capabilities: INTERNET&NOT_RESTRICTED&TRUSTED&NOT_VCN_MANAGED Uid: 10201 RequestorUid: 10201 RequestorPkg: com.google.android.apps.maps UnderlyingNetworks: Null] ] applied false
02-21 08:10:27.460  2663  2663 D TelephonyNetworkFactory[0]: onReleaseNetworkFor NetworkRequest [ REQUEST id=107, [ Capabilities: INTERNET&NOT_RESTRICTED&TRUSTED&NOT_VCN_MANAGED Uid: 10126 RequestorUid: 1000 RequestorPkg: android UnderlyingNetworks: Null] ] applied false
02-21 08:10:27.460  2663  2663 D TelephonyNetworkFactory[0]: onReleaseNetworkFor NetworkRequest [ REQUEST id=870, [ Capabilities: INTERNET&NOT_RESTRICTED&TRUSTED&NOT_VCN_MANAGED Uid: 10109 RequestorUid: 1000 RequestorPkg: android UnderlyingNetworks: Null] ] applied false
02-21 08:10:27.460  2663  2663 D TelephonyNetworkFactory[0]: onReleaseNetworkFor NetworkRequest [ REQUEST id=1872, [ Capabilities: INTERNET&NOT_RESTRICTED&TRUSTED&NOT_VCN_MANAGED Uid: 10196 RequestorUid: 10196 RequestorPkg: com.android.chrome UnderlyingNetworks: Null] ] applied false
02-21 08:10:27.460  2663  2663 D TelephonyNetworkFactory[0]: onReleaseNetworkFor NetworkRequest [ REQUEST id=89, [ Capabilities: INTERNET&NOT_RESTRICTED&TRUSTED&NOT_VCN_MANAGED Uid: 1000 RequestorUid: 1000 RequestorPkg: android UnderlyingNetworks: Null] ] applied false
02-21 08:10:27.460  2663  2663 D TelephonyNetworkFactory[0]: onReleaseNetworkFor NetworkRequest [ REQUEST id=1242, [ Capabilities: INTERNET&NOT_RESTRICTED&TRUSTED&NOT_VCN_MANAGED Uid: 10121 RequestorUid: 10121 RequestorPkg: com.android.vending UnderlyingNetworks: Null] ] applied false
02-21 08:10:27.460  2663  2663 D TelephonyNetworkFactory[0]: onReleaseNetworkFor NetworkRequest [ REQUEST id=1823, [ Capabilities: INTERNET&NOT_RESTRICTED&TRUSTED&NOT_VCN_MANAGED Uid: 10145 RequestorUid: 10145 RequestorPkg: com.google.android.gms UnderlyingNetworks: Null] ] applied false
02-21 08:10:27.460  2663  2663 D TelephonyNetworkFactory[0]: onReleaseNetworkFor NetworkRequest [ REQUEST id=31, [ Capabilities: INTERNET&NOT_RESTRICTED&TRUSTED&NOT_VCN_MANAGED Uid: 10172 RequestorUid: 1000 RequestorPkg: android UnderlyingNetworks: Null] ] applied false
02-21 08:10:27.461  2663  2663 D TelephonyNetworkFactory[0]: onReleaseNetworkFor NetworkRequest [ REQUEST id=1756, [ Capabilities: INTERNET&NOT_RESTRICTED&TRUSTED&NOT_VCN_MANAGED Uid: 10145 RequestorUid: 10145 RequestorPkg: com.google.android.gms UnderlyingNetworks: Null] ] applied false
02-21 08:10:27.461  2663  2663 D TelephonyNetworkFactory[0]: onReleaseNetworkFor NetworkRequest [ REQUEST id=37, [ Capabilities: INTERNET&NOT_RESTRICTED&TRUSTED&NOT_VCN_MANAGED Uid: 10129 RequestorUid: 1000 RequestorPkg: android UnderlyingNetworks: Null] ] applied false
02-21 08:10:27.461  2663  2663 D TelephonyNetworkFactory[0]: onReleaseNetworkFor NetworkRequest [ REQUEST id=191, [ Capabilities: INTERNET&NOT_RESTRICTED&TRUSTED&NOT_VCN_MANAGED Uid: 10165 RequestorUid: 1000 RequestorPkg: android UnderlyingNetworks: Null] ] applied false
02-21 08:10:27.461  2663  2663 D TelephonyNetworkFactory[1]: onReleaseNetworkFor NetworkRequest [ REQUEST id=57, [ Capabilities: INTERNET&NOT_RESTRICTED&TRUSTED&NOT_VCN_MANAGED Uid: 10145 RequestorUid: 1000 RequestorPkg: android UnderlyingNetworks: Null] ] applied true
02-21 08:10:27.461  2663  2663 D TelephonyNetworkFactory[1]: onReleaseNetworkFor NetworkRequest [ REQUEST id=170, [ Capabilities: INTERNET&NOT_RESTRICTED&TRUSTED&NOT_VCN_MANAGED Uid: 10194 RequestorUid: 1000 RequestorPkg: android UnderlyingNetworks: Null] ] applied true
02-21 08:10:27.461  2663  2663 D TelephonyNetworkFactory[1]: onReleaseNetworkFor NetworkRequest [ REQUEST id=180, [ Capabilities: INTERNET&NOT_RESTRICTED&TRUSTED&NOT_VCN_MANAGED Uid: 10176 RequestorUid: 1000 RequestorPkg: android UnderlyingNetworks: Null] ] applied true
02-21 08:10:27.461  2663  2663 D TelephonyNetworkFactory[1]: onReleaseNetworkFor NetworkRequest [ REQUEST id=213, [ Capabilities: INTERNET&NOT_RESTRICTED&TRUSTED&NOT_VCN_MANAGED Uid: 10205 RequestorUid: 1000 RequestorPkg: android UnderlyingNetworks: Null] ] applied true
02-21 08:10:27.461  2663  2663 D TelephonyNetworkFactory[1]: onReleaseNetworkFor NetworkRequest [ REQUEST id=74, [ Capabilities: INTERNET&NOT_RESTRICTED&TRUSTED&NOT_VCN_MANAGED Uid: 1001 RequestorUid: 1001 RequestorPkg: com.android.phone UnderlyingNetworks: Null] ] applied true
02-21 08:10:27.461  2663  2663 D TelephonyNetworkFactory[1]: onReleaseNetworkFor NetworkRequest [ REQUEST id=47, [ Capabilities: INTERNET&NOT_RESTRICTED&TRUSTED&NOT_VCN_MANAGED Uid: 10034 RequestorUid: 1000 RequestorPkg: android UnderlyingNetworks: Null] ] applied true
02-21 08:10:27.461  2663  2663 D TelephonyNetworkFactory[1]: onReleaseNetworkFor NetworkRequest [ REQUEST id=435, [ Capabilities: INTERNET&NOT_RESTRICTED&TRUSTED&NOT_VCN_MANAGED Uid: 10162 RequestorUid: 1000 RequestorPkg: android UnderlyingNetworks: Null] ] applied true
02-21 08:10:27.461  2663  2663 D TelephonyNetworkFactory[1]: onReleaseNetworkFor NetworkRequest [ REQUEST id=1877, [ Capabilities: INTERNET&NOT_RESTRICTED&TRUSTED&NOT_VCN_MANAGED Uid: 10196 RequestorUid: 10196 RequestorPkg: com.android.chrome UnderlyingNetworks: Null] ] applied true
02-21 08:10:27.462  2663  2663 D TelephonyNetworkFactory[1]: onReleaseNetworkFor NetworkRequest [ REQUEST id=29, [ Capabilities: INTERNET&NOT_RESTRICTED&TRUSTED&NOT_VCN_MANAGED Uid: 10173 RequestorUid: 1000 RequestorPkg: android UnderlyingNetworks: Null] ] applied true
02-21 08:10:27.462  2663  2663 D TelephonyNetworkFactory[1]: onReleaseNetworkFor NetworkRequest [ REQUEST id=51, [ Capabilities: INTERNET&NOT_RESTRICTED&TRUSTED&NOT_VCN_MANAGED Uid: 10030 RequestorUid: 1000 RequestorPkg: android UnderlyingNetworks: Null] ] applied true
02-21 08:10:27.462  2663  2663 D TelephonyNetworkFactory[1]: onReleaseNetworkFor NetworkRequest [ REQUEST id=77, [ Capabilities: INTERNET&NOT_RESTRICTED&TRUSTED&NOT_VCN_MANAGED Uid: 1001 RequestorUid: 1001 RequestorPkg: com.android.phone UnderlyingNetworks: Null] ] applied true
02-21 08:10:27.462  2663  2663 D TelephonyNetworkFactory[1]: onReleaseNetworkFor NetworkRequest [ REQUEST id=1933, [ Capabilities: INTERNET&NOT_RESTRICTED&TRUSTED&NOT_VCN_MANAGED Uid: 10189 RequestorUid: 10189 RequestorPkg: com.google.android.youtube UnderlyingNetworks: Null] ] applied true
02-21 08:10:27.462  2663  2663 D TelephonyNetworkFactory[1]: onReleaseNetworkFor NetworkRequest [ REQUEST id=84, [ Capabilities: INTERNET&NOT_RESTRICTED&TRUSTED&NOT_VCN_MANAGED Uid: 10263 RequestorUid: 10263 RequestorPkg: com.qualcomm.qti.cne UnderlyingNetworks: Null] ] applied true
02-21 08:10:27.462  2663  2663 D TelephonyNetworkFactory[1]: onReleaseNetworkFor NetworkRequest [ REQUEST id=1854, [ Capabilities: INTERNET&NOT_RESTRICTED&TRUSTED&NOT_VCN_MANAGED Uid: 10113 RequestorUid: 10113 RequestorPkg: com.google.android.googlequicksearchbox UnderlyingNetworks: Null] ] applied true
02-21 08:10:27.462  2663  2663 D TelephonyNetworkFactory[1]: onReleaseNetworkFor NetworkRequest [ REQUEST id=15, [ Capabilities: INTERNET&NOT_RESTRICTED&TRUSTED&NOT_VCN_MANAGED Uid: 10272 RequestorUid: 1000 RequestorPkg: android UnderlyingNetworks: Null] ] applied true
02-21 08:10:27.462  2663  2663 D TelephonyNetworkFactory[1]: onReleaseNetworkFor NetworkRequest [ REQUEST id=27, [ Capabilities: INTERNET&NOT_RESTRICTED&TRUSTED&NOT_VCN_MANAGED Uid: 10186 RequestorUid: 1000 RequestorPkg: android UnderlyingNetworks: Null] ] applied true
02-21 08:10:27.462  2663  2663 D TelephonyNetworkFactory[1]: onReleaseNetworkFor NetworkRequest [ REQUEST id=35, [ Capabilities: INTERNET&NOT_RESTRICTED&TRUSTED&NOT_VCN_MANAGED Uid: 10137 RequestorUid: 1000 RequestorPkg: android UnderlyingNetworks: Null] ] applied true
02-21 08:10:27.462  2663  2663 D TelephonyNetworkFactory[1]: onReleaseNetworkFor NetworkRequest [ REQUEST id=1825, [ Capabilities: INTERNET&NOT_RESTRICTED&TRUSTED&NOT_VCN_MANAGED Uid: 10145 RequestorUid: 10145 RequestorPkg: com.google.android.gms UnderlyingNetworks: Null] ] applied true
02-21 08:10:27.462  2663  2663 D TelephonyNetworkFactory[1]: onReleaseNetworkFor NetworkRequest [ REQUEST id=70, [ Capabilities: INTERNET&NOT_RESTRICTED&TRUSTED&NOT_VCN_MANAGED Uid: 10157 RequestorUid: 10157 RequestorPkg: com.android.systemui UnderlyingNetworks: Null] ] applied true
02-21 08:10:27.465  2663  2663 D TelephonyNetworkFactory[1]: onReleaseNetworkFor NetworkRequest [ REQUEST id=146, [ Capabilities: INTERNET&NOT_RESTRICTED&TRUSTED&NOT_VCN_MANAGED Uid: 10234 RequestorUid: 1000 RequestorPkg: android UnderlyingNetworks: Null] ] applied true
02-21 08:10:27.467  2663  2663 D TelephonyNetworkFactory[1]: onReleaseNetworkFor NetworkRequest [ REQUEST id=1495, [ Capabilities: INTERNET&NOT_RESTRICTED&TRUSTED&NOT_VCN_MANAGED Uid: 10177 RequestorUid: 1000 RequestorPkg: android UnderlyingNetworks: Null] ] applied true
02-21 08:10:27.468  2663  2663 D TelephonyNetworkFactory[1]: onReleaseNetworkFor NetworkRequest [ REQUEST id=59, [ Capabilities: INTERNET&NOT_RESTRICTED&TRUSTED&NOT_VCN_MANAGED Uid: 10019 RequestorUid: 1000 RequestorPkg: android UnderlyingNetworks: Null] ] applied true
02-21 08:10:27.468  2663  2663 D TelephonyNetworkFactory[1]: onReleaseNetworkFor NetworkRequest [ REQUEST id=1806, [ Capabilities: INTERNET&NOT_RESTRICTED&TRUSTED&NOT_VCN_MANAGED Uid: 10201 RequestorUid: 10201 RequestorPkg: com.google.android.apps.maps UnderlyingNetworks: Null] ] applied true
02-21 08:10:27.469  2663  2663 D TelephonyNetworkFactory[1]: onReleaseNetworkFor NetworkRequest [ REQUEST id=1306, [ Capabilities: INTERNET&NOT_RESTRICTED&TRUSTED&NOT_VCN_MANAGED Uid: 10178 RequestorUid: 10178 RequestorPkg: com.google.android.apps.messaging UnderlyingNetworks: Null] ] applied true
02-21 08:10:27.469  2663  2663 D TelephonyNetworkFactory[1]: onReleaseNetworkFor NetworkRequest [ REQUEST id=1, [ Capabilities: INTERNET&NOT_RESTRICTED&TRUSTED&NOT_VPN&NOT_VCN_MANAGED RequestorUid: 1000 RequestorPkg: android UnderlyingNetworks: Null] ] applied true
02-21 08:10:27.469  2663  2663 D TelephonyNetworkFactory[1]: onReleaseNetworkFor NetworkRequest [ REQUEST id=225, [ Capabilities: INTERNET&NOT_RESTRICTED&TRUSTED&NOT_VCN_MANAGED Uid: 10021 RequestorUid: 1000 RequestorPkg: android UnderlyingNetworks: Null] ] applied true
02-21 08:10:27.469  2663  2663 D TelephonyNetworkFactory[1]: onReleaseNetworkFor NetworkRequest [ REQUEST id=1303, [ Capabilities: INTERNET&NOT_RESTRICTED&TRUSTED&NOT_VCN_MANAGED Uid: 10178 RequestorUid: 10178 RequestorPkg: com.google.android.apps.messaging UnderlyingNetworks: Null] ] applied true
02-21 08:10:27.469  2663  2663 D TelephonyNetworkFactory[1]: onReleaseNetworkFor NetworkRequest [ REQUEST id=1938, [ Capabilities: INTERNET&NOT_RESTRICTED&TRUSTED&NOT_VCN_MANAGED Uid: 10178 RequestorUid: 10178 RequestorPkg: com.google.android.apps.messaging UnderlyingNetworks: Null] ] applied true
02-21 08:10:27.469  2663  2663 D TelephonyNetworkFactory[1]: onReleaseNetworkFor NetworkRequest [ REQUEST id=158, [ Capabilities: INTERNET&NOT_RESTRICTED&TRUSTED&NOT_VCN_MANAGED Uid: 10149 RequestorUid: 1000 RequestorPkg: android UnderlyingNetworks: Null] ] applied true
02-21 08:10:27.469  2663  2663 D TelephonyNetworkFactory[1]: onReleaseNetworkFor NetworkRequest [ REQUEST id=25, [ Capabilities: INTERNET&NOT_RESTRICTED&TRUSTED&NOT_VCN_MANAGED Uid: 10187 RequestorUid: 1000 RequestorPkg: android UnderlyingNetworks: Null] ] applied true
02-21 08:10:27.469  2663  2663 D TelephonyNetworkFactory[1]: onReleaseNetworkFor NetworkRequest [ REQUEST id=185, [ Capabilities: INTERNET&NOT_RESTRICTED&TRUSTED&NOT_VCN_MANAGED Uid: 10268 RequestorUid: 1000 RequestorPkg: android UnderlyingNetworks: Null] ] applied true
02-21 08:10:27.469  2663  2663 D TelephonyNetworkFactory[1]: onReleaseNetworkFor NetworkRequest [ REQUEST id=61, [ Capabilities: INTERNET&NOT_RESTRICTED&TRUSTED&NOT_VCN_MANAGED Uid: 1000 RequestorUid: 1000 RequestorPkg: android UnderlyingNetworks: Null] ] applied true
02-21 08:10:27.469  2663  2663 D TelephonyNetworkFactory[1]: onReleaseNetworkFor NetworkRequest [ REQUEST id=103, [ Capabilities: INTERNET&NOT_RESTRICTED&TRUSTED&NOT_VCN_MANAGED Uid: 10150 RequestorUid: 1000 RequestorPkg: android UnderlyingNetworks: Null] ] applied true
02-21 08:10:27.469  2663  2663 D TelephonyNetworkFactory[1]: onReleaseNetworkFor NetworkRequest [ REQUEST id=651, [ Capabilities: INTERNET&NOT_RESTRICTED&TRUSTED&NOT_VCN_MANAGED Uid: 10178 RequestorUid: 10178 RequestorPkg: com.google.android.apps.messaging UnderlyingNetworks: Null] ] applied true
02-21 08:10:27.469  2663  2663 D TelephonyNetworkFactory[1]: onReleaseNetworkFor NetworkRequest [ REQUEST id=19, [ Capabilities: INTERNET&NOT_RESTRICTED&TRUSTED&NOT_VCN_MANAGED Uid: 10201 RequestorUid: 1000 RequestorPkg: android UnderlyingNetworks: Null] ] applied true
02-21 08:10:27.469  2663  2663 D TelephonyNetworkFactory[1]: onReleaseNetworkFor NetworkRequest [ REQUEST id=63, [ Capabilities: INTERNET&NOT_RESTRICTED&TRUSTED&NOT_VCN_MANAGED Uid: 1073 RequestorUid: 1073 RequestorPkg: com.google.android.networkstack UnderlyingNetworks: Null] ] applied true
02-21 08:10:27.469  2663  2663 D TelephonyNetworkFactory[1]: onReleaseNetworkFor NetworkRequest [ REQUEST id=41, [ Capabilities: INTERNET&NOT_RESTRICTED&TRUSTED&NOT_VCN_MANAGED Uid: 10113 RequestorUid: 1000 RequestorPkg: android UnderlyingNetworks: Null] ] applied true
02-21 08:10:27.469  2663  2663 D TelephonyNetworkFactory[1]: onReleaseNetworkFor NetworkRequest [ REQUEST id=1926, [ Capabilities: INTERNET&NOT_RESTRICTED&TRUSTED&NOT_VCN_MANAGED Uid: 10189 RequestorUid: 10189 RequestorPkg: com.google.android.youtube UnderlyingNetworks: Null] ] applied true
02-21 08:10:27.469  2663  2663 D TelephonyNetworkFactory[1]: onReleaseNetworkFor NetworkRequest [ REQUEST id=1931, [ Capabilities: INTERNET&NOT_RESTRICTED&TRUSTED&NOT_VCN_MANAGED Uid: 10189 RequestorUid: 10189 RequestorPkg: com.google.android.youtube UnderlyingNetworks: Null] ] applied true
02-21 08:10:27.470  2663  2663 D TelephonyNetworkFactory[1]: onReleaseNetworkFor NetworkRequest [ REQUEST id=45, [ Capabilities: INTERNET&NOT_RESTRICTED&TRUSTED&NOT_VCN_MANAGED Uid: 10035 RequestorUid: 1000 RequestorPkg: android UnderlyingNetworks: Null] ] applied true
02-21 08:10:27.470  2663  2663 D TelephonyNetworkFactory[1]: onReleaseNetworkFor NetworkRequest [ REQUEST id=282, [ Capabilities: INTERNET&NOT_RESTRICTED&TRUSTED&NOT_VCN_MANAGED Uid: 10164 RequestorUid: 1000 RequestorPkg: android UnderlyingNetworks: Null] ] applied true
02-21 08:10:27.470  2663  2663 D TelephonyNetworkFactory[1]: onReleaseNetworkFor NetworkRequest [ REQUEST id=7, [ Capabilities: INTERNET&NOT_RESTRICTED&TRUSTED&NOT_VCN_MANAGED Uid: 1000 RequestorUid: 1000 RequestorPkg: android UnderlyingNetworks: Null] ] applied true
02-21 08:10:27.470  2663  2663 D TelephonyNetworkFactory[1]: onReleaseNetworkFor NetworkRequest [ REQUEST id=68, [ Capabilities: INTERNET&NOT_RESTRICTED&TRUSTED&NOT_VCN_MANAGED Uid: 10157 RequestorUid: 10157 RequestorPkg: com.android.systemui UnderlyingNetworks: Null] ] applied true
02-21 08:10:27.470  2663  2663 D TelephonyNetworkFactory[1]: onReleaseNetworkFor NetworkRequest [ REQUEST id=1856, [ Capabilities: INTERNET&NOT_RESTRICTED&TRUSTED&NOT_VCN_MANAGED Uid: 10113 RequestorUid: 10113 RequestorPkg: com.google.android.googlequicksearchbox UnderlyingNetworks: Null] ] applied true
02-21 08:10:27.470  2663  2663 D TelephonyNetworkFactory[1]: onReleaseNetworkFor NetworkRequest [ REQUEST id=126, [ Capabilities: INTERNET&NOT_RESTRICTED&TRUSTED&NOT_VCN_MANAGED Uid: 10106 RequestorUid: 1000 RequestorPkg: android UnderlyingNetworks: Null] ] applied true
02-21 08:10:27.470  2663  2663 D TelephonyNetworkFactory[1]: onReleaseNetworkFor NetworkRequest [ REQUEST id=178, [ Capabilities: INTERNET&NOT_RESTRICTED&TRUSTED&NOT_VCN_MANAGED Uid: 10131 RequestorUid: 1000 RequestorPkg: android UnderlyingNetworks: Null] ] applied true
02-21 08:10:27.470  2663  2663 D TelephonyNetworkFactory[1]: onReleaseNetworkFor NetworkRequest [ REQUEST id=43, [ Capabilities: INTERNET&NOT_RESTRICTED&TRUSTED&NOT_VCN_MANAGED Uid: 10112 RequestorUid: 1000 RequestorPkg: android UnderlyingNetworks: Null] ] applied true
02-21 08:10:27.470  2663  2663 D TelephonyNetworkFactory[1]: onReleaseNetworkFor NetworkRequest [ REQUEST id=17, [ Capabilities: INTERNET&NOT_RESTRICTED&TRUSTED&NOT_VCN_MANAGED Uid: 10202 RequestorUid: 1000 RequestorPkg: android UnderlyingNetworks: Null] ] applied true
02-21 08:10:27.470  2663  2663 D TelephonyNetworkFactory[1]: onReleaseNetworkFor NetworkRequest [ REQUEST id=23, [ Capabilities: INTERNET&NOT_RESTRICTED&TRUSTED&NOT_VCN_MANAGED Uid: 10196 RequestorUid: 1000 RequestorPkg: android UnderlyingNetworks: Null] ] applied true
02-21 08:10:27.470  2663  2663 D TelephonyNetworkFactory[1]: onReleaseNetworkFor NetworkRequest [ REQUEST id=1929, [ Capabilities: INTERNET&NOT_RESTRICTED&TRUSTED&NOT_VCN_MANAGED Uid: 10189 RequestorUid: 10189 RequestorPkg: com.google.android.youtube UnderlyingNetworks: Null] ] applied true
02-21 08:10:27.470  2663  2663 D TelephonyNetworkFactory[1]: onReleaseNetworkFor NetworkRequest [ REQUEST id=206, [ Capabilities: INTERNET&NOT_RESTRICTED&TRUSTED&NOT_VCN_MANAGED Uid: 10189 RequestorUid: 1000 RequestorPkg: android UnderlyingNetworks: Null] ] applied true
02-21 08:10:27.470  2663  2663 D TelephonyNetworkFactory[1]: onReleaseNetworkFor NetworkRequest [ REQUEST id=55, [ Capabilities: INTERNET&NOT_RESTRICTED&TRUSTED&NOT_VCN_MANAGED Uid: 10022 RequestorUid: 1000 RequestorPkg: android UnderlyingNetworks: Null] ] applied true
02-21 08:10:27.470  2663  2663 D TelephonyNetworkFactory[1]: onReleaseNetworkFor NetworkRequest [ REQUEST id=136, [ Capabilities: INTERNET&NOT_RESTRICTED&TRUSTED&NOT_VCN_MANAGED Uid: 10178 RequestorUid: 1000 RequestorPkg: android UnderlyingNetworks: Null] ] applied true
02-21 08:10:27.470  2663  2663 D TelephonyNetworkFactory[1]: onReleaseNetworkFor NetworkRequest [ REQUEST id=1949, [ Capabilities: INTERNET&NOT_RESTRICTED&TRUSTED&NOT_VCN_MANAGED Uid: 1000 RequestorUid: 1000 RequestorPkg: com.android.settings UnderlyingNetworks: Null] ] applied true
