02-21 08:10:27.444  2663  2663 D TelephonyNetworkFactory[0]: onReleaseNetworkFor NetworkRequest [ REQUEST id=1933, [ Capabilities: INTERNET&NOT_RESTRICTED&TRUSTED&NOT_VCN_MANAGED Uid: 10189 RequestorUid: 10189 RequestorPkg: com.google.android.youtube UnderlyingNetworks: Null] ] applied false
02-21 08:10:27.444  2663  2663 D TelephonyNetworkFactory[0]: onReleaseNetworkFor NetworkRequest [ REQUEST id=84, [ Capabilities: INTERNET&NOT_RESTRICTED&TRUSTED&NOT_VCN_MANAGED Uid: 10263 RequestorUid: 10263 RequestorPkg: com.qualcomm.qti.cne UnderlyingNetworks: Null] ] applied false
02-21 08:10:27.444  2663  2663 D TelephonyNetworkFactory[0]: onReleaseNetworkFor NetworkRequest [ REQUEST id=1854, [ Capabilities: INTERNET&NOT_RESTRICTED&TRUSTED&NOT_VCN_MANAGED Uid: 10113 RequestorUid: 10113 RequestorPkg: com.google.android.googlequicksearchbox UnderlyingNetworks: Null] ] applied false
02-21 08:10:27.444  2663  2663 D TelephonyNetworkFactory[0]: onReleaseNetworkFor NetworkRequest [ REQUEST id=15, [ Capabilities: INTERNET&NOT_RESTRICTED&TRUSTED&NOT_VCN_MANAGED Uid: 10272 RequestorUid: 1000 RequestorPkg: android UnderlyingNetworks: Null] ] applied false
02-21 08:10:27.444  2663  2663 D TelephonyNetworkFactory[0]: onReleaseNetworkFor NetworkRequest [ REQUEST id=27, [ Capabilities: INTERNET&NOT_RESTRICTED&TRUSTED&NOT_VCN_MANAGED Uid: 10186 RequestorUid: 1000 RequestorPkg: android UnderlyingNetworks: Null] ] applied false
02-21 08:10:27.444  2663  2663 D TelephonyNetworkFactory[0]: onReleaseNetworkFor NetworkRequest [ REQUEST id=35, [ Capabilities: INTERNET&NOT_RESTRICTED&TRUSTED&NOT_VCN_MANAGED Uid: 10137 RequestorUid: 1000 RequestorPkg: android UnderlyingNetworks: Null] ] applied false
02-21 08:10:27.444  2663  2663 D TelephonyNetworkFactory[0]: onReleaseNetworkFor NetworkRequest [ REQUEST id=1825, [ Capabilities: INTERNET&NOT_RESTRICTED&TRUSTED&NOT_VCN_MANAGED Uid: 10145 RequestorUid: 10145 RequestorPkg: com.google.android.gms UnderlyingNetworks: Null] ] applied false
02-21 08:10:27.445  2663  2663 D TelephonyNetworkFactory[0]: onReleaseNetworkFor NetworkRequest [ REQUEST id=70, [ Capabilities: INTERNET&NOT_RESTRICTED&TRUSTED&NOT_VCN_MANAGED Uid: 10157 RequestorUid: 10157 RequestorPkg: com.android.systemui UnderlyingNetworks: Null] ] applied false
02-21 08:10:27.445  2663  2663 D TelephonyNetworkFactory[0]: onReleaseNetworkFor NetworkRequest [ REQUEST id=146, [ Capabilities: INTERNET&NOT_RESTRICTED&TRUSTED&NOT_VCN_MANAGED Uid: 10234 RequestorUid: 1000 RequestorPkg: android UnderlyingNetworks: Null] ] applied false
02-21 08:10:27.454  2663  2663 D TelephonyNetworkFactory[0]: onReleaseNetworkFor NetworkRequest [ REQUEST id=1495, [ Capabilities: INTERNET&NOT_RESTRICTED&TRUSTED&NOT_VCN_MANAGED Uid: 10177 RequestorUid: 1000 RequestorPkg: android UnderlyingNetworks: Null] ] applied false
02-21 08:10:27.455  2663  2663 D TelephonyNetworkFactory[0]: onReleaseNetworkFor NetworkRequest [ REQUEST id=59, [ Capabilities: INTERNET&NOT_RESTRICTED&TRUSTED&NOT_VCN_MANAGED Uid: 10019 RequestorUid: 1000 RequestorPkg: android UnderlyingNetworks: Null] ] applied false
02-21 08:10:27.455  2663  2663 D TelephonyNetworkFactory[0]: onReleaseNetworkFor NetworkRequest [ REQUEST id=1806, [ Capabilities: INTERNET&NOT_RESTRICTED&TRUSTED&NOT_VCN_MANAGED Uid: 10201 RequestorUid: 10201 RequestorPkg: com.google.android.apps.maps UnderlyingNetworks: Null] ] applied false
02-21 08:10:27.455  2663  2663 D TelephonyNetworkFactory[0]: onReleaseNetworkFor NetworkRequest [ REQUEST id=1306, [ Capabilities: INTERNET&NOT_RESTRICTED&TRUSTED&NOT_VCN_MANAGED Uid: 10178 RequestorUid: 10178 RequestorPkg: com.google.android.apps.messaging UnderlyingNetworks: Null] ] applied false
02-21 08:10:27.455  2663  2663 D TelephonyNetworkFactory[0]: onReleaseNetworkFor NetworkRequest [ REQUEST id=1, [ Capabilities: INTERNET&NOT_RESTRICTED&TRUSTED&NOT_VPN&NOT_VCN_MANAGED RequestorUid: 1000 RequestorPkg: android UnderlyingNetworks: Null] ] applied false
02-21 08:10:27.455  2663  2663 D TelephonyNetworkFactory[0]: onReleaseNetworkFor NetworkRequest [ REQUEST id=225, [ Capabilities: INTERNET&NOT_RESTRICTED&TRUSTED&NOT_VCN_MANAGED Uid: 10021 RequestorUid: 1000 RequestorPkg: android UnderlyingNetworks: Null] ] applied false
02-21 08:10:27.455  2663  2663 D TelephonyNetworkFactory[0]: onReleaseNetworkFor NetworkRequest [ REQUEST id=1303, [ Capabilities: INTERNET&NOT_RESTRICTED&TRUSTED&NOT_VCN_MANAGED Uid: 10178 RequestorUid: 10178 RequestorPkg: com.google.android.apps.messaging UnderlyingNetworks: Null] ] applied false
02-21 08:10:27.455  2663  2663 D TelephonyNetworkFactory[0]: onReleaseNetworkFor NetworkRequest [ REQUEST id=1938, [ Capabilities: INTERNET&NOT_RESTRICTED&TRUSTED&NOT_VCN_MANAGED Uid: 10178 RequestorUid: 10178 RequestorPkg: com.google.android.apps.messaging UnderlyingNetworks: Null] ] applied false
02-21 08:10:27.455  2663  2663 D TelephonyNetworkFactory[0]: onReleaseNetworkFor NetworkRequest [ REQUEST id=158, [ Capabilities: INTERNET&NOT_RESTRICTED&TRUSTED&NOT_VCN_MANAGED Uid: 10149 RequestorUid: 1000 RequestorPkg: android UnderlyingNetworks: Null] ] applied false
02-21 08:10:27.455  2663  2663 D TelephonyNetworkFactory[0]: onReleaseNetworkFor NetworkRequest [ REQUEST id=25, [ Capabilities: INTERNET&NOT_RESTRICTED&TRUSTED&NOT_VCN_MANAGED Uid: 10187 RequestorUid: 1000 RequestorPkg: android UnderlyingNetworks: Null] ] applied false
02-21 08:10:27.455  2663  2663 D TelephonyNetworkFactory[0]: onReleaseNetworkFor NetworkRequest [ REQUEST id=185, [ Capabilities: INTERNET&NOT_RESTRICTED&TRUSTED&NOT_VCN_MANAGED Uid: 10268 RequestorUid: 1000 RequestorPkg: android UnderlyingNetworks: Null] ] applied false
02-21 08:10:27.455  2663  2663 D TelephonyNetworkFactory[0]: onReleaseNetworkFor NetworkRequest [ REQUEST id=61, [ Capabilities: INTERNET&NOT_RESTRICTED&TRUSTED&NOT_VCN_MANAGED Uid: 1000 RequestorUid: 1000 RequestorPkg: android UnderlyingNetworks: Null] ] applied false
02-21 08:10:27.455  2663  2663 D TelephonyNetworkFactory[0]: onReleaseNetworkFor NetworkRequest [ REQUEST id=103, [ Capabilities: INTERNET&NOT_RESTRICTED&TRUSTED&NOT_VCN_MANAGED Uid: 10150 RequestorUid: 1000 RequestorPkg: android UnderlyingNetworks: Null] ] applied false
02-21 08:10:27.455  2663  2663 D TelephonyNetworkFactory[0]: onReleaseNetworkFor NetworkRequest [ REQUEST id=651, [ Capabilities: INTERNET&NOT_RESTRICTED&TRUSTED&NOT_VCN_MANAGED Uid: 10178 RequestorUid: 10178 RequestorPkg: com.google.android.apps.messaging UnderlyingNetworks: Null] ] applied false
02-21 08:10:27.455  2663  2663 D TelephonyNetworkFactory[0]: onReleaseNetworkFor NetworkRequest [ REQUEST id=19, [ Capabilities: INTERNET&NOT_RESTRICTED&TRUSTED&NOT_VCN_MANAGED Uid: 10201 RequestorUid: 1000 RequestorPkg: android UnderlyingNetworks: Null] ] applied false
02-21 08:10:27.456  2663  2663 D TelephonyNetworkFactory[0]: onReleaseNetworkFor NetworkRequest [ REQUEST id=63, [ Capabilities: INTERNET&NOT_RESTRICTED&TRUSTED&NOT_VCN_MANAGED Uid: 1073 RequestorUid: 1073 RequestorPkg: com.google.android.networkstack UnderlyingNetworks: Null] ] applied false
02-21 08:10:27.456  2663  2663 D TelephonyNetworkFactory[0]: onReleaseNetworkFor NetworkRequest [ REQUEST id=41, [ Capabilities: INTERNET&NOT_RESTRICTED&TRUSTED&NOT_VCN_MANAGED Uid: 10113 RequestorUid: 1000 RequestorPkg: android UnderlyingNetworks: Null] ] applied false
02-21 08:10:27.456  2663  2663 D TelephonyNetworkFactory[0]: onReleaseNetworkFor NetworkRequest [ REQUEST id=1926, [ Capabilities: INTERNET&NOT_RESTRICTED&TRUSTED&NOT_VCN_MANAGED Uid: 10189 RequestorUid: 10189 RequestorPkg: com.google.android.youtube UnderlyingNetworks: Null] ] applied false
02-21 08:10:27.456  2663  2663 D TelephonyNetworkFactory[0]: onReleaseNetworkFor NetworkRequest [ REQUEST id=1931, [ Capabilities: INTERNET&NOT_RESTRICTED&TRUSTED&NOT_VCN_MANAGED Uid: 10189 RequestorUid: 10189 RequestorPkg: com.google.android.youtube UnderlyingNetworks: Null] ] applied false
02-21 08:10:27.459  2663  2663 D TelephonyNetworkFactory[0]: onReleaseNetworkFor NetworkRequest [ REQUEST id=45, [ Capabilities: INTERNET&NOT_RESTRICTED&TRUSTED&NOT_VCN_MANAGED Uid: 10035 RequestorUid: 1000 RequestorPkg: android UnderlyingNetworks: Null] ] applied false
02-21 08:10:27.459  2663  2663 D TelephonyNetworkFactory[0]: onReleaseNetworkFor NetworkRequest [ REQUEST id=282, [ Capabilities: INTERNET&NOT_RESTRICTED&TRUSTED&NOT_VCN_MANAGED Uid: 10164 RequestorUid: 1000 RequestorPkg: android UnderlyingNetworks: Null] ] applied false
02-21 08:10:27.459  2663  2663 D TelephonyNetworkFactory[0]: onReleaseNetworkFor NetworkRequest [ REQUEST id=7, [ Capabilities: INTERNET&NOT_RESTRICTED&TRUSTED&NOT_VCN_MANAGED Uid: 1000 RequestorUid: 1000 RequestorPkg: android UnderlyingNetworks: Null] ] applied false
02-21 08:10:27.459  2663  2663 D TelephonyNetworkFactory[0]: onReleaseNetworkFor NetworkRequest [ REQUEST id=68, [ Capabilities: INTERNET&NOT_RESTRICTED&TRUSTED&NOT_VCN_MANAGED Uid: 10157 RequestorUid: 10157 RequestorPkg: com.android.systemui UnderlyingNetworks: Null] ] applied false
02-21 08:10:27.459  2663  2663 D TelephonyNetworkFactory[0]: onReleaseNetworkFor NetworkRequest [ REQUEST id=1856, [ Capabilities: INTERNET&NOT_RESTRICTED&TRUSTED&NOT_VCN_MANAGED Uid: 10113 RequestorUid: 10113 RequestorPkg: com.google.android.googlequicksearchbox UnderlyingNetworks: Null] ] applied false
02-21 08:10:27.459  2663  2663 D TelephonyNetworkFactory[0]: onReleaseNetworkFor NetworkRequest [ REQUEST id=126, [ Capabilities: INTERNET&NOT_RESTRICTED&TRUSTED&NOT_VCN_MANAGED Uid: 10106 RequestorUid: 1000 RequestorPkg: android UnderlyingNetworks: Null] ] applied false
02-21 08:10:27.459  2663  2663 D TelephonyNetworkFactory[0]: onReleaseNetworkFor NetworkRequest [ REQUEST id=178, [ Capabilities: INTERNET&NOT_RESTRICTED&TRUSTED&NOT_VCN_MANAGED Uid: 10131 RequestorUid: 1000 RequestorPkg: android UnderlyingNetworks: Null] ] applied false
02-21 08:10:27.459  2663  2663 D TelephonyNetworkFactory[0]: onReleaseNetworkFor NetworkRequest [ REQUEST id=43, [ Capabilities: INTERNET&NOT_RESTRICTED&TRUSTED&NOT_VCN_MANAGED Uid: 10112 RequestorUid: 1000 RequestorPkg: android UnderlyingNetworks: Null] ] applied false
02-21 08:10:27.459  2663  2663 D TelephonyNetworkFactory[0]: onReleaseNetworkFor NetworkRequest [ REQUEST id=17, [ Capabilities: INTERNET&NOT_RESTRICTED&TRUSTED&NOT_VCN_MANAGED Uid: 10202 RequestorUid: 1000 RequestorPkg: android UnderlyingNetworks: Null] ] applied false
02-21 08:10:27.459  2663  2663 D TelephonyNetworkFactory[0]: onReleaseNetworkFor NetworkRequest [ REQUEST id=23, [ Capabilities: INTERNET&NOT_RESTRICTED&TRUSTED&NOT_VCN_MANAGED Uid: 10196 RequestorUid: 1000 RequestorPkg: android UnderlyingNetworks: Null] ] applied false
02-21 08:10:27.459  2663  2663 D TelephonyNetworkFactory[0]: onReleaseNetworkFor NetworkRequest [ REQUEST id=1929, [ Capabilities: INTERNET&NOT_RESTRICTED&TRUSTED&NOT_VCN_MANAGED Uid: 10189 RequestorUid: 10189 RequestorPkg: com.google.android.youtube UnderlyingNetworks: Null] ] applied false
02-21 08:10:27.459  2663  2663 D TelephonyNetworkFactory[0]: onReleaseNetworkFor NetworkRequest [ REQUEST id=206, [ Capabilities: INTERNET&NOT_RESTRICTED&TRUSTED&NOT_VCN_MANAGED Uid: 10189 RequestorUid: 1000 RequestorPkg: android UnderlyingNetworks: Null] ] applied false
02-21 08:10:27.459  2663  2663 D TelephonyNetworkFactory[0]: onReleaseNetworkFor NetworkRequest [ REQUEST id=55, [ Capabilities: INTERNET&NOT_RESTRICTED&TRUSTED&NOT_VCN_MANAGED Uid: 10022 RequestorUid: 1000 RequestorPkg: android UnderlyingNetworks: Null] ] applied false
02-21 08:10:27.459  2663  2663 D TelephonyNetworkFactory[0]: onReleaseNetworkFor NetworkRequest [ REQUEST id=136, [ Capabilities: INTERNET&NOT_RESTRICTED&TRUSTED&NOT_VCN_MANAGED Uid: 10178 RequestorUid: 1000 RequestorPkg: android UnderlyingNetworks: Null] ] applied false
02-21 08:10:27.459  2663  2663 D TelephonyNetworkFactory[0]: onReleaseNetworkFor NetworkRequest [ REQUEST id=1949, [ Capabilities: INTERNET&NOT_RESTRICTED&TRUSTED&NOT_VCN_MANAGED Uid: 1000 RequestorUid: 1000 RequestorPkg: com.android.settings UnderlyingNetworks: Null] ] applied false
02-21 08:10:27.459  2663  2663 D TelephonyNetworkFactory[0]: onReleaseNetworkFor NetworkRequest [ REQUEST id=1935, [ Capabilities: INTERNET&NOT_RESTRICTED&TRUSTED&NOT_VCN_MANAGED Uid: 10201 RequestorUid: 10201 RequestorPkg: com.google.android.apps.maps UnderlyingNetworks: Null] ] applied false
02-21 08:10:27.459  2663  2663 D TelephonyNetworkFactory[0]: onReleaseNetworkFor NetworkRequest [ REQUEST id=1770, [ Capabilities: INTERNET&NOT_RESTRICTED&TRUSTED&NOT_VCN_MANAGED Uid: 10145 RequestorUid: 10145 RequestorPkg: com.google.android.gms UnderlyingNetworks: Null] ] applied false
02-21 08:10:27.459  2663  2663 D TelephonyNetworkFactory[0]: onReleaseNetworkFor NetworkRequest [ REQUEST id=33, [ Capabilities: INTERNET&NOT_RESTRICTED&TRUSTED&NOT_VCN_MANAGED Uid: 10167 RequestorUid: 1000 RequestorPkg: android UnderlyingNetworks: Null] ] applied false
02-21 08:10:27.459  2663  2663 D TelephonyNetworkFactory[0]: onReleaseNetworkFor NetworkRequest [ REQUEST id=195, [ Capabilities: INTERNET&NOT_RESTRICTED&TRUSTED&NOT_VCN_MANAGED Uid: 10146 RequestorUid: 1000 RequestorPkg: android UnderlyingNetworks: Null] ] applied false
02-21 08:10:27.459  2663  2663 D TelephonyNetworkFactory[0]: onReleaseNetworkFor NetworkRequest [ REQUEST id=1886, [ Capabilities: INTERNET&NOT_RESTRICTED&TRUSTED&NOT_VCN_MANAGED Uid: 10113 RequestorUid: 10113 RequestorPkg: com.google.android.googlequicksearchbox UnderlyingNetworks: Null] ] applied false
02-21 08:10:27.460  2663  2663 D TelephonyNetworkFactory[0]: onReleaseNetworkFor NetworkRequest [ REQUEST id=1924, [ Capabilities: INTERNET&NOT_RESTRICTED&TRUSTED&NOT_VCN_MANAGED Uid: 10189 RequestorUid: 10189 RequestorPkg: com.google.android.youtube UnderlyingNetworks: Null] ] applied false
02-21 08:10:27.460  2663  2663 D TelephonyNetworkFactory[0]: onReleaseNetworkFor NetworkRequest [ REQUEST id=82, [ Capabilities: INTERNET&NOT_RESTRICTED&TRUSTED&NOT_VCN_MANAGED Uid: 10130 RequestorUid: 10130 RequestorPkg: com.google.android.apps.scone UnderlyingNetworks: Null] ] applied false
02-21 08:10:27.460  2663  2663 D TelephonyNetworkFactory[0]: onReleaseNetworkFor NetworkRequest [ REQUEST id=119, [ Capabilities: INTERNET&NOT_RESTRICTED&TRUSTED&NOT_VCN_MANAGED Uid: 10071 RequestorUid: 1000 RequestorPkg: android UnderlyingNetworks: Null] ] applied false
02-21 08:10:27.460  2663  2663 D TelephonyNetworkFactory[0]: onReleaseNetworkFor NetworkRequest [ REQUEST id=1858, [ Capabilities: INTERNET&NOT_RESTRICTED&TRUSTED&NOT_VCN_MANAGED Uid: 10113 RequestorUid: 10113 RequestorPkg: com.google.android.googlequicksearchbox UnderlyingNetworks: Null] ] applied false
02-21 08:10:27.460  2663  2663 D TelephonyNetworkFactory[0]: onReleaseNetworkFor NetworkRequest [ REQUEST id=1940, [ Capabilities: INTERNET&NOT_RESTRICTED&TRUSTED&NOT_VCN_MANAGED Uid: 10121 RequestorUid: 10121 RequestorPkg: com.android.vending UnderlyingNetworks: Null] ] applied false
02-21 08:10:27.460  2663  2663 D TelephonyNetworkFactory[0]: onReleaseNetworkFor NetworkRequest [ REQUEST id=39, [ Capabilities: INTERNET&NOT_RESTRICTED&TRUSTED&NOT_VCN_MANAGED Uid: 10121 RequestorUid: 1000 RequestorPkg: android UnderlyingNetworks: Null] ] applied false
02-21 08:10:27.460  2663  2663 D TelephonyNetworkFactory[0]: onReleaseNetworkFor NetworkRequest [ REQUEST id=49, [ Capabilities: INTERNET&NOT_RESTRICTED&TRUSTED&NOT_VCN_MANAGED Uid: 10033 RequestorUid: 1000 RequestorPkg: android UnderlyingNetworks: Null] ] applied false
02-21 08:10:27.460  2663  2663 D TelephonyNetworkFactory[0]: onReleaseNetworkFor NetworkRequest [ REQUEST id=21, [ Capabilities: INTERNET&NOT_RESTRICTED&TRUSTED&NOT_VCN_MANAGED Uid: 10200 RequestorUid: 1000 RequestorPkg: android UnderlyingNetworks: Null] ] applied false
02-21 08:10:27.460  2663  2663 D TelephonyNetworkFactory[0]: onReleaseNetworkFor NetworkRequest [ REQUEST id=644, [ Capabilities: INTERNET&NOT_RESTRICTED&TRUSTED&NOT_VCN_MANAGED Uid: 10178 RequestorUid: 10178 RequestorPkg: com.google.android.apps.messaging UnderlyingNetworks: Null] ] applied false
02-21 08:10:27.460  2663  2663 D TelephonyNetworkFactory[0]: onReleaseNetworkFor NetworkRequest [ REQUEST id=160, [ Capabilities: INTERNET&NOT_RESTRICTED&TRUSTED&NOT_VCN_MANAGED Uid: 10190 RequestorUid: 1000 RequestorPkg: android UnderlyingNetworks: Null] ] applied false
02-21 08:10:27.460  2663  2663 D TelephonyNetworkFactory[0]: onReleaseNetworkFor NetworkRequest [ REQUEST id=753, [ Capabilities: INTERNET&NOT_RESTRICTED&TRUSTED&NOT_VCN_MANAGED Uid: 10150 RequestorUid: 10150 RequestorPkg: com.google.android.ims UnderlyingNetworks: Null] ] applied false
02-21 08:10:27.460  2663  2663 D TelephonyNetworkFactory[0]: onReleaseNetworkFor NetworkRequest [ REQUEST id=53, [ Capabilities: INTERNET&NOT_RESTRICTED&TRUSTED&NOT_VCN_MANAGED Uid: 10026 RequestorUid: 1000 RequestorPkg: android UnderlyingNetworks: Null] ] applied false
02-21 08:10:27.460  2663  2663 D TelephonyNetworkFactory[0]: onReleaseNetworkFor NetworkRequest [ REQUEST id=114, [ Capabilities: INTERNET&NOT_RESTRICTED&TRUSTED&NOT_VCN_MANAGED Uid: 10270 RequestorUid: 1000 RequestorPkg: android UnderlyingNetworks: Null] ] applied false
02-21 08:10:27.460  2663  2663 D TelephonyNetworkFactory[0]: onReleaseNetworkFor NetworkRequest [ REQUEST id=1799, [ Capabilities: INTERNET&NOT_RESTRICTED&TRUSTED&NOT_VCN_MANAGED Uid: 10201 RequestorUid: 10201 RequestorPkg: com.google.android.apps.maps UnderlyingNetworks: Null] ] applied false
02-21 08:10:27.460  2663  2663 D TelephonyNetworkFactory[0]: onReleaseNetworkFor NetworkRequest [ REQUEST id=107, [ Capabilities: INTERNET&NOT_RESTRICTED&TRUSTED&NOT_VCN_MANAGED Uid: 10126 RequestorUid: 1000 RequestorPkg: android UnderlyingNetworks: Null] ] applied false
02-21 08:10:27.460  2663  2663 D TelephonyNetworkFactory[0]: onReleaseNetworkFor NetworkRequest [ REQUEST id=870, [ Capabilities: INTERNET&NOT_RESTRICTED&TRUSTED&NOT_VCN_MANAGED Uid: 10109 RequestorUid: 1000 RequestorPkg: android UnderlyingNetworks: Null] ] applied false
02-21 08:10:27.460  2663  2663 D TelephonyNetworkFactory[0]: onReleaseNetworkFor NetworkRequest [ REQUEST id=1872, [ Capabilities: INTERNET&NOT_RESTRICTED&TRUSTED&NOT_VCN_MANAGED Uid: 10196 RequestorUid: 10196 RequestorPkg: com.android.chrome UnderlyingNetworks: Null] ] applied false
02-21 08:10:27.460  2663  2663 D TelephonyNetworkFactory[0]: onReleaseNetworkFor NetworkRequest [ REQUEST id=89, [ Capabilities: INTERNET&NOT_RESTRICTED&TRUSTED&NOT_VCN_MANAGED Uid: 1000 RequestorUid: 1000 RequestorPkg: android UnderlyingNetworks: Null] ] applied false
02-21 08:10:27.460  2663  2663 D TelephonyNetworkFactory[0]: onReleaseNetworkFor NetworkRequest [ REQUEST id=1242, [ Capabilities: INTERNET&NOT_RESTRICTED&TRUSTED&NOT_VCN_MANAGED Uid: 10121 RequestorUid: 10121 RequestorPkg: com.android.vending UnderlyingNetworks: Null] ] applied false
02-21 08:10:27.460  2663  2663 D TelephonyNetworkFactory[0]: onReleaseNetworkFor NetworkRequest [ REQUEST id=1823, [ Capabilities: INTERNET&NOT_RESTRICTED&TRUSTED&NOT_VCN_MANAGED Uid: 10145 RequestorUid: 10145 RequestorPkg: com.google.android.gms UnderlyingNetworks: Null] ] applied false
02-21 08:10:27.460  2663  2663 D TelephonyNetworkFactory[0]: onReleaseNetworkFor NetworkRequest [ REQUEST id=31, [ Capabilities: INTERNET&NOT_RESTRICTED&TRUSTED&NOT_VCN_MANAGED Uid: 10172 RequestorUid: 1000 RequestorPkg: android UnderlyingNetworks: Null] ] applied false
02-21 08:10:27.461  2663  2663 D TelephonyNetworkFactory[0]: onReleaseNetworkFor NetworkRequest [ REQUEST id=1756, [ Capabilities: INTERNET&NOT_RESTRICTED&TRUSTED&NOT_VCN_MANAGED Uid: 10145 RequestorUid: 10145 RequestorPkg: com.google.android.gms UnderlyingNetworks: Null] ] applied false
02-21 08:10:27.461  2663  2663 D TelephonyNetworkFactory[0]: onReleaseNetworkFor NetworkRequest [ REQUEST id=37, [ Capabilities: INTERNET&NOT_RESTRICTED&TRUSTED&NOT_VCN_MANAGED Uid: 10129 RequestorUid: 1000 RequestorPkg: android UnderlyingNetworks: Null] ] applied false
02-21 08:10:27.461  2663  2663 D TelephonyNetworkFactory[0]: onReleaseNetworkFor NetworkRequest [ REQUEST id=191, [ Capabilities: INTERNET&NOT_RESTRICTED&TRUSTED&NOT_VCN_MANAGED Uid: 10165 RequestorUid: 1000 RequestorPkg: android UnderlyingNetworks: Null] ] applied false
02-21 08:10:27.461  2663  2663 D TelephonyNetworkFactory[1]: onReleaseNetworkFor NetworkRequest [ REQUEST id=57, [ Capabilities: INTERNET&NOT_RESTRICTED&TRUSTED&NOT_VCN_MANAGED Uid: 10145 RequestorUid: 1000 RequestorPkg: android UnderlyingNetworks: Null] ] applied true
02-21 08:10:27.461  2663  2663 D TelephonyNetworkFactory[1]: onReleaseNetworkFor NetworkRequest [ REQUEST id=170, [ Capabilities: INTERNET&NOT_RESTRICTED&TRUSTED&NOT_VCN_MANAGED Uid: 10194 RequestorUid: 1000 RequestorPkg: android UnderlyingNetworks: Null] ] applied true
02-21 08:10:27.461  2663  2663 D TelephonyNetworkFactory[1]: onReleaseNetworkFor NetworkRequest [ REQUEST id=180, [ Capabilities: INTERNET&NOT_RESTRICTED&TRUSTED&NOT_VCN_MANAGED Uid: 10176 RequestorUid: 1000 RequestorPkg: android UnderlyingNetworks: Null] ] applied true
02-21 08:10:27.461  2663  2663 D TelephonyNetworkFactory[1]: onReleaseNetworkFor NetworkRequest [ REQUEST id=213, [ Capabilities: INTERNET&NOT_RESTRICTED&TRUSTED&NOT_VCN_MANAGED Uid: 10205 RequestorUid: 1000 RequestorPkg: android UnderlyingNetworks: Null] ] applied true
02-21 08:10:27.461  2663  2663 D TelephonyNetworkFactory[1]: onReleaseNetworkFor NetworkRequest [ REQUEST id=74, [ Capabilities: INTERNET&NOT_RESTRICTED&TRUSTED&NOT_VCN_MANAGED Uid: 1001 RequestorUid: 1001 RequestorPkg: com.android.phone UnderlyingNetworks: Null] ] applied true
02-21 08:10:27.461  2663  2663 D TelephonyNetworkFactory[1]: onReleaseNetworkFor NetworkRequest [ REQUEST id=47, [ Capabilities: INTERNET&NOT_RESTRICTED&TRUSTED&NOT_VCN_MANAGED Uid: 10034 RequestorUid: 1000 RequestorPkg: android UnderlyingNetworks: Null] ] applied true
02-21 08:10:27.461  2663  2663 D TelephonyNetworkFactory[1]: onReleaseNetworkFor NetworkRequest [ REQUEST id=435, [ Capabilities: INTERNET&NOT_RESTRICTED&TRUSTED&NOT_VCN_MANAGED Uid: 10162 RequestorUid: 1000 RequestorPkg: android UnderlyingNetworks: Null] ] applied true
02-21 08:10:27.461  2663  2663 D TelephonyNetworkFactory[1]: onReleaseNetworkFor NetworkRequest [ REQUEST id=1877, [ Capabilities: INTERNET&NOT_RESTRICTED&TRUSTED&NOT_VCN_MANAGED Uid: 10196 RequestorUid: 10196 RequestorPkg: com.android.chrome UnderlyingNetworks: Null] ] applied true
02-21 08:10:27.462  2663  2663 D TelephonyNetworkFactory[1]: onReleaseNetworkFor NetworkRequest [ REQUEST id=29, [ Capabilities: INTERNET&NOT_RESTRICTED&TRUSTED&NOT_VCN_MANAGED Uid: 10173 RequestorUid: 1000 RequestorPkg: android UnderlyingNetworks: Null] ] applied true
02-21 08:10:27.462  2663  2663 D TelephonyNetworkFactory[1]: onReleaseNetworkFor NetworkRequest [ REQUEST id=51, [ Capabilities: INTERNET&NOT_RESTRICTED&TRUSTED&NOT_VCN_MANAGED Uid: 10030 RequestorUid: 1000 RequestorPkg: android UnderlyingNetworks: Null] ] applied true
02-21 08:10:27.462  2663  2663 D TelephonyNetworkFactory[1]: onReleaseNetworkFor NetworkRequest [ REQUEST id=77, [ Capabilities: INTERNET&NOT_RESTRICTED&TRUSTED&NOT_VCN_MANAGED Uid: 1001 RequestorUid: 1001 RequestorPkg: com.android.phone UnderlyingNetworks: Null] ] applied true
02-21 08:10:27.462  2663  2663 D TelephonyNetworkFactory[1]: onReleaseNetworkFor NetworkRequest [ REQUEST id=1933, [ Capabilities: INTERNET&NOT_RESTRICTED&TRUSTED&NOT_VCN_MANAGED Uid: 10189 RequestorUid: 10189 RequestorPkg: com.google.android.youtube UnderlyingNetworks: Null] ] applied true
02-21 08:10:27.462  2663  2663 D TelephonyNetworkFactory[1]: onReleaseNetworkFor NetworkRequest [ REQUEST id=84, [ Capabilities: INTERNET&NOT_RESTRICTED&TRUSTED&NOT_VCN_MANAGED Uid: 10263 RequestorUid: 10263 RequestorPkg: com.qualcomm.qti.cne UnderlyingNetworks: Null] ] applied true
02-21 08:10:27.462  2663  2663 D TelephonyNetworkFactory[1]: onReleaseNetworkFor NetworkRequest [ REQUEST id=1854, [ Capabilities: INTERNET&NOT_RESTRICTED&TRUSTED&NOT_VCN_MANAGED Uid: 10113 RequestorUid: 10113 RequestorPkg: com.google.android.googlequicksearchbox UnderlyingNetworks: Null] ] applied true
02-21 08:10:27.462  2663  2663 D TelephonyNetworkFactory[1]: onReleaseNetworkFor NetworkRequest [ REQUEST id=15, [ Capabilities: INTERNET&NOT_RESTRICTED&TRUSTED&NOT_VCN_MANAGED Uid: 10272 RequestorUid: 1000 RequestorPkg: android UnderlyingNetworks: Null] ] applied true
02-21 08:10:27.462  2663  2663 D TelephonyNetworkFactory[1]: onReleaseNetworkFor NetworkRequest [ REQUEST id=27, [ Capabilities: INTERNET&NOT_RESTRICTED&TRUSTED&NOT_VCN_MANAGED Uid: 10186 RequestorUid: 1000 RequestorPkg: android UnderlyingNetworks: Null] ] applied true
02-21 08:10:27.462  2663  2663 D TelephonyNetworkFactory[1]: onReleaseNetworkFor NetworkRequest [ REQUEST id=35, [ Capabilities: INTERNET&NOT_RESTRICTED&TRUSTED&NOT_VCN_MANAGED Uid: 10137 RequestorUid: 1000 RequestorPkg: android UnderlyingNetworks: Null] ] applied true
02-21 08:10:27.462  2663  2663 D TelephonyNetworkFactory[1]: onReleaseNetworkFor NetworkRequest [ REQUEST id=1825, [ Capabilities: INTERNET&NOT_RESTRICTED&TRUSTED&NOT_VCN_MANAGED Uid: 10145 RequestorUid: 10145 RequestorPkg: com.google.android.gms UnderlyingNetworks: Null] ] applied true
02-21 08:10:27.462  2663  2663 D TelephonyNetworkFactory[1]: onReleaseNetworkFor NetworkRequest [ REQUEST id=70, [ Capabilities: INTERNET&NOT_RESTRICTED&TRUSTED&NOT_VCN_MANAGED Uid: 10157 RequestorUid: 10157 RequestorPkg: com.android.systemui UnderlyingNetworks: Null] ] applied true
02-21 08:10:27.465  2663  2663 D TelephonyNetworkFactory[1]: onReleaseNetworkFor NetworkRequest [ REQUEST id=146, [ Capabilities: INTERNET&NOT_RESTRICTED&TRUSTED&NOT_VCN_MANAGED Uid: 10234 RequestorUid: 1000 RequestorPkg: android UnderlyingNetworks: Null] ] applied true
02-21 08:10:27.467  2663  2663 D TelephonyNetworkFactory[1]: onReleaseNetworkFor NetworkRequest [ REQUEST id=1495, [ Capabilities: INTERNET&NOT_RESTRICTED&TRUSTED&NOT_VCN_MANAGED Uid: 10177 RequestorUid: 1000 RequestorPkg: android UnderlyingNetworks: Null] ] applied true
02-21 08:10:27.468  2663  2663 D TelephonyNetworkFactory[1]: onReleaseNetworkFor NetworkRequest [ REQUEST id=59, [ Capabilities: INTERNET&NOT_RESTRICTED&TRUSTED&NOT_VCN_MANAGED Uid: 10019 RequestorUid: 1000 RequestorPkg: android UnderlyingNetworks: Null] ] applied true
02-21 08:10:27.468  2663  2663 D TelephonyNetworkFactory[1]: onReleaseNetworkFor NetworkRequest [ REQUEST id=1806, [ Capabilities: INTERNET&NOT_RESTRICTED&TRUSTED&NOT_VCN_MANAGED Uid: 10201 RequestorUid: 10201 RequestorPkg: com.google.android.apps.maps UnderlyingNetworks: Null] ] applied true
02-21 08:10:27.469  2663  2663 D TelephonyNetworkFactory[1]: onReleaseNetworkFor NetworkRequest [ REQUEST id=1306, [ Capabilities: INTERNET&NOT_RESTRICTED&TRUSTED&NOT_VCN_MANAGED Uid: 10178 RequestorUid: 10178 RequestorPkg: com.google.android.apps.messaging UnderlyingNetworks: Null] ] applied true
02-21 08:10:27.469  2663  2663 D TelephonyNetworkFactory[1]: onReleaseNetworkFor NetworkRequest [ REQUEST id=1, [ Capabilities: INTERNET&NOT_RESTRICTED&TRUSTED&NOT_VPN&NOT_VCN_MANAGED RequestorUid: 1000 RequestorPkg: android UnderlyingNetworks: Null] ] applied true
02-21 08:10:27.469  2663  2663 D TelephonyNetworkFactory[1]: onReleaseNetworkFor NetworkRequest [ REQUEST id=225, [ Capabilities: INTERNET&NOT_RESTRICTED&TRUSTED&NOT_VCN_MANAGED Uid: 10021 RequestorUid: 1000 RequestorPkg: android UnderlyingNetworks: Null] ] applied true
02-21 08:10:27.469  2663  2663 D TelephonyNetworkFactory[1]: onReleaseNetworkFor NetworkRequest [ REQUEST id=1303, [ Capabilities: INTERNET&NOT_RESTRICTED&TRUSTED&NOT_VCN_MANAGED Uid: 10178 RequestorUid: 10178 RequestorPkg: com.google.android.apps.messaging UnderlyingNetworks: Null] ] applied true
02-21 08:10:27.469  2663  2663 D TelephonyNetworkFactory[1]: onReleaseNetworkFor NetworkRequest [ REQUEST id=1938, [ Capabilities: INTERNET&NOT_RESTRICTED&TRUSTED&NOT_VCN_MANAGED Uid: 10178 RequestorUid: 10178 RequestorPkg: com.google.android.apps.messaging UnderlyingNetworks: Null] ] applied true
02-21 08:10:27.469  2663  2663 D TelephonyNetworkFactory[1]: onReleaseNetworkFor NetworkRequest [ REQUEST id=158, [ Capabilities: INTERNET&NOT_RESTRICTED&TRUSTED&NOT_VCN_MANAGED Uid: 10149 RequestorUid: 1000 RequestorPkg: android UnderlyingNetworks: Null] ] applied true
02-21 08:10:27.469  2663  2663 D TelephonyNetworkFactory[1]: onReleaseNetworkFor NetworkRequest [ REQUEST id=25, [ Capabilities: INTERNET&NOT_RESTRICTED&TRUSTED&NOT_VCN_MANAGED Uid: 10187 RequestorUid: 1000 RequestorPkg: android UnderlyingNetworks: Null] ] applied true
02-21 08:10:27.469  2663  2663 D TelephonyNetworkFactory[1]: onReleaseNetworkFor NetworkRequest [ REQUEST id=185, [ Capabilities: INTERNET&NOT_RESTRICTED&TRUSTED&NOT_VCN_MANAGED Uid: 10268 RequestorUid: 1000 RequestorPkg: android UnderlyingNetworks: Null] ] applied true
02-21 08:10:27.469  2663  2663 D TelephonyNetworkFactory[1]: onReleaseNetworkFor NetworkRequest [ REQUEST id=61, [ Capabilities: INTERNET&NOT_RESTRICTED&TRUSTED&NOT_VCN_MANAGED Uid: 1000 RequestorUid: 1000 RequestorPkg: android UnderlyingNetworks: Null] ] applied true
02-21 08:10:27.469  2663  2663 D TelephonyNetworkFactory[1]: onReleaseNetworkFor NetworkRequest [ REQUEST id=103, [ Capabilities: INTERNET&NOT_RESTRICTED&TRUSTED&NOT_VCN_MANAGED Uid: 10150 RequestorUid: 1000 RequestorPkg: android UnderlyingNetworks: Null] ] applied true
02-21 08:10:27.469  2663  2663 D TelephonyNetworkFactory[1]: onReleaseNetworkFor NetworkRequest [ REQUEST id=651, [ Capabilities: INTERNET&NOT_RESTRICTED&TRUSTED&NOT_VCN_MANAGED Uid: 10178 RequestorUid: 10178 RequestorPkg: com.google.android.apps.messaging UnderlyingNetworks: Null] ] applied true
02-21 08:10:27.469  2663  2663 D TelephonyNetworkFactory[1]: onReleaseNetworkFor NetworkRequest [ REQUEST id=19, [ Capabilities: INTERNET&NOT_RESTRICTED&TRUSTED&NOT_VCN_MANAGED Uid: 10201 RequestorUid: 1000 RequestorPkg: android UnderlyingNetworks: Null] ] applied true
02-21 08:10:27.469  2663  2663 D TelephonyNetworkFactory[1]: onReleaseNetworkFor NetworkRequest [ REQUEST id=63, [ Capabilities: INTERNET&NOT_RESTRICTED&TRUSTED&NOT_VCN_MANAGED Uid: 1073 RequestorUid: 1073 RequestorPkg: com.google.android.networkstack UnderlyingNetworks: Null] ] applied true
02-21 08:10:27.469  2663  2663 D TelephonyNetworkFactory[1]: onReleaseNetworkFor NetworkRequest [ REQUEST id=41, [ Capabilities: INTERNET&NOT_RESTRICTED&TRUSTED&NOT_VCN_MANAGED Uid: 10113 RequestorUid: 1000 RequestorPkg: android UnderlyingNetworks: Null] ] applied true
02-21 08:10:27.469  2663  2663 D TelephonyNetworkFactory[1]: onReleaseNetworkFor NetworkRequest [ REQUEST id=1926, [ Capabilities: INTERNET&NOT_RESTRICTED&TRUSTED&NOT_VCN_MANAGED Uid: 10189 RequestorUid: 10189 RequestorPkg: com.google.android.youtube UnderlyingNetworks: Null] ] applied true
02-21 08:10:27.469  2663  2663 D TelephonyNetworkFactory[1]: onReleaseNetworkFor NetworkRequest [ REQUEST id=1931, [ Capabilities: INTERNET&NOT_RESTRICTED&TRUSTED&NOT_VCN_MANAGED Uid: 10189 RequestorUid: 10189 RequestorPkg: com.google.android.youtube UnderlyingNetworks: Null] ] applied true
02-21 08:10:27.470  2663  2663 D TelephonyNetworkFactory[1]: onReleaseNetworkFor NetworkRequest [ REQUEST id=45, [ Capabilities: INTERNET&NOT_RESTRICTED&TRUSTED&NOT_VCN_MANAGED Uid: 10035 RequestorUid: 1000 RequestorPkg: android UnderlyingNetworks: Null] ] applied true
02-21 08:10:27.470  2663  2663 D TelephonyNetworkFactory[1]: onReleaseNetworkFor NetworkRequest [ REQUEST id=282, [ Capabilities: INTERNET&NOT_RESTRICTED&TRUSTED&NOT_VCN_MANAGED Uid: 10164 RequestorUid: 1000 RequestorPkg: android UnderlyingNetworks: Null] ] applied true
02-21 08:10:27.470  2663  2663 D TelephonyNetworkFactory[1]: onReleaseNetworkFor NetworkRequest [ REQUEST id=7, [ Capabilities: INTERNET&NOT_RESTRICTED&TRUSTED&NOT_VCN_MANAGED Uid: 1000 RequestorUid: 1000 RequestorPkg: android UnderlyingNetworks: Null] ] applied true
02-21 08:10:27.470  2663  2663 D TelephonyNetworkFactory[1]: onReleaseNetworkFor NetworkRequest [ REQUEST id=68, [ Capabilities: INTERNET&NOT_RESTRICTED&TRUSTED&NOT_VCN_MANAGED Uid: 10157 RequestorUid: 10157 RequestorPkg: com.android.systemui UnderlyingNetworks: Null] ] applied true
02-21 08:10:27.470  2663  2663 D TelephonyNetworkFactory[1]: onReleaseNetworkFor NetworkRequest [ REQUEST id=1856, [ Capabilities: INTERNET&NOT_RESTRICTED&TRUSTED&NOT_VCN_MANAGED Uid: 10113 RequestorUid: 10113 RequestorPkg: com.google.android.googlequicksearchbox UnderlyingNetworks: Null] ] applied true
02-21 08:10:27.470  2663  2663 D TelephonyNetworkFactory[1]: onReleaseNetworkFor NetworkRequest [ REQUEST id=126, [ Capabilities: INTERNET&NOT_RESTRICTED&TRUSTED&NOT_VCN_MANAGED Uid: 10106 RequestorUid: 1000 RequestorPkg: android UnderlyingNetworks: Null] ] applied true
02-21 08:10:27.470  2663  2663 D TelephonyNetworkFactory[1]: onReleaseNetworkFor NetworkRequest [ REQUEST id=178, [ Capabilities: INTERNET&NOT_RESTRICTED&TRUSTED&NOT_VCN_MANAGED Uid: 10131 RequestorUid: 1000 RequestorPkg: android UnderlyingNetworks: Null] ] applied true
02-21 08:10:27.470  2663  2663 D TelephonyNetworkFactory[1]: onReleaseNetworkFor NetworkRequest [ REQUEST id=43, [ Capabilities: INTERNET&NOT_RESTRICTED&TRUSTED&NOT_VCN_MANAGED Uid: 10112 RequestorUid: 1000 RequestorPkg: android UnderlyingNetworks: Null] ] applied true
02-21 08:10:27.470  2663  2663 D TelephonyNetworkFactory[1]: onReleaseNetworkFor NetworkRequest [ REQUEST id=17, [ Capabilities: INTERNET&NOT_RESTRICTED&TRUSTED&NOT_VCN_MANAGED Uid: 10202 RequestorUid: 1000 RequestorPkg: android UnderlyingNetworks: Null] ] applied true
02-21 08:10:27.470  2663  2663 D TelephonyNetworkFactory[1]: onReleaseNetworkFor NetworkRequest [ REQUEST id=23, [ Capabilities: INTERNET&NOT_RESTRICTED&TRUSTED&NOT_VCN_MANAGED Uid: 10196 RequestorUid: 1000 RequestorPkg: android UnderlyingNetworks: Null] ] applied true
02-21 08:10:27.470  2663  2663 D TelephonyNetworkFactory[1]: onReleaseNetworkFor NetworkRequest [ REQUEST id=1929, [ Capabilities: INTERNET&NOT_RESTRICTED&TRUSTED&NOT_VCN_MANAGED Uid: 10189 RequestorUid: 10189 RequestorPkg: com.google.android.youtube UnderlyingNetworks: Null] ] applied true
02-21 08:10:27.470  2663  2663 D TelephonyNetworkFactory[1]: onReleaseNetworkFor NetworkRequest [ REQUEST id=206, [ Capabilities: INTERNET&NOT_RESTRICTED&TRUSTED&NOT_VCN_MANAGED Uid: 10189 RequestorUid: 1000 RequestorPkg: android UnderlyingNetworks: Null] ] applied true
02-21 08:10:27.470  2663  2663 D TelephonyNetworkFactory[1]: onReleaseNetworkFor NetworkRequest [ REQUEST id=55, [ Capabilities: INTERNET&NOT_RESTRICTED&TRUSTED&NOT_VCN_MANAGED Uid: 10022 RequestorUid: 1000 RequestorPkg: android UnderlyingNetworks: Null] ] applied true
02-21 08:10:27.470  2663  2663 D TelephonyNetworkFactory[1]: onReleaseNetworkFor NetworkRequest [ REQUEST id=136, [ Capabilities: INTERNET&NOT_RESTRICTED&TRUSTED&NOT_VCN_MANAGED Uid: 10178 RequestorUid: 1000 RequestorPkg: android UnderlyingNetworks: Null] ] applied true
02-21 08:10:27.470  2663  2663 D TelephonyNetworkFactory[1]: onReleaseNetworkFor NetworkRequest [ REQUEST id=1949, [ Capabilities: INTERNET&NOT_RESTRICTED&TRUSTED&NOT_VCN_MANAGED Uid: 1000 RequestorUid: 1000 RequestorPkg: com.android.settings UnderlyingNetworks: Null] ] applied true
02-21 08:10:27.470  2663  2663 D TelephonyNetworkFactory[1]: onReleaseNetworkFor NetworkRequest [ REQUEST id=1935, [ Capabilities: INTERNET&NOT_RESTRICTED&TRUSTED&NOT_VCN_MANAGED Uid: 10201 RequestorUid: 10201 RequestorPkg: com.google.android.apps.maps UnderlyingNetworks: Null] ] applied true
02-21 08:10:27.470  2663  2663 D TelephonyNetworkFactory[1]: onReleaseNetworkFor NetworkRequest [ REQUEST id=1770, [ Capabilities: INTERNET&NOT_RESTRICTED&TRUSTED&NOT_VCN_MANAGED Uid: 10145 RequestorUid: 10145 RequestorPkg: com.google.android.gms UnderlyingNetworks: Null] ] applied true
02-21 08:10:27.470  2663  2663 D TelephonyNetworkFactory[1]: onReleaseNetworkFor NetworkRequest [ REQUEST id=33, [ Capabilities: INTERNET&NOT_RESTRICTED&TRUSTED&NOT_VCN_MANAGED Uid: 10167 RequestorUid: 1000 RequestorPkg: android UnderlyingNetworks: Null] ] applied true
02-21 08:10:27.470  2663  2663 D TelephonyNetworkFactory[1]: onReleaseNetworkFor NetworkRequest [ REQUEST id=195, [ Capabilities: INTERNET&NOT_RESTRICTED&TRUSTED&NOT_VCN_MANAGED Uid: 10146 RequestorUid: 1000 RequestorPkg: android UnderlyingNetworks: Null] ] applied true
02-21 08:10:27.470  2663  2663 D TelephonyNetworkFactory[1]: onReleaseNetworkFor NetworkRequest [ REQUEST id=1886, [ Capabilities: INTERNET&NOT_RESTRICTED&TRUSTED&NOT_VCN_MANAGED Uid: 10113 RequestorUid: 10113 RequestorPkg: com.google.android.googlequicksearchbox UnderlyingNetworks: Null] ] applied true
02-21 08:10:27.471  2663  2663 D TelephonyNetworkFactory[1]: onReleaseNetworkFor NetworkRequest [ REQUEST id=1924, [ Capabilities: INTERNET&NOT_RESTRICTED&TRUSTED&NOT_VCN_MANAGED Uid: 10189 RequestorUid: 10189 RequestorPkg: com.google.android.youtube UnderlyingNetworks: Null] ] applied true
02-21 08:10:27.471  2663  2663 D TelephonyNetworkFactory[1]: onReleaseNetworkFor NetworkRequest [ REQUEST id=82, [ Capabilities: INTERNET&NOT_RESTRICTED&TRUSTED&NOT_VCN_MANAGED Uid: 10130 RequestorUid: 10130 RequestorPkg: com.google.android.apps.scone UnderlyingNetworks: Null] ] applied true
02-21 08:10:27.471  2663  2663 D TelephonyNetworkFactory[1]: onReleaseNetworkFor NetworkRequest [ REQUEST id=119, [ Capabilities: INTERNET&NOT_RESTRICTED&TRUSTED&NOT_VCN_MANAGED Uid: 10071 RequestorUid: 1000 RequestorPkg: android UnderlyingNetworks: Null] ] applied true
02-21 08:10:27.471  2663  2663 D TelephonyNetworkFactory[1]: onReleaseNetworkFor NetworkRequest [ REQUEST id=1858, [ Capabilities: INTERNET&NOT_RESTRICTED&TRUSTED&NOT_VCN_MANAGED Uid: 10113 RequestorUid: 10113 RequestorPkg: com.google.android.googlequicksearchbox UnderlyingNetworks: Null] ] applied true
02-21 08:10:27.471  2663  2663 D TelephonyNetworkFactory[1]: onReleaseNetworkFor NetworkRequest [ REQUEST id=1940, [ Capabilities: INTERNET&NOT_RESTRICTED&TRUSTED&NOT_VCN_MANAGED Uid: 10121 RequestorUid: 10121 RequestorPkg: com.android.vending UnderlyingNetworks: Null] ] applied true
02-21 08:10:27.471  2663  2663 D TelephonyNetworkFactory[1]: onReleaseNetworkFor NetworkRequest [ REQUEST id=39, [ Capabilities: INTERNET&NOT_RESTRICTED&TRUSTED&NOT_VCN_MANAGED Uid: 10121 RequestorUid: 1000 RequestorPkg: android UnderlyingNetworks: Null] ] applied true
02-21 08:10:27.471  2663  2663 D TelephonyNetworkFactory[1]: onReleaseNetworkFor NetworkRequest [ REQUEST id=49, [ Capabilities: INTERNET&NOT_RESTRICTED&TRUSTED&NOT_VCN_MANAGED Uid: 10033 RequestorUid: 1000 RequestorPkg: android UnderlyingNetworks: Null] ] applied true
02-21 08:10:27.471  2663  2663 D TelephonyNetworkFactory[1]: onReleaseNetworkFor NetworkRequest [ REQUEST id=21, [ Capabilities: INTERNET&NOT_RESTRICTED&TRUSTED&NOT_VCN_MANAGED Uid: 10200 RequestorUid: 1000 RequestorPkg: android UnderlyingNetworks: Null] ] applied true
02-21 08:10:27.471  2663  2663 D TelephonyNetworkFactory[1]: onReleaseNetworkFor NetworkRequest [ REQUEST id=644, [ Capabilities: INTERNET&NOT_RESTRICTED&TRUSTED&NOT_VCN_MANAGED Uid: 10178 RequestorUid: 10178 RequestorPkg: com.google.android.apps.messaging UnderlyingNetworks: Null] ] applied true
02-21 08:10:27.471  2663  2663 D TelephonyNetworkFactory[1]: onReleaseNetworkFor NetworkRequest [ REQUEST id=160, [ Capabilities: INTERNET&NOT_RESTRICTED&TRUSTED&NOT_VCN_MANAGED Uid: 10190 RequestorUid: 1000 RequestorPkg: android UnderlyingNetworks: Null] ] applied true
02-21 08:10:27.471  2663  2663 D TelephonyNetworkFactory[1]: onReleaseNetworkFor NetworkRequest [ REQUEST id=753, [ Capabilities: INTERNET&NOT_RESTRICTED&TRUSTED&NOT_VCN_MANAGED Uid: 10150 RequestorUid: 10150 RequestorPkg: com.google.android.ims UnderlyingNetworks: Null] ] applied true
02-21 08:10:27.471  2663  2663 D TelephonyNetworkFactory[1]: onReleaseNetworkFor NetworkRequest [ REQUEST id=53, [ Capabilities: INTERNET&NOT_RESTRICTED&TRUSTED&NOT_VCN_MANAGED Uid: 10026 RequestorUid: 1000 RequestorPkg: android UnderlyingNetworks: Null] ] applied true
02-21 08:10:27.471  2663  2663 D TelephonyNetworkFactory[1]: onReleaseNetworkFor NetworkRequest [ REQUEST id=114, [ Capabilities: INTERNET&NOT_RESTRICTED&TRUSTED&NOT_VCN_MANAGED Uid: 10270 RequestorUid: 1000 RequestorPkg: android UnderlyingNetworks: Null] ] applied true
02-21 08:10:27.471  2663  2663 D TelephonyNetworkFactory[1]: onReleaseNetworkFor NetworkRequest [ REQUEST id=1799, [ Capabilities: INTERNET&NOT_RESTRICTED&TRUSTED&NOT_VCN_MANAGED Uid: 10201 RequestorUid: 10201 RequestorPkg: com.google.android.apps.maps UnderlyingNetworks: Null] ] applied true
02-21 08:10:27.471  2663  2663 D TelephonyNetworkFactory[1]: onReleaseNetworkFor NetworkRequest [ REQUEST id=107, [ Capabilities: INTERNET&NOT_RESTRICTED&TRUSTED&NOT_VCN_MANAGED Uid: 10126 RequestorUid: 1000 RequestorPkg: android UnderlyingNetworks: Null] ] applied true
02-21 08:10:27.471  2663  2663 D TelephonyNetworkFactory[1]: onReleaseNetworkFor NetworkRequest [ REQUEST id=870, [ Capabilities: INTERNET&NOT_RESTRICTED&TRUSTED&NOT_VCN_MANAGED Uid: 10109 RequestorUid: 1000 RequestorPkg: android UnderlyingNetworks: Null] ] applied true
02-21 08:10:27.471  2663  2663 D TelephonyNetworkFactory[1]: onReleaseNetworkFor NetworkRequest [ REQUEST id=1872, [ Capabilities: INTERNET&NOT_RESTRICTED&TRUSTED&NOT_VCN_MANAGED Uid: 10196 RequestorUid: 10196 RequestorPkg: com.android.chrome UnderlyingNetworks: Null] ] applied true
02-21 08:10:27.471  2663  2663 D TelephonyNetworkFactory[1]: onReleaseNetworkFor NetworkRequest [ REQUEST id=89, [ Capabilities: INTERNET&NOT_RESTRICTED&TRUSTED&NOT_VCN_MANAGED Uid: 1000 RequestorUid: 1000 RequestorPkg: android UnderlyingNetworks: Null] ] applied true
02-21 08:10:27.471  2663  2663 D TelephonyNetworkFactory[1]: onReleaseNetworkFor NetworkRequest [ REQUEST id=1242, [ Capabilities: INTERNET&NOT_RESTRICTED&TRUSTED&NOT_VCN_MANAGED Uid: 10121 RequestorUid: 10121 RequestorPkg: com.android.vending UnderlyingNetworks: Null] ] applied true
02-21 08:10:27.472  2663  2663 D TelephonyNetworkFactory[1]: onReleaseNetworkFor NetworkRequest [ REQUEST id=1823, [ Capabilities: INTERNET&NOT_RESTRICTED&TRUSTED&NOT_VCN_MANAGED Uid: 10145 RequestorUid: 10145 RequestorPkg: com.google.android.gms UnderlyingNetworks: Null] ] applied true
02-21 08:10:27.472  2663  2663 D TelephonyNetworkFactory[1]: onReleaseNetworkFor NetworkRequest [ REQUEST id=31, [ Capabilities: INTERNET&NOT_RESTRICTED&TRUSTED&NOT_VCN_MANAGED Uid: 10172 RequestorUid: 1000 RequestorPkg: android UnderlyingNetworks: Null] ] applied true
02-21 08:10:27.472  2663  2663 D TelephonyNetworkFactory[1]: onReleaseNetworkFor NetworkRequest [ REQUEST id=1756, [ Capabilities: INTERNET&NOT_RESTRICTED&TRUSTED&NOT_VCN_MANAGED Uid: 10145 RequestorUid: 10145 RequestorPkg: com.google.android.gms UnderlyingNetworks: Null] ] applied true
02-21 08:10:27.472  2663  2663 D TelephonyNetworkFactory[1]: onReleaseNetworkFor NetworkRequest [ REQUEST id=37, [ Capabilities: INTERNET&NOT_RESTRICTED&TRUSTED&NOT_VCN_MANAGED Uid: 10129 RequestorUid: 1000 RequestorPkg: android UnderlyingNetworks: Null] ] applied true
02-21 08:10:27.472  2663  2663 D TelephonyNetworkFactory[1]: onReleaseNetworkFor NetworkRequest [ REQUEST id=191, [ Capabilities: INTERNET&NOT_RESTRICTED&TRUSTED&NOT_VCN_MANAGED Uid: 10165 RequestorUid: 1000 RequestorPkg: android UnderlyingNetworks: Null] ] applied true
02-21 08:10:34.879  2663  3004 D ImsManagerIM [1]: Registration Callback registered.
02-21 08:10:34.933  2663  2663 D TelephonyNetworkFactory[0]: got request NetworkRequest [ REQUEST id=1950, [ Transports: CELLULAR Capabilities: INTERNET&NOT_RESTRICTED&TRUSTED&NOT_VPN&NOT_VCN_MANAGED Uid: 10113 RequestorUid: 10113 RequestorPkg: com.google.android.googlequicksearchbox UnderlyingNetworks: Null] ]
02-21 08:10:34.934  2663  2663 D SubscriptionController: [getSubId]- numSubIds == 0, return null slotIndex=0
02-21 08:10:34.934  2663  2663 D TelephonyNetworkFactory[0]: onNeedNetworkFor NetworkRequest [ REQUEST id=1950, [ Transports: CELLULAR Capabilities: INTERNET&NOT_RESTRICTED&TRUSTED&NOT_VPN&NOT_VCN_MANAGED Uid: 10113 RequestorUid: 10113 RequestorPkg: com.google.android.googlequicksearchbox UnderlyingNetworks: Null] ] shouldApply false
02-21 08:10:34.934  2663  2663 D TelephonyNetworkFactory[1]: got request NetworkRequest [ REQUEST id=1950, [ Transports: CELLULAR Capabilities: INTERNET&NOT_RESTRICTED&TRUSTED&NOT_VPN&NOT_VCN_MANAGED Uid: 10113 RequestorUid: 10113 RequestorPkg: com.google.android.googlequicksearchbox UnderlyingNetworks: Null] ]
02-21 08:10:34.934  2663  2663 D TelephonyNetworkFactory[1]: onNeedNetworkFor NetworkRequest [ REQUEST id=1950, [ Transports: CELLULAR Capabilities: INTERNET&NOT_RESTRICTED&TRUSTED&NOT_VPN&NOT_VCN_MANAGED Uid: 10113 RequestorUid: 10113 RequestorPkg: com.google.android.googlequicksearchbox UnderlyingNetworks: Null] ] shouldApply true
02-21 08:10:34.935  2663  2663 D DCT-C-1 : onEnableApn: apnType=default, request type=NORMAL
02-21 08:10:34.938  2663  2663 D DCT-C-1 : shouldRestrictDataForEcbm: isInEcm=false isInImsEcm=false
02-21 08:10:34.944  2663  2663 D DCT-C-1 : trySetupData for APN type default, reason: dataEnabled, requestType=NORMAL. Data disallowed reasons: NOT_ATTACHED
02-21 08:10:34.944  2663  2663 D DCT-C-1 : trySetupData failed. apnContext = [type=default, mState=IDLE, apnEnabled=true, mDependencyMet=true] 
02-21 08:10:39.626  1061  1061 I GRIL-Q  : qmi_vs_send_device_state_req completed 0, 0
02-21 08:10:39.905  2663  3004 D ImsManagerIM [1]: Registration Callback registered.
02-21 08:10:44.942  2663  2700 D ImsManagerIM [1]: Registration Callback registered.
02-21 08:10:49.967  2663  2700 D ImsManagerIM [1]: Registration Callback registered.
02-21 08:11:08.482  2663  2704 D ImsManagerIM [1]: Registration Callback registered.
02-21 08:11:13.500  2663  2704 D ImsManagerIM [1]: Registration Callback registered.
02-21 08:11:18.522  2663  3086 D ImsManagerIM [1]: Registration Callback registered.
02-21 08:11:33.140  2663  2704 D ImsManagerIM [1]: Registration Callback registered.
02-21 08:11:51.595  1061  1061 I GRIL-Q  : qmi_vs_scone_activity_input_req completed 0, 0
02-21 08:11:51.623  1061  1061 I GRIL-Q  : qmi_vs_scone_activity_input_req completed 0, 0
02-21 08:11:51.634  1061  1061 I GRIL-Q  : qmi_vs_scone_activity_input_req completed 0, 0
02-21 08:11:51.642  1061  1061 I GRIL-Q  : qmi_vs_scone_activity_input_req completed 0, 0
02-21 08:11:51.646  1061  1061 I GRIL-Q  : qmi_vs_scone_activity_input_req completed 0, 0
02-21 08:11:52.633  2663  2976 D SubscriptionController: [getSubId]- numSubIds == 0, return null slotIndex=0
02-21 08:11:53.677  2663  2957 D ImsManagerIM [1]: isGbaValid - GBA capable=true, ISF=E200
02-21 08:11:53.698  2663  2976 D SubscriptionController: getSubscriptionProperty Query value = -1
02-21 08:11:55.192  2663  2663 D TelephonyNetworkFactory[0]: onReleaseNetworkFor NetworkRequest [ REQUEST id=1950, [ Transports: CELLULAR Capabilities: INTERNET&NOT_RESTRICTED&TRUSTED&NOT_VPN&NOT_VCN_MANAGED Uid: 10113 RequestorUid: 10113 RequestorPkg: com.google.android.googlequicksearchbox UnderlyingNetworks: Null] ] applied false
02-21 08:11:55.193  2663  2663 D TelephonyNetworkFactory[1]: onReleaseNetworkFor NetworkRequest [ REQUEST id=1950, [ Transports: CELLULAR Capabilities: INTERNET&NOT_RESTRICTED&TRUSTED&NOT_VPN&NOT_VCN_MANAGED Uid: 10113 RequestorUid: 10113 RequestorPkg: com.google.android.googlequicksearchbox UnderlyingNetworks: Null] ] applied true
02-21 08:11:55.298  2663  2704 D ImsManagerIM [1]: Registration Callback registered.
02-21 08:11:57.080  2663  2976 D SubscriptionController: [getSubId]- numSubIds == 0, return null slotIndex=0
02-21 08:11:57.094  2663  2976 D SubscriptionController: [getSubId]- numSubIds == 0, return null slotIndex=0
02-21 08:11:57.196  2663  2704 D SubscriptionController: [getSubId]- numSubIds == 0, return null slotIndex=0
02-21 08:11:57.290  2663  2704 D SubscriptionController: [getSubId]- numSubIds == 0, return null slotIndex=0
02-21 08:11:58.769  2663  2704 D SubscriptionController: [getSubId]- numSubIds == 0, return null slotIndex=0
02-21 08:11:58.809  2663  2663 E CarrierPrivilegesTracker: Error getting installed package: com.google.android.trichromelibrary_447211483
02-21 08:11:58.809  2663  2663 E CarrierPrivilegesTracker: android.content.pm.PackageManager$NameNotFoundException: com.google.android.trichromelibrary_447211483
02-21 08:11:58.809  2663  2663 E CarrierPrivilegesTracker: 	at android.app.ApplicationPackageManager.getPackageInfoAsUser(ApplicationPackageManager.java:241)
02-21 08:11:58.809  2663  2663 E CarrierPrivilegesTracker: 	at android.app.ApplicationPackageManager.getPackageInfo(ApplicationPackageManager.java:213)
02-21 08:11:58.809  2663  2663 E CarrierPrivilegesTracker: 	at com.android.internal.telephony.CarrierPrivilegesTracker.handlePackageAddedOrReplaced(CarrierPrivilegesTracker.java:374)
02-21 08:11:58.809  2663  2663 E CarrierPrivilegesTracker: 	at com.android.internal.telephony.CarrierPrivilegesTracker.handleMessage(CarrierPrivilegesTracker.java:272)
02-21 08:11:58.809  2663  2663 E CarrierPrivilegesTracker: 	at android.os.Handler.dispatchMessage(Handler.java:106)
02-21 08:11:58.809  2663  2663 E CarrierPrivilegesTracker: 	at android.os.Looper.loopOnce(Looper.java:201)
02-21 08:11:58.809  2663  2663 E CarrierPrivilegesTracker: 	at android.os.Looper.loop(Looper.java:288)
02-21 08:11:58.809  2663  2663 E CarrierPrivilegesTracker: 	at android.app.ActivityThread.main(ActivityThread.java:7839)
02-21 08:11:58.809  2663  2663 E CarrierPrivilegesTracker: 	at java.lang.reflect.Method.invoke(Native Method)
02-21 08:11:58.809  2663  2663 E CarrierPrivilegesTracker: 	at com.android.internal.os.RuntimeInit$MethodAndArgsCaller.run(RuntimeInit.java:548)
02-21 08:11:58.809  2663  2663 E CarrierPrivilegesTracker: 	at com.android.internal.os.ZygoteInit.main(ZygoteInit.java:1003)
02-21 08:11:58.819  2663  2976 E PhoneSubInfoController: getLine1Number phone is null for Subscription:1
