02-21 02:46:21.857  2663  2975 D ImsManagerIM [1]: Registration Callback registered.
02-21 02:46:26.885  2663  2700 D ImsManagerIM [1]: Registration Callback registered.
02-21 02:46:31.921  2663  2975 D ImsManagerIM [1]: Registration Callback registered.
02-21 02:46:36.952  2663  2700 D ImsManagerIM [1]: Registration Callback registered.
02-21 02:46:41.981  2663  2975 D ImsManagerIM [1]: Registration Callback registered.
02-21 02:46:47.010  2663  2975 D ImsManagerIM [1]: Registration Callback registered.
02-21 02:46:52.044  2663  2975 D ImsManagerIM [1]: Registration Callback registered.
02-21 02:46:57.082  2663  2975 D ImsManagerIM [1]: Registration Callback registered.
02-21 02:47:02.118  2663  2975 D ImsManagerIM [1]: Registration Callback registered.
02-21 02:47:07.149  2663  2975 D ImsManagerIM [1]: Registration Callback registered.
02-21 02:47:12.179  2663  2700 D ImsManagerIM [1]: Registration Callback registered.
02-21 02:47:17.206  2663  2700 D ImsManagerIM [1]: Registration Callback registered.
02-21 02:47:22.243  2663  2700 D ImsManagerIM [1]: Registration Callback registered.
02-21 02:47:27.277  2663  2975 D ImsManagerIM [1]: Registration Callback registered.
02-21 02:47:32.309  2663  2700 D ImsManagerIM [1]: Registration Callback registered.
02-21 02:47:37.332  2663  2975 D ImsManagerIM [1]: Registration Callback registered.
02-21 02:47:42.360  2663  2700 D ImsManagerIM [1]: Registration Callback registered.
02-21 02:47:47.390  2663  2700 D ImsManagerIM [1]: Registration Callback registered.
02-21 02:47:52.426  2663  2975 D ImsManagerIM [1]: Registration Callback registered.
02-21 02:47:57.461  2663  2975 D ImsManagerIM [1]: Registration Callback registered.
02-21 02:48:02.493  2663  2700 D ImsManagerIM [1]: Registration Callback registered.
02-21 02:48:07.528  2663  2975 D ImsManagerIM [1]: Registration Callback registered.
02-21 02:48:12.568  2663  2975 D ImsManagerIM [1]: Registration Callback registered.
02-21 02:48:17.603  2663  2700 D ImsManagerIM [1]: Registration Callback registered.
02-21 02:48:22.639  2663  2975 D ImsManagerIM [1]: Registration Callback registered.
02-21 02:48:27.656  2663  2975 D ImsManagerIM [1]: Registration Callback registered.
02-21 02:48:32.684  2663  2700 D ImsManagerIM [1]: Registration Callback registered.
02-21 02:48:37.713  2663  2975 D ImsManagerIM [1]: Registration Callback registered.
02-21 02:48:42.735  2663  2700 D ImsManagerIM [1]: Registration Callback registered.
02-21 02:48:47.766  2663  2700 D ImsManagerIM [1]: Registration Callback registered.
02-21 02:48:52.793  2663  2975 D ImsManagerIM [1]: Registration Callback registered.
02-21 02:48:57.825  2663  2975 D ImsManagerIM [1]: Registration Callback registered.
02-21 02:49:02.860  2663  2700 D ImsManagerIM [1]: Registration Callback registered.
02-21 02:49:07.890  2663  2700 D ImsManagerIM [1]: Registration Callback registered.
02-21 02:49:12.925  2663  2700 D ImsManagerIM [1]: Registration Callback registered.
02-21 02:49:17.957  2663  2975 D ImsManagerIM [1]: Registration Callback registered.
02-21 02:49:22.992  2663  2700 D ImsManagerIM [1]: Registration Callback registered.
02-21 02:49:28.026  2663  2975 D ImsManagerIM [1]: Registration Callback registered.
02-21 02:49:33.058  2663  2700 D ImsManagerIM [1]: Registration Callback registered.
02-21 02:49:38.090  2663  2700 D ImsManagerIM [1]: Registration Callback registered.
02-21 02:49:38.911  2663  2663 D RILJ    : [1779]> GET_CELL_INFO_LIST [PHONE1]
02-21 02:49:38.918  2663  2785 D RILJ    : [1779]< GET_CELL_INFO_LIST [] [PHONE1]
02-21 02:49:38.929  2663  2663 D LocaleTracker-1: processCellInfo: cell info=[]
02-21 02:49:38.929  2663  2663 D LocaleTracker-1: updateLocale: countryIso = , countryIsoDebugInfo = empty as default
02-21 02:49:38.929  2663  2663 D LocaleTracker-1: updateLocale: timeZoneCountryIso = , timeZoneCountryIsoDebugInfo = Defaulted: empty as default
02-21 02:49:38.929  2663  2663 D NewNitzStateMachineImpl: handleCountryUnavailable: mLatestNitzSignal=null
02-21 02:49:38.930  2663  2663 D NewNitzStateMachineImpl: doTimeZoneDetection: countryIsoCode=null, nitzSignal=null, suggestion=TelephonyTimeZoneSuggestion{mSlotIndex=1, mZoneId='null', mMatchType=0, mQuality=0, mDebugInfo=[getTimeZoneSuggestion: nitzSignal=null, countryIsoCode=null, Detection reason=handleCountryUnavailable()]}, reason=handleCountryUnavailable()
02-21 02:49:38.930  2663  2663 D LocaleTracker-1: processCellInfo: cell info=[]
02-21 02:49:38.930  2663  2663 D LocaleTracker-1: updateLocale: countryIso = , countryIsoDebugInfo = empty as default
02-21 02:49:38.930  2663  2663 D LocaleTracker-1: updateLocale: timeZoneCountryIso = , timeZoneCountryIsoDebugInfo = Defaulted: empty as default
02-21 02:49:38.930  2663  2663 D NewNitzStateMachineImpl: handleCountryUnavailable: mLatestNitzSignal=null
02-21 02:49:38.930  2663  2663 D NewNitzStateMachineImpl: doTimeZoneDetection: countryIsoCode=null, nitzSignal=null, suggestion=TelephonyTimeZoneSuggestion{mSlotIndex=1, mZoneId='null', mMatchType=0, mQuality=0, mDebugInfo=[getTimeZoneSuggestion: nitzSignal=null, countryIsoCode=null, Detection reason=handleCountryUnavailable()]}, reason=handleCountryUnavailable()
02-21 02:49:38.930  2663  2663 D LocaleTracker-1: Can't get cell info. Try again in 600 secs.
02-21 02:49:43.125  2663  2975 D ImsManagerIM [1]: Registration Callback registered.
02-21 02:49:48.160  2663  2700 D ImsManagerIM [1]: Registration Callback registered.
02-21 02:49:53.194  2663  2700 D ImsManagerIM [1]: Registration Callback registered.
02-21 02:49:58.229  2663  2700 D ImsManagerIM [1]: Registration Callback registered.
02-21 02:50:03.257  2663  2975 D ImsManagerIM [1]: Registration Callback registered.
02-21 02:50:08.315  2663  2982 D ImsManagerIM [1]: Registration Callback registered.
02-21 02:50:13.348  2663  3001 D ImsManagerIM [1]: Registration Callback registered.
02-21 02:50:18.381  2663  2700 D ImsManagerIM [1]: Registration Callback registered.
02-21 02:58:12.698  2663  2700 D ImsManagerIM [1]: Registration Callback registered.
02-21 03:00:01.694  2663  2700 D Phone   : isImsCapabilityAvailable, capability=1, regTech=1, isAvailable=false
02-21 03:00:01.731  2663  2700 D SubscriptionController: getSubscriptionProperty Query value = -1
02-21 03:00:01.736  2663  2700 D ImsManagerIM [1]: getWfcMode - setting=1
02-21 03:00:01.743  2663  2663 D RILJ    : [1780]> GET_ACTIVITY_INFO [PHONE1]
02-21 03:00:01.749  2663  2785 D RILJ    : [1780]< GET_ACTIVITY_INFO ModemActivityInfo{ mTimestamp=572982489 mSleepTimeMs=3294119 mIdleTimeMs=54980 mTxTimeMs[]=[0, 0, 0, 0, 0] mRxTimeMs=250861} [PHONE1]
02-21 03:00:01.763  2663  3001 D SubscriptionController: getSubscriptionProperty Query value = -1
02-21 03:00:01.770  2663  2700 D Phone   : isImsCapabilityAvailable, capability=1, regTech=1, isAvailable=false
02-21 03:00:01.774  2663  2700 D Phone   : isImsCapabilityAvailable, capability=1, regTech=1, isAvailable=false
02-21 03:00:01.785  2663  2700 D SubscriptionController: getSubscriptionProperty Query value = -1
02-21 03:00:01.787  2663  2700 D ImsManagerIM [1]: getWfcMode - setting=1
02-21 03:00:01.808  2663  2700 D SubscriptionController: getSubscriptionProperty Query value = -1
02-21 03:00:01.815  2663  2700 D Phone   : isImsCapabilityAvailable, capability=1, regTech=1, isAvailable=false
02-21 03:00:01.826  2663  3001 D SubscriptionController: getSubscriptionProperty Query value = -1
02-21 03:00:01.828  2663  3001 D ImsManagerIM [1]: getWfcMode - setting=1
02-21 03:00:01.851  2663  2700 D SubscriptionController: getSubscriptionProperty Query value = -1
02-21 03:00:01.857  2663  2700 D Phone   : isImsCapabilityAvailable, capability=1, regTech=1, isAvailable=false
02-21 03:00:01.868  2663  2700 D SubscriptionController: getSubscriptionProperty Query value = -1
02-21 03:00:01.870  2663  2700 D ImsManagerIM [1]: getWfcMode - setting=1
02-21 03:00:01.888  2663  2700 D SubscriptionController: getSubscriptionProperty Query value = -1
02-21 03:00:06.406  2663  2700 D ImsManagerIM [1]: Registration Callback registered.
02-21 03:06:32.444  2663  3001 D ImsManagerIM [1]: Registration Callback registered.
02-21 03:28:12.654  2663  2953 D ImsManagerIM [1]: Registration Callback registered.
02-21 03:48:12.623  2663  2953 D ImsManagerIM [1]: Registration Callback registered.
02-21 04:00:01.691  2663  2663 D RILJ    : [1781]> GET_ACTIVITY_INFO [PHONE1]
02-21 04:00:01.694  2663  2785 D RILJ    : [1781]< GET_ACTIVITY_INFO ModemActivityInfo{ mTimestamp=576582434 mSleepTimeMs=3334486 mIdleTimeMs=15862 mTxTimeMs[]=[0, 0, 0, 0, 0] mRxTimeMs=249599} [PHONE1]
02-21 04:00:02.445  2663  3001 D ImsManagerIM [1]: Registration Callback registered.
02-21 04:00:07.473  2663  2953 D ImsManagerIM [1]: Registration Callback registered.
02-21 04:08:14.035  2663  2982 D ImsManagerIM [1]: Registration Callback registered.
02-21 04:08:19.065  2663  2982 D ImsManagerIM [1]: Registration Callback registered.
02-21 04:14:51.310  2663  2982 D ImsManagerIM [1]: Registration Callback registered.
02-21 04:16:35.681  1061  1061 I GRIL-Q  : qmi_vs_send_device_state_req completed 0, 0
02-21 04:34:51.547  2663  2700 D ImsManagerIM [1]: Registration Callback registered.
02-21 04:54:51.707  2663  2953 D ImsManagerIM [1]: Registration Callback registered.
02-21 05:00:00.688  2663  2663 D RILJ    : [1782]> GET_ACTIVITY_INFO [PHONE1]
02-21 05:00:00.691  2663  2785 D RILJ    : [1782]< GET_ACTIVITY_INFO ModemActivityInfo{ mTimestamp=580181431 mSleepTimeMs=3339665 mIdleTimeMs=15615 mTxTimeMs[]=[0, 0, 0, 0, 0] mRxTimeMs=243717} [PHONE1]
02-21 05:00:03.460  2663  2982 D ImsManagerIM [1]: Registration Callback registered.
02-21 05:00:08.488  2663  2953 D ImsManagerIM [1]: Registration Callback registered.
02-21 05:14:50.717  2663  2699 D ImsManagerIM [1]: Registration Callback registered.
02-21 05:18:11.608  2663  2663 D RILJ    : [1783]> GET_ACTIVITY_INFO [PHONE1]
02-21 05:18:11.612  2663  2785 D RILJ    : [1783]< GET_ACTIVITY_INFO ModemActivityInfo{ mTimestamp=581272352 mSleepTimeMs=1010599 mIdleTimeMs=4919 mTxTimeMs[]=[0, 0, 0, 0, 0] mRxTimeMs=75403} [PHONE1]
02-21 05:18:14.786  2663  3069 D ImsManagerIM [1]: Registration Callback registered.
02-21 05:18:19.822  2663  3069 D ImsManagerIM [1]: Registration Callback registered.
02-21 05:34:53.381  2663  3001 D ImsManagerIM [1]: Registration Callback registered.
02-21 05:54:53.411  2663  2699 D ImsManagerIM [1]: Registration Callback registered.
02-21 06:00:01.635  2663  2700 D SubscriptionController: [getSubId]- numSubIds == 0, return null slotIndex=0
02-21 06:00:01.651  2663  2663 D RILJ    : [1784]> GET_ACTIVITY_INFO [PHONE1]
02-21 06:00:01.658  2663  2785 D RILJ    : [1784]< GET_ACTIVITY_INFO ModemActivityInfo{ mTimestamp=583782398 mSleepTimeMs=2328017 mIdleTimeMs=11942 mTxTimeMs[]=[0, 0, 0, 0, 0] mRxTimeMs=170087} [PHONE1]
02-21 06:00:05.418  2663  3069 D ImsManagerIM [1]: Registration Callback registered.
02-21 06:01:36.550  2663  2700 D ImsManagerIM [1]: Registration Callback registered.
02-21 06:01:36.610  1061  1061 I GRIL-Q  : qmi_vs_send_device_state_req completed 0, 0
02-21 06:20:22.016  2663  3001 D ImsManagerIM [1]: Registration Callback registered.
02-21 06:38:40.373  1061  1061 I GRIL-Q  : qmi_vs_send_device_state_req completed 0, 0
02-21 06:39:02.825  1061  1061 I GRIL-Q  : qmi_vs_send_device_state_req completed 0, 0
02-21 06:41:01.531  2663  3001 D ImsManagerIM [1]: Registration Callback registered.
02-21 06:46:26.118  2663  3001 D ImsManagerIM [1]: Registration Callback registered.
02-21 06:50:25.351  2663  3069 D ImsManagerIM [1]: Registration Callback registered.
02-21 07:00:01.522  2663  3001 D ImsManagerIM [1]: Registration Callback registered.
02-21 07:00:01.605  2663  2663 D RILJ    : [1785]> GET_ACTIVITY_INFO [PHONE1]
02-21 07:00:01.609  2663  2785 D RILJ    : [1785]< GET_ACTIVITY_INFO ModemActivityInfo{ mTimestamp=587382349 mSleepTimeMs=3350918 mIdleTimeMs=14691 mTxTimeMs[]=[0, 0, 0, 0, 0] mRxTimeMs=234342} [PHONE1]
02-21 07:00:06.552  2663  3001 D ImsManagerIM [1]: Registration Callback registered.
02-21 07:14:53.182  2663  3001 D ImsManagerIM [1]: Registration Callback registered.
02-21 07:30:52.175  2663  3069 D ImsManagerIM [1]: Registration Callback registered.
02-21 07:33:14.747  1061  1061 I GRIL-Q  : qmi_vs_send_device_state_req completed 0, 0
02-21 07:36:04.401  2663  2700 D Phone   : isImsCapabilityAvailable, capability=1, regTech=1, isAvailable=false
02-21 07:36:04.414  2663  2700 D SubscriptionController: getSubscriptionProperty Query value = -1
02-21 07:36:04.424  2663  2700 D ImsManagerIM [1]: getWfcMode - setting=1
02-21 07:36:04.443  2663  2699 D SubscriptionController: getSubscriptionProperty Query value = -1
02-21 07:36:04.450  2663  2704 D Phone   : isImsCapabilityAvailable, capability=1, regTech=1, isAvailable=false
02-21 07:36:04.459  2663  2953 D Phone   : isImsCapabilityAvailable, capability=1, regTech=1, isAvailable=false
02-21 07:36:04.469  2663  2700 D SubscriptionController: getSubscriptionProperty Query value = -1
02-21 07:36:04.470  2663  2700 D ImsManagerIM [1]: getWfcMode - setting=1
02-21 07:36:04.503  2663  2700 D SubscriptionController: getSubscriptionProperty Query value = -1
02-21 07:36:04.510  2663  2700 D Phone   : isImsCapabilityAvailable, capability=1, regTech=1, isAvailable=false
02-21 07:36:04.516  2663  2700 D SubscriptionController: getSubscriptionProperty Query value = -1
02-21 07:36:04.519  2663  2700 D ImsManagerIM [1]: getWfcMode - setting=1
02-21 07:36:04.539  2663  2700 D SubscriptionController: getSubscriptionProperty Query value = -1
02-21 07:36:04.546  2663  2700 D Phone   : isImsCapabilityAvailable, capability=1, regTech=1, isAvailable=false
02-21 07:36:04.550  2663  2700 D SubscriptionController: getSubscriptionProperty Query value = -1
02-21 07:36:04.551  2663  2700 D ImsManagerIM [1]: getWfcMode - setting=1
02-21 07:36:04.574  2663  2700 D SubscriptionController: getSubscriptionProperty Query value = -1
02-21 07:36:04.595  1061  1061 I GRIL-Q  : qmi_vs_scone_activity_input_req completed 0, 0
02-21 07:36:04.612  1061  1061 I GRIL-Q  : qmi_vs_scone_activity_input_req completed 0, 0
02-21 07:36:05.190  2663  2700 D ImsManagerIM [1]: Registration Callback registered.
02-21 07:36:05.485  2663  2700 D SubscriptionController: [getSubId]- numSubIds == 0, return null slotIndex=0
02-21 07:36:05.499  2663  2700 D SubscriptionController: [getSubId]- numSubIds == 0, return null slotIndex=0
02-21 07:36:05.854  1061  1061 I GRIL-Q  : qmi_vs_scone_activity_input_req completed 0, 0
02-21 07:36:05.930  2663  2700 D SubscriptionController: [getSubId]- numSubIds == 0, return null slotIndex=0
02-21 07:36:06.512  2663  2700 D SubscriptionController: [getSubId]- numSubIds == 0, return null slotIndex=0
02-21 07:36:07.206  2663  2663 D TelephonyNetworkFactory[1]: got request NetworkRequest [ REQUEST id=1922, [ Transports: CELLULAR Capabilities: INTERNET&NOT_RESTRICTED&TRUSTED&NOT_VPN&NOT_VCN_MANAGED Uid: 10113 RequestorUid: 10113 RequestorPkg: com.google.android.googlequicksearchbox UnderlyingNetworks: Null] ]
02-21 07:36:07.206  2663  2663 D TelephonyNetworkFactory[0]: got request NetworkRequest [ REQUEST id=1922, [ Transports: CELLULAR Capabilities: INTERNET&NOT_RESTRICTED&TRUSTED&NOT_VPN&NOT_VCN_MANAGED Uid: 10113 RequestorUid: 10113 RequestorPkg: com.google.android.googlequicksearchbox UnderlyingNetworks: Null] ]
02-21 07:36:07.206  2663  2663 D TelephonyNetworkFactory[1]: onNeedNetworkFor NetworkRequest [ REQUEST id=1922, [ Transports: CELLULAR Capabilities: INTERNET&NOT_RESTRICTED&TRUSTED&NOT_VPN&NOT_VCN_MANAGED Uid: 10113 RequestorUid: 10113 RequestorPkg: com.google.android.googlequicksearchbox UnderlyingNetworks: Null] ] shouldApply true
02-21 07:36:07.209  2663  2663 D SubscriptionController: [getSubId]- numSubIds == 0, return null slotIndex=0
02-21 07:36:07.209  2663  2663 D TelephonyNetworkFactory[0]: onNeedNetworkFor NetworkRequest [ REQUEST id=1922, [ Transports: CELLULAR Capabilities: INTERNET&NOT_RESTRICTED&TRUSTED&NOT_VPN&NOT_VCN_MANAGED Uid: 10113 RequestorUid: 10113 RequestorPkg: com.google.android.googlequicksearchbox UnderlyingNetworks: Null] ] shouldApply false
02-21 07:36:07.209  2663  2663 D DCT-C-1 : onEnableApn: apnType=default, request type=NORMAL
02-21 07:36:07.212  2663  2663 D DCT-C-1 : shouldRestrictDataForEcbm: isInEcm=false isInImsEcm=false
02-21 07:36:07.214  2663  2663 D DCT-C-1 : trySetupData for APN type default, reason: dataEnabled, requestType=NORMAL. Data disallowed reasons: NOT_ATTACHED
02-21 07:36:07.214  2663  2663 D DCT-C-1 : trySetupData failed. apnContext = [type=default, mState=IDLE, apnEnabled=true, mDependencyMet=true] 
02-21 07:36:08.955  2663  2663 D RILJ    : [1786]> GET_CELL_INFO_LIST [PHONE0]
02-21 07:36:08.963  2663  2785 D RILJ    : [1786]< GET_CELL_INFO_LIST [CellInfoGsm:{mRegistered=NO mTimeStamp=589549703572358ns mCellConnectionStatus=0 CellIdentityGsm:{ mLac=51052 mCid=43854 mArfcn=614 mBsic=0x1c mMcc=310 mMnc=260 mAlphaLong=T-Mobile mAlphaShort=T-Mobile mAdditionalPlmns={}} CellSignalStrengthGsm: rssi=-95 ber=2147483647 mTa=0 mLevel=3}, CellInfoGsm:{mRegistered=NO mTimeStamp=589549703572358ns mCellConnectionStatus=0 CellIdentityGsm:{ mLac=51052 mCid=60902 mArfcn=615 mBsic=0x23 mMcc=310 mMnc=260 mAlphaLong=T-Mobile mAlphaShort=T-Mobile mAdditionalPlmns={}} CellSignalStrengthGsm: rssi=-95 ber=2147483647 mTa=2147483647 mLevel=3}] [PHONE0]
02-21 07:36:08.963  2663  2663 D SubscriptionController: [getSubId]- numSubIds == 0, return null slotIndex=0
02-21 07:36:08.964  2663  2663 D LocaleTracker-0: processCellInfo: cell info=[CellInfoGsm:{mRegistered=NO mTimeStamp=589549703572358ns mCellConnectionStatus=0 CellIdentityGsm:{ mLac=51052 mCid=43854 mArfcn=614 mBsic=0x1c mMcc=310 mMnc=260 mAlphaLong=T-Mobile mAlphaShort=T-Mobile mAdditionalPlmns={}} CellSignalStrengthGsm: rssi=-95 ber=2147483647 mTa=0 mLevel=3}, CellInfoGsm:{mRegistered=NO mTimeStamp=589549703572358ns mCellConnectionStatus=0 CellIdentityGsm:{ mLac=51052 mCid=60902 mArfcn=615 mBsic=0x23 mMcc=310 mMnc=260 mAlphaLong=T-Mobile mAlphaShort=T-Mobile mAdditionalPlmns={}} CellSignalStrengthGsm: rssi=-95 ber=2147483647 mTa=2147483647 mLevel=3}]
02-21 07:36:08.971  2663  2663 D LocaleTracker-0: updateLocale: countryIso = us, countryIsoDebugInfo = OperatorNumeric(310260): MccTable.countryCodeForMcc("310")
02-21 07:36:08.971  2663  2663 D LocaleTracker-0: updateLocale: timeZoneCountryIso = us, timeZoneCountryIsoDebugInfo = OperatorNumeric: MccTable.geoCountryCodeForMccMnc(MccMnc{mcc='310', mnc='260'})
02-21 07:36:08.971  2663  2663 D NewNitzStateMachineImpl: handleCountryDetected: countryIsoCode=us, mLatestNitzSignal=null
02-21 07:36:10.202  2663  2974 D ImsManagerIM [1]: Registration Callback registered.
02-21 07:36:15.222  2663  2974 D ImsManagerIM [1]: Registration Callback registered.
02-21 07:36:19.187  2663  2663 D TelephonyNetworkFactory[0]: got request NetworkRequest [ REQUEST id=1, [ Capabilities: INTERNET&NOT_RESTRICTED&TRUSTED&NOT_VPN&NOT_VCN_MANAGED RequestorUid: 1000 RequestorPkg: android UnderlyingNetworks: Null] ]
02-21 07:36:19.187  2663  2663 D TelephonyNetworkFactory[1]: got request NetworkRequest [ REQUEST id=1, [ Capabilities: INTERNET&NOT_RESTRICTED&TRUSTED&NOT_VPN&NOT_VCN_MANAGED RequestorUid: 1000 RequestorPkg: android UnderlyingNetworks: Null] ]
02-21 07:36:19.187  2663  2663 D SubscriptionController: [getSubId]- numSubIds == 0, return null slotIndex=0
02-21 07:36:19.187  2663  2663 D TelephonyNetworkFactory[0]: onNeedNetworkFor NetworkRequest [ REQUEST id=1, [ Capabilities: INTERNET&NOT_RESTRICTED&TRUSTED&NOT_VPN&NOT_VCN_MANAGED RequestorUid: 1000 RequestorPkg: android UnderlyingNetworks: Null] ] shouldApply false
02-21 07:36:19.187  2663  2663 D TelephonyNetworkFactory[1]: onNeedNetworkFor NetworkRequest [ REQUEST id=1, [ Capabilities: INTERNET&NOT_RESTRICTED&TRUSTED&NOT_VPN&NOT_VCN_MANAGED RequestorUid: 1000 RequestorPkg: android UnderlyingNetworks: Null] ] shouldApply true
02-21 07:36:19.187  2663  2663 D DCT-C-1 : onEnableApn: apnType=default, request type=NORMAL
02-21 07:36:19.190  2663  2663 D DCT-C-1 : shouldRestrictDataForEcbm: isInEcm=false isInImsEcm=false
02-21 07:36:19.192  2663  2663 D DCT-C-1 : trySetupData for APN type default, reason: dataEnabled, requestType=NORMAL. Data disallowed reasons: NOT_ATTACHED
02-21 07:36:19.192  2663  2663 D DCT-C-1 : trySetupData failed. apnContext = [type=default, mState=IDLE, apnEnabled=true, mDependencyMet=true] 
02-21 07:36:19.237  2663  2663 D TelephonyNetworkFactory[0]: got request NetworkRequest [ REQUEST id=7, [ Capabilities: INTERNET&NOT_RESTRICTED&TRUSTED&NOT_VCN_MANAGED Uid: 1000 RequestorUid: 1000 RequestorPkg: android UnderlyingNetworks: Null] ]
02-21 07:36:19.237  2663  2663 D TelephonyNetworkFactory[1]: got request NetworkRequest [ REQUEST id=7, [ Capabilities: INTERNET&NOT_RESTRICTED&TRUSTED&NOT_VCN_MANAGED Uid: 1000 RequestorUid: 1000 RequestorPkg: android UnderlyingNetworks: Null] ]
02-21 07:36:19.237  2663  2663 D SubscriptionController: [getSubId]- numSubIds == 0, return null slotIndex=0
02-21 07:36:19.237  2663  2663 D TelephonyNetworkFactory[0]: onNeedNetworkFor NetworkRequest [ REQUEST id=7, [ Capabilities: INTERNET&NOT_RESTRICTED&TRUSTED&NOT_VCN_MANAGED Uid: 1000 RequestorUid: 1000 RequestorPkg: android UnderlyingNetworks: Null] ] shouldApply false
02-21 07:36:19.237  2663  2663 D TelephonyNetworkFactory[1]: got request NetworkRequest [ REQUEST id=15, [ Capabilities: INTERNET&NOT_RESTRICTED&TRUSTED&NOT_VCN_MANAGED Uid: 10272 RequestorUid: 1000 RequestorPkg: android UnderlyingNetworks: Null] ]
02-21 07:36:19.237  2663  2663 D TelephonyNetworkFactory[1]: onNeedNetworkFor NetworkRequest [ REQUEST id=7, [ Capabilities: INTERNET&NOT_RESTRICTED&TRUSTED&NOT_VCN_MANAGED Uid: 1000 RequestorUid: 1000 RequestorPkg: android UnderlyingNetworks: Null] ] shouldApply true
02-21 07:36:19.237  2663  2663 D TelephonyNetworkFactory[1]: got request NetworkRequest [ REQUEST id=17, [ Capabilities: INTERNET&NOT_RESTRICTED&TRUSTED&NOT_VCN_MANAGED Uid: 10202 RequestorUid: 1000 RequestorPkg: android UnderlyingNetworks: Null] ]
02-21 07:36:19.237  2663  2663 D TelephonyNetworkFactory[1]: onNeedNetworkFor NetworkRequest [ REQUEST id=15, [ Capabilities: INTERNET&NOT_RESTRICTED&TRUSTED&NOT_VCN_MANAGED Uid: 10272 RequestorUid: 1000 RequestorPkg: android UnderlyingNetworks: Null] ] shouldApply true
02-21 07:36:19.237  2663  2663 D TelephonyNetworkFactory[1]: got request NetworkRequest [ REQUEST id=19, [ Capabilities: INTERNET&NOT_RESTRICTED&TRUSTED&NOT_VCN_MANAGED Uid: 10201 RequestorUid: 1000 RequestorPkg: android UnderlyingNetworks: Null] ]
02-21 07:36:19.237  2663  2663 D DCT-C-1 : onEnableApn: apnType=default, request type=NORMAL
02-21 07:36:19.239  2663  2663 D DCT-C-1 : shouldRestrictDataForEcbm: isInEcm=false isInImsEcm=false
02-21 07:36:19.241  2663  2663 D DCT-C-1 : trySetupData for APN type default, reason: dataEnabled, requestType=NORMAL. Data disallowed reasons: NOT_ATTACHED
02-21 07:36:19.241  2663  2663 D DCT-C-1 : trySetupData failed. apnContext = [type=default, mState=IDLE, apnEnabled=true, mDependencyMet=true] 
02-21 07:36:19.241  2663  2663 D TelephonyNetworkFactory[1]: onNeedNetworkFor NetworkRequest [ REQUEST id=17, [ Capabilities: INTERNET&NOT_RESTRICTED&TRUSTED&NOT_VCN_MANAGED Uid: 10202 RequestorUid: 1000 RequestorPkg: android UnderlyingNetworks: Null] ] shouldApply true
02-21 07:36:19.241  2663  2663 D TelephonyNetworkFactory[1]: got request NetworkRequest [ REQUEST id=21, [ Capabilities: INTERNET&NOT_RESTRICTED&TRUSTED&NOT_VCN_MANAGED Uid: 10200 RequestorUid: 1000 RequestorPkg: android UnderlyingNetworks: Null] ]
02-21 07:36:19.241  2663  2663 D DCT-C-1 : onEnableApn: apnType=default, request type=NORMAL
02-21 07:36:19.242  2663  2663 D DCT-C-1 : shouldRestrictDataForEcbm: isInEcm=false isInImsEcm=false
02-21 07:36:19.245  2663  2663 D DCT-C-1 : trySetupData for APN type default, reason: dataEnabled, requestType=NORMAL. Data disallowed reasons: NOT_ATTACHED
02-21 07:36:19.245  2663  2663 D DCT-C-1 : trySetupData failed. apnContext = [type=default, mState=IDLE, apnEnabled=true, mDependencyMet=true] 
02-21 07:36:19.245  2663  2663 D TelephonyNetworkFactory[1]: got request NetworkRequest [ REQUEST id=23, [ Capabilities: INTERNET&NOT_RESTRICTED&TRUSTED&NOT_VCN_MANAGED Uid: 10196 RequestorUid: 1000 RequestorPkg: android UnderlyingNetworks: Null] ]
02-21 07:36:19.245  2663  2663 D TelephonyNetworkFactory[1]: onNeedNetworkFor NetworkRequest [ REQUEST id=19, [ Capabilities: INTERNET&NOT_RESTRICTED&TRUSTED&NOT_VCN_MANAGED Uid: 10201 RequestorUid: 1000 RequestorPkg: android UnderlyingNetworks: Null] ] shouldApply true
02-21 07:36:19.245  2663  2663 D TelephonyNetworkFactory[1]: got request NetworkRequest [ REQUEST id=25, [ Capabilities: INTERNET&NOT_RESTRICTED&TRUSTED&NOT_VCN_MANAGED Uid: 10187 RequestorUid: 1000 RequestorPkg: android UnderlyingNetworks: Null] ]
02-21 07:36:19.245  2663  2663 D TelephonyNetworkFactory[0]: got request NetworkRequest [ REQUEST id=15, [ Capabilities: INTERNET&NOT_RESTRICTED&TRUSTED&NOT_VCN_MANAGED Uid: 10272 RequestorUid: 1000 RequestorPkg: android UnderlyingNetworks: Null] ]
02-21 07:36:19.245  2663  2663 D TelephonyNetworkFactory[0]: got request NetworkRequest [ REQUEST id=17, [ Capabilities: INTERNET&NOT_RESTRICTED&TRUSTED&NOT_VCN_MANAGED Uid: 10202 RequestorUid: 1000 RequestorPkg: android UnderlyingNetworks: Null] ]
02-21 07:36:19.245  2663  2663 D TelephonyNetworkFactory[1]: got request NetworkRequest [ REQUEST id=27, [ Capabilities: INTERNET&NOT_RESTRICTED&TRUSTED&NOT_VCN_MANAGED Uid: 10186 RequestorUid: 1000 RequestorPkg: android UnderlyingNetworks: Null] ]
02-21 07:36:19.245  2663  2663 D TelephonyNetworkFactory[0]: got request NetworkRequest [ REQUEST id=19, [ Capabilities: INTERNET&NOT_RESTRICTED&TRUSTED&NOT_VCN_MANAGED Uid: 10201 RequestorUid: 1000 RequestorPkg: android UnderlyingNetworks: Null] ]
02-21 07:36:19.246  2663  2663 D TelephonyNetworkFactory[0]: got request NetworkRequest [ REQUEST id=21, [ Capabilities: INTERNET&NOT_RESTRICTED&TRUSTED&NOT_VCN_MANAGED Uid: 10200 RequestorUid: 1000 RequestorPkg: android UnderlyingNetworks: Null] ]
02-21 07:36:19.246  2663  2663 D TelephonyNetworkFactory[0]: got request NetworkRequest [ REQUEST id=23, [ Capabilities: INTERNET&NOT_RESTRICTED&TRUSTED&NOT_VCN_MANAGED Uid: 10196 RequestorUid: 1000 RequestorPkg: android UnderlyingNetworks: Null] ]
02-21 07:36:19.246  2663  2663 D TelephonyNetworkFactory[0]: got request NetworkRequest [ REQUEST id=25, [ Capabilities: INTERNET&NOT_RESTRICTED&TRUSTED&NOT_VCN_MANAGED Uid: 10187 RequestorUid: 1000 RequestorPkg: android UnderlyingNetworks: Null] ]
02-21 07:36:19.246  2663  2663 D TelephonyNetworkFactory[0]: got request NetworkRequest [ REQUEST id=27, [ Capabilities: INTERNET&NOT_RESTRICTED&TRUSTED&NOT_VCN_MANAGED Uid: 10186 RequestorUid: 1000 RequestorPkg: android UnderlyingNetworks: Null] ]
02-21 07:36:19.246  2663  2663 D TelephonyNetworkFactory[0]: got request NetworkRequest [ REQUEST id=29, [ Capabilities: INTERNET&NOT_RESTRICTED&TRUSTED&NOT_VCN_MANAGED Uid: 10173 RequestorUid: 1000 RequestorPkg: android UnderlyingNetworks: Null] ]
02-21 07:36:19.246  2663  2663 D TelephonyNetworkFactory[1]: got request NetworkRequest [ REQUEST id=29, [ Capabilities: INTERNET&NOT_RESTRICTED&TRUSTED&NOT_VCN_MANAGED Uid: 10173 RequestorUid: 1000 RequestorPkg: android UnderlyingNetworks: Null] ]
02-21 07:36:19.246  2663  2663 D TelephonyNetworkFactory[0]: got request NetworkRequest [ REQUEST id=31, [ Capabilities: INTERNET&NOT_RESTRICTED&TRUSTED&NOT_VCN_MANAGED Uid: 10172 RequestorUid: 1000 RequestorPkg: android UnderlyingNetworks: Null] ]
02-21 07:36:19.246  2663  2663 D TelephonyNetworkFactory[1]: got request NetworkRequest [ REQUEST id=31, [ Capabilities: INTERNET&NOT_RESTRICTED&TRUSTED&NOT_VCN_MANAGED Uid: 10172 RequestorUid: 1000 RequestorPkg: android UnderlyingNetworks: Null] ]
02-21 07:36:19.246  2663  2663 D TelephonyNetworkFactory[0]: got request NetworkRequest [ REQUEST id=33, [ Capabilities: INTERNET&NOT_RESTRICTED&TRUSTED&NOT_VCN_MANAGED Uid: 10167 RequestorUid: 1000 RequestorPkg: android UnderlyingNetworks: Null] ]
02-21 07:36:19.246  2663  2663 D TelephonyNetworkFactory[1]: got request NetworkRequest [ REQUEST id=33, [ Capabilities: INTERNET&NOT_RESTRICTED&TRUSTED&NOT_VCN_MANAGED Uid: 10167 RequestorUid: 1000 RequestorPkg: android UnderlyingNetworks: Null] ]
02-21 07:36:19.246  2663  2663 D TelephonyNetworkFactory[0]: got request NetworkRequest [ REQUEST id=35, [ Capabilities: INTERNET&NOT_RESTRICTED&TRUSTED&NOT_VCN_MANAGED Uid: 10137 RequestorUid: 1000 RequestorPkg: android UnderlyingNetworks: Null] ]
02-21 07:36:19.246  2663  2663 D TelephonyNetworkFactory[1]: got request NetworkRequest [ REQUEST id=35, [ Capabilities: INTERNET&NOT_RESTRICTED&TRUSTED&NOT_VCN_MANAGED Uid: 10137 RequestorUid: 1000 RequestorPkg: android UnderlyingNetworks: Null] ]
02-21 07:36:19.246  2663  2663 D TelephonyNetworkFactory[0]: got request NetworkRequest [ REQUEST id=37, [ Capabilities: INTERNET&NOT_RESTRICTED&TRUSTED&NOT_VCN_MANAGED Uid: 10129 RequestorUid: 1000 RequestorPkg: android UnderlyingNetworks: Null] ]
02-21 07:36:19.246  2663  2663 D TelephonyNetworkFactory[1]: got request NetworkRequest [ REQUEST id=37, [ Capabilities: INTERNET&NOT_RESTRICTED&TRUSTED&NOT_VCN_MANAGED Uid: 10129 RequestorUid: 1000 RequestorPkg: android UnderlyingNetworks: Null] ]
02-21 07:36:19.246  2663  2663 D TelephonyNetworkFactory[1]: got request NetworkRequest [ REQUEST id=39, [ Capabilities: INTERNET&NOT_RESTRICTED&TRUSTED&NOT_VCN_MANAGED Uid: 10121 RequestorUid: 1000 RequestorPkg: android UnderlyingNetworks: Null] ]
02-21 07:36:19.246  2663  2663 D TelephonyNetworkFactory[0]: got request NetworkRequest [ REQUEST id=39, [ Capabilities: INTERNET&NOT_RESTRICTED&TRUSTED&NOT_VCN_MANAGED Uid: 10121 RequestorUid: 1000 RequestorPkg: android UnderlyingNetworks: Null] ]
02-21 07:36:19.246  2663  2663 D TelephonyNetworkFactory[0]: got request NetworkRequest [ REQUEST id=41, [ Capabilities: INTERNET&NOT_RESTRICTED&TRUSTED&NOT_VCN_MANAGED Uid: 10113 RequestorUid: 1000 RequestorPkg: android UnderlyingNetworks: Null] ]
02-21 07:36:19.246  2663  2663 D DCT-C-1 : onEnableApn: apnType=default, request type=NORMAL
02-21 07:36:19.248  2663  2663 D DCT-C-1 : shouldRestrictDataForEcbm: isInEcm=false isInImsEcm=false
02-21 07:36:19.250  2663  2663 D DCT-C-1 : trySetupData for APN type default, reason: dataEnabled, requestType=NORMAL. Data disallowed reasons: NOT_ATTACHED
02-21 07:36:19.250  2663  2663 D DCT-C-1 : trySetupData failed. apnContext = [type=default, mState=IDLE, apnEnabled=true, mDependencyMet=true] 
02-21 07:36:19.250  2663  2663 D TelephonyNetworkFactory[1]: onNeedNetworkFor NetworkRequest [ REQUEST id=21, [ Capabilities: INTERNET&NOT_RESTRICTED&TRUSTED&NOT_VCN_MANAGED Uid: 10200 RequestorUid: 1000 RequestorPkg: android UnderlyingNetworks: Null] ] shouldApply true
02-21 07:36:19.250  2663  2663 D TelephonyNetworkFactory[1]: got request NetworkRequest [ REQUEST id=41, [ Capabilities: INTERNET&NOT_RESTRICTED&TRUSTED&NOT_VCN_MANAGED Uid: 10113 RequestorUid: 1000 RequestorPkg: android UnderlyingNetworks: Null] ]
02-21 07:36:19.250  2663  2663 D TelephonyNetworkFactory[0]: got request NetworkRequest [ REQUEST id=43, [ Capabilities: INTERNET&NOT_RESTRICTED&TRUSTED&NOT_VCN_MANAGED Uid: 10112 RequestorUid: 1000 RequestorPkg: android UnderlyingNetworks: Null] ]
02-21 07:36:19.250  2663  2663 D TelephonyNetworkFactory[1]: got request NetworkRequest [ REQUEST id=43, [ Capabilities: INTERNET&NOT_RESTRICTED&TRUSTED&NOT_VCN_MANAGED Uid: 10112 RequestorUid: 1000 RequestorPkg: android UnderlyingNetworks: Null] ]
02-21 07:36:19.250  2663  2663 D TelephonyNetworkFactory[1]: got request NetworkRequest [ REQUEST id=45, [ Capabilities: INTERNET&NOT_RESTRICTED&TRUSTED&NOT_VCN_MANAGED Uid: 10035 RequestorUid: 1000 RequestorPkg: android UnderlyingNetworks: Null] ]
02-21 07:36:19.250  2663  2663 D TelephonyNetworkFactory[1]: got request NetworkRequest [ REQUEST id=47, [ Capabilities: INTERNET&NOT_RESTRICTED&TRUSTED&NOT_VCN_MANAGED Uid: 10034 RequestorUid: 1000 RequestorPkg: android UnderlyingNetworks: Null] ]
02-21 07:36:19.250  2663  2663 D TelephonyNetworkFactory[1]: got request NetworkRequest [ REQUEST id=49, [ Capabilities: INTERNET&NOT_RESTRICTED&TRUSTED&NOT_VCN_MANAGED Uid: 10033 RequestorUid: 1000 RequestorPkg: android UnderlyingNetworks: Null] ]
02-21 07:36:19.250  2663  2663 D TelephonyNetworkFactory[1]: got request NetworkRequest [ REQUEST id=51, [ Capabilities: INTERNET&NOT_RESTRICTED&TRUSTED&NOT_VCN_MANAGED Uid: 10030 RequestorUid: 1000 RequestorPkg: android UnderlyingNetworks: Null] ]
02-21 07:36:19.250  2663  2663 D TelephonyNetworkFactory[1]: got request NetworkRequest [ REQUEST id=53, [ Capabilities: INTERNET&NOT_RESTRICTED&TRUSTED&NOT_VCN_MANAGED Uid: 10026 RequestorUid: 1000 RequestorPkg: android UnderlyingNetworks: Null] ]
02-21 07:36:19.250  2663  2663 D TelephonyNetworkFactory[1]: got request NetworkRequest [ REQUEST id=55, [ Capabilities: INTERNET&NOT_RESTRICTED&TRUSTED&NOT_VCN_MANAGED Uid: 10022 RequestorUid: 1000 RequestorPkg: android UnderlyingNetworks: Null] ]
02-21 07:36:19.250  2663  2663 D TelephonyNetworkFactory[0]: got request NetworkRequest [ REQUEST id=45, [ Capabilities: INTERNET&NOT_RESTRICTED&TRUSTED&NOT_VCN_MANAGED Uid: 10035 RequestorUid: 1000 RequestorPkg: android UnderlyingNetworks: Null] ]
02-21 07:36:19.250  2663  2663 D TelephonyNetworkFactory[0]: got request NetworkRequest [ REQUEST id=47, [ Capabilities: INTERNET&NOT_RESTRICTED&TRUSTED&NOT_VCN_MANAGED Uid: 10034 RequestorUid: 1000 RequestorPkg: android UnderlyingNetworks: Null] ]
02-21 07:36:19.250  2663  2663 D TelephonyNetworkFactory[0]: got request NetworkRequest [ REQUEST id=49, [ Capabilities: INTERNET&NOT_RESTRICTED&TRUSTED&NOT_VCN_MANAGED Uid: 10033 RequestorUid: 1000 RequestorPkg: android UnderlyingNetworks: Null] ]
02-21 07:36:19.250  2663  2663 D TelephonyNetworkFactory[0]: got request NetworkRequest [ REQUEST id=51, [ Capabilities: INTERNET&NOT_RESTRICTED&TRUSTED&NOT_VCN_MANAGED Uid: 10030 RequestorUid: 1000 RequestorPkg: android UnderlyingNetworks: Null] ]
02-21 07:36:19.250  2663  2663 D TelephonyNetworkFactory[0]: got request NetworkRequest [ REQUEST id=53, [ Capabilities: INTERNET&NOT_RESTRICTED&TRUSTED&NOT_VCN_MANAGED Uid: 10026 RequestorUid: 1000 RequestorPkg: android UnderlyingNetworks: Null] ]
02-21 07:36:19.250  2663  2663 D TelephonyNetworkFactory[0]: got request NetworkRequest [ REQUEST id=55, [ Capabilities: INTERNET&NOT_RESTRICTED&TRUSTED&NOT_VCN_MANAGED Uid: 10022 RequestorUid: 1000 RequestorPkg: android UnderlyingNetworks: Null] ]
02-21 07:36:19.251  2663  2663 D TelephonyNetworkFactory[0]: got request NetworkRequest [ REQUEST id=57, [ Capabilities: INTERNET&NOT_RESTRICTED&TRUSTED&NOT_VCN_MANAGED Uid: 10145 RequestorUid: 1000 RequestorPkg: android UnderlyingNetworks: Null] ]
02-21 07:36:19.251  2663  2663 D TelephonyNetworkFactory[1]: onNeedNetworkFor NetworkRequest [ REQUEST id=23, [ Capabilities: INTERNET&NOT_RESTRICTED&TRUSTED&NOT_VCN_MANAGED Uid: 10196 RequestorUid: 1000 RequestorPkg: android UnderlyingNetworks: Null] ] shouldApply true
02-21 07:36:19.251  2663  2663 D DCT-C-1 : onEnableApn: apnType=default, request type=NORMAL
02-21 07:36:19.252  2663  2663 D DCT-C-1 : shouldRestrictDataForEcbm: isInEcm=false isInImsEcm=false
02-21 07:36:19.253  2663  2663 D DCT-C-1 : trySetupData for APN type default, reason: dataEnabled, requestType=NORMAL. Data disallowed reasons: NOT_ATTACHED
02-21 07:36:19.253  2663  2663 D DCT-C-1 : trySetupData failed. apnContext = [type=default, mState=IDLE, apnEnabled=true, mDependencyMet=true] 
02-21 07:36:19.254  2663  2663 D TelephonyNetworkFactory[1]: onNeedNetworkFor NetworkRequest [ REQUEST id=25, [ Capabilities: INTERNET&NOT_RESTRICTED&TRUSTED&NOT_VCN_MANAGED Uid: 10187 RequestorUid: 1000 RequestorPkg: android UnderlyingNetworks: Null] ] shouldApply true
02-21 07:36:19.254  2663  2663 D SubscriptionController: [getSubId]- numSubIds == 0, return null slotIndex=0
02-21 07:36:19.254  2663  2663 D TelephonyNetworkFactory[0]: onNeedNetworkFor NetworkRequest [ REQUEST id=15, [ Capabilities: INTERNET&NOT_RESTRICTED&TRUSTED&NOT_VCN_MANAGED Uid: 10272 RequestorUid: 1000 RequestorPkg: android UnderlyingNetworks: Null] ] shouldApply false
02-21 07:36:19.254  2663  2663 D SubscriptionController: [getSubId]- numSubIds == 0, return null slotIndex=0
02-21 07:36:19.254  2663  2663 D TelephonyNetworkFactory[0]: onNeedNetworkFor NetworkRequest [ REQUEST id=17, [ Capabilities: INTERNET&NOT_RESTRICTED&TRUSTED&NOT_VCN_MANAGED Uid: 10202 RequestorUid: 1000 RequestorPkg: android UnderlyingNetworks: Null] ] shouldApply false
02-21 07:36:19.254  2663  2663 D TelephonyNetworkFactory[1]: onNeedNetworkFor NetworkRequest [ REQUEST id=27, [ Capabilities: INTERNET&NOT_RESTRICTED&TRUSTED&NOT_VCN_MANAGED Uid: 10186 RequestorUid: 1000 RequestorPkg: android UnderlyingNetworks: Null] ] shouldApply true
02-21 07:36:19.254  2663  2663 D SubscriptionController: [getSubId]- numSubIds == 0, return null slotIndex=0
02-21 07:36:19.254  2663  2663 D TelephonyNetworkFactory[0]: onNeedNetworkFor NetworkRequest [ REQUEST id=19, [ Capabilities: INTERNET&NOT_RESTRICTED&TRUSTED&NOT_VCN_MANAGED Uid: 10201 RequestorUid: 1000 RequestorPkg: android UnderlyingNetworks: Null] ] shouldApply false
02-21 07:36:19.254  2663  2663 D SubscriptionController: [getSubId]- numSubIds == 0, return null slotIndex=0
02-21 07:36:19.254  2663  2663 D TelephonyNetworkFactory[0]: onNeedNetworkFor NetworkRequest [ REQUEST id=21, [ Capabilities: INTERNET&NOT_RESTRICTED&TRUSTED&NOT_VCN_MANAGED Uid: 10200 RequestorUid: 1000 RequestorPkg: android UnderlyingNetworks: Null] ] shouldApply false
02-21 07:36:19.254  2663  2663 D SubscriptionController: [getSubId]- numSubIds == 0, return null slotIndex=0
02-21 07:36:19.254  2663  2663 D TelephonyNetworkFactory[0]: onNeedNetworkFor NetworkRequest [ REQUEST id=23, [ Capabilities: INTERNET&NOT_RESTRICTED&TRUSTED&NOT_VCN_MANAGED Uid: 10196 RequestorUid: 1000 RequestorPkg: android UnderlyingNetworks: Null] ] shouldApply false
02-21 07:36:19.254  2663  2663 D SubscriptionController: [getSubId]- numSubIds == 0, return null slotIndex=0
02-21 07:36:19.254  2663  2663 D TelephonyNetworkFactory[0]: onNeedNetworkFor NetworkRequest [ REQUEST id=25, [ Capabilities: INTERNET&NOT_RESTRICTED&TRUSTED&NOT_VCN_MANAGED Uid: 10187 RequestorUid: 1000 RequestorPkg: android UnderlyingNetworks: Null] ] shouldApply false
02-21 07:36:19.254  2663  2663 D SubscriptionController: [getSubId]- numSubIds == 0, return null slotIndex=0
02-21 07:36:19.254  2663  2663 D TelephonyNetworkFactory[0]: onNeedNetworkFor NetworkRequest [ REQUEST id=27, [ Capabilities: INTERNET&NOT_RESTRICTED&TRUSTED&NOT_VCN_MANAGED Uid: 10186 RequestorUid: 1000 RequestorPkg: android UnderlyingNetworks: Null] ] shouldApply false
02-21 07:36:19.254  2663  2663 D SubscriptionController: [getSubId]- numSubIds == 0, return null slotIndex=0
02-21 07:36:19.254  2663  2663 D TelephonyNetworkFactory[0]: onNeedNetworkFor NetworkRequest [ REQUEST id=29, [ Capabilities: INTERNET&NOT_RESTRICTED&TRUSTED&NOT_VCN_MANAGED Uid: 10173 RequestorUid: 1000 RequestorPkg: android UnderlyingNetworks: Null] ] shouldApply false
02-21 07:36:19.254  2663  2663 D TelephonyNetworkFactory[1]: onNeedNetworkFor NetworkRequest [ REQUEST id=29, [ Capabilities: INTERNET&NOT_RESTRICTED&TRUSTED&NOT_VCN_MANAGED Uid: 10173 RequestorUid: 1000 RequestorPkg: android UnderlyingNetworks: Null] ] shouldApply true
02-21 07:36:19.254  2663  2663 D SubscriptionController: [getSubId]- numSubIds == 0, return null slotIndex=0
02-21 07:36:19.254  2663  2663 D TelephonyNetworkFactory[0]: onNeedNetworkFor NetworkRequest [ REQUEST id=31, [ Capabilities: INTERNET&NOT_RESTRICTED&TRUSTED&NOT_VCN_MANAGED Uid: 10172 RequestorUid: 1000 RequestorPkg: android UnderlyingNetworks: Null] ] shouldApply false
02-21 07:36:19.254  2663  2663 D TelephonyNetworkFactory[1]: onNeedNetworkFor NetworkRequest [ REQUEST id=31, [ Capabilities: INTERNET&NOT_RESTRICTED&TRUSTED&NOT_VCN_MANAGED Uid: 10172 RequestorUid: 1000 RequestorPkg: android UnderlyingNetworks: Null] ] shouldApply true
02-21 07:36:19.255  2663  2663 D SubscriptionController: [getSubId]- numSubIds == 0, return null slotIndex=0
02-21 07:36:19.255  2663  2663 D TelephonyNetworkFactory[0]: onNeedNetworkFor NetworkRequest [ REQUEST id=33, [ Capabilities: INTERNET&NOT_RESTRICTED&TRUSTED&NOT_VCN_MANAGED Uid: 10167 RequestorUid: 1000 RequestorPkg: android UnderlyingNetworks: Null] ] shouldApply false
02-21 07:36:19.255  2663  2663 D TelephonyNetworkFactory[1]: onNeedNetworkFor NetworkRequest [ REQUEST id=33, [ Capabilities: INTERNET&NOT_RESTRICTED&TRUSTED&NOT_VCN_MANAGED Uid: 10167 RequestorUid: 1000 RequestorPkg: android UnderlyingNetworks: Null] ] shouldApply true
02-21 07:36:19.255  2663  2663 D SubscriptionController: [getSubId]- numSubIds == 0, return null slotIndex=0
02-21 07:36:19.255  2663  2663 D TelephonyNetworkFactory[0]: onNeedNetworkFor NetworkRequest [ REQUEST id=35, [ Capabilities: INTERNET&NOT_RESTRICTED&TRUSTED&NOT_VCN_MANAGED Uid: 10137 RequestorUid: 1000 RequestorPkg: android UnderlyingNetworks: Null] ] shouldApply false
02-21 07:36:19.255  2663  2663 D TelephonyNetworkFactory[1]: onNeedNetworkFor NetworkRequest [ REQUEST id=35, [ Capabilities: INTERNET&NOT_RESTRICTED&TRUSTED&NOT_VCN_MANAGED Uid: 10137 RequestorUid: 1000 RequestorPkg: android UnderlyingNetworks: Null] ] shouldApply true
02-21 07:36:19.255  2663  2663 D SubscriptionController: [getSubId]- numSubIds == 0, return null slotIndex=0
02-21 07:36:19.255  2663  2663 D TelephonyNetworkFactory[0]: onNeedNetworkFor NetworkRequest [ REQUEST id=37, [ Capabilities: INTERNET&NOT_RESTRICTED&TRUSTED&NOT_VCN_MANAGED Uid: 10129 RequestorUid: 1000 RequestorPkg: android UnderlyingNetworks: Null] ] shouldApply false
02-21 07:36:19.255  2663  2663 D TelephonyNetworkFactory[1]: onNeedNetworkFor NetworkRequest [ REQUEST id=37, [ Capabilities: INTERNET&NOT_RESTRICTED&TRUSTED&NOT_VCN_MANAGED Uid: 10129 RequestorUid: 1000 RequestorPkg: android UnderlyingNetworks: Null] ] shouldApply true
02-21 07:36:19.255  2663  2663 D TelephonyNetworkFactory[1]: onNeedNetworkFor NetworkRequest [ REQUEST id=39, [ Capabilities: INTERNET&NOT_RESTRICTED&TRUSTED&NOT_VCN_MANAGED Uid: 10121 RequestorUid: 1000 RequestorPkg: android UnderlyingNetworks: Null] ] shouldApply true
02-21 07:36:19.255  2663  2663 D SubscriptionController: [getSubId]- numSubIds == 0, return null slotIndex=0
02-21 07:36:19.255  2663  2663 D TelephonyNetworkFactory[0]: onNeedNetworkFor NetworkRequest [ REQUEST id=39, [ Capabilities: INTERNET&NOT_RESTRICTED&TRUSTED&NOT_VCN_MANAGED Uid: 10121 RequestorUid: 1000 RequestorPkg: android UnderlyingNetworks: Null] ] shouldApply false
02-21 07:36:19.255  2663  2663 D SubscriptionController: [getSubId]- numSubIds == 0, return null slotIndex=0
02-21 07:36:19.255  2663  2663 D TelephonyNetworkFactory[0]: onNeedNetworkFor NetworkRequest [ REQUEST id=41, [ Capabilities: INTERNET&NOT_RESTRICTED&TRUSTED&NOT_VCN_MANAGED Uid: 10113 RequestorUid: 1000 RequestorPkg: android UnderlyingNetworks: Null] ] shouldApply false
02-21 07:36:19.255  2663  2663 D TelephonyNetworkFactory[1]: got request NetworkRequest [ REQUEST id=57, [ Capabilities: INTERNET&NOT_RESTRICTED&TRUSTED&NOT_VCN_MANAGED Uid: 10145 RequestorUid: 1000 RequestorPkg: android UnderlyingNetworks: Null] ]
02-21 07:36:19.255  2663  2663 D TelephonyNetworkFactory[0]: got request NetworkRequest [ REQUEST id=59, [ Capabilities: INTERNET&NOT_RESTRICTED&TRUSTED&NOT_VCN_MANAGED Uid: 10019 RequestorUid: 1000 RequestorPkg: android UnderlyingNetworks: Null] ]
02-21 07:36:19.255  2663  2663 D TelephonyNetworkFactory[1]: got request NetworkRequest [ REQUEST id=59, [ Capabilities: INTERNET&NOT_RESTRICTED&TRUSTED&NOT_VCN_MANAGED Uid: 10019 RequestorUid: 1000 RequestorPkg: android UnderlyingNetworks: Null] ]
02-21 07:36:19.255  2663  2663 D DCT-C-1 : onEnableApn: apnType=default, request type=NORMAL
02-21 07:36:19.258  2663  2663 D DCT-C-1 : shouldRestrictDataForEcbm: isInEcm=false isInImsEcm=false
02-21 07:36:19.259  2663  2663 D DCT-C-1 : trySetupData for APN type default, reason: dataEnabled, requestType=NORMAL. Data disallowed reasons: NOT_ATTACHED
02-21 07:36:19.259  2663  2663 D DCT-C-1 : trySetupData failed. apnContext = [type=default, mState=IDLE, apnEnabled=true, mDependencyMet=true] 
02-21 07:36:19.259  2663  2663 D TelephonyNetworkFactory[1]: onNeedNetworkFor NetworkRequest [ REQUEST id=41, [ Capabilities: INTERNET&NOT_RESTRICTED&TRUSTED&NOT_VCN_MANAGED Uid: 10113 RequestorUid: 1000 RequestorPkg: android UnderlyingNetworks: Null] ] shouldApply true
02-21 07:36:19.259  2663  2663 D SubscriptionController: [getSubId]- numSubIds == 0, return null slotIndex=0
02-21 07:36:19.259  2663  2663 D TelephonyNetworkFactory[0]: onNeedNetworkFor NetworkRequest [ REQUEST id=43, [ Capabilities: INTERNET&NOT_RESTRICTED&TRUSTED&NOT_VCN_MANAGED Uid: 10112 RequestorUid: 1000 RequestorPkg: android UnderlyingNetworks: Null] ] shouldApply false
02-21 07:36:19.259  2663  2663 D TelephonyNetworkFactory[1]: onNeedNetworkFor NetworkRequest [ REQUEST id=43, [ Capabilities: INTERNET&NOT_RESTRICTED&TRUSTED&NOT_VCN_MANAGED Uid: 10112 RequestorUid: 1000 RequestorPkg: android UnderlyingNetworks: Null] ] shouldApply true
02-21 07:36:19.259  2663  2663 D TelephonyNetworkFactory[0]: got request NetworkRequest [ REQUEST id=61, [ Capabilities: INTERNET&NOT_RESTRICTED&TRUSTED&NOT_VCN_MANAGED Uid: 1000 RequestorUid: 1000 RequestorPkg: android UnderlyingNetworks: Null] ]
02-21 07:36:19.259  2663  2663 D TelephonyNetworkFactory[1]: onNeedNetworkFor NetworkRequest [ REQUEST id=45, [ Capabilities: INTERNET&NOT_RESTRICTED&TRUSTED&NOT_VCN_MANAGED Uid: 10035 RequestorUid: 1000 RequestorPkg: android UnderlyingNetworks: Null] ] shouldApply true
02-21 07:36:19.260  2663  2663 D TelephonyNetworkFactory[1]: onNeedNetworkFor NetworkRequest [ REQUEST id=47, [ Capabilities: INTERNET&NOT_RESTRICTED&TRUSTED&NOT_VCN_MANAGED Uid: 10034 RequestorUid: 1000 RequestorPkg: android UnderlyingNetworks: Null] ] shouldApply true
02-21 07:36:19.260  2663  2663 D TelephonyNetworkFactory[1]: onNeedNetworkFor NetworkRequest [ REQUEST id=49, [ Capabilities: INTERNET&NOT_RESTRICTED&TRUSTED&NOT_VCN_MANAGED Uid: 10033 RequestorUid: 1000 RequestorPkg: android UnderlyingNetworks: Null] ] shouldApply true
02-21 07:36:19.260  2663  2663 D TelephonyNetworkFactory[1]: onNeedNetworkFor NetworkRequest [ REQUEST id=51, [ Capabilities: INTERNET&NOT_RESTRICTED&TRUSTED&NOT_VCN_MANAGED Uid: 10030 RequestorUid: 1000 RequestorPkg: android UnderlyingNetworks: Null] ] shouldApply true
02-21 07:36:19.260  2663  2663 D TelephonyNetworkFactory[1]: onNeedNetworkFor NetworkRequest [ REQUEST id=53, [ Capabilities: INTERNET&NOT_RESTRICTED&TRUSTED&NOT_VCN_MANAGED Uid: 10026 RequestorUid: 1000 RequestorPkg: android UnderlyingNetworks: Null] ] shouldApply true
02-21 07:36:19.260  2663  2663 D TelephonyNetworkFactory[1]: onNeedNetworkFor NetworkRequest [ REQUEST id=55, [ Capabilities: INTERNET&NOT_RESTRICTED&TRUSTED&NOT_VCN_MANAGED Uid: 10022 RequestorUid: 1000 RequestorPkg: android UnderlyingNetworks: Null] ] shouldApply true
02-21 07:36:19.260  2663  2663 D SubscriptionController: [getSubId]- numSubIds == 0, return null slotIndex=0
02-21 07:36:19.260  2663  2663 D TelephonyNetworkFactory[0]: onNeedNetworkFor NetworkRequest [ REQUEST id=45, [ Capabilities: INTERNET&NOT_RESTRICTED&TRUSTED&NOT_VCN_MANAGED Uid: 10035 RequestorUid: 1000 RequestorPkg: android UnderlyingNetworks: Null] ] shouldApply false
02-21 07:36:19.260  2663  2663 D SubscriptionController: [getSubId]- numSubIds == 0, return null slotIndex=0
02-21 07:36:19.260  2663  2663 D TelephonyNetworkFactory[0]: onNeedNetworkFor NetworkRequest [ REQUEST id=47, [ Capabilities: INTERNET&NOT_RESTRICTED&TRUSTED&NOT_VCN_MANAGED Uid: 10034 RequestorUid: 1000 RequestorPkg: android UnderlyingNetworks: Null] ] shouldApply false
02-21 07:36:19.260  2663  2663 D SubscriptionController: [getSubId]- numSubIds == 0, return null slotIndex=0
02-21 07:36:19.260  2663  2663 D TelephonyNetworkFactory[0]: onNeedNetworkFor NetworkRequest [ REQUEST id=49, [ Capabilities: INTERNET&NOT_RESTRICTED&TRUSTED&NOT_VCN_MANAGED Uid: 10033 RequestorUid: 1000 RequestorPkg: android UnderlyingNetworks: Null] ] shouldApply false
02-21 07:36:19.260  2663  2663 D SubscriptionController: [getSubId]- numSubIds == 0, return null slotIndex=0
02-21 07:36:19.260  2663  2663 D TelephonyNetworkFactory[0]: onNeedNetworkFor NetworkRequest [ REQUEST id=51, [ Capabilities: INTERNET&NOT_RESTRICTED&TRUSTED&NOT_VCN_MANAGED Uid: 10030 RequestorUid: 1000 RequestorPkg: android UnderlyingNetworks: Null] ] shouldApply false
02-21 07:36:19.260  2663  2663 D SubscriptionController: [getSubId]- numSubIds == 0, return null slotIndex=0
02-21 07:36:19.260  2663  2663 D TelephonyNetworkFactory[0]: onNeedNetworkFor NetworkRequest [ REQUEST id=53, [ Capabilities: INTERNET&NOT_RESTRICTED&TRUSTED&NOT_VCN_MANAGED Uid: 10026 RequestorUid: 1000 RequestorPkg: android UnderlyingNetworks: Null] ] shouldApply false
02-21 07:36:19.260  2663  2663 D SubscriptionController: [getSubId]- numSubIds == 0, return null slotIndex=0
02-21 07:36:19.260  2663  2663 D TelephonyNetworkFactory[0]: onNeedNetworkFor NetworkRequest [ REQUEST id=55, [ Capabilities: INTERNET&NOT_RESTRICTED&TRUSTED&NOT_VCN_MANAGED Uid: 10022 RequestorUid: 1000 RequestorPkg: android UnderlyingNetworks: Null] ] shouldApply false
02-21 07:36:19.260  2663  2663 D SubscriptionController: [getSubId]- numSubIds == 0, return null slotIndex=0
02-21 07:36:19.260  2663  2663 D TelephonyNetworkFactory[0]: onNeedNetworkFor NetworkRequest [ REQUEST id=57, [ Capabilities: INTERNET&NOT_RESTRICTED&TRUSTED&NOT_VCN_MANAGED Uid: 10145 RequestorUid: 1000 RequestorPkg: android UnderlyingNetworks: Null] ] shouldApply false
