02-21 10:12:34.505  2663  3004 D SubscriptionController: [getActiveSubscriptionInfo]- subId=2 subList=[] subInfo=null
02-21 10:12:34.505  2663  2982 D IccSmsInterfaceManager: Failed to remove GSM cell broadcast channels range 4355 to 4355
02-21 10:12:34.505 22693 22931 D SmsManager: disableCellBroadcastRange: failed at calling disableCellBroadcastRangeForSubscriber. subId = -1
02-21 10:12:34.506  2663  2982 D IccSmsInterfaceManager: Calling setGsmBroadcastConfig with 1 configurations
02-21 10:12:34.506  2663  2982 D RILJ    : [2018]> GSM_SET_BROADCAST_CONFIG with 1 configs :  [PHONE0]
02-21 10:12:34.506  2663  2982 D RILJ    : SmsBroadcastConfigInfo: Id [4396,4396] Code [0,255] ENABLED [PHONE0]
02-21 10:12:34.507  2663  3004 D SubscriptionController: [getActiveSubscriptionInfo]- subId=2 subList=[] subInfo=null
02-21 10:12:34.508  2663  2704 D SubscriptionController: [getActiveSubscriptionInfo]- subId=2 subList=[] subInfo=null
02-21 10:12:34.510  2663  2785 D RILJ    : [2018]< GSM_SET_BROADCAST_CONFIG error 46 [PHONE0]
02-21 10:12:34.510  2663  2785 D RilRequest: [2018]< GSM_SET_BROADCAST_CONFIG error: com.android.internal.telephony.CommandException: INVALID_MODEM_STATE ret= result={ when=-9h39m59s396ms what=4 obj=com.android.internal.telephony.IccSmsInterfaceManager$Request@28c499f target=com.android.internal.telephony.IccSmsInterfaceManager$1 }
02-21 10:12:34.510  2663  2982 D IccSmsInterfaceManager: Failed to add GSM cell broadcast channels range 4396 to 4396
02-21 10:12:34.510 22693 22931 D SmsManager: enableCellBroadcastRange: failed at calling enableCellBroadcastRangeForSubscriber. subId = -1
02-21 10:12:34.511  2663  2982 D IccSmsInterfaceManager: Calling setGsmBroadcastConfig with 1 configurations
02-21 10:12:34.512  2663  2982 D RILJ    : [2019]> GSM_SET_BROADCAST_CONFIG with 1 configs :  [PHONE0]
02-21 10:12:34.512  2663  2982 D RILJ    : SmsBroadcastConfigInfo: Id [4397,4397] Code [0,255] ENABLED [PHONE0]
02-21 10:12:34.513  2663  2785 D RILJ    : [2019]< GSM_SET_BROADCAST_CONFIG error 46 [PHONE0]
02-21 10:12:34.513  2663  2785 D RilRequest: [2019]< GSM_SET_BROADCAST_CONFIG error: com.android.internal.telephony.CommandException: INVALID_MODEM_STATE ret= result={ when=-9h39m59s400ms what=4 obj=com.android.internal.telephony.IccSmsInterfaceManager$Request@423faec target=com.android.internal.telephony.IccSmsInterfaceManager$1 }
02-21 10:12:34.514  2663  2982 D IccSmsInterfaceManager: Failed to add GSM cell broadcast channels range 4397 to 4397
02-21 10:12:34.514 22693 22931 D SmsManager: enableCellBroadcastRange: failed at calling enableCellBroadcastRangeForSubscriber. subId = -1
02-21 10:12:34.514  2663  2982 D IccSmsInterfaceManager: Failed to remove GSM cell broadcast channels range 4398 to 4398
02-21 10:12:34.515 22693 22931 D SmsManager: disableCellBroadcastRange: failed at calling disableCellBroadcastRangeForSubscriber. subId = -1
02-21 10:12:34.516  2663  2704 D IccSmsInterfaceManager: Failed to remove GSM cell broadcast channels range 4399 to 4399
02-21 10:12:34.516 22693 22931 D SmsManager: disableCellBroadcastRange: failed at calling disableCellBroadcastRangeForSubscriber. subId = -1
02-21 10:12:34.516  2663  2704 D IccSmsInterfaceManager: Calling setGsmBroadcastConfig with 1 configurations
02-21 10:12:34.517  2663  2704 D RILJ    : [2020]> GSM_SET_BROADCAST_CONFIG with 1 configs :  [PHONE0]
02-21 10:12:34.517  2663  2704 D RILJ    : SmsBroadcastConfigInfo: Id [4400,4400] Code [0,255] ENABLED [PHONE0]
02-21 10:12:34.520  2663  2785 D RILJ    : [2020]< GSM_SET_BROADCAST_CONFIG error 46 [PHONE0]
02-21 10:12:34.520  2663  2785 D RilRequest: [2020]< GSM_SET_BROADCAST_CONFIG error: com.android.internal.telephony.CommandException: INVALID_MODEM_STATE ret= result={ when=-9h39m59s407ms what=4 obj=com.android.internal.telephony.IccSmsInterfaceManager$Request@84deeb5 target=com.android.internal.telephony.IccSmsInterfaceManager$1 }
02-21 10:12:34.521  2663  2704 D IccSmsInterfaceManager: Failed to add GSM cell broadcast channels range 4400 to 4400
02-21 10:12:34.521 22693 22931 D SmsManager: enableCellBroadcastRange: failed at calling enableCellBroadcastRangeForSubscriber. subId = -1
02-21 10:12:34.533  2663  2785 D RILJ    : [2014]< SIM_TRANSMIT_APDU_CHANNEL  [PHONE1]
02-21 10:12:34.533  2663  2663 V TransApdu: Response: IccIoResult sw1:0x90 sw2:0x0 Payload: *******
02-21 10:12:34.533  2663  2663 V ApduSender: Full APDU response: IccIoResult sw1:0x90 sw2:0x0 Payload: *******
02-21 10:12:34.533  2663  2663 V CloseChan: Channel: 2
02-21 10:12:34.534  2663  2663 D RILJ    : [2021]> SIM_CLOSE_CHANNEL channel = 2 [PHONE1]
02-21 10:12:34.535  2663  2785 D RILJ    : [2015]< SIM_CLOSE_CHANNEL  [PHONE1]
02-21 10:12:34.535  2663  2663 D UiccProfile: handleMessage: Received CLOSE_LOGICAL_CHANNEL_DONE for phoneId 1
02-21 10:12:34.537  2663  2785 D RILJ    : [2021]< SIM_CLOSE_CHANNEL  [PHONE1]
02-21 10:12:34.542  2663  3086 D RILJ    : [2022]> SIM_OPEN_CHANNEL [PHONE1]
02-21 10:12:34.550  2663  2955 D SubscriptionInfoUpdater: blockingGetEuiccProfileInfoList cardId 0
02-21 10:12:34.550  2663  2663 D SubscriptionInfoUpdater: updateEmbeddedSubscriptionsCache
02-21 10:12:34.550  2663  2663 D SubscriptionInfoUpdater: blockingGetEuiccProfileInfoList: got 0 profiles
02-21 10:12:34.550  2663  2663 D SubscriptionInfoUpdater: Get eUICC profile list of size 0
02-21 10:12:34.552  2663  2663 D SubscriptionInfoUpdater: updateEmbeddedSubscriptions done hasChanges=false
02-21 10:12:34.556  2663  2785 D RILJ    : [2022]< SIM_OPEN_CHANNEL  [PHONE1]
02-21 10:12:34.556  2663  2663 V OpenChan: Response: Channel: 1 Status: 1
02-21 10:12:34.556  2663  2663 V TransApdu: Send: ApduCommand(channel=1, cla=128, ins=226, p1=145, p2=0, p3=8, cmd=BF2B05A00380010D)
02-21 10:12:34.558  2663  2663 D RILJ    : [2023]> SIM_TRANSMIT_APDU_CHANNEL [PHONE1]
02-21 10:12:34.565  2663  3086 D SubscriptionController: [getActiveSubscriptionInfo]- subId=3 subList=[] subInfo=null
02-21 10:12:34.568  2663  3086 D SubscriptionController: [getActiveSubscriptionInfo]- subId=3 subList=[] subInfo=null
02-21 10:12:34.569  2663  2704 D SubscriptionController: [getActiveSubscriptionInfo]- subId=3 subList=[] subInfo=null
02-21 10:12:34.594  2663  2704 D SubscriptionController: [getAvailableSubInfoList]- no info return
02-21 10:12:34.626  2663  2704 D SubscriptionController: [getActiveSubscriptionInfo]- subId=4 subList=[] subInfo=null
02-21 10:12:34.629  2663  2704 D SubscriptionController: [getActiveSubscriptionInfo]- subId=4 subList=[] subInfo=null
02-21 10:12:34.642  2663  3004 D SubscriptionController: [getActiveSubscriptionInfo]- subId=4 subList=[] subInfo=null
02-21 10:12:34.768  2663  2785 D RILJ    : [2023]< SIM_TRANSMIT_APDU_CHANNEL  [PHONE1]
02-21 10:12:34.768  2663  2663 V TransApdu: Response: IccIoResult sw1:0x90 sw2:0x0 Payload: *******
02-21 10:12:34.768  2663  2663 V ApduSender: Full APDU response: IccIoResult sw1:0x90 sw2:0x0 Payload: *******
02-21 10:12:34.768  2663  2663 V CloseChan: Channel: 1
02-21 10:12:34.769  2663  2663 D RILJ    : [2024]> SIM_CLOSE_CHANNEL channel = 1 [PHONE1]
02-21 10:12:34.772  2663  2785 D RILJ    : [2024]< SIM_CLOSE_CHANNEL  [PHONE1]
02-21 10:12:36.583  2663  3004 D SubscriptionController: [getSlotIndex]- subId invalid
02-21 10:12:36.583  2663  3004 D SubscriptionController: [getSlotIndex]- subId invalid
02-21 10:12:39.312  2663  3004 D SubscriptionController: [getAvailableSubInfoList]- no info return
02-21 10:12:39.314  2663  2704 D SubscriptionController: [getAvailableSubInfoList]- no info return
02-21 10:12:39.317  2663  2704 D SubscriptionController: [getAvailableSubInfoList]- no info return
02-21 10:12:39.320  2663  2704 D SubscriptionController: [getAvailableSubInfoList]- no info return
02-21 10:12:39.323  2663  2704 D SubscriptionController: [getAvailableSubInfoList]- no info return
02-21 10:12:39.325  2663  3004 D SubscriptionController: [getAvailableSubInfoList]- no info return
02-21 10:12:39.328  2663  3004 D SubscriptionController: [getAvailableSubInfoList]- no info return
02-21 10:12:39.331  2663  3004 D SubscriptionController: [getAvailableSubInfoList]- no info return
02-21 10:12:39.382  2663  3069 D SubscriptionController: [getAvailableSubInfoList]- no info return
02-21 10:12:39.382  2663  3004 D SubscriptionController: [getAvailableSubInfoList]- no info return
02-21 10:12:39.385  2663  3069 D SubscriptionController: [getAvailableSubInfoList]- no info return
02-21 10:12:39.388  2663  3004 D SubscriptionController: [getAvailableSubInfoList]- no info return
02-21 10:12:40.212  1061  1061 I GRIL-Q  : qmi_vs_scone_activity_input_req completed 0, 0
02-21 10:12:45.325  2663  3080 E PhoneSubInfoController: getGroupIdLevel1 phone is null for Subscription:-1
02-21 10:12:45.328  2663  3069 D RILJ    : [2025]> SIM_OPEN_CHANNEL [PHONE1]
02-21 10:12:45.340  2663  2785 D RILJ    : [2025]< SIM_OPEN_CHANNEL  [PHONE1]
02-21 10:12:45.340  2663  2663 V OpenChan: Response: Channel: 1 Status: 1
02-21 10:12:45.341  2663  2663 V TransApdu: Send: ApduCommand(channel=1, cla=128, ins=226, p1=145, p2=0, p3=6, cmd=BF300380010D)
02-21 10:12:45.342  2663  2663 D RILJ    : [2026]> SIM_TRANSMIT_APDU_CHANNEL [PHONE1]
02-21 10:12:45.423  1061  1061 I GRIL-Q  : qmi_vs_scone_activity_input_req completed 0, 0
02-21 10:12:45.541  2663  3069 D SubscriptionController: [getSlotIndex]- subId invalid
02-21 10:12:45.542  2663  3069 D SubscriptionController: [getSlotIndex]- subId invalid
02-21 10:12:45.551  2663  2663 V TransApdu: Response: IccIoResult sw1:0x90 sw2:0x0 Payload: *******
02-21 10:12:45.551  2663  2663 V ApduSender: Full APDU response: IccIoResult sw1:0x90 sw2:0x0 Payload: *******
02-21 10:12:45.551  2663  2663 V CloseChan: Channel: 1
02-21 10:12:45.552  2663  2663 D RILJ    : [2027]> SIM_CLOSE_CHANNEL channel = 1 [PHONE1]
02-21 10:12:45.552  2663  2785 D RILJ    : [2026]< SIM_TRANSMIT_APDU_CHANNEL  [PHONE1]
02-21 10:12:45.558  2663  2785 D RILJ    : [2027]< SIM_CLOSE_CHANNEL  [PHONE1]
02-21 10:12:45.561  2663  3069 D RILJ    : [2028]> SIM_OPEN_CHANNEL [PHONE1]
02-21 10:12:45.570  2663  3069 D SubscriptionController: [getSlotIndex]- subId invalid
02-21 10:12:45.576  2663  2785 D RILJ    : [2028]< SIM_OPEN_CHANNEL  [PHONE1]
02-21 10:12:45.576  2663  2663 V OpenChan: Response: Channel: 1 Status: 1
02-21 10:12:45.577  2663  2663 V TransApdu: Send: ApduCommand(channel=1, cla=128, ins=226, p1=145, p2=0, p3=8, cmd=BF2B05A00380010E)
02-21 10:12:45.578  2663  2663 D RILJ    : [2029]> SIM_TRANSMIT_APDU_CHANNEL [PHONE1]
02-21 10:12:45.786  2663  2785 D RILJ    : [2029]< SIM_TRANSMIT_APDU_CHANNEL  [PHONE1]
02-21 10:12:45.786  2663  2663 V TransApdu: Response: IccIoResult sw1:0x90 sw2:0x0 Payload: *******
02-21 10:12:45.786  2663  2663 V ApduSender: Full APDU response: IccIoResult sw1:0x90 sw2:0x0 Payload: *******
02-21 10:12:45.786  2663  2663 V CloseChan: Channel: 1
02-21 10:12:45.790  2663  2663 D RILJ    : [2030]> SIM_CLOSE_CHANNEL channel = 1 [PHONE1]
02-21 10:12:45.794  2663  2785 D RILJ    : [2030]< SIM_CLOSE_CHANNEL  [PHONE1]
02-21 10:12:46.247  2663  3069 E PhoneSubInfoController: getGroupIdLevel1 phone is null for Subscription:-1
02-21 10:12:46.253  2663  3069 D RILJ    : [2031]> SIM_OPEN_CHANNEL [PHONE1]
02-21 10:12:46.261  2663  3069 E PhoneSubInfoController: getGroupIdLevel1 phone is null for Subscription:-1
02-21 10:12:46.268  2663  2785 D RILJ    : [2031]< SIM_OPEN_CHANNEL  [PHONE1]
02-21 10:12:46.268  2663  2663 V OpenChan: Response: Channel: 1 Status: 1
02-21 10:12:46.268  2663  2663 V TransApdu: Send: ApduCommand(channel=1, cla=128, ins=226, p1=145, p2=0, p3=6, cmd=BF300380010E)
02-21 10:12:46.270  2663  2663 D RILJ    : [2032]> SIM_TRANSMIT_APDU_CHANNEL [PHONE1]
02-21 10:12:46.482  2663  2785 D RILJ    : [2032]< SIM_TRANSMIT_APDU_CHANNEL  [PHONE1]
02-21 10:12:46.483  2663  2663 V TransApdu: Response: IccIoResult sw1:0x90 sw2:0x0 Payload: *******
02-21 10:12:46.483  2663  2663 V ApduSender: Full APDU response: IccIoResult sw1:0x90 sw2:0x0 Payload: *******
02-21 10:12:46.483  2663  2663 V CloseChan: Channel: 1
02-21 10:12:46.488  2663  2663 D RILJ    : [2033]> SIM_CLOSE_CHANNEL channel = 1 [PHONE1]
02-21 10:12:46.497  2663  2785 D RILJ    : [2033]< SIM_CLOSE_CHANNEL  [PHONE1]
02-21 10:12:59.460  1061  1061 I GRIL-Q  : qmi_vs_scone_activity_input_req completed 0, 0
02-21 10:13:04.445  2663  3069 D SubscriptionController: [getSlotIndex]- subId invalid
02-21 10:13:04.445  2663  3080 D SubscriptionController: [getSlotIndex]- subId invalid
02-21 10:13:04.636  2663  3069 D RILJ    : [2034]> SIM_OPEN_CHANNEL [PHONE1]
02-21 10:13:04.650  2663  2785 D RILJ    : [2034]< SIM_OPEN_CHANNEL  [PHONE1]
02-21 10:13:04.650  2663  2663 V OpenChan: Response: Channel: 1 Status: 1
02-21 10:13:04.650  2663  2663 V TransApdu: Send: ApduCommand(channel=1, cla=128, ins=226, p1=145, p2=0, p3=3, cmd=BF2E00)
02-21 10:13:04.656  2663  2663 D RILJ    : [2035]> SIM_TRANSMIT_APDU_CHANNEL [PHONE1]
02-21 10:13:04.677  2663  2785 D RILJ    : [2035]< SIM_TRANSMIT_APDU_CHANNEL  [PHONE1]
02-21 10:13:04.677  2663  2663 V TransApdu: Response: IccIoResult sw1:0x90 sw2:0x0 Payload: *******
02-21 10:13:04.677  2663  2663 V ApduSender: Full APDU response: IccIoResult sw1:0x90 sw2:0x0 Payload: *******
02-21 10:13:04.677  2663  2663 V CloseChan: Channel: 1
02-21 10:13:04.678  2663  2663 D RILJ    : [2036]> SIM_CLOSE_CHANNEL channel = 1 [PHONE1]
02-21 10:13:04.683  2663  2785 D RILJ    : [2036]< SIM_CLOSE_CHANNEL  [PHONE1]
02-21 10:13:04.688  2663  3069 D RILJ    : [2037]> SIM_OPEN_CHANNEL [PHONE1]
02-21 10:13:04.702  2663  2785 D RILJ    : [2037]< SIM_OPEN_CHANNEL  [PHONE1]
02-21 10:13:04.703  2663  2663 V OpenChan: Response: Channel: 1 Status: 1
02-21 10:13:04.703  2663  2663 V TransApdu: Send: ApduCommand(channel=1, cla=128, ins=226, p1=145, p2=0, p3=3, cmd=BF2000)
02-21 10:13:04.705  2663  2663 D RILJ    : [2038]> SIM_TRANSMIT_APDU_CHANNEL [PHONE1]
02-21 10:13:04.791  2663  2785 D RILJ    : [2038]< SIM_TRANSMIT_APDU_CHANNEL  [PHONE1]
02-21 10:13:04.791  2663  2663 V TransApdu: Response: IccIoResult sw1:0x90 sw2:0x0 Payload: *******
02-21 10:13:04.791  2663  2663 V ApduSender: Full APDU response: IccIoResult sw1:0x90 sw2:0x0 Payload: *******
02-21 10:13:04.791  2663  2663 V CloseChan: Channel: 1
02-21 10:13:04.793  2663  2663 D RILJ    : [2039]> SIM_CLOSE_CHANNEL channel = 1 [PHONE1]
02-21 10:13:04.798  2663  2785 D RILJ    : [2039]< SIM_CLOSE_CHANNEL  [PHONE1]
02-21 10:13:05.065  2663  3069 E PhoneSubInfoController: getGroupIdLevel1 phone is null for Subscription:-1
02-21 10:13:05.071  2663  3069 E PhoneSubInfoController: getGroupIdLevel1 phone is null for Subscription:-1
02-21 10:13:05.299  2663  3068 E PhoneSubInfoController: getGroupIdLevel1 phone is null for Subscription:-1
02-21 10:13:05.305  2663  3068 D RILJ    : [2040]> SIM_OPEN_CHANNEL [PHONE1]
02-21 10:13:05.319  2663  2785 D RILJ    : [2040]< SIM_OPEN_CHANNEL  [PHONE1]
02-21 10:13:05.319  2663  2663 V OpenChan: Response: Channel: 1 Status: 1
02-21 10:13:05.324  2663  2663 V TransApdu: Send: ApduCommand(channel=1, cla=128, ins=226, p1=17, p2=0, p3=255, cmd=BF3882033D304780105BC368376F3D473189BCA8943EF340EA8110839F942D2DB87EFE5691E62A53DDE1F9830F6C70612E64732E67736D612E636F6D8410C98E14CA1DA44F519010E05DB405ECC15F3740989FEA03EC745EBE1C5306E3D0AA6FA1E7D45651A586D79DEE6FC1ECE7036244D9173BE8E3DA894722904209114F3F43DBD19293C8C0DAE993991CE88E4E87B9041481370F5125D0B1D408D4C3B232E6D25E795BEBFB3082026130820208A00302010202106E83C96CCB31DBD95377958F390B304A300A06082A8648CE3D040302304431183016060355040A130F47534D204173736F63696174696F6E312830260603550403131F47534D204173)
02-21 10:13:05.326  2663  2663 D RILJ    : [2041]> SIM_TRANSMIT_APDU_CHANNEL [PHONE1]
02-21 10:13:05.346  2663  2785 D RILJ    : [2041]< SIM_TRANSMIT_APDU_CHANNEL  [PHONE1]
02-21 10:13:05.346  2663  2663 V TransApdu: Response: IccIoResult sw1:0x90 sw2:0x0 Payload: *******
02-21 10:13:05.346  2663  2663 V ApduSender: Full APDU response: IccIoResult sw1:0x90 sw2:0x0 Payload: *******
02-21 10:13:05.346  2663  2663 V TransApdu: Send: ApduCommand(channel=1, cla=128, ins=226, p1=17, p2=1, p3=255, cmd=736F63696174696F6E202D205253503220526F6F7420434931301E170D3230303532303030303030305A170D3233303531393233353935395A3050310B300906035504061302465231133011060355040A130A47656D616C746F205341311C301A0603550403131347534D412050494C4F542044435420534D4453310E300C06035504071305546F7572733059301306072A8648CE3D020106082A8648CE3D030107034200044515D854A1BFA9D3E5A04064ACAC233A011DD5FCA366FF7C9898733F515A6234EC1CD6901036DBDBF3004F85AAA6B67DAD6980BB5B3C2723087C310E2D212635A381CF3081CC30170603551D200101FF040D300B3009060767)
02-21 10:13:05.349  2663  2663 D RILJ    : [2042]> SIM_TRANSMIT_APDU_CHANNEL [PHONE1]
02-21 10:13:05.367  2663  2785 D RILJ    : [2042]< SIM_TRANSMIT_APDU_CHANNEL  [PHONE1]
02-21 10:13:05.367  2663  2663 V TransApdu: Response: IccIoResult sw1:0x90 sw2:0x0 Payload: *******
02-21 10:13:05.367  2663  2663 V ApduSender: Full APDU response: IccIoResult sw1:0x90 sw2:0x0 Payload: *******
02-21 10:13:05.368  2663  2663 V TransApdu: Send: ApduCommand(channel=1, cla=128, ins=226, p1=17, p2=2, p3=255, cmd=811201020107304D0603551D1F044630443042A040A03E863C687474703A2F2F67736D612D63726C2E73796D617574682E636F6D2F6F66666C696E6563612F67736D612D727370322D726F6F742D6369312E63726C300E0603551D0F0101FF04040302078030120603551D11040B3009880767811201870502301D0603551D0E0416041457814874C70AB76D42F3DC6FB0D6BAAD2003D83A301F0603551D2304183016801481370F5125D0B1D408D4C3B232E6D25E795BEBFB300A06082A8648CE3D040302034700304402207F826B08306B9A86E44C914AF299A011EEA21FFD59AC4747BDDAE39A1C1E24F5022073CE40E35DCCA0E3D8D012CBAB994A29B3)
02-21 10:13:05.369  2663  2663 D RILJ    : [2043]> SIM_TRANSMIT_APDU_CHANNEL [PHONE1]
02-21 10:13:05.390  2663  2785 D RILJ    : [2043]< SIM_TRANSMIT_APDU_CHANNEL  [PHONE1]
02-21 10:13:05.390  2663  2663 V TransApdu: Response: IccIoResult sw1:0x90 sw2:0x0 Payload: *******
02-21 10:13:05.390  2663  2663 V ApduSender: Full APDU response: IccIoResult sw1:0x90 sw2:0x0 Payload: *******
02-21 10:13:05.390  2663  2663 V TransApdu: Send: ApduCommand(channel=1, cla=128, ins=226, p1=145, p2=3, p3=69, cmd=8380DADFB9FE3C7DB4166180C55E7CA0348000A130800453920301A11E80030B000081030B00008203010000830303000084030C000085030B00008208539203012174766F)
02-21 10:13:05.393  2663  2663 D RILJ    : [2044]> SIM_TRANSMIT_APDU_CHANNEL [PHONE1]
02-21 10:13:06.218  2663  2785 D RILJ    : [2044]< SIM_TRANSMIT_APDU_CHANNEL  [PHONE1]
02-21 10:13:06.219  2663  2663 V TransApdu: Response: IccIoResult sw1:0x90 sw2:0x0 Payload: *******
02-21 10:13:06.219  2663  2663 V ApduSender: Full APDU response: IccIoResult sw1:0x90 sw2:0x0 Payload: *******
02-21 10:13:06.219  2663  2663 V CloseChan: Channel: 1
02-21 10:13:06.222  2663  2663 D RILJ    : [2045]> SIM_CLOSE_CHANNEL channel = 1 [PHONE1]
02-21 10:13:06.229  2663  2785 D RILJ    : [2045]< SIM_CLOSE_CHANNEL  [PHONE1]
02-21 10:13:06.233  2663  3068 E PhoneSubInfoController: getGroupIdLevel1 phone is null for Subscription:-1
02-21 10:13:06.677  2663  3068 E PhoneSubInfoController: getGroupIdLevel1 phone is null for Subscription:-1
02-21 10:13:06.678  2663  3086 E PhoneSubInfoController: getGroupIdLevel1 phone is null for Subscription:-1
02-21 10:13:06.680  2663  3069 E PhoneSubInfoController: getGroupIdLevel1 phone is null for Subscription:-1
02-21 10:13:06.826  2663  3069 E PhoneSubInfoController: getGroupIdLevel1 phone is null for Subscription:-1
02-21 10:13:12.165  2663  3069 E PhoneSubInfoController: getGroupIdLevel1 phone is null for Subscription:-1
02-21 10:13:12.350  2663  3069 E PhoneSubInfoController: getGroupIdLevel1 phone is null for Subscription:-1
02-21 10:13:12.413  1061  1975 I GRIL-Q  : QMI_LOGGING_EXTENDED_MSG_IND_V01
02-21 10:13:12.414  1061  1061 I GRIL-Q  : qmi_vs_send_device_state_req completed 0, 0
02-21 10:13:12.869  2663  3069 E PhoneSubInfoController: getGroupIdLevel1 phone is null for Subscription:-1
02-21 10:13:17.203  1061  1061 I GRIL-Q  : qmi_vs_send_device_state_req completed 0, 0
02-21 10:13:17.231  2663  3069 D RILJ    : [2046]> SIM_OPEN_CHANNEL [PHONE1]
02-21 10:13:17.247  2663  2785 D RILJ    : [2046]< SIM_OPEN_CHANNEL  [PHONE1]
02-21 10:13:17.247  2663  2663 V OpenChan: Response: Channel: 1 Status: 1
02-21 10:13:17.247  2663  2663 V TransApdu: Send: ApduCommand(channel=1, cla=128, ins=226, p1=145, p2=0, p3=7, cmd=BF2804810204F0)
02-21 10:13:17.251  2663  2663 D RILJ    : [2047]> SIM_TRANSMIT_APDU_CHANNEL [PHONE1]
02-21 10:13:17.264  2663  2785 D RILJ    : [2047]< SIM_TRANSMIT_APDU_CHANNEL  [PHONE1]
02-21 10:13:17.264  2663  2663 V TransApdu: Response: IccIoResult sw1:0x90 sw2:0x0 Payload: *******
02-21 10:13:17.264  2663  2663 V ApduSender: Full APDU response: IccIoResult sw1:0x90 sw2:0x0 Payload: *******
02-21 10:13:17.264  2663  2663 V CloseChan: Channel: 1
02-21 10:13:17.267  2663  2663 D RILJ    : [2048]> SIM_CLOSE_CHANNEL channel = 1 [PHONE1]
02-21 10:13:17.273  2663  2785 D RILJ    : [2048]< SIM_CLOSE_CHANNEL  [PHONE1]
02-21 10:13:17.284  2663  3069 D RILJ    : [2049]> SIM_OPEN_CHANNEL [PHONE1]
02-21 10:13:17.304  2663  2785 D RILJ    : [2049]< SIM_OPEN_CHANNEL  [PHONE1]
02-21 10:13:17.304  2663  2663 V OpenChan: Response: Channel: 1 Status: 1
02-21 10:13:17.304  2663  2663 V TransApdu: Send: ApduCommand(channel=1, cla=128, ins=226, p1=145, p2=0, p3=3, cmd=BF2E00)
02-21 10:13:17.305  2663  2663 D RILJ    : [2050]> SIM_TRANSMIT_APDU_CHANNEL [PHONE1]
02-21 10:13:17.327  2663  2785 D RILJ    : [2050]< SIM_TRANSMIT_APDU_CHANNEL  [PHONE1]
02-21 10:13:17.327  2663  2663 V TransApdu: Response: IccIoResult sw1:0x90 sw2:0x0 Payload: *******
02-21 10:13:17.327  2663  2663 V ApduSender: Full APDU response: IccIoResult sw1:0x90 sw2:0x0 Payload: *******
02-21 10:13:17.327  2663  2663 V CloseChan: Channel: 1
02-21 10:13:17.330  2663  2663 D RILJ    : [2051]> SIM_CLOSE_CHANNEL channel = 1 [PHONE1]
02-21 10:13:17.334  2663  2785 D RILJ    : [2051]< SIM_CLOSE_CHANNEL  [PHONE1]
02-21 10:13:17.337  2663  3069 D RILJ    : [2052]> SIM_OPEN_CHANNEL [PHONE1]
02-21 10:13:17.351  2663  2663 V OpenChan: Response: Channel: 1 Status: 1
02-21 10:13:17.351  2663  2785 D RILJ    : [2052]< SIM_OPEN_CHANNEL  [PHONE1]
02-21 10:13:17.351  2663  2663 V TransApdu: Send: ApduCommand(channel=1, cla=128, ins=226, p1=145, p2=0, p3=3, cmd=BF2000)
02-21 10:13:17.354  2663  2663 D RILJ    : [2053]> SIM_TRANSMIT_APDU_CHANNEL [PHONE1]
02-21 10:13:17.440  2663  2785 D RILJ    : [2053]< SIM_TRANSMIT_APDU_CHANNEL  [PHONE1]
02-21 10:13:17.440  2663  2663 V TransApdu: Response: IccIoResult sw1:0x90 sw2:0x0 Payload: *******
02-21 10:13:17.440  2663  2663 V ApduSender: Full APDU response: IccIoResult sw1:0x90 sw2:0x0 Payload: *******
02-21 10:13:17.441  2663  2663 V CloseChan: Channel: 1
02-21 10:13:17.443  2663  2663 D RILJ    : [2054]> SIM_CLOSE_CHANNEL channel = 1 [PHONE1]
02-21 10:13:17.449  2663  2785 D RILJ    : [2054]< SIM_CLOSE_CHANNEL  [PHONE1]
02-21 10:13:17.676  2663  3069 E PhoneSubInfoController: getGroupIdLevel1 phone is null for Subscription:-1
02-21 10:13:17.681  2663  3086 D RILJ    : [2055]> SIM_OPEN_CHANNEL [PHONE1]
02-21 10:13:17.694  2663  2785 D RILJ    : [2055]< SIM_OPEN_CHANNEL  [PHONE1]
02-21 10:13:17.694  2663  2663 V OpenChan: Response: Channel: 1 Status: 1
02-21 10:13:17.694  2663  2663 V TransApdu: Send: ApduCommand(channel=1, cla=128, ins=226, p1=17, p2=0, p3=255, cmd=BF388203B3305680107BF12586E08E600B5F8D703FBE2D4B38811085D9EB44089CF2B8384EB457EABCFD10831E637573742D3030352D76342D70726F642D61746C322E676473622E6E65748410F977E387B1BBD9705F801057BC78E6BD5F37403E719D685298A0AB2C7C5671442BD820220F81D266414CFD43E6CF79E684057FB1F74B8D21B0DDD9E6906BBCD4C398B911C27C93485C88F1EB8E7C42A358E566041481370F5125D0B1D408D4C3B232E6D25E795BEBFB308202B130820256A00302010202100215087CC127D1CDDB05F9FD9F34A085300A06082A8648CE3D040302304431183016060355040A130F47534D204173736F63696174696F6E3128)
02-21 10:13:17.696  2663  2663 D RILJ    : [2056]> SIM_TRANSMIT_APDU_CHANNEL [PHONE1]
02-21 10:13:17.716  2663  2785 D RILJ    : [2056]< SIM_TRANSMIT_APDU_CHANNEL  [PHONE1]
02-21 10:13:17.716  2663  2663 V TransApdu: Response: IccIoResult sw1:0x90 sw2:0x0 Payload: *******
02-21 10:13:17.716  2663  2663 V ApduSender: Full APDU response: IccIoResult sw1:0x90 sw2:0x0 Payload: *******
02-21 10:13:17.716  2663  2663 V TransApdu: Send: ApduCommand(channel=1, cla=128, ins=226, p1=17, p2=1, p3=255, cmd=30260603550403131F47534D204173736F63696174696F6E202D205253503220526F6F7420434931301E170D3230303932333030303030305A170D3233303932323233353935395A308199310B30090603550406130255533110300E0603550407130741746C616E7461313A3038060355040A0C314769657365636B652026204465767269656E74204D6F62696C6520536563757269747920416D65726963612C20496E632E3121301F060355040B1318436F6E6E656374697669747920616E64204465766963657331193017060355040313104169724F6E2056342044502050524F443059301306072A8648CE3D020106082A8648CE3D03010703420004)
02-21 10:13:17.719  2663  2663 D RILJ    : [2057]> SIM_TRANSMIT_APDU_CHANNEL [PHONE1]
02-21 10:13:17.739  2663  2785 D RILJ    : [2057]< SIM_TRANSMIT_APDU_CHANNEL  [PHONE1]
02-21 10:13:17.739  2663  2663 V TransApdu: Response: IccIoResult sw1:0x90 sw2:0x0 Payload: *******
02-21 10:13:17.740  2663  2663 V ApduSender: Full APDU response: IccIoResult sw1:0x90 sw2:0x0 Payload: *******
02-21 10:13:17.740  2663  2663 V TransApdu: Send: ApduCommand(channel=1, cla=128, ins=226, p1=17, p2=2, p3=255, cmd=88062328BE48A6BD017B1E6FC61F750A8B88B929A9F537E7C7A865F472E529972BE9607FA17022897561E908DAC7BF06D871B5B0CBA07B43CB09AE6DF911FAC2A381D33081D030170603551D200101FF040D300B3009060767811201020104304D0603551D1F044630443042A040A03E863C687474703A2F2F67736D612D63726C2E73796D617574682E636F6D2F6F66666C696E6563612F67736D612D727370322D726F6F742D6369312E63726C300E0603551D0F0101FF04040302078030160603551D11040F300D880B2B06010401DC0F685A0404301D0603551D0E041604148808CC9E53CC16BA5F72BF5C11D747B7F72AF7EE301F0603551D23041830)
02-21 10:13:17.743  2663  2663 D RILJ    : [2058]> SIM_TRANSMIT_APDU_CHANNEL [PHONE1]
02-21 10:13:17.764  2663  2785 D RILJ    : [2058]< SIM_TRANSMIT_APDU_CHANNEL  [PHONE1]
02-21 10:13:17.764  2663  2663 V TransApdu: Response: IccIoResult sw1:0x90 sw2:0x0 Payload: *******
02-21 10:13:17.764  2663  2663 V ApduSender: Full APDU response: IccIoResult sw1:0x90 sw2:0x0 Payload: *******
02-21 10:13:17.764  2663  2663 V TransApdu: Send: ApduCommand(channel=1, cla=128, ins=226, p1=145, p2=3, p3=187, cmd=16801481370F5125D0B1D408D4C3B232E6D25E795BEBFB300A06082A8648CE3D0403020349003046022100B9323A3CC00614EAB05FEA5F818CDB344D043DE63ECAB3F9EAE40B35DDB39A330221008B426D408ADD5769B481368DE96623EAECDB90F86DB9C8BA233E169902830F79A04B801755414F37532D58514250512D30374449562D4350595959A130800453920301A11E80030B000081030B00008203010000830303000084030C000085030B00008208539203012174766F)
02-21 10:13:17.768  2663  2663 D RILJ    : [2059]> SIM_TRANSMIT_APDU_CHANNEL [PHONE1]
02-21 10:13:17.818  2663  3086 E PhoneSubInfoController: getGroupIdLevel1 phone is null for Subscription:-1
02-21 10:13:18.337  2663  2785 D RILJ    : [2059]< SIM_TRANSMIT_APDU_CHANNEL  [PHONE1]
02-21 10:13:18.338  2663  2663 V TransApdu: Response: IccIoResult sw1:0x90 sw2:0x0 Payload: *******
02-21 10:13:18.338  2663  2663 V ApduSender: Full APDU response: IccIoResult sw1:0x90 sw2:0x0 Payload: *******
02-21 10:13:18.338  2663  2663 V CloseChan: Channel: 1
02-21 10:13:18.340  2663  2663 D RILJ    : [2060]> SIM_CLOSE_CHANNEL channel = 1 [PHONE1]
02-21 10:13:18.347  2663  2785 D RILJ    : [2060]< SIM_CLOSE_CHANNEL  [PHONE1]
02-21 10:13:18.349  2663  3086 E PhoneSubInfoController: getGroupIdLevel1 phone is null for Subscription:-1
02-21 10:13:18.709  2663  3069 E PhoneSubInfoController: getGroupIdLevel1 phone is null for Subscription:-1
02-21 10:13:18.712  2663  3086 E PhoneSubInfoController: getGroupIdLevel1 phone is null for Subscription:-1
02-21 10:13:21.926  1061  1061 I GRIL-Q  : qmi_vs_scone_activity_input_req completed 0, 0
02-21 10:13:23.163  2663  3069 D SubscriptionController: [getSlotIndex]- size == 0, return SIM_NOT_INSERTED instead
02-21 10:13:28.339  1061  1061 I GRIL-Q  : qmi_vs_scone_activity_input_req completed 0, 0
02-21 10:13:37.970  1061  1061 I GRIL-Q  : qmi_vs_scone_activity_input_req completed 0, 0
02-21 10:13:44.369  1061  1061 I GRIL-Q  : qmi_vs_scone_activity_input_req completed 0, 0
02-21 10:13:47.552  1061  1061 I GRIL-Q  : qmi_vs_scone_activity_input_req completed 0, 0
02-21 10:13:53.438  2663  2663 D RILJ    : [2061]> GET_CELL_INFO_LIST [PHONE0]
02-21 10:13:53.469  2663  2785 D RILJ    : [2061]< GET_CELL_INFO_LIST [CellInfoLte:{mRegistered=NO mTimeStamp=599014194544702ns mCellConnectionStatus=0 CellIdentityLte:{ mCi=14351128 mPci=218 mTac=14336 mEarfcn=1025 mBands=[] mBandwidth=15000 mMcc=311 mMnc=480 mAlphaLong=Verizon mAlphaShort=Verizon mAdditionalPlmns={} mCsgInfo=null} CellSignalStrengthLte: rssi=-67 rsrp=-98 rsrq=-11 rssnr=2147483647 cqiTableIndex=2147483647 cqi=2147483647 ta=2147483647 level=2 parametersUseForLevel=1 android.telephony.CellConfigLte :{ isEndcAvailable = false }}, CellInfoLte:{mRegistered=NO mTimeStamp=599014194544702ns mCellConnectionStatus=0 CellIdentityLte:{ mCi=2147483647 mPci=41 mTac=2147483647 mEarfcn=1025 mBands=[] mBandwidth=2147483647 mMcc=null mMnc=null mAlphaLong= mAlphaShort= mAdditionalPlmns={} mCsgInfo=null} CellSignalStrengthLte: rssi=-75 rsrp=-104 rsrq=-18 rssnr=2147483647 cqiTableIndex=2147483647 cqi=2147483647 ta=2147483647 level=2 parametersUseForLevel=1 android.telephony.CellConfigLte :{ isEndcAvailable = false }}, CellInfoLte:{mRegistered=NO mTimeStamp=599014194544702ns mCellConnectionStatus=0 CellIdentityLte:{ mCi=2147483647 mPci=131 mTac=2147483647 mEarfcn=1025 mBands=[] mBandwidth=2147483647 mMcc=null mMnc=null mAlphaLong= mAlphaShort= mAdditionalPlmns={} mCsgInfo=null} CellSignalStrengthLte: rssi=-75 rsrp=-104 rsrq=-18 rssnr=2147483647 cqiTableIndex=2147483647 cqi=2147483647 ta=2147483647 level=2 parametersUseForLevel=1 android.telephony.CellConfigLte :{ isEndcAvailable = false }}, CellInfoLte:{mRegistered=NO mTimeStamp=599014194544702ns mCellConnectionStatus=0 CellIdentityLte:{ mCi=2147483647 mPci=408 mTac=2147483647 mEarfcn=1025 mBands=[] mBandwidth=2147483647 mMcc=null mMnc=null mAlphaLong= mAlphaShort= mAdditionalPlmns={} mCsgInfo=null} CellSignalStrengthLte: rssi=-75 rsrp=-106 rsrq=-19 rssnr=2147483647 cqiTableIndex=2147483647 cqi=2147483647 ta=2147483647 level=1 parametersUseForLevel=1 android.telephony.CellConfigLte :{ isEndcAvailable = false }}, CellInfoLte:{mRegistered=NO mTimeStamp=599014194544702ns mCellConnectionStatus=0 CellIdentityLte:{ mCi=2147483647 mPci=131 mTac=2147483647 mEarfcn=2560 mBands=[] mBandwidth=2147483647 mMcc=null mMnc=null mAlphaLong= mAlphaShort= mAdditionalPlmns={} mCsgInfo=null} CellSignalStrengthLte: rssi=-93 rsrp=-122 rsrq=-20 rssnr=2147483647 cqiTableIndex=2147483647 cqi=2147483647 ta=2147483647 level=0 parametersUseForLevel=1 android.telephony.CellConfigLte :{ isEndcAvailable = false }}, CellInfoLte:{mRegistered=NO mTimeStamp=599014194544702ns mCellConnectionStatus=0 CellIdentityLte:{ mCi=2147483647 mPci=41 mTac=2147483647 mEarfcn=5230 mBands=[] mBandwidth=2147483647 mMcc=null mMnc=null mAlphaLong= mAlphaShort= mAdditionalPlmns={} mCsgInfo=null} CellSignalStrengthLte: rssi=-83 rsrp=-104 rsrq=-11 rssnr=2147483647 cqiTableIndex=2147483647 cqi=2147483647 ta=2147483647 level=2 parametersUseForLevel=1 android.telephony.CellConfigLte :{ isEndcAvailable = false }}, CellInfoLte:{mRegistered=NO mTimeStamp=599014194544702ns mCellConnectionStatus=0 CellIdentityLte:{ mCi=2147483647 mPci=283 mTac=2147483647 mEarfcn=5230 mBands=[] mBandwidth=2147483647 mMcc=null mMnc=null mAlphaLong= mAlphaShort= mAdditionalPlmns={} mCsgInfo=null} CellSignalStrengthLte: rssi=-83 rsrp=-114 rsrq=-20 rssnr=2147483647 cqiTableIndex=2147483647 cqi=2147483647 ta=2147483647 level=1 parametersUseForLevel=1 android.telephony.CellConfigLte :{ isEndcAvailable = false }}, CellInfoLte:{mRegistered=NO mTimeStamp=599014194544702ns mCellConnectionStatus=0 CellIdentityLte:{ mCi=2147483647 mPci=218 mTac=2147483647 mEarfcn=5230 mBands=[] mBandwidth=2147483647 mMcc=null mMnc=null mAlphaLong= mAlphaShort= mAdditionalPlmns={} mCsgInfo=null} CellSignalStrengthLte: rssi=-83 rsrp=-113 rsrq=-19 rssnr=2147483647 cqiTableIndex=2147483647 cqi=2147483647 ta=2147483647 level=1 parametersUseForLevel=1 android.telephony.CellConfigLte :{ isEndcAvailable = false }}, CellInfoLte:{mRegistered=NO mTimeStamp=599014194544702ns mCellConnectionStatus=0 CellIdentityLte:{ mCi=2147483647 mPci=41 mTac=2147483647 mEarfcn=2050 mBands=[] mBandwidth=2147483647 mMcc=
02-21 10:13:53.472  2663  2663 D LocaleTracker-0: processCellInfo: cell info=[CellInfoLte:{mRegistered=NO mTimeStamp=599014194544702ns mCellConnectionStatus=0 CellIdentityLte:{ mCi=14351128 mPci=218 mTac=14336 mEarfcn=1025 mBands=[] mBandwidth=15000 mMcc=311 mMnc=480 mAlphaLong=Verizon mAlphaShort=Verizon mAdditionalPlmns={} mCsgInfo=null} CellSignalStrengthLte: rssi=-67 rsrp=-98 rsrq=-11 rssnr=2147483647 cqiTableIndex=2147483647 cqi=2147483647 ta=2147483647 level=2 parametersUseForLevel=1 android.telephony.CellConfigLte :{ isEndcAvailable = false }}, CellInfoLte:{mRegistered=NO mTimeStamp=599014194544702ns mCellConnectionStatus=0 CellIdentityLte:{ mCi=2147483647 mPci=41 mTac=2147483647 mEarfcn=1025 mBands=[] mBandwidth=2147483647 mMcc=null mMnc=null mAlphaLong= mAlphaShort= mAdditionalPlmns={} mCsgInfo=null} CellSignalStrengthLte: rssi=-75 rsrp=-104 rsrq=-18 rssnr=2147483647 cqiTableIndex=2147483647 cqi=2147483647 ta=2147483647 level=2 parametersUseForLevel=1 android.telephony.CellConfigLte :{ isEndcAvailable = false }}, CellInfoLte:{mRegistered=NO mTimeStamp=599014194544702ns mCellConnectionStatus=0 CellIdentityLte:{ mCi=2147483647 mPci=131 mTac=2147483647 mEarfcn=1025 mBands=[] mBandwidth=2147483647 mMcc=null mMnc=null mAlphaLong= mAlphaShort= mAdditionalPlmns={} mCsgInfo=null} CellSignalStrengthLte: rssi=-75 rsrp=-104 rsrq=-18 rssnr=2147483647 cqiTableIndex=2147483647 cqi=2147483647 ta=2147483647 level=2 parametersUseForLevel=1 android.telephony.CellConfigLte :{ isEndcAvailable = false }}, CellInfoLte:{mRegistered=NO mTimeStamp=599014194544702ns mCellConnectionStatus=0 CellIdentityLte:{ mCi=2147483647 mPci=408 mTac=2147483647 mEarfcn=1025 mBands=[] mBandwidth=2147483647 mMcc=null mMnc=null mAlphaLong= mAlphaShort= mAdditionalPlmns={} mCsgInfo=null} CellSignalStrengthLte: rssi=-75 rsrp=-106 rsrq=-19 rssnr=2147483647 cqiTableIndex=2147483647 cqi=2147483647 ta=2147483647 level=1 parametersUseForLevel=1 android.telephony.CellConfigLte :{ isEndcAvailable = false }}, CellInfoLte:{mRegistered=NO mTimeStamp=599014194544702ns mCellConnectionStatus=0 CellIdentityLte:{ mCi=2147483647 mPci=131 mTac=2147483647 mEarfcn=2560 mBands=[] mBandwidth=2147483647 mMcc=null mMnc=null mAlphaLong= mAlphaShort= mAdditionalPlmns={} mCsgInfo=null} CellSignalStrengthLte: rssi=-93 rsrp=-122 rsrq=-20 rssnr=2147483647 cqiTableIndex=2147483647 cqi=2147483647 ta=2147483647 level=0 parametersUseForLevel=1 android.telephony.CellConfigLte :{ isEndcAvailable = false }}, CellInfoLte:{mRegistered=NO mTimeStamp=599014194544702ns mCellConnectionStatus=0 CellIdentityLte:{ mCi=2147483647 mPci=41 mTac=2147483647 mEarfcn=5230 mBands=[] mBandwidth=2147483647 mMcc=null mMnc=null mAlphaLong= mAlphaShort= mAdditionalPlmns={} mCsgInfo=null} CellSignalStrengthLte: rssi=-83 rsrp=-104 rsrq=-11 rssnr=2147483647 cqiTableIndex=2147483647 cqi=2147483647 ta=2147483647 level=2 parametersUseForLevel=1 android.telephony.CellConfigLte :{ isEndcAvailable = false }}, CellInfoLte:{mRegistered=NO mTimeStamp=599014194544702ns mCellConnectionStatus=0 CellIdentityLte:{ mCi=2147483647 mPci=283 mTac=2147483647 mEarfcn=5230 mBands=[] mBandwidth=2147483647 mMcc=null mMnc=null mAlphaLong= mAlphaShort= mAdditionalPlmns={} mCsgInfo=null} CellSignalStrengthLte: rssi=-83 rsrp=-114 rsrq=-20 rssnr=2147483647 cqiTableIndex=2147483647 cqi=2147483647 ta=2147483647 level=1 parametersUseForLevel=1 android.telephony.CellConfigLte :{ isEndcAvailable = false }}, CellInfoLte:{mRegistered=NO mTimeStamp=599014194544702ns mCellConnectionStatus=0 CellIdentityLte:{ mCi=2147483647 mPci=218 mTac=2147483647 mEarfcn=5230 mBands=[] mBandwidth=2147483647 mMcc=null mMnc=null mAlphaLong= mAlphaShort= mAdditionalPlmns={} mCsgInfo=null} CellSignalStrengthLte: rssi=-83 rsrp=-113 rsrq=-19 rssnr=2147483647 cqiTableIndex=2147483647 cqi=2147483647 ta=2147483647 level=1 parametersUseForLevel=1 android.telephony.CellConfigLte :{ isEndcAvailable = false }}, CellInfoLte:{mRegistered=NO mTimeStamp=599014194544702ns mCellConnectionStatus=0 CellIdentityLte:{ mCi=2147483647 mPci=41 mTac=2147483647 mEarfcn=2050 mBands=[] mBandwidth=21474
02-21 10:13:53.473  2663  2663 D LocaleTracker-0: updateLocale: countryIso = us, countryIsoDebugInfo = OperatorNumeric(311480): MccTable.countryCodeForMcc("311")
02-21 10:13:53.473  2663  2663 D LocaleTracker-0: updateLocale: timeZoneCountryIso = us, timeZoneCountryIsoDebugInfo = OperatorNumeric: MccTable.geoCountryCodeForMccMnc(MccMnc{mcc='311', mnc='480'})
02-21 10:13:53.473  2663  2663 D NewNitzStateMachineImpl: handleCountryDetected: countryIsoCode=us, mLatestNitzSignal=null
02-21 10:13:54.003  1061  1061 I GRIL-Q  : qmi_vs_scone_activity_input_req completed 0, 0
02-21 10:14:00.755  2663  3068 D SubscriptionController: [getActiveSubscriptionInfoForSimSlotIndex]+ slotIndex=0 subId=null
02-21 10:14:00.757  2663  3068 D SubscriptionController: [getActiveSubscriptionInfoForSimSlotIndex]+ slotIndex=1 subId=null
02-21 10:14:01.068  2663  3068 D SubscriptionController: [getActiveSubscriptionInfoForSimSlotIndex]+ slotIndex=0 subId=null
02-21 10:14:01.071  2663  3068 D SubscriptionController: [getActiveSubscriptionInfoForSimSlotIndex]+ slotIndex=1 subId=null
02-21 10:14:01.393  2663  3068 D SubscriptionController: [getActiveSubscriptionInfoForSimSlotIndex]+ slotIndex=0 subId=null
02-21 10:14:01.394  2663  3068 D SubscriptionController: [getActiveSubscriptionInfoForSimSlotIndex]+ slotIndex=1 subId=null
02-21 10:14:02.035  2663  2663 D RILJ    : [2062]> GET_ACTIVITY_INFO [PHONE0]
02-21 10:14:02.046  2663  2785 D RILJ    : [2062]< GET_ACTIVITY_INFO ModemActivityInfo{ mTimestamp=599022786 mSleepTimeMs=286010 mIdleTimeMs=66595 mTxTimeMs[]=[0, 0, 0, 0, 0] mRxTimeMs=3704} [PHONE0]
02-21 10:14:03.621  1061  1061 I GRIL-Q  : qmi_vs_scone_activity_input_req completed 0, 0
02-21 10:14:05.004  2663  3004 E PhoneSubInfoController: getGroupIdLevel1 phone is null for Subscription:-1
02-21 10:14:05.163  2663  3004 D SubscriptionController: [getAvailableSubInfoList]- no info return
02-21 10:14:05.163  2663  3086 D SubscriptionController: [getAvailableSubInfoList]- no info return
02-21 10:14:05.167  2663  3086 D SubscriptionController: [getAvailableSubInfoList]- no info return
02-21 10:14:05.169  2663  3004 D SubscriptionController: [getAvailableSubInfoList]- no info return
02-21 10:14:05.176  2663  3004 D SubscriptionController: [getAvailableSubInfoList]- no info return
02-21 10:14:05.179  2663  3086 D SubscriptionController: [getAvailableSubInfoList]- no info return
02-21 10:14:05.181  2663  3069 D SubscriptionController: [getAvailableSubInfoList]- no info return
02-21 10:14:05.183  2663  3069 D SubscriptionController: [getAvailableSubInfoList]- no info return
02-21 10:14:05.205  2663  3069 D SubscriptionController: [getAvailableSubInfoList]- no info return
02-21 10:14:05.208  2663  3004 D SubscriptionController: [getAvailableSubInfoList]- no info return
02-21 10:14:05.210  2663  3004 D SubscriptionController: [getAvailableSubInfoList]- no info return
02-21 10:14:05.212  2663  3004 D SubscriptionController: [getAvailableSubInfoList]- no info return
02-21 10:14:05.697  2663  3004 E PhoneSubInfoController: getGroupIdLevel1 phone is null for Subscription:-1
02-21 10:14:08.890  2663  3080 E PhoneSubInfoController: getGroupIdLevel1 phone is null for Subscription:-1
02-21 10:14:09.897  2663  3086 D SubscriptionController: [getSlotIndex]- subId invalid
02-21 10:14:09.916  1061  1061 I GRIL-Q  : qmi_vs_scone_activity_input_req completed 0, 0
02-21 10:14:10.068  2663  3080 D RILJ    : [2063]> SIM_OPEN_CHANNEL [PHONE1]
02-21 10:14:10.081  2663  2785 D RILJ    : [2063]< SIM_OPEN_CHANNEL  [PHONE1]
02-21 10:14:10.081  2663  2663 V OpenChan: Response: Channel: 1 Status: 1
02-21 10:14:10.082  2663  2663 V TransApdu: Send: ApduCommand(channel=1, cla=128, ins=226, p1=145, p2=0, p3=3, cmd=BF2E00)
02-21 10:14:10.083  2663  2663 D RILJ    : [2064]> SIM_TRANSMIT_APDU_CHANNEL [PHONE1]
02-21 10:14:10.347  2663  2785 D RILJ    : [2064]< SIM_TRANSMIT_APDU_CHANNEL  [PHONE1]
02-21 10:14:10.347  2663  2663 V TransApdu: Response: IccIoResult sw1:0x90 sw2:0x0 Payload: *******
02-21 10:14:10.347  2663  2663 V ApduSender: Full APDU response: IccIoResult sw1:0x90 sw2:0x0 Payload: *******
02-21 10:14:10.347  2663  2663 V CloseChan: Channel: 1
02-21 10:14:10.350  2663  2663 D RILJ    : [2065]> SIM_CLOSE_CHANNEL channel = 1 [PHONE1]
02-21 10:14:10.356  2663  2785 D RILJ    : [2065]< SIM_CLOSE_CHANNEL  [PHONE1]
02-21 10:14:10.360  2663  3080 D RILJ    : [2066]> SIM_OPEN_CHANNEL [PHONE1]
02-21 10:14:10.380  2663  2785 D RILJ    : [2066]< SIM_OPEN_CHANNEL  [PHONE1]
02-21 10:14:10.380  2663  2663 V OpenChan: Response: Channel: 1 Status: 1
02-21 10:14:10.380  2663  2663 V TransApdu: Send: ApduCommand(channel=1, cla=128, ins=226, p1=145, p2=0, p3=3, cmd=BF2000)
02-21 10:14:10.383  2663  2663 D RILJ    : [2067]> SIM_TRANSMIT_APDU_CHANNEL [PHONE1]
02-21 10:14:10.476  2663  2785 D RILJ    : [2067]< SIM_TRANSMIT_APDU_CHANNEL  [PHONE1]
02-21 10:14:10.476  2663  2663 V TransApdu: Response: IccIoResult sw1:0x90 sw2:0x0 Payload: *******
02-21 10:14:10.476  2663  2663 V ApduSender: Full APDU response: IccIoResult sw1:0x90 sw2:0x0 Payload: *******
02-21 10:14:10.476  2663  2663 V CloseChan: Channel: 1
02-21 10:14:10.479  2663  2663 D RILJ    : [2068]> SIM_CLOSE_CHANNEL channel = 1 [PHONE1]
02-21 10:14:10.483  2663  2785 D RILJ    : [2068]< SIM_CLOSE_CHANNEL  [PHONE1]
02-21 10:14:10.522  2663  3080 E PhoneSubInfoController: getGroupIdLevel1 phone is null for Subscription:-1
02-21 10:14:10.527  2663  3080 E PhoneSubInfoController: getGroupIdLevel1 phone is null for Subscription:-1
02-21 10:14:11.034  2663  3080 E PhoneSubInfoController: getGroupIdLevel1 phone is null for Subscription:-1
02-21 10:14:11.039  2663  3086 D RILJ    : [2069]> SIM_OPEN_CHANNEL [PHONE1]
02-21 10:14:11.054  2663  2785 D RILJ    : [2069]< SIM_OPEN_CHANNEL  [PHONE1]
02-21 10:14:11.054  2663  2663 V OpenChan: Response: Channel: 1 Status: 1
02-21 10:14:11.054  2663  2663 V TransApdu: Send: ApduCommand(channel=1, cla=128, ins=226, p1=17, p2=0, p3=255, cmd=BF3882033D304780102568EE67F02645948C82783644450258811099EFE7BF992EAD877D1D603E3B2EEC90830F6C70612E64732E67736D612E636F6D8410481DBE96CC0A4519BE4149C02FA2E3E05F37406EA6B59C94E811666852538EF4211200140D2FFADD128476724079F4C6F94164AC32854550F5A730EBF6C4831623538EACBCDCAF6559A298E13907AF16FD340C041481370F5125D0B1D408D4C3B232E6D25E795BEBFB3082026130820208A00302010202106E83C96CCB31DBD95377958F390B304A300A06082A8648CE3D040302304431183016060355040A130F47534D204173736F63696174696F6E312830260603550403131F47534D204173)
02-21 10:14:11.057  2663  2663 D RILJ    : [2070]> SIM_TRANSMIT_APDU_CHANNEL [PHONE1]
02-21 10:14:11.078  2663  2785 D RILJ    : [2070]< SIM_TRANSMIT_APDU_CHANNEL  [PHONE1]
02-21 10:14:11.079  2663  2663 V TransApdu: Response: IccIoResult sw1:0x90 sw2:0x0 Payload: *******
02-21 10:14:11.079  2663  2663 V ApduSender: Full APDU response: IccIoResult sw1:0x90 sw2:0x0 Payload: *******
02-21 10:14:11.079  2663  2663 V TransApdu: Send: ApduCommand(channel=1, cla=128, ins=226, p1=17, p2=1, p3=255, cmd=736F63696174696F6E202D205253503220526F6F7420434931301E170D3230303532303030303030305A170D3233303531393233353935395A3050310B300906035504061302465231133011060355040A130A47656D616C746F205341311C301A0603550403131347534D412050494C4F542044435420534D4453310E300C06035504071305546F7572733059301306072A8648CE3D020106082A8648CE3D030107034200044515D854A1BFA9D3E5A04064ACAC233A011DD5FCA366FF7C9898733F515A6234EC1CD6901036DBDBF3004F85AAA6B67DAD6980BB5B3C2723087C310E2D212635A381CF3081CC30170603551D200101FF040D300B3009060767)
02-21 10:14:11.083  2663  2663 D RILJ    : [2071]> SIM_TRANSMIT_APDU_CHANNEL [PHONE1]
02-21 10:14:11.103  2663  2663 V TransApdu: Response: IccIoResult sw1:0x90 sw2:0x0 Payload: *******
02-21 10:14:11.103  2663  2663 V ApduSender: Full APDU response: IccIoResult sw1:0x90 sw2:0x0 Payload: *******
02-21 10:14:11.103  2663  2663 V TransApdu: Send: ApduCommand(channel=1, cla=128, ins=226, p1=17, p2=2, p3=255, cmd=811201020107304D0603551D1F044630443042A040A03E863C687474703A2F2F67736D612D63726C2E73796D617574682E636F6D2F6F66666C696E6563612F67736D612D727370322D726F6F742D6369312E63726C300E0603551D0F0101FF04040302078030120603551D11040B3009880767811201870502301D0603551D0E0416041457814874C70AB76D42F3DC6FB0D6BAAD2003D83A301F0603551D2304183016801481370F5125D0B1D408D4C3B232E6D25E795BEBFB300A06082A8648CE3D040302034700304402207F826B08306B9A86E44C914AF299A011EEA21FFD59AC4747BDDAE39A1C1E24F5022073CE40E35DCCA0E3D8D012CBAB994A29B3)
02-21 10:14:11.103  2663  2785 D RILJ    : [2071]< SIM_TRANSMIT_APDU_CHANNEL  [PHONE1]
02-21 10:14:11.106  2663  2663 D RILJ    : [2072]> SIM_TRANSMIT_APDU_CHANNEL [PHONE1]
02-21 10:14:11.127  2663  2785 D RILJ    : [2072]< SIM_TRANSMIT_APDU_CHANNEL  [PHONE1]
02-21 10:14:11.127  2663  2663 V TransApdu: Response: IccIoResult sw1:0x90 sw2:0x0 Payload: *******
02-21 10:14:11.127  2663  2663 V ApduSender: Full APDU response: IccIoResult sw1:0x90 sw2:0x0 Payload: *******
02-21 10:14:11.127  2663  2663 V TransApdu: Send: ApduCommand(channel=1, cla=128, ins=226, p1=145, p2=3, p3=69, cmd=8380DADFB9FE3C7DB4166180C55E7CA0348000A130800453920301A11E80030B000081030B00008203010000830303000084030C000085030B00008208539203012174766F)
02-21 10:14:11.131  2663  2663 D RILJ    : [2073]> SIM_TRANSMIT_APDU_CHANNEL [PHONE1]
02-21 10:14:11.959  2663  2785 D RILJ    : [2073]< SIM_TRANSMIT_APDU_CHANNEL  [PHONE1]
02-21 10:14:11.960  2663  2663 V TransApdu: Response: IccIoResult sw1:0x90 sw2:0x0 Payload: *******
02-21 10:14:11.960  2663  2663 V ApduSender: Full APDU response: IccIoResult sw1:0x90 sw2:0x0 Payload: *******
02-21 10:14:11.960  2663  2663 V CloseChan: Channel: 1
02-21 10:14:11.965  2663  2663 D RILJ    : [2074]> SIM_CLOSE_CHANNEL channel = 1 [PHONE1]
02-21 10:14:11.972  2663  2785 D RILJ    : [2074]< SIM_CLOSE_CHANNEL  [PHONE1]
02-21 10:14:11.976  2663  3086 E PhoneSubInfoController: getGroupIdLevel1 phone is null for Subscription:-1
02-21 10:14:12.428  2663  3080 E PhoneSubInfoController: getGroupIdLevel1 phone is null for Subscription:-1
02-21 10:14:12.429  2663  3069 E PhoneSubInfoController: getGroupIdLevel1 phone is null for Subscription:-1
02-21 10:14:12.429  2663  3086 E PhoneSubInfoController: getGroupIdLevel1 phone is null for Subscription:-1
02-21 10:14:12.576  2663  3069 E PhoneSubInfoController: getGroupIdLevel1 phone is null for Subscription:-1
02-21 10:14:16.700  2663  3068 E PhoneSubInfoController: getGroupIdLevel1 phone is null for Subscription:-1
02-21 10:14:16.868  2663  3086 E PhoneSubInfoController: getGroupIdLevel1 phone is null for Subscription:-1
02-21 10:14:16.897  1061  1061 I GRIL-Q  : qmi_vs_send_device_state_req completed 0, 0
02-21 10:14:17.375  2663  3086 E PhoneSubInfoController: getGroupIdLevel1 phone is null for Subscription:-1
02-21 10:14:18.812  1061  1061 I GRIL-Q  : qmi_vs_send_device_state_req completed 0, 0
02-21 10:14:18.841  2663  3086 D RILJ    : [2075]> SIM_OPEN_CHANNEL [PHONE1]
02-21 10:14:18.856  2663  2663 V OpenChan: Response: Channel: 1 Status: 1
02-21 10:14:18.856  2663  2663 V TransApdu: Send: ApduCommand(channel=1, cla=128, ins=226, p1=145, p2=0, p3=7, cmd=BF2804810204F0)
02-21 10:14:18.857  2663  2663 D RILJ    : [2076]> SIM_TRANSMIT_APDU_CHANNEL [PHONE1]
02-21 10:14:18.857  2663  2785 D RILJ    : [2075]< SIM_OPEN_CHANNEL  [PHONE1]
02-21 10:14:18.872  2663  2785 D RILJ    : [2076]< SIM_TRANSMIT_APDU_CHANNEL  [PHONE1]
02-21 10:14:18.872  2663  2663 V TransApdu: Response: IccIoResult sw1:0x90 sw2:0x0 Payload: *******
02-21 10:14:18.872  2663  2663 V ApduSender: Full APDU response: IccIoResult sw1:0x90 sw2:0x0 Payload: *******
02-21 10:14:18.872  2663  2663 V CloseChan: Channel: 1
02-21 10:14:18.874  2663  2663 D RILJ    : [2077]> SIM_CLOSE_CHANNEL channel = 1 [PHONE1]
02-21 10:14:18.878  2663  2785 D RILJ    : [2077]< SIM_CLOSE_CHANNEL  [PHONE1]
02-21 10:14:18.896  2663  3086 D RILJ    : [2078]> SIM_OPEN_CHANNEL [PHONE1]
02-21 10:14:18.909  2663  2785 D RILJ    : [2078]< SIM_OPEN_CHANNEL  [PHONE1]
02-21 10:14:18.909  2663  2663 V OpenChan: Response: Channel: 1 Status: 1
02-21 10:14:18.910  2663  2663 V TransApdu: Send: ApduCommand(channel=1, cla=128, ins=226, p1=145, p2=0, p3=3, cmd=BF2E00)
02-21 10:14:18.911  2663  2663 D RILJ    : [2079]> SIM_TRANSMIT_APDU_CHANNEL [PHONE1]
02-21 10:14:18.934  2663  2785 D RILJ    : [2079]< SIM_TRANSMIT_APDU_CHANNEL  [PHONE1]
02-21 10:14:18.934  2663  2663 V TransApdu: Response: IccIoResult sw1:0x90 sw2:0x0 Payload: *******
02-21 10:14:18.934  2663  2663 V ApduSender: Full APDU response: IccIoResult sw1:0x90 sw2:0x0 Payload: *******
02-21 10:14:18.934  2663  2663 V CloseChan: Channel: 1
02-21 10:14:18.937  2663  2663 D RILJ    : [2080]> SIM_CLOSE_CHANNEL channel = 1 [PHONE1]
02-21 10:14:18.941  2663  2785 D RILJ    : [2080]< SIM_CLOSE_CHANNEL  [PHONE1]
02-21 10:14:18.945  2663  3086 D RILJ    : [2081]> SIM_OPEN_CHANNEL [PHONE1]
02-21 10:14:18.958  2663  2785 D RILJ    : [2081]< SIM_OPEN_CHANNEL  [PHONE1]
02-21 10:14:18.958  2663  2663 V OpenChan: Response: Channel: 1 Status: 1
02-21 10:14:18.958  2663  2663 V TransApdu: Send: ApduCommand(channel=1, cla=128, ins=226, p1=145, p2=0, p3=3, cmd=BF2000)
02-21 10:14:18.960  2663  2663 D RILJ    : [2082]> SIM_TRANSMIT_APDU_CHANNEL [PHONE1]
02-21 10:14:19.045  2663  2785 D RILJ    : [2082]< SIM_TRANSMIT_APDU_CHANNEL  [PHONE1]
02-21 10:14:19.045  2663  2663 V TransApdu: Response: IccIoResult sw1:0x90 sw2:0x0 Payload: *******
