02-17 08:19:14.296  2663  2663 D DCT-C-1 : onEnableApn: apnType=default, request type=NORMAL
02-17 08:19:14.297  2663  2663 D DCT-C-1 : shouldRestrictDataForEcbm: isInEcm=false isInImsEcm=false
02-17 08:19:14.297  2663  2663 D DCT-C-1 : trySetupData for APN type default, reason: dataEnabled, requestType=NORMAL. Data disallowed reasons: NOT_ATTACHED
02-17 08:19:14.297  2663  2663 D DCT-C-1 : trySetupData failed. apnContext = [type=default, mState=IDLE, apnEnabled=true, mDependencyMet=true] 
02-17 08:19:14.297  2663  2663 D DCT-C-1 : onEnableApn: apnType=default, request type=NORMAL
02-17 08:19:14.298  2663  2663 D DCT-C-1 : shouldRestrictDataForEcbm: isInEcm=false isInImsEcm=false
02-17 08:19:14.299  2663  2663 D DCT-C-1 : trySetupData for APN type default, reason: dataEnabled, requestType=NORMAL. Data disallowed reasons: NOT_ATTACHED
02-17 08:19:14.299  2663  2663 D DCT-C-1 : trySetupData failed. apnContext = [type=default, mState=IDLE, apnEnabled=true, mDependencyMet=true] 
02-17 08:19:14.299  2663  2663 D DCT-C-1 : onEnableApn: apnType=default, request type=NORMAL
02-17 08:19:14.300  2663  2663 D DCT-C-1 : shouldRestrictDataForEcbm: isInEcm=false isInImsEcm=false
02-17 08:19:14.301  2663  2663 D DCT-C-1 : trySetupData for APN type default, reason: dataEnabled, requestType=NORMAL. Data disallowed reasons: NOT_ATTACHED
02-17 08:19:14.301  2663  2663 D DCT-C-1 : trySetupData failed. apnContext = [type=default, mState=IDLE, apnEnabled=true, mDependencyMet=true] 
02-17 08:19:14.301  2663  2663 D DCT-C-1 : onEnableApn: apnType=default, request type=NORMAL
02-17 08:19:14.301  2663  2663 D DCT-C-1 : shouldRestrictDataForEcbm: isInEcm=false isInImsEcm=false
02-17 08:19:14.302  2663  2663 D DCT-C-1 : trySetupData for APN type default, reason: dataEnabled, requestType=NORMAL. Data disallowed reasons: NOT_ATTACHED
02-17 08:19:14.302  2663  2663 D DCT-C-1 : trySetupData failed. apnContext = [type=default, mState=IDLE, apnEnabled=true, mDependencyMet=true] 
02-17 08:19:14.302  2663  2663 D DCT-C-1 : onEnableApn: apnType=default, request type=NORMAL
02-17 08:19:14.303  2663  2663 D DCT-C-1 : shouldRestrictDataForEcbm: isInEcm=false isInImsEcm=false
02-17 08:19:14.304  2663  2663 D DCT-C-1 : trySetupData for APN type default, reason: dataEnabled, requestType=NORMAL. Data disallowed reasons: NOT_ATTACHED
02-17 08:19:14.304  2663  2663 D DCT-C-1 : trySetupData failed. apnContext = [type=default, mState=IDLE, apnEnabled=true, mDependencyMet=true] 
02-17 08:19:14.304  2663  2663 D DCT-C-1 : onEnableApn: apnType=default, request type=NORMAL
02-17 08:19:14.305  2663  2663 D DCT-C-1 : shouldRestrictDataForEcbm: isInEcm=false isInImsEcm=false
02-17 08:19:14.305  2663  2663 D DCT-C-1 : trySetupData for APN type default, reason: dataEnabled, requestType=NORMAL. Data disallowed reasons: NOT_ATTACHED
02-17 08:19:14.305  2663  2663 D DCT-C-1 : trySetupData failed. apnContext = [type=default, mState=IDLE, apnEnabled=true, mDependencyMet=true] 
02-17 08:19:14.305  2663  2663 D DCT-C-1 : onEnableApn: apnType=default, request type=NORMAL
02-17 08:19:14.306  2663  2663 D DCT-C-1 : shouldRestrictDataForEcbm: isInEcm=false isInImsEcm=false
02-17 08:19:14.307  2663  2663 D DCT-C-1 : trySetupData for APN type default, reason: dataEnabled, requestType=NORMAL. Data disallowed reasons: NOT_ATTACHED
02-17 08:19:14.307  2663  2663 D DCT-C-1 : trySetupData failed. apnContext = [type=default, mState=IDLE, apnEnabled=true, mDependencyMet=true] 
02-17 08:19:14.307  2663  2663 D DCT-C-1 : onEnableApn: apnType=default, request type=NORMAL
02-17 08:19:14.308  2663  2663 D DCT-C-1 : shouldRestrictDataForEcbm: isInEcm=false isInImsEcm=false
02-17 08:19:14.309  2663  2663 D DCT-C-1 : trySetupData for APN type default, reason: dataEnabled, requestType=NORMAL. Data disallowed reasons: NOT_ATTACHED
02-17 08:19:14.309  2663  2663 D DCT-C-1 : trySetupData failed. apnContext = [type=default, mState=IDLE, apnEnabled=true, mDependencyMet=true] 
02-17 08:19:14.309  2663  2663 D DCT-C-1 : onEnableApn: apnType=default, request type=NORMAL
02-17 08:19:14.309  2663  2663 D DCT-C-1 : shouldRestrictDataForEcbm: isInEcm=false isInImsEcm=false
02-17 08:19:14.310  2663  2663 D DCT-C-1 : trySetupData for APN type default, reason: dataEnabled, requestType=NORMAL. Data disallowed reasons: NOT_ATTACHED
02-17 08:19:14.310  2663  2663 D DCT-C-1 : trySetupData failed. apnContext = [type=default, mState=IDLE, apnEnabled=true, mDependencyMet=true] 
02-17 08:19:18.254  2663  2704 D ImsManagerIM [1]: Registration Callback registered.
02-17 08:19:23.278  2663  2700 D ImsManagerIM [1]: Registration Callback registered.
02-17 08:19:27.885  2600  2600 E GRIL-WifiExt: unknown wifi status code: 4
02-17 08:19:27.905  1061  1061 I GRIL-Q  : qmi_vs_send_device_state_req completed 0, 0
02-17 08:19:27.921  2663  2663 D TelephonyNetworkFactory[0]: onReleaseNetworkFor NetworkRequest [ REQUEST id=57, [ Capabilities: INTERNET&NOT_RESTRICTED&TRUSTED&NOT_VCN_MANAGED Uid: 10145 RequestorUid: 1000 RequestorPkg: android UnderlyingNetworks: Null] ] applied false
02-17 08:19:27.921  2663  2663 D TelephonyNetworkFactory[0]: onReleaseNetworkFor NetworkRequest [ REQUEST id=170, [ Capabilities: INTERNET&NOT_RESTRICTED&TRUSTED&NOT_VCN_MANAGED Uid: 10194 RequestorUid: 1000 RequestorPkg: android UnderlyingNetworks: Null] ] applied false
02-17 08:19:27.921  2663  2663 D TelephonyNetworkFactory[0]: onReleaseNetworkFor NetworkRequest [ REQUEST id=826, [ Capabilities: INTERNET&NOT_RESTRICTED&TRUSTED&NOT_VCN_MANAGED Uid: 10145 RequestorUid: 10145 RequestorPkg: com.google.android.gms UnderlyingNetworks: Null] ] applied false
02-17 08:19:27.921  2663  2663 D TelephonyNetworkFactory[0]: onReleaseNetworkFor NetworkRequest [ REQUEST id=180, [ Capabilities: INTERNET&NOT_RESTRICTED&TRUSTED&NOT_VCN_MANAGED Uid: 10176 RequestorUid: 1000 RequestorPkg: android UnderlyingNetworks: Null] ] applied false
02-17 08:19:27.921  2663  2663 D TelephonyNetworkFactory[0]: onReleaseNetworkFor NetworkRequest [ REQUEST id=213, [ Capabilities: INTERNET&NOT_RESTRICTED&TRUSTED&NOT_VCN_MANAGED Uid: 10205 RequestorUid: 1000 RequestorPkg: android UnderlyingNetworks: Null] ] applied false
02-17 08:19:27.921  2663  2663 D TelephonyNetworkFactory[0]: onReleaseNetworkFor NetworkRequest [ REQUEST id=74, [ Capabilities: INTERNET&NOT_RESTRICTED&TRUSTED&NOT_VCN_MANAGED Uid: 1001 RequestorUid: 1001 RequestorPkg: com.android.phone UnderlyingNetworks: Null] ] applied false
02-17 08:19:27.921  2663  2663 D TelephonyNetworkFactory[0]: onReleaseNetworkFor NetworkRequest [ REQUEST id=47, [ Capabilities: INTERNET&NOT_RESTRICTED&TRUSTED&NOT_VCN_MANAGED Uid: 10034 RequestorUid: 1000 RequestorPkg: android UnderlyingNetworks: Null] ] applied false
02-17 08:19:27.921  2663  2663 D TelephonyNetworkFactory[0]: onReleaseNetworkFor NetworkRequest [ REQUEST id=435, [ Capabilities: INTERNET&NOT_RESTRICTED&TRUSTED&NOT_VCN_MANAGED Uid: 10162 RequestorUid: 1000 RequestorPkg: android UnderlyingNetworks: Null] ] applied false
02-17 08:19:27.921  2663  2663 D TelephonyNetworkFactory[0]: onReleaseNetworkFor NetworkRequest [ REQUEST id=1161, [ Capabilities: INTERNET&NOT_RESTRICTED&TRUSTED&NOT_VCN_MANAGED Uid: 10113 RequestorUid: 10113 RequestorPkg: com.google.android.googlequicksearchbox UnderlyingNetworks: Null] ] applied false
02-17 08:19:27.921  2663  2663 D TelephonyNetworkFactory[0]: onReleaseNetworkFor NetworkRequest [ REQUEST id=29, [ Capabilities: INTERNET&NOT_RESTRICTED&TRUSTED&NOT_VCN_MANAGED Uid: 10173 RequestorUid: 1000 RequestorPkg: android UnderlyingNetworks: Null] ] applied false
02-17 08:19:27.922  2663  2663 D TelephonyNetworkFactory[0]: onReleaseNetworkFor NetworkRequest [ REQUEST id=51, [ Capabilities: INTERNET&NOT_RESTRICTED&TRUSTED&NOT_VCN_MANAGED Uid: 10030 RequestorUid: 1000 RequestorPkg: android UnderlyingNetworks: Null] ] applied false
02-17 08:19:27.925  2663  2663 D TelephonyNetworkFactory[0]: onReleaseNetworkFor NetworkRequest [ REQUEST id=1116, [ Capabilities: INTERNET&NOT_RESTRICTED&TRUSTED&NOT_VCN_MANAGED Uid: 10178 RequestorUid: 10178 RequestorPkg: com.google.android.apps.messaging UnderlyingNetworks: Null] ] applied false
02-17 08:19:27.926  2663  2663 D TelephonyNetworkFactory[0]: onReleaseNetworkFor NetworkRequest [ REQUEST id=98, [ Capabilities: INTERNET&NOT_RESTRICTED&TRUSTED&NOT_VCN_MANAGED Uid: 10202 RequestorUid: 10202 RequestorPkg: com.google.android.inputmethod.latin UnderlyingNetworks: Null] ] applied false
02-17 08:19:27.926  2663  2663 D TelephonyNetworkFactory[0]: onReleaseNetworkFor NetworkRequest [ REQUEST id=1005, [ Capabilities: INTERNET&NOT_RESTRICTED&TRUSTED&NOT_VCN_MANAGED Uid: 10172 RequestorUid: 10172 RequestorPkg: com.google.android.apps.photos UnderlyingNetworks: Null] ] applied false
02-17 08:19:27.926  2663  2663 D TelephonyNetworkFactory[0]: onReleaseNetworkFor NetworkRequest [ REQUEST id=77, [ Capabilities: INTERNET&NOT_RESTRICTED&TRUSTED&NOT_VCN_MANAGED Uid: 1001 RequestorUid: 1001 RequestorPkg: com.android.phone UnderlyingNetworks: Null] ] applied false
02-17 08:19:27.926  2663  2663 D TelephonyNetworkFactory[0]: onReleaseNetworkFor NetworkRequest [ REQUEST id=84, [ Capabilities: INTERNET&NOT_RESTRICTED&TRUSTED&NOT_VCN_MANAGED Uid: 10263 RequestorUid: 10263 RequestorPkg: com.qualcomm.qti.cne UnderlyingNetworks: Null] ] applied false
02-17 08:19:27.926  2663  2663 D TelephonyNetworkFactory[0]: onReleaseNetworkFor NetworkRequest [ REQUEST id=15, [ Capabilities: INTERNET&NOT_RESTRICTED&TRUSTED&NOT_VCN_MANAGED Uid: 10272 RequestorUid: 1000 RequestorPkg: android UnderlyingNetworks: Null] ] applied false
02-17 08:19:27.926  2663  2663 D TelephonyNetworkFactory[0]: onReleaseNetworkFor NetworkRequest [ REQUEST id=27, [ Capabilities: INTERNET&NOT_RESTRICTED&TRUSTED&NOT_VCN_MANAGED Uid: 10186 RequestorUid: 1000 RequestorPkg: android UnderlyingNetworks: Null] ] applied false
02-17 08:19:27.926  2663  2663 D TelephonyNetworkFactory[0]: onReleaseNetworkFor NetworkRequest [ REQUEST id=35, [ Capabilities: INTERNET&NOT_RESTRICTED&TRUSTED&NOT_VCN_MANAGED Uid: 10137 RequestorUid: 1000 RequestorPkg: android UnderlyingNetworks: Null] ] applied false
02-17 08:19:27.926  2663  2663 D TelephonyNetworkFactory[0]: onReleaseNetworkFor NetworkRequest [ REQUEST id=70, [ Capabilities: INTERNET&NOT_RESTRICTED&TRUSTED&NOT_VCN_MANAGED Uid: 10157 RequestorUid: 10157 RequestorPkg: com.android.systemui UnderlyingNetworks: Null] ] applied false
02-17 08:19:27.926  2663  2663 D TelephonyNetworkFactory[0]: onReleaseNetworkFor NetworkRequest [ REQUEST id=1146, [ Capabilities: INTERNET&NOT_RESTRICTED&TRUSTED&NOT_VCN_MANAGED Uid: 10121 RequestorUid: 10121 RequestorPkg: com.android.vending UnderlyingNetworks: Null] ] applied false
02-17 08:19:27.926  2663  2663 D TelephonyNetworkFactory[0]: onReleaseNetworkFor NetworkRequest [ REQUEST id=146, [ Capabilities: INTERNET&NOT_RESTRICTED&TRUSTED&NOT_VCN_MANAGED Uid: 10234 RequestorUid: 1000 RequestorPkg: android UnderlyingNetworks: Null] ] applied false
02-17 08:19:27.926  2663  2663 D TelephonyNetworkFactory[0]: onReleaseNetworkFor NetworkRequest [ REQUEST id=59, [ Capabilities: INTERNET&NOT_RESTRICTED&TRUSTED&NOT_VCN_MANAGED Uid: 10019 RequestorUid: 1000 RequestorPkg: android UnderlyingNetworks: Null] ] applied false
02-17 08:19:27.926  2663  2663 D TelephonyNetworkFactory[0]: onReleaseNetworkFor NetworkRequest [ REQUEST id=1, [ Capabilities: INTERNET&NOT_RESTRICTED&TRUSTED&NOT_VPN&NOT_VCN_MANAGED RequestorUid: 1000 RequestorPkg: android UnderlyingNetworks: Null] ] applied false
02-17 08:19:27.926  2663  2663 D TelephonyNetworkFactory[0]: onReleaseNetworkFor NetworkRequest [ REQUEST id=225, [ Capabilities: INTERNET&NOT_RESTRICTED&TRUSTED&NOT_VCN_MANAGED Uid: 10021 RequestorUid: 1000 RequestorPkg: android UnderlyingNetworks: Null] ] applied false
02-17 08:19:27.928  2663  2663 D TelephonyNetworkFactory[0]: onReleaseNetworkFor NetworkRequest [ REQUEST id=158, [ Capabilities: INTERNET&NOT_RESTRICTED&TRUSTED&NOT_VCN_MANAGED Uid: 10149 RequestorUid: 1000 RequestorPkg: android UnderlyingNetworks: Null] ] applied false
02-17 08:19:27.928  2663  2663 D TelephonyNetworkFactory[0]: onReleaseNetworkFor NetworkRequest [ REQUEST id=25, [ Capabilities: INTERNET&NOT_RESTRICTED&TRUSTED&NOT_VCN_MANAGED Uid: 10187 RequestorUid: 1000 RequestorPkg: android UnderlyingNetworks: Null] ] applied false
02-17 08:19:27.928  2663  2663 D TelephonyNetworkFactory[0]: onReleaseNetworkFor NetworkRequest [ REQUEST id=813, [ Capabilities: INTERNET&NOT_RESTRICTED&TRUSTED&NOT_VCN_MANAGED Uid: 10145 RequestorUid: 10145 RequestorPkg: com.google.android.gms UnderlyingNetworks: Null] ] applied false
02-17 08:19:27.928  2663  2663 D TelephonyNetworkFactory[0]: onReleaseNetworkFor NetworkRequest [ REQUEST id=1080, [ Capabilities: INTERNET&NOT_RESTRICTED&TRUSTED&NOT_VCN_MANAGED Uid: 10121 RequestorUid: 10121 RequestorPkg: com.android.vending UnderlyingNetworks: Null] ] applied false
02-17 08:19:27.928  2663  2663 D TelephonyNetworkFactory[0]: onReleaseNetworkFor NetworkRequest [ REQUEST id=1167, [ Capabilities: INTERNET&NOT_RESTRICTED&TRUSTED&NOT_VCN_MANAGED Uid: 10113 RequestorUid: 10113 RequestorPkg: com.google.android.googlequicksearchbox UnderlyingNetworks: Null] ] applied false
02-17 08:19:27.928  2663  2663 D TelephonyNetworkFactory[0]: onReleaseNetworkFor NetworkRequest [ REQUEST id=185, [ Capabilities: INTERNET&NOT_RESTRICTED&TRUSTED&NOT_VCN_MANAGED Uid: 10268 RequestorUid: 1000 RequestorPkg: android UnderlyingNetworks: Null] ] applied false
02-17 08:19:27.928  2663  2663 D TelephonyNetworkFactory[0]: onReleaseNetworkFor NetworkRequest [ REQUEST id=61, [ Capabilities: INTERNET&NOT_RESTRICTED&TRUSTED&NOT_VCN_MANAGED Uid: 1000 RequestorUid: 1000 RequestorPkg: android UnderlyingNetworks: Null] ] applied false
02-17 08:19:27.932  2663  2663 D TelephonyNetworkFactory[0]: onReleaseNetworkFor NetworkRequest [ REQUEST id=103, [ Capabilities: INTERNET&NOT_RESTRICTED&TRUSTED&NOT_VCN_MANAGED Uid: 10150 RequestorUid: 1000 RequestorPkg: android UnderlyingNetworks: Null] ] applied false
02-17 08:19:27.932  2663  2663 D TelephonyNetworkFactory[0]: onReleaseNetworkFor NetworkRequest [ REQUEST id=651, [ Capabilities: INTERNET&NOT_RESTRICTED&TRUSTED&NOT_VCN_MANAGED Uid: 10178 RequestorUid: 10178 RequestorPkg: com.google.android.apps.messaging UnderlyingNetworks: Null] ] applied false
02-17 08:19:27.932  2663  2663 D TelephonyNetworkFactory[0]: onReleaseNetworkFor NetworkRequest [ REQUEST id=1155, [ Capabilities: INTERNET&NOT_RESTRICTED&TRUSTED&NOT_VCN_MANAGED Uid: 10121 RequestorUid: 10121 RequestorPkg: com.android.vending UnderlyingNetworks: Null] ] applied false
02-17 08:19:27.932  2663  2663 D TelephonyNetworkFactory[0]: onReleaseNetworkFor NetworkRequest [ REQUEST id=19, [ Capabilities: INTERNET&NOT_RESTRICTED&TRUSTED&NOT_VCN_MANAGED Uid: 10201 RequestorUid: 1000 RequestorPkg: android UnderlyingNetworks: Null] ] applied false
02-17 08:19:27.932  2663  2663 D TelephonyNetworkFactory[0]: onReleaseNetworkFor NetworkRequest [ REQUEST id=63, [ Capabilities: INTERNET&NOT_RESTRICTED&TRUSTED&NOT_VCN_MANAGED Uid: 1073 RequestorUid: 1073 RequestorPkg: com.google.android.networkstack UnderlyingNetworks: Null] ] applied false
02-17 08:19:27.933  2663  2663 D TelephonyNetworkFactory[0]: onReleaseNetworkFor NetworkRequest [ REQUEST id=41, [ Capabilities: INTERNET&NOT_RESTRICTED&TRUSTED&NOT_VCN_MANAGED Uid: 10113 RequestorUid: 1000 RequestorPkg: android UnderlyingNetworks: Null] ] applied false
02-17 08:19:27.933  2663  2663 D TelephonyNetworkFactory[0]: onReleaseNetworkFor NetworkRequest [ REQUEST id=1131, [ Capabilities: INTERNET&NOT_RESTRICTED&TRUSTED&NOT_VCN_MANAGED Uid: 10178 RequestorUid: 10178 RequestorPkg: com.google.android.apps.messaging UnderlyingNetworks: Null] ] applied false
02-17 08:19:27.933  2663  2663 D TelephonyNetworkFactory[0]: onReleaseNetworkFor NetworkRequest [ REQUEST id=45, [ Capabilities: INTERNET&NOT_RESTRICTED&TRUSTED&NOT_VCN_MANAGED Uid: 10035 RequestorUid: 1000 RequestorPkg: android UnderlyingNetworks: Null] ] applied false
02-17 08:19:27.933  2663  2663 D TelephonyNetworkFactory[0]: onReleaseNetworkFor NetworkRequest [ REQUEST id=282, [ Capabilities: INTERNET&NOT_RESTRICTED&TRUSTED&NOT_VCN_MANAGED Uid: 10164 RequestorUid: 1000 RequestorPkg: android UnderlyingNetworks: Null] ] applied false
02-17 08:19:27.933  2663  2663 D TelephonyNetworkFactory[0]: onReleaseNetworkFor NetworkRequest [ REQUEST id=7, [ Capabilities: INTERNET&NOT_RESTRICTED&TRUSTED&NOT_VCN_MANAGED Uid: 1000 RequestorUid: 1000 RequestorPkg: android UnderlyingNetworks: Null] ] applied false
02-17 08:19:27.933  2663  2663 D TelephonyNetworkFactory[1]: onReleaseNetworkFor NetworkRequest [ REQUEST id=57, [ Capabilities: INTERNET&NOT_RESTRICTED&TRUSTED&NOT_VCN_MANAGED Uid: 10145 RequestorUid: 1000 RequestorPkg: android UnderlyingNetworks: Null] ] applied true
02-17 08:19:27.933  2663  2663 D TelephonyNetworkFactory[0]: onReleaseNetworkFor NetworkRequest [ REQUEST id=68, [ Capabilities: INTERNET&NOT_RESTRICTED&TRUSTED&NOT_VCN_MANAGED Uid: 10157 RequestorUid: 10157 RequestorPkg: com.android.systemui UnderlyingNetworks: Null] ] applied false
02-17 08:19:27.933  2663  2663 D TelephonyNetworkFactory[1]: onReleaseNetworkFor NetworkRequest [ REQUEST id=170, [ Capabilities: INTERNET&NOT_RESTRICTED&TRUSTED&NOT_VCN_MANAGED Uid: 10194 RequestorUid: 1000 RequestorPkg: android UnderlyingNetworks: Null] ] applied true
02-17 08:19:27.933  2663  2663 D TelephonyNetworkFactory[0]: onReleaseNetworkFor NetworkRequest [ REQUEST id=1111, [ Capabilities: INTERNET&NOT_RESTRICTED&TRUSTED&NOT_VCN_MANAGED Uid: 10145 RequestorUid: 10145 RequestorPkg: com.google.android.gms UnderlyingNetworks: Null] ] applied false
02-17 08:19:27.933  2663  2663 D TelephonyNetworkFactory[1]: onReleaseNetworkFor NetworkRequest [ REQUEST id=826, [ Capabilities: INTERNET&NOT_RESTRICTED&TRUSTED&NOT_VCN_MANAGED Uid: 10145 RequestorUid: 10145 RequestorPkg: com.google.android.gms UnderlyingNetworks: Null] ] applied true
02-17 08:19:27.933  2663  2663 D TelephonyNetworkFactory[0]: onReleaseNetworkFor NetworkRequest [ REQUEST id=126, [ Capabilities: INTERNET&NOT_RESTRICTED&TRUSTED&NOT_VCN_MANAGED Uid: 10106 RequestorUid: 1000 RequestorPkg: android UnderlyingNetworks: Null] ] applied false
02-17 08:19:27.933  2663  2663 D TelephonyNetworkFactory[1]: onReleaseNetworkFor NetworkRequest [ REQUEST id=180, [ Capabilities: INTERNET&NOT_RESTRICTED&TRUSTED&NOT_VCN_MANAGED Uid: 10176 RequestorUid: 1000 RequestorPkg: android UnderlyingNetworks: Null] ] applied true
02-17 08:19:27.933  2663  2663 D TelephonyNetworkFactory[0]: onReleaseNetworkFor NetworkRequest [ REQUEST id=1010, [ Capabilities: INTERNET&NOT_RESTRICTED&TRUSTED&NOT_VCN_MANAGED Uid: 10186 RequestorUid: 10186 RequestorPkg: com.google.android.gm UnderlyingNetworks: Null] ] applied false
02-17 08:19:27.933  2663  2663 D TelephonyNetworkFactory[1]: onReleaseNetworkFor NetworkRequest [ REQUEST id=213, [ Capabilities: INTERNET&NOT_RESTRICTED&TRUSTED&NOT_VCN_MANAGED Uid: 10205 RequestorUid: 1000 RequestorPkg: android UnderlyingNetworks: Null] ] applied true
02-17 08:19:27.934  2663  2663 D TelephonyNetworkFactory[0]: onReleaseNetworkFor NetworkRequest [ REQUEST id=1158, [ Capabilities: INTERNET&NOT_RESTRICTED&TRUSTED&NOT_VCN_MANAGED Uid: 10121 RequestorUid: 10121 RequestorPkg: com.android.vending UnderlyingNetworks: Null] ] applied false
02-17 08:19:27.934  2663  2663 D TelephonyNetworkFactory[1]: onReleaseNetworkFor NetworkRequest [ REQUEST id=74, [ Capabilities: INTERNET&NOT_RESTRICTED&TRUSTED&NOT_VCN_MANAGED Uid: 1001 RequestorUid: 1001 RequestorPkg: com.android.phone UnderlyingNetworks: Null] ] applied true
02-17 08:19:27.934  2663  2663 D TelephonyNetworkFactory[0]: onReleaseNetworkFor NetworkRequest [ REQUEST id=178, [ Capabilities: INTERNET&NOT_RESTRICTED&TRUSTED&NOT_VCN_MANAGED Uid: 10131 RequestorUid: 1000 RequestorPkg: android UnderlyingNetworks: Null] ] applied false
02-17 08:19:27.934  2663  2663 D TelephonyNetworkFactory[1]: onReleaseNetworkFor NetworkRequest [ REQUEST id=47, [ Capabilities: INTERNET&NOT_RESTRICTED&TRUSTED&NOT_VCN_MANAGED Uid: 10034 RequestorUid: 1000 RequestorPkg: android UnderlyingNetworks: Null] ] applied true
02-17 08:19:27.934  2663  2663 D TelephonyNetworkFactory[0]: onReleaseNetworkFor NetworkRequest [ REQUEST id=43, [ Capabilities: INTERNET&NOT_RESTRICTED&TRUSTED&NOT_VCN_MANAGED Uid: 10112 RequestorUid: 1000 RequestorPkg: android UnderlyingNetworks: Null] ] applied false
02-17 08:19:27.934  2663  2663 D TelephonyNetworkFactory[1]: onReleaseNetworkFor NetworkRequest [ REQUEST id=435, [ Capabilities: INTERNET&NOT_RESTRICTED&TRUSTED&NOT_VCN_MANAGED Uid: 10162 RequestorUid: 1000 RequestorPkg: android UnderlyingNetworks: Null] ] applied true
02-17 08:19:27.934  2663  2663 D TelephonyNetworkFactory[0]: onReleaseNetworkFor NetworkRequest [ REQUEST id=17, [ Capabilities: INTERNET&NOT_RESTRICTED&TRUSTED&NOT_VCN_MANAGED Uid: 10202 RequestorUid: 1000 RequestorPkg: android UnderlyingNetworks: Null] ] applied false
02-17 08:19:27.934  2663  2663 D TelephonyNetworkFactory[1]: onReleaseNetworkFor NetworkRequest [ REQUEST id=1161, [ Capabilities: INTERNET&NOT_RESTRICTED&TRUSTED&NOT_VCN_MANAGED Uid: 10113 RequestorUid: 10113 RequestorPkg: com.google.android.googlequicksearchbox UnderlyingNetworks: Null] ] applied true
02-17 08:19:27.934  2663  2663 D TelephonyNetworkFactory[0]: onReleaseNetworkFor NetworkRequest [ REQUEST id=23, [ Capabilities: INTERNET&NOT_RESTRICTED&TRUSTED&NOT_VCN_MANAGED Uid: 10196 RequestorUid: 1000 RequestorPkg: android UnderlyingNetworks: Null] ] applied false
02-17 08:19:27.934  2663  2663 D TelephonyNetworkFactory[0]: onReleaseNetworkFor NetworkRequest [ REQUEST id=206, [ Capabilities: INTERNET&NOT_RESTRICTED&TRUSTED&NOT_VCN_MANAGED Uid: 10189 RequestorUid: 1000 RequestorPkg: android UnderlyingNetworks: Null] ] applied false
02-17 08:19:27.934  2663  2663 D TelephonyNetworkFactory[1]: onReleaseNetworkFor NetworkRequest [ REQUEST id=29, [ Capabilities: INTERNET&NOT_RESTRICTED&TRUSTED&NOT_VCN_MANAGED Uid: 10173 RequestorUid: 1000 RequestorPkg: android UnderlyingNetworks: Null] ] applied true
02-17 08:19:27.934  2663  2663 D TelephonyNetworkFactory[0]: onReleaseNetworkFor NetworkRequest [ REQUEST id=1114, [ Capabilities: INTERNET&NOT_RESTRICTED&TRUSTED&NOT_VCN_MANAGED Uid: 10106 RequestorUid: 10106 RequestorPkg: com.google.android.apps.gcs UnderlyingNetworks: Null] ] applied false
02-17 08:19:27.934  2663  2663 D TelephonyNetworkFactory[1]: onReleaseNetworkFor NetworkRequest [ REQUEST id=51, [ Capabilities: INTERNET&NOT_RESTRICTED&TRUSTED&NOT_VCN_MANAGED Uid: 10030 RequestorUid: 1000 RequestorPkg: android UnderlyingNetworks: Null] ] applied true
02-17 08:19:27.934  2663  2663 D TelephonyNetworkFactory[0]: onReleaseNetworkFor NetworkRequest [ REQUEST id=55, [ Capabilities: INTERNET&NOT_RESTRICTED&TRUSTED&NOT_VCN_MANAGED Uid: 10022 RequestorUid: 1000 RequestorPkg: android UnderlyingNetworks: Null] ] applied false
02-17 08:19:27.934  2663  2663 D TelephonyNetworkFactory[1]: onReleaseNetworkFor NetworkRequest [ REQUEST id=1116, [ Capabilities: INTERNET&NOT_RESTRICTED&TRUSTED&NOT_VCN_MANAGED Uid: 10178 RequestorUid: 10178 RequestorPkg: com.google.android.apps.messaging UnderlyingNetworks: Null] ] applied true
02-17 08:19:27.934  2663  2663 D TelephonyNetworkFactory[0]: onReleaseNetworkFor NetworkRequest [ REQUEST id=136, [ Capabilities: INTERNET&NOT_RESTRICTED&TRUSTED&NOT_VCN_MANAGED Uid: 10178 RequestorUid: 1000 RequestorPkg: android UnderlyingNetworks: Null] ] applied false
02-17 08:19:27.934  2663  2663 D TelephonyNetworkFactory[1]: onReleaseNetworkFor NetworkRequest [ REQUEST id=98, [ Capabilities: INTERNET&NOT_RESTRICTED&TRUSTED&NOT_VCN_MANAGED Uid: 10202 RequestorUid: 10202 RequestorPkg: com.google.android.inputmethod.latin UnderlyingNetworks: Null] ] applied true
02-17 08:19:27.934  2663  2663 D TelephonyNetworkFactory[0]: onReleaseNetworkFor NetworkRequest [ REQUEST id=33, [ Capabilities: INTERNET&NOT_RESTRICTED&TRUSTED&NOT_VCN_MANAGED Uid: 10167 RequestorUid: 1000 RequestorPkg: android UnderlyingNetworks: Null] ] applied false
02-17 08:19:27.934  2663  2663 D TelephonyNetworkFactory[1]: onReleaseNetworkFor NetworkRequest [ REQUEST id=1005, [ Capabilities: INTERNET&NOT_RESTRICTED&TRUSTED&NOT_VCN_MANAGED Uid: 10172 RequestorUid: 10172 RequestorPkg: com.google.android.apps.photos UnderlyingNetworks: Null] ] applied true
02-17 08:19:27.935  2663  2663 D TelephonyNetworkFactory[0]: onReleaseNetworkFor NetworkRequest [ REQUEST id=195, [ Capabilities: INTERNET&NOT_RESTRICTED&TRUSTED&NOT_VCN_MANAGED Uid: 10146 RequestorUid: 1000 RequestorPkg: android UnderlyingNetworks: Null] ] applied false
02-17 08:19:27.935  2663  2663 D TelephonyNetworkFactory[1]: onReleaseNetworkFor NetworkRequest [ REQUEST id=77, [ Capabilities: INTERNET&NOT_RESTRICTED&TRUSTED&NOT_VCN_MANAGED Uid: 1001 RequestorUid: 1001 RequestorPkg: com.android.phone UnderlyingNetworks: Null] ] applied true
02-17 08:19:27.935  2663  2663 D TelephonyNetworkFactory[0]: onReleaseNetworkFor NetworkRequest [ REQUEST id=82, [ Capabilities: INTERNET&NOT_RESTRICTED&TRUSTED&NOT_VCN_MANAGED Uid: 10130 RequestorUid: 10130 RequestorPkg: com.google.android.apps.scone UnderlyingNetworks: Null] ] applied false
02-17 08:19:27.935  2663  2663 D TelephonyNetworkFactory[1]: onReleaseNetworkFor NetworkRequest [ REQUEST id=84, [ Capabilities: INTERNET&NOT_RESTRICTED&TRUSTED&NOT_VCN_MANAGED Uid: 10263 RequestorUid: 10263 RequestorPkg: com.qualcomm.qti.cne UnderlyingNetworks: Null] ] applied true
02-17 08:19:27.935  2663  2663 D TelephonyNetworkFactory[0]: onReleaseNetworkFor NetworkRequest [ REQUEST id=119, [ Capabilities: INTERNET&NOT_RESTRICTED&TRUSTED&NOT_VCN_MANAGED Uid: 10071 RequestorUid: 1000 RequestorPkg: android UnderlyingNetworks: Null] ] applied false
02-17 08:19:27.935  2663  2663 D TelephonyNetworkFactory[1]: onReleaseNetworkFor NetworkRequest [ REQUEST id=15, [ Capabilities: INTERNET&NOT_RESTRICTED&TRUSTED&NOT_VCN_MANAGED Uid: 10272 RequestorUid: 1000 RequestorPkg: android UnderlyingNetworks: Null] ] applied true
02-17 08:19:27.935  2663  2663 D TelephonyNetworkFactory[0]: onReleaseNetworkFor NetworkRequest [ REQUEST id=39, [ Capabilities: INTERNET&NOT_RESTRICTED&TRUSTED&NOT_VCN_MANAGED Uid: 10121 RequestorUid: 1000 RequestorPkg: android UnderlyingNetworks: Null] ] applied false
02-17 08:19:27.935  2663  2663 D TelephonyNetworkFactory[1]: onReleaseNetworkFor NetworkRequest [ REQUEST id=27, [ Capabilities: INTERNET&NOT_RESTRICTED&TRUSTED&NOT_VCN_MANAGED Uid: 10186 RequestorUid: 1000 RequestorPkg: android UnderlyingNetworks: Null] ] applied true
02-17 08:19:27.935  2663  2663 D TelephonyNetworkFactory[0]: onReleaseNetworkFor NetworkRequest [ REQUEST id=49, [ Capabilities: INTERNET&NOT_RESTRICTED&TRUSTED&NOT_VCN_MANAGED Uid: 10033 RequestorUid: 1000 RequestorPkg: android UnderlyingNetworks: Null] ] applied false
02-17 08:19:27.935  2663  2663 D TelephonyNetworkFactory[1]: onReleaseNetworkFor NetworkRequest [ REQUEST id=35, [ Capabilities: INTERNET&NOT_RESTRICTED&TRUSTED&NOT_VCN_MANAGED Uid: 10137 RequestorUid: 1000 RequestorPkg: android UnderlyingNetworks: Null] ] applied true
02-17 08:19:27.935  2663  2663 D TelephonyNetworkFactory[0]: onReleaseNetworkFor NetworkRequest [ REQUEST id=21, [ Capabilities: INTERNET&NOT_RESTRICTED&TRUSTED&NOT_VCN_MANAGED Uid: 10200 RequestorUid: 1000 RequestorPkg: android UnderlyingNetworks: Null] ] applied false
02-17 08:19:27.935  2663  2663 D TelephonyNetworkFactory[1]: onReleaseNetworkFor NetworkRequest [ REQUEST id=70, [ Capabilities: INTERNET&NOT_RESTRICTED&TRUSTED&NOT_VCN_MANAGED Uid: 10157 RequestorUid: 10157 RequestorPkg: com.android.systemui UnderlyingNetworks: Null] ] applied true
02-17 08:19:27.935  2663  2663 D TelephonyNetworkFactory[0]: onReleaseNetworkFor NetworkRequest [ REQUEST id=644, [ Capabilities: INTERNET&NOT_RESTRICTED&TRUSTED&NOT_VCN_MANAGED Uid: 10178 RequestorUid: 10178 RequestorPkg: com.google.android.apps.messaging UnderlyingNetworks: Null] ] applied false
02-17 08:19:27.935  2663  2663 D TelephonyNetworkFactory[1]: onReleaseNetworkFor NetworkRequest [ REQUEST id=1146, [ Capabilities: INTERNET&NOT_RESTRICTED&TRUSTED&NOT_VCN_MANAGED Uid: 10121 RequestorUid: 10121 RequestorPkg: com.android.vending UnderlyingNetworks: Null] ] applied true
02-17 08:19:27.935  2663  2663 D TelephonyNetworkFactory[0]: onReleaseNetworkFor NetworkRequest [ REQUEST id=160, [ Capabilities: INTERNET&NOT_RESTRICTED&TRUSTED&NOT_VCN_MANAGED Uid: 10190 RequestorUid: 1000 RequestorPkg: android UnderlyingNetworks: Null] ] applied false
02-17 08:19:27.935  2663  2663 D TelephonyNetworkFactory[1]: onReleaseNetworkFor NetworkRequest [ REQUEST id=146, [ Capabilities: INTERNET&NOT_RESTRICTED&TRUSTED&NOT_VCN_MANAGED Uid: 10234 RequestorUid: 1000 RequestorPkg: android UnderlyingNetworks: Null] ] applied true
02-17 08:19:27.936  2663  2663 D TelephonyNetworkFactory[0]: onReleaseNetworkFor NetworkRequest [ REQUEST id=753, [ Capabilities: INTERNET&NOT_RESTRICTED&TRUSTED&NOT_VCN_MANAGED Uid: 10150 RequestorUid: 10150 RequestorPkg: com.google.android.ims UnderlyingNetworks: Null] ] applied false
02-17 08:19:27.936  2663  2663 D TelephonyNetworkFactory[1]: onReleaseNetworkFor NetworkRequest [ REQUEST id=59, [ Capabilities: INTERNET&NOT_RESTRICTED&TRUSTED&NOT_VCN_MANAGED Uid: 10019 RequestorUid: 1000 RequestorPkg: android UnderlyingNetworks: Null] ] applied true
02-17 08:19:27.936  2663  2663 D TelephonyNetworkFactory[0]: onReleaseNetworkFor NetworkRequest [ REQUEST id=997, [ Capabilities: INTERNET&NOT_RESTRICTED&TRUSTED&NOT_VCN_MANAGED Uid: 10172 RequestorUid: 10172 RequestorPkg: com.google.android.apps.photos UnderlyingNetworks: Null] ] applied false
02-17 08:19:27.936  2663  2663 D TelephonyNetworkFactory[1]: onReleaseNetworkFor NetworkRequest [ REQUEST id=1, [ Capabilities: INTERNET&NOT_RESTRICTED&TRUSTED&NOT_VPN&NOT_VCN_MANAGED RequestorUid: 1000 RequestorPkg: android UnderlyingNetworks: Null] ] applied true
02-17 08:19:27.936  2663  2663 D TelephonyNetworkFactory[0]: onReleaseNetworkFor NetworkRequest [ REQUEST id=53, [ Capabilities: INTERNET&NOT_RESTRICTED&TRUSTED&NOT_VCN_MANAGED Uid: 10026 RequestorUid: 1000 RequestorPkg: android UnderlyingNetworks: Null] ] applied false
02-17 08:19:27.936  2663  2663 D TelephonyNetworkFactory[1]: onReleaseNetworkFor NetworkRequest [ REQUEST id=225, [ Capabilities: INTERNET&NOT_RESTRICTED&TRUSTED&NOT_VCN_MANAGED Uid: 10021 RequestorUid: 1000 RequestorPkg: android UnderlyingNetworks: Null] ] applied true
02-17 08:19:27.936  2663  2663 D TelephonyNetworkFactory[0]: onReleaseNetworkFor NetworkRequest [ REQUEST id=114, [ Capabilities: INTERNET&NOT_RESTRICTED&TRUSTED&NOT_VCN_MANAGED Uid: 10270 RequestorUid: 1000 RequestorPkg: android UnderlyingNetworks: Null] ] applied false
02-17 08:19:27.936  2663  2663 D TelephonyNetworkFactory[1]: onReleaseNetworkFor NetworkRequest [ REQUEST id=158, [ Capabilities: INTERNET&NOT_RESTRICTED&TRUSTED&NOT_VCN_MANAGED Uid: 10149 RequestorUid: 1000 RequestorPkg: android UnderlyingNetworks: Null] ] applied true
02-17 08:19:27.936  2663  2663 D TelephonyNetworkFactory[0]: onReleaseNetworkFor NetworkRequest [ REQUEST id=107, [ Capabilities: INTERNET&NOT_RESTRICTED&TRUSTED&NOT_VCN_MANAGED Uid: 10126 RequestorUid: 1000 RequestorPkg: android UnderlyingNetworks: Null] ] applied false
02-17 08:19:27.936  2663  2663 D TelephonyNetworkFactory[1]: onReleaseNetworkFor NetworkRequest [ REQUEST id=25, [ Capabilities: INTERNET&NOT_RESTRICTED&TRUSTED&NOT_VCN_MANAGED Uid: 10187 RequestorUid: 1000 RequestorPkg: android UnderlyingNetworks: Null] ] applied true
02-17 08:19:27.936  2663  2663 D TelephonyNetworkFactory[0]: onReleaseNetworkFor NetworkRequest [ REQUEST id=1163, [ Capabilities: INTERNET&NOT_RESTRICTED&TRUSTED&NOT_VCN_MANAGED Uid: 10113 RequestorUid: 10113 RequestorPkg: com.google.android.googlequicksearchbox UnderlyingNetworks: Null] ] applied false
02-17 08:19:27.936  2663  2663 D TelephonyNetworkFactory[1]: onReleaseNetworkFor NetworkRequest [ REQUEST id=813, [ Capabilities: INTERNET&NOT_RESTRICTED&TRUSTED&NOT_VCN_MANAGED Uid: 10145 RequestorUid: 10145 RequestorPkg: com.google.android.gms UnderlyingNetworks: Null] ] applied true
02-17 08:19:27.936  2663  2663 D TelephonyNetworkFactory[0]: onReleaseNetworkFor NetworkRequest [ REQUEST id=870, [ Capabilities: INTERNET&NOT_RESTRICTED&TRUSTED&NOT_VCN_MANAGED Uid: 10109 RequestorUid: 1000 RequestorPkg: android UnderlyingNetworks: Null] ] applied false
02-17 08:19:27.936  2663  2663 D TelephonyNetworkFactory[1]: onReleaseNetworkFor NetworkRequest [ REQUEST id=1080, [ Capabilities: INTERNET&NOT_RESTRICTED&TRUSTED&NOT_VCN_MANAGED Uid: 10121 RequestorUid: 10121 RequestorPkg: com.android.vending UnderlyingNetworks: Null] ] applied true
02-17 08:19:27.936  2663  2663 D TelephonyNetworkFactory[0]: onReleaseNetworkFor NetworkRequest [ REQUEST id=89, [ Capabilities: INTERNET&NOT_RESTRICTED&TRUSTED&NOT_VCN_MANAGED Uid: 1000 RequestorUid: 1000 RequestorPkg: android UnderlyingNetworks: Null] ] applied false
02-17 08:19:27.936  2663  2663 D TelephonyNetworkFactory[1]: onReleaseNetworkFor NetworkRequest [ REQUEST id=1167, [ Capabilities: INTERNET&NOT_RESTRICTED&TRUSTED&NOT_VCN_MANAGED Uid: 10113 RequestorUid: 10113 RequestorPkg: com.google.android.googlequicksearchbox UnderlyingNetworks: Null] ] applied true
02-17 08:19:27.936  2663  2663 D TelephonyNetworkFactory[0]: onReleaseNetworkFor NetworkRequest [ REQUEST id=31, [ Capabilities: INTERNET&NOT_RESTRICTED&TRUSTED&NOT_VCN_MANAGED Uid: 10172 RequestorUid: 1000 RequestorPkg: android UnderlyingNetworks: Null] ] applied false
02-17 08:19:27.936  2663  2663 D TelephonyNetworkFactory[1]: onReleaseNetworkFor NetworkRequest [ REQUEST id=185, [ Capabilities: INTERNET&NOT_RESTRICTED&TRUSTED&NOT_VCN_MANAGED Uid: 10268 RequestorUid: 1000 RequestorPkg: android UnderlyingNetworks: Null] ] applied true
02-17 08:19:27.937  2663  2663 D TelephonyNetworkFactory[0]: onReleaseNetworkFor NetworkRequest [ REQUEST id=37, [ Capabilities: INTERNET&NOT_RESTRICTED&TRUSTED&NOT_VCN_MANAGED Uid: 10129 RequestorUid: 1000 RequestorPkg: android UnderlyingNetworks: Null] ] applied false
02-17 08:19:27.937  2663  2663 D TelephonyNetworkFactory[1]: onReleaseNetworkFor NetworkRequest [ REQUEST id=61, [ Capabilities: INTERNET&NOT_RESTRICTED&TRUSTED&NOT_VCN_MANAGED Uid: 1000 RequestorUid: 1000 RequestorPkg: android UnderlyingNetworks: Null] ] applied true
02-17 08:19:27.937  2663  2663 D TelephonyNetworkFactory[0]: onReleaseNetworkFor NetworkRequest [ REQUEST id=191, [ Capabilities: INTERNET&NOT_RESTRICTED&TRUSTED&NOT_VCN_MANAGED Uid: 10165 RequestorUid: 1000 RequestorPkg: android UnderlyingNetworks: Null] ] applied false
02-17 08:19:27.937  2663  2663 D TelephonyNetworkFactory[1]: onReleaseNetworkFor NetworkRequest [ REQUEST id=103, [ Capabilities: INTERNET&NOT_RESTRICTED&TRUSTED&NOT_VCN_MANAGED Uid: 10150 RequestorUid: 1000 RequestorPkg: android UnderlyingNetworks: Null] ] applied true
02-17 08:19:27.937  2663  2663 D TelephonyNetworkFactory[1]: onReleaseNetworkFor NetworkRequest [ REQUEST id=651, [ Capabilities: INTERNET&NOT_RESTRICTED&TRUSTED&NOT_VCN_MANAGED Uid: 10178 RequestorUid: 10178 RequestorPkg: com.google.android.apps.messaging UnderlyingNetworks: Null] ] applied true
02-17 08:19:27.937  2663  2663 D TelephonyNetworkFactory[1]: onReleaseNetworkFor NetworkRequest [ REQUEST id=1155, [ Capabilities: INTERNET&NOT_RESTRICTED&TRUSTED&NOT_VCN_MANAGED Uid: 10121 RequestorUid: 10121 RequestorPkg: com.android.vending UnderlyingNetworks: Null] ] applied true
02-17 08:19:27.937  2663  2663 D TelephonyNetworkFactory[1]: onReleaseNetworkFor NetworkRequest [ REQUEST id=19, [ Capabilities: INTERNET&NOT_RESTRICTED&TRUSTED&NOT_VCN_MANAGED Uid: 10201 RequestorUid: 1000 RequestorPkg: android UnderlyingNetworks: Null] ] applied true
02-17 08:19:27.937  2663  2663 D TelephonyNetworkFactory[1]: onReleaseNetworkFor NetworkRequest [ REQUEST id=63, [ Capabilities: INTERNET&NOT_RESTRICTED&TRUSTED&NOT_VCN_MANAGED Uid: 1073 RequestorUid: 1073 RequestorPkg: com.google.android.networkstack UnderlyingNetworks: Null] ] applied true
02-17 08:19:27.937  2663  2663 D TelephonyNetworkFactory[1]: onReleaseNetworkFor NetworkRequest [ REQUEST id=41, [ Capabilities: INTERNET&NOT_RESTRICTED&TRUSTED&NOT_VCN_MANAGED Uid: 10113 RequestorUid: 1000 RequestorPkg: android UnderlyingNetworks: Null] ] applied true
02-17 08:19:27.937  2663  2663 D TelephonyNetworkFactory[1]: onReleaseNetworkFor NetworkRequest [ REQUEST id=1131, [ Capabilities: INTERNET&NOT_RESTRICTED&TRUSTED&NOT_VCN_MANAGED Uid: 10178 RequestorUid: 10178 RequestorPkg: com.google.android.apps.messaging UnderlyingNetworks: Null] ] applied true
02-17 08:19:27.937  2663  2663 D TelephonyNetworkFactory[1]: onReleaseNetworkFor NetworkRequest [ REQUEST id=45, [ Capabilities: INTERNET&NOT_RESTRICTED&TRUSTED&NOT_VCN_MANAGED Uid: 10035 RequestorUid: 1000 RequestorPkg: android UnderlyingNetworks: Null] ] applied true
02-17 08:19:27.937  2663  2663 D TelephonyNetworkFactory[1]: onReleaseNetworkFor NetworkRequest [ REQUEST id=282, [ Capabilities: INTERNET&NOT_RESTRICTED&TRUSTED&NOT_VCN_MANAGED Uid: 10164 RequestorUid: 1000 RequestorPkg: android UnderlyingNetworks: Null] ] applied true
02-17 08:19:27.937  2663  2663 D TelephonyNetworkFactory[1]: onReleaseNetworkFor NetworkRequest [ REQUEST id=7, [ Capabilities: INTERNET&NOT_RESTRICTED&TRUSTED&NOT_VCN_MANAGED Uid: 1000 RequestorUid: 1000 RequestorPkg: android UnderlyingNetworks: Null] ] applied true
02-17 08:19:27.937  2663  2663 D TelephonyNetworkFactory[1]: onReleaseNetworkFor NetworkRequest [ REQUEST id=68, [ Capabilities: INTERNET&NOT_RESTRICTED&TRUSTED&NOT_VCN_MANAGED Uid: 10157 RequestorUid: 10157 RequestorPkg: com.android.systemui UnderlyingNetworks: Null] ] applied true
02-17 08:19:27.937  2663  2663 D TelephonyNetworkFactory[1]: onReleaseNetworkFor NetworkRequest [ REQUEST id=1111, [ Capabilities: INTERNET&NOT_RESTRICTED&TRUSTED&NOT_VCN_MANAGED Uid: 10145 RequestorUid: 10145 RequestorPkg: com.google.android.gms UnderlyingNetworks: Null] ] applied true
02-17 08:19:27.937  2663  2663 D TelephonyNetworkFactory[1]: onReleaseNetworkFor NetworkRequest [ REQUEST id=126, [ Capabilities: INTERNET&NOT_RESTRICTED&TRUSTED&NOT_VCN_MANAGED Uid: 10106 RequestorUid: 1000 RequestorPkg: android UnderlyingNetworks: Null] ] applied true
02-17 08:19:27.937  2663  2663 D TelephonyNetworkFactory[1]: onReleaseNetworkFor NetworkRequest [ REQUEST id=1010, [ Capabilities: INTERNET&NOT_RESTRICTED&TRUSTED&NOT_VCN_MANAGED Uid: 10186 RequestorUid: 10186 RequestorPkg: com.google.android.gm UnderlyingNetworks: Null] ] applied true
02-17 08:19:27.938  2663  2663 D TelephonyNetworkFactory[1]: onReleaseNetworkFor NetworkRequest [ REQUEST id=1158, [ Capabilities: INTERNET&NOT_RESTRICTED&TRUSTED&NOT_VCN_MANAGED Uid: 10121 RequestorUid: 10121 RequestorPkg: com.android.vending UnderlyingNetworks: Null] ] applied true
02-17 08:19:27.938  2663  2663 D TelephonyNetworkFactory[1]: onReleaseNetworkFor NetworkRequest [ REQUEST id=178, [ Capabilities: INTERNET&NOT_RESTRICTED&TRUSTED&NOT_VCN_MANAGED Uid: 10131 RequestorUid: 1000 RequestorPkg: android UnderlyingNetworks: Null] ] applied true
02-17 08:19:27.938  2663  2663 D TelephonyNetworkFactory[1]: onReleaseNetworkFor NetworkRequest [ REQUEST id=43, [ Capabilities: INTERNET&NOT_RESTRICTED&TRUSTED&NOT_VCN_MANAGED Uid: 10112 RequestorUid: 1000 RequestorPkg: android UnderlyingNetworks: Null] ] applied true
02-17 08:19:27.938  2663  2663 D TelephonyNetworkFactory[1]: onReleaseNetworkFor NetworkRequest [ REQUEST id=17, [ Capabilities: INTERNET&NOT_RESTRICTED&TRUSTED&NOT_VCN_MANAGED Uid: 10202 RequestorUid: 1000 RequestorPkg: android UnderlyingNetworks: Null] ] applied true
02-17 08:19:27.938  2663  2663 D TelephonyNetworkFactory[1]: onReleaseNetworkFor NetworkRequest [ REQUEST id=23, [ Capabilities: INTERNET&NOT_RESTRICTED&TRUSTED&NOT_VCN_MANAGED Uid: 10196 RequestorUid: 1000 RequestorPkg: android UnderlyingNetworks: Null] ] applied true
02-17 08:19:27.938  2663  2663 D TelephonyNetworkFactory[1]: onReleaseNetworkFor NetworkRequest [ REQUEST id=206, [ Capabilities: INTERNET&NOT_RESTRICTED&TRUSTED&NOT_VCN_MANAGED Uid: 10189 RequestorUid: 1000 RequestorPkg: android UnderlyingNetworks: Null] ] applied true
02-17 08:19:27.938  2663  2663 D TelephonyNetworkFactory[1]: onReleaseNetworkFor NetworkRequest [ REQUEST id=1114, [ Capabilities: INTERNET&NOT_RESTRICTED&TRUSTED&NOT_VCN_MANAGED Uid: 10106 RequestorUid: 10106 RequestorPkg: com.google.android.apps.gcs UnderlyingNetworks: Null] ] applied true
02-17 08:19:27.938  2663  2663 D TelephonyNetworkFactory[1]: onReleaseNetworkFor NetworkRequest [ REQUEST id=55, [ Capabilities: INTERNET&NOT_RESTRICTED&TRUSTED&NOT_VCN_MANAGED Uid: 10022 RequestorUid: 1000 RequestorPkg: android UnderlyingNetworks: Null] ] applied true
02-17 08:19:27.938  2663  2663 D TelephonyNetworkFactory[1]: onReleaseNetworkFor NetworkRequest [ REQUEST id=136, [ Capabilities: INTERNET&NOT_RESTRICTED&TRUSTED&NOT_VCN_MANAGED Uid: 10178 RequestorUid: 1000 RequestorPkg: android UnderlyingNetworks: Null] ] applied true
02-17 08:19:27.938  2663  2663 D TelephonyNetworkFactory[1]: onReleaseNetworkFor NetworkRequest [ REQUEST id=33, [ Capabilities: INTERNET&NOT_RESTRICTED&TRUSTED&NOT_VCN_MANAGED Uid: 10167 RequestorUid: 1000 RequestorPkg: android UnderlyingNetworks: Null] ] applied true
02-17 08:19:27.938  2663  2663 D TelephonyNetworkFactory[1]: onReleaseNetworkFor NetworkRequest [ REQUEST id=195, [ Capabilities: INTERNET&NOT_RESTRICTED&TRUSTED&NOT_VCN_MANAGED Uid: 10146 RequestorUid: 1000 RequestorPkg: android UnderlyingNetworks: Null] ] applied true
02-17 08:19:27.938  2663  2663 D TelephonyNetworkFactory[1]: onReleaseNetworkFor NetworkRequest [ REQUEST id=82, [ Capabilities: INTERNET&NOT_RESTRICTED&TRUSTED&NOT_VCN_MANAGED Uid: 10130 RequestorUid: 10130 RequestorPkg: com.google.android.apps.scone UnderlyingNetworks: Null] ] applied true
02-17 08:19:27.938  2663  2663 D TelephonyNetworkFactory[1]: onReleaseNetworkFor NetworkRequest [ REQUEST id=119, [ Capabilities: INTERNET&NOT_RESTRICTED&TRUSTED&NOT_VCN_MANAGED Uid: 10071 RequestorUid: 1000 RequestorPkg: android UnderlyingNetworks: Null] ] applied true
02-17 08:19:27.938  2663  2663 D TelephonyNetworkFactory[1]: onReleaseNetworkFor NetworkRequest [ REQUEST id=39, [ Capabilities: INTERNET&NOT_RESTRICTED&TRUSTED&NOT_VCN_MANAGED Uid: 10121 RequestorUid: 1000 RequestorPkg: android UnderlyingNetworks: Null] ] applied true
02-17 08:19:27.938  2663  2663 D TelephonyNetworkFactory[1]: onReleaseNetworkFor NetworkRequest [ REQUEST id=49, [ Capabilities: INTERNET&NOT_RESTRICTED&TRUSTED&NOT_VCN_MANAGED Uid: 10033 RequestorUid: 1000 RequestorPkg: android UnderlyingNetworks: Null] ] applied true
02-17 08:19:27.939  2663  2663 D TelephonyNetworkFactory[1]: onReleaseNetworkFor NetworkRequest [ REQUEST id=21, [ Capabilities: INTERNET&NOT_RESTRICTED&TRUSTED&NOT_VCN_MANAGED Uid: 10200 RequestorUid: 1000 RequestorPkg: android UnderlyingNetworks: Null] ] applied true
02-17 08:19:27.939  2663  2663 D TelephonyNetworkFactory[1]: onReleaseNetworkFor NetworkRequest [ REQUEST id=644, [ Capabilities: INTERNET&NOT_RESTRICTED&TRUSTED&NOT_VCN_MANAGED Uid: 10178 RequestorUid: 10178 RequestorPkg: com.google.android.apps.messaging UnderlyingNetworks: Null] ] applied true
02-17 08:19:27.939  2663  2663 D TelephonyNetworkFactory[1]: onReleaseNetworkFor NetworkRequest [ REQUEST id=160, [ Capabilities: INTERNET&NOT_RESTRICTED&TRUSTED&NOT_VCN_MANAGED Uid: 10190 RequestorUid: 1000 RequestorPkg: android UnderlyingNetworks: Null] ] applied true
02-17 08:19:27.939  2663  2663 D TelephonyNetworkFactory[1]: onReleaseNetworkFor NetworkRequest [ REQUEST id=753, [ Capabilities: INTERNET&NOT_RESTRICTED&TRUSTED&NOT_VCN_MANAGED Uid: 10150 RequestorUid: 10150 RequestorPkg: com.google.android.ims UnderlyingNetworks: Null] ] applied true
02-17 08:19:27.939  2663  2663 D TelephonyNetworkFactory[1]: onReleaseNetworkFor NetworkRequest [ REQUEST id=997, [ Capabilities: INTERNET&NOT_RESTRICTED&TRUSTED&NOT_VCN_MANAGED Uid: 10172 RequestorUid: 10172 RequestorPkg: com.google.android.apps.photos UnderlyingNetworks: Null] ] applied true
02-17 08:19:27.939  2663  2663 D TelephonyNetworkFactory[1]: onReleaseNetworkFor NetworkRequest [ REQUEST id=53, [ Capabilities: INTERNET&NOT_RESTRICTED&TRUSTED&NOT_VCN_MANAGED Uid: 10026 RequestorUid: 1000 RequestorPkg: android UnderlyingNetworks: Null] ] applied true
02-17 08:19:27.939  2663  2663 D TelephonyNetworkFactory[1]: onReleaseNetworkFor NetworkRequest [ REQUEST id=114, [ Capabilities: INTERNET&NOT_RESTRICTED&TRUSTED&NOT_VCN_MANAGED Uid: 10270 RequestorUid: 1000 RequestorPkg: android UnderlyingNetworks: Null] ] applied true
02-17 08:19:27.939  2663  2663 D TelephonyNetworkFactory[1]: onReleaseNetworkFor NetworkRequest [ REQUEST id=107, [ Capabilities: INTERNET&NOT_RESTRICTED&TRUSTED&NOT_VCN_MANAGED Uid: 10126 RequestorUid: 1000 RequestorPkg: android UnderlyingNetworks: Null] ] applied true
02-17 08:19:27.939  2663  2663 D TelephonyNetworkFactory[1]: onReleaseNetworkFor NetworkRequest [ REQUEST id=1163, [ Capabilities: INTERNET&NOT_RESTRICTED&TRUSTED&NOT_VCN_MANAGED Uid: 10113 RequestorUid: 10113 RequestorPkg: com.google.android.googlequicksearchbox UnderlyingNetworks: Null] ] applied true
02-17 08:19:27.939  2663  2663 D TelephonyNetworkFactory[1]: onReleaseNetworkFor NetworkRequest [ REQUEST id=870, [ Capabilities: INTERNET&NOT_RESTRICTED&TRUSTED&NOT_VCN_MANAGED Uid: 10109 RequestorUid: 1000 RequestorPkg: android UnderlyingNetworks: Null] ] applied true
02-17 08:19:27.939  2663  2663 D TelephonyNetworkFactory[1]: onReleaseNetworkFor NetworkRequest [ REQUEST id=89, [ Capabilities: INTERNET&NOT_RESTRICTED&TRUSTED&NOT_VCN_MANAGED Uid: 1000 RequestorUid: 1000 RequestorPkg: android UnderlyingNetworks: Null] ] applied true
02-17 08:19:27.939  2663  2663 D TelephonyNetworkFactory[1]: onReleaseNetworkFor NetworkRequest [ REQUEST id=31, [ Capabilities: INTERNET&NOT_RESTRICTED&TRUSTED&NOT_VCN_MANAGED Uid: 10172 RequestorUid: 1000 RequestorPkg: android UnderlyingNetworks: Null] ] applied true
02-17 08:19:27.939  2663  2663 D TelephonyNetworkFactory[1]: onReleaseNetworkFor NetworkRequest [ REQUEST id=37, [ Capabilities: INTERNET&NOT_RESTRICTED&TRUSTED&NOT_VCN_MANAGED Uid: 10129 RequestorUid: 1000 RequestorPkg: android UnderlyingNetworks: Null] ] applied true
02-17 08:19:27.939  2663  2663 D TelephonyNetworkFactory[1]: onReleaseNetworkFor NetworkRequest [ REQUEST id=191, [ Capabilities: INTERNET&NOT_RESTRICTED&TRUSTED&NOT_VCN_MANAGED Uid: 10165 RequestorUid: 1000 RequestorPkg: android UnderlyingNetworks: Null] ] applied true
02-17 08:19:28.300  2663  2974 D ImsManagerIM [1]: Registration Callback registered.
02-17 08:19:29.501  2600  2600 E GRIL-WifiExt: unknown wifi status code: 4
02-17 08:19:46.658  2663  2974 D ImsManagerIM [1]: Registration Callback registered.
02-17 08:19:46.693  1061  1061 I GRIL-Q  : qmi_vs_send_device_state_req completed 0, 0
02-17 08:21:00.258  2663  2974 D ImsManagerIM [1]: Registration Callback registered.
02-17 08:22:26.658  1061  1061 I GRIL-Q  : qmi_vs_send_device_state_req completed 0, 0
02-17 08:22:26.660  2663  2704 D ImsManagerIM [1]: Registration Callback registered.
02-17 08:22:39.462  1061  1061 I GRIL-Q  : qmi_vs_send_device_state_req completed 0, 0
02-17 08:23:01.849  1061  1061 I GRIL-Q  : qmi_vs_send_device_state_req completed 0, 0
02-17 08:23:44.535  1061  1061 I GRIL-Q  : qmi_vs_send_device_state_req completed 0, 0
02-17 08:24:06.689  1061  1061 I GRIL-Q  : qmi_vs_send_device_state_req completed 0, 0
02-17 08:28:19.180  2663  3068 D ImsManagerIM [1]: Registration Callback registered.
02-17 08:28:24.204  2663  3068 D ImsManagerIM [1]: Registration Callback registered.
02-17 08:31:11.892  1061  1061 I GRIL-Q  : qmi_vs_send_device_state_req completed 0, 0
02-17 08:31:34.337  1061  1061 I GRIL-Q  : qmi_vs_send_device_state_req completed 0, 0
02-17 08:31:34.345  2663  3068 D ImsManagerIM [1]: Registration Callback registered.
02-17 08:38:00.728  2663  2704 D Phone   : isImsCapabilityAvailable, capability=1, regTech=1, isAvailable=false
02-17 08:38:00.744  2663  2704 D SubscriptionController: getSubscriptionProperty Query value = -1
02-17 08:38:00.753  2663  2704 D ImsManagerIM [1]: getWfcMode - setting=1
02-17 08:38:00.774  2663  2974 D SubscriptionController: getSubscriptionProperty Query value = -1
02-17 08:38:00.781  2663  2704 D Phone   : isImsCapabilityAvailable, capability=1, regTech=1, isAvailable=false
02-17 08:38:00.786  2663  2704 D Phone   : isImsCapabilityAvailable, capability=1, regTech=1, isAvailable=false
02-17 08:38:00.796  2663  2704 D SubscriptionController: getSubscriptionProperty Query value = -1
02-17 08:38:00.798  2663  2704 D ImsManagerIM [1]: getWfcMode - setting=1
02-17 08:38:00.825  2663  3069 D SubscriptionController: getSubscriptionProperty Query value = -1
02-17 08:38:00.832  2663  3069 D Phone   : isImsCapabilityAvailable, capability=1, regTech=1, isAvailable=false
02-17 08:38:00.837  2663  3069 D SubscriptionController: getSubscriptionProperty Query value = -1
02-17 08:38:00.841  2663  3069 D ImsManagerIM [1]: getWfcMode - setting=1
02-17 08:38:00.867  2663  2704 D SubscriptionController: getSubscriptionProperty Query value = -1
02-17 08:38:00.874  2663  2704 D Phone   : isImsCapabilityAvailable, capability=1, regTech=1, isAvailable=false
02-17 08:38:00.885  2663  2704 D SubscriptionController: getSubscriptionProperty Query value = -1
02-17 08:38:00.887  2663  2704 D ImsManagerIM [1]: getWfcMode - setting=1
02-17 08:38:00.912  2663  2704 D SubscriptionController: getSubscriptionProperty Query value = -1
02-17 08:38:02.437  2663  3069 D ImsManagerIM [1]: Registration Callback registered.
02-17 08:38:03.870  1061  1061 I GRIL-Q  : qmi_vs_scone_activity_input_req completed 0, 0
02-17 08:38:03.900  1061  1061 I GRIL-Q  : qmi_vs_scone_activity_input_req completed 0, 0
02-17 08:38:03.905  1061  1061 I GRIL-Q  : qmi_vs_scone_activity_input_req completed 0, 0
02-17 08:38:03.911  1061  1061 I GRIL-Q  : qmi_vs_scone_activity_input_req completed 0, 0
