02-17 16:33:23.063  2663  2663 D TelephonyNetworkFactory[1]: onReleaseNetworkFor NetworkRequest [ REQUEST id=119, [ Capabilities: INTERNET&NOT_RESTRICTED&TRUSTED&NOT_VCN_MANAGED Uid: 10071 RequestorUid: 1000 RequestorPkg: android UnderlyingNetworks: Null] ] applied true
02-17 16:33:23.064  2663  2663 D TelephonyNetworkFactory[1]: onReleaseNetworkFor NetworkRequest [ REQUEST id=39, [ Capabilities: INTERNET&NOT_RESTRICTED&TRUSTED&NOT_VCN_MANAGED Uid: 10121 RequestorUid: 1000 RequestorPkg: android UnderlyingNetworks: Null] ] applied true
02-17 16:33:23.064  2663  2663 D TelephonyNetworkFactory[1]: onReleaseNetworkFor NetworkRequest [ REQUEST id=49, [ Capabilities: INTERNET&NOT_RESTRICTED&TRUSTED&NOT_VCN_MANAGED Uid: 10033 RequestorUid: 1000 RequestorPkg: android UnderlyingNetworks: Null] ] applied true
02-17 16:33:23.064  2663  2663 D TelephonyNetworkFactory[1]: onReleaseNetworkFor NetworkRequest [ REQUEST id=1209, [ Capabilities: INTERNET&NOT_RESTRICTED&TRUSTED&NOT_VCN_MANAGED Uid: 10113 RequestorUid: 10113 RequestorPkg: com.google.android.googlequicksearchbox UnderlyingNetworks: Null] ] applied true
02-17 16:33:23.064  2663  2663 D TelephonyNetworkFactory[1]: onReleaseNetworkFor NetworkRequest [ REQUEST id=21, [ Capabilities: INTERNET&NOT_RESTRICTED&TRUSTED&NOT_VCN_MANAGED Uid: 10200 RequestorUid: 1000 RequestorPkg: android UnderlyingNetworks: Null] ] applied true
02-17 16:33:23.064  2663  2663 D TelephonyNetworkFactory[1]: onReleaseNetworkFor NetworkRequest [ REQUEST id=644, [ Capabilities: INTERNET&NOT_RESTRICTED&TRUSTED&NOT_VCN_MANAGED Uid: 10178 RequestorUid: 10178 RequestorPkg: com.google.android.apps.messaging UnderlyingNetworks: Null] ] applied true
02-17 16:33:23.064  2663  2663 D TelephonyNetworkFactory[1]: onReleaseNetworkFor NetworkRequest [ REQUEST id=160, [ Capabilities: INTERNET&NOT_RESTRICTED&TRUSTED&NOT_VCN_MANAGED Uid: 10190 RequestorUid: 1000 RequestorPkg: android UnderlyingNetworks: Null] ] applied true
02-17 16:33:23.064  2663  2663 D TelephonyNetworkFactory[1]: onReleaseNetworkFor NetworkRequest [ REQUEST id=753, [ Capabilities: INTERNET&NOT_RESTRICTED&TRUSTED&NOT_VCN_MANAGED Uid: 10150 RequestorUid: 10150 RequestorPkg: com.google.android.ims UnderlyingNetworks: Null] ] applied true
02-17 16:33:23.064  2663  2663 D TelephonyNetworkFactory[1]: onReleaseNetworkFor NetworkRequest [ REQUEST id=53, [ Capabilities: INTERNET&NOT_RESTRICTED&TRUSTED&NOT_VCN_MANAGED Uid: 10026 RequestorUid: 1000 RequestorPkg: android UnderlyingNetworks: Null] ] applied true
02-17 16:33:23.064  2663  2663 D TelephonyNetworkFactory[1]: onReleaseNetworkFor NetworkRequest [ REQUEST id=114, [ Capabilities: INTERNET&NOT_RESTRICTED&TRUSTED&NOT_VCN_MANAGED Uid: 10270 RequestorUid: 1000 RequestorPkg: android UnderlyingNetworks: Null] ] applied true
02-17 16:33:23.064  2663  2663 D TelephonyNetworkFactory[1]: onReleaseNetworkFor NetworkRequest [ REQUEST id=107, [ Capabilities: INTERNET&NOT_RESTRICTED&TRUSTED&NOT_VCN_MANAGED Uid: 10126 RequestorUid: 1000 RequestorPkg: android UnderlyingNetworks: Null] ] applied true
02-17 16:33:23.064  2663  2663 D TelephonyNetworkFactory[1]: onReleaseNetworkFor NetworkRequest [ REQUEST id=870, [ Capabilities: INTERNET&NOT_RESTRICTED&TRUSTED&NOT_VCN_MANAGED Uid: 10109 RequestorUid: 1000 RequestorPkg: android UnderlyingNetworks: Null] ] applied true
02-17 16:33:23.065  2663  2663 D TelephonyNetworkFactory[1]: onReleaseNetworkFor NetworkRequest [ REQUEST id=89, [ Capabilities: INTERNET&NOT_RESTRICTED&TRUSTED&NOT_VCN_MANAGED Uid: 1000 RequestorUid: 1000 RequestorPkg: android UnderlyingNetworks: Null] ] applied true
02-17 16:33:23.065  2663  2663 D TelephonyNetworkFactory[1]: onReleaseNetworkFor NetworkRequest [ REQUEST id=1231, [ Capabilities: INTERNET&NOT_RESTRICTED&TRUSTED&NOT_VCN_MANAGED Uid: 10194 RequestorUid: 10194 RequestorPkg: com.google.android.apps.youtube.music UnderlyingNetworks: Null] ] applied true
02-17 16:33:23.065  2663  2663 D TelephonyNetworkFactory[1]: onReleaseNetworkFor NetworkRequest [ REQUEST id=31, [ Capabilities: INTERNET&NOT_RESTRICTED&TRUSTED&NOT_VCN_MANAGED Uid: 10172 RequestorUid: 1000 RequestorPkg: android UnderlyingNetworks: Null] ] applied true
02-17 16:33:23.065  2663  2663 D TelephonyNetworkFactory[1]: onReleaseNetworkFor NetworkRequest [ REQUEST id=1190, [ Capabilities: INTERNET&NOT_RESTRICTED&TRUSTED&NOT_VCN_MANAGED Uid: 10201 RequestorUid: 10201 RequestorPkg: com.google.android.apps.maps UnderlyingNetworks: Null] ] applied true
02-17 16:33:23.065  2663  2663 D TelephonyNetworkFactory[1]: onReleaseNetworkFor NetworkRequest [ REQUEST id=37, [ Capabilities: INTERNET&NOT_RESTRICTED&TRUSTED&NOT_VCN_MANAGED Uid: 10129 RequestorUid: 1000 RequestorPkg: android UnderlyingNetworks: Null] ] applied true
02-17 16:33:23.065  2663  2663 D TelephonyNetworkFactory[1]: onReleaseNetworkFor NetworkRequest [ REQUEST id=191, [ Capabilities: INTERNET&NOT_RESTRICTED&TRUSTED&NOT_VCN_MANAGED Uid: 10165 RequestorUid: 1000 RequestorPkg: android UnderlyingNetworks: Null] ] applied true
02-17 16:33:51.006  2663  2699 D ImsManagerIM [1]: Registration Callback registered.
02-17 16:33:51.117  2663  2663 D RILJ    : [1580]> GET_CELL_INFO_LIST [PHONE0]
02-17 16:33:51.142  2663  2663 D SubscriptionController: [getSubId]- numSubIds == 0, return null slotIndex=0
02-17 16:33:51.142  2663  2785 D RILJ    : [1580]< GET_CELL_INFO_LIST [CellInfoGsm:{mRegistered=NO mTimeStamp=276211881279785ns mCellConnectionStatus=0 CellIdentityGsm:{ mLac=51051 mCid=62081 mArfcn=686 mBsic=0x2 mMcc=310 mMnc=260 mAlphaLong=T-Mobile mAlphaShort=T-Mobile mAdditionalPlmns={}} CellSignalStrengthGsm: rssi=-63 ber=2147483647 mTa=0 mLevel=4}, CellInfoGsm:{mRegistered=NO mTimeStamp=276211881279785ns mCellConnectionStatus=0 CellIdentityGsm:{ mLac=51051 mCid=62083 mArfcn=613 mBsic=0x24 mMcc=310 mMnc=260 mAlphaLong=T-Mobile mAlphaShort=T-Mobile mAdditionalPlmns={}} CellSignalStrengthGsm: rssi=-71 ber=2147483647 mTa=2147483647 mLevel=4}, CellInfoGsm:{mRegistered=NO mTimeStamp=276211881279785ns mCellConnectionStatus=0 CellIdentityGsm:{ mLac=51051 mCid=42162 mArfcn=685 mBsic=0xe mMcc=310 mMnc=260 mAlphaLong=T-Mobile mAlphaShort=T-Mobile mAdditionalPlmns={}} CellSignalStrengthGsm: rssi=-67 ber=2147483647 mTa=2147483647 mLevel=4}, CellInfoGsm:{mRegistered=NO mTimeStamp=276211881279785ns mCellConnectionStatus=0 CellIdentityGsm:{ mLac=51051 mCid=46063 mArfcn=611 mBsic=0x13 mMcc=310 mMnc=260 mAlphaLong=T-Mobile mAlphaShort=T-Mobile mAdditionalPlmns={}} CellSignalStrengthGsm: rssi=-81 ber=2147483647 mTa=2147483647 mLevel=4}] [PHONE0]
02-17 16:33:51.145  2663  2663 D LocaleTracker-0: processCellInfo: cell info=[CellInfoGsm:{mRegistered=NO mTimeStamp=276211881279785ns mCellConnectionStatus=0 CellIdentityGsm:{ mLac=51051 mCid=62081 mArfcn=686 mBsic=0x2 mMcc=310 mMnc=260 mAlphaLong=T-Mobile mAlphaShort=T-Mobile mAdditionalPlmns={}} CellSignalStrengthGsm: rssi=-63 ber=2147483647 mTa=0 mLevel=4}, CellInfoGsm:{mRegistered=NO mTimeStamp=276211881279785ns mCellConnectionStatus=0 CellIdentityGsm:{ mLac=51051 mCid=62083 mArfcn=613 mBsic=0x24 mMcc=310 mMnc=260 mAlphaLong=T-Mobile mAlphaShort=T-Mobile mAdditionalPlmns={}} CellSignalStrengthGsm: rssi=-71 ber=2147483647 mTa=2147483647 mLevel=4}, CellInfoGsm:{mRegistered=NO mTimeStamp=276211881279785ns mCellConnectionStatus=0 CellIdentityGsm:{ mLac=51051 mCid=42162 mArfcn=685 mBsic=0xe mMcc=310 mMnc=260 mAlphaLong=T-Mobile mAlphaShort=T-Mobile mAdditionalPlmns={}} CellSignalStrengthGsm: rssi=-67 ber=2147483647 mTa=2147483647 mLevel=4}, CellInfoGsm:{mRegistered=NO mTimeStamp=276211881279785ns mCellConnectionStatus=0 CellIdentityGsm:{ mLac=51051 mCid=46063 mArfcn=611 mBsic=0x13 mMcc=310 mMnc=260 mAlphaLong=T-Mobile mAlphaShort=T-Mobile mAdditionalPlmns={}} CellSignalStrengthGsm: rssi=-81 ber=2147483647 mTa=2147483647 mLevel=4}]
02-17 16:33:51.146  2663  2663 D LocaleTracker-0: updateLocale: countryIso = us, countryIsoDebugInfo = OperatorNumeric(310260): MccTable.countryCodeForMcc("310")
02-17 16:33:51.146  2663  2663 D LocaleTracker-0: updateLocale: timeZoneCountryIso = us, timeZoneCountryIsoDebugInfo = OperatorNumeric: MccTable.geoCountryCodeForMccMnc(MccMnc{mcc='310', mnc='260'})
02-17 16:33:51.146  2663  2663 D NewNitzStateMachineImpl: handleCountryDetected: countryIsoCode=us, mLatestNitzSignal=null
02-17 16:33:58.560  1061  1061 I GRIL-Q  : qmi_vs_scone_activity_input_req completed 0, 0
02-17 16:33:58.570  1061  1061 I GRIL-Q  : qmi_vs_scone_activity_input_req completed 0, 0
02-17 16:33:58.578  1061  1061 I GRIL-Q  : qmi_vs_scone_activity_input_req completed 0, 0
02-17 16:33:58.590  1061  1061 I GRIL-Q  : qmi_vs_scone_activity_input_req completed 0, 0
02-17 16:33:58.597  1061  1061 I GRIL-Q  : qmi_vs_scone_activity_input_req completed 0, 0
02-17 16:33:58.614  1061  1061 I GRIL-Q  : qmi_vs_scone_activity_input_req completed 0, 0
02-17 16:33:58.619  1061  1061 I GRIL-Q  : qmi_vs_scone_activity_input_req completed 0, 0
02-17 16:33:58.625  1061  1061 I GRIL-Q  : qmi_vs_scone_activity_input_req completed 0, 0
02-17 16:33:58.630  1061  1061 I GRIL-Q  : qmi_vs_scone_activity_input_req completed 0, 0
02-17 16:33:59.676  2663  3001 D ImsManagerIM [1]: Registration Callback registered.
02-17 16:34:04.702  2663  2700 D ImsManagerIM [1]: Registration Callback registered.
02-17 16:34:09.725  2663  3001 D ImsManagerIM [1]: Registration Callback registered.
02-17 16:34:14.749  2663  2700 D ImsManagerIM [1]: Registration Callback registered.
02-17 16:34:19.785  2663  2700 D ImsManagerIM [1]: Registration Callback registered.
02-17 16:34:24.809  2663  2700 D ImsManagerIM [1]: Registration Callback registered.
02-17 16:34:29.831  2663  3001 D ImsManagerIM [1]: Registration Callback registered.
02-17 16:34:34.859  2663  3001 D ImsManagerIM [1]: Registration Callback registered.
02-17 16:34:39.888  2663  3001 D ImsManagerIM [1]: Registration Callback registered.
02-17 16:34:44.913  2663  3001 D ImsManagerIM [1]: Registration Callback registered.
02-17 16:34:49.935  2663  2700 D ImsManagerIM [1]: Registration Callback registered.
02-17 16:34:54.947  2663  3001 D ImsManagerIM [1]: Registration Callback registered.
02-17 16:34:59.975  2663  2700 D ImsManagerIM [1]: Registration Callback registered.
02-17 16:35:05.009  2663  3001 D ImsManagerIM [1]: Registration Callback registered.
02-17 16:35:10.046  2663  3001 D ImsManagerIM [1]: Registration Callback registered.
02-17 16:35:15.082  2663  3001 D ImsManagerIM [1]: Registration Callback registered.
02-17 16:35:20.116  2663  2700 D ImsManagerIM [1]: Registration Callback registered.
02-17 16:35:25.144  2663  2700 D ImsManagerIM [1]: Registration Callback registered.
02-17 16:35:30.174  2663  3001 D ImsManagerIM [1]: Registration Callback registered.
02-17 16:35:35.208  2663  2700 D ImsManagerIM [1]: Registration Callback registered.
02-17 16:35:40.235  2663  3001 D ImsManagerIM [1]: Registration Callback registered.
02-17 16:35:45.279  2663  3001 D ImsManagerIM [1]: Registration Callback registered.
02-17 16:35:50.309  2663  2700 D ImsManagerIM [1]: Registration Callback registered.
02-17 16:35:55.336  2663  3001 D ImsManagerIM [1]: Registration Callback registered.
02-17 16:36:00.379  2663  2974 D ImsManagerIM [1]: Registration Callback registered.
02-17 16:38:15.149  2663  2975 D ImsManagerIM [1]: Registration Callback registered.
02-17 16:39:12.002  2663  2975 D ImsManagerIM [1]: Registration Callback registered.
02-17 16:39:38.045  2663  2975 D ImsManagerIM [1]: Registration Callback registered.
02-17 16:40:02.931  2663  2974 D ImsManagerIM [1]: Registration Callback registered.
02-17 16:40:02.996  2663  2663 D TelephonyNetworkFactory[1]: got request NetworkRequest [ REQUEST id=1, [ Capabilities: INTERNET&NOT_RESTRICTED&TRUSTED&NOT_VPN&NOT_VCN_MANAGED RequestorUid: 1000 RequestorPkg: android UnderlyingNetworks: Null] ]
02-17 16:40:02.997  2663  2663 D TelephonyNetworkFactory[1]: onNeedNetworkFor NetworkRequest [ REQUEST id=1, [ Capabilities: INTERNET&NOT_RESTRICTED&TRUSTED&NOT_VPN&NOT_VCN_MANAGED RequestorUid: 1000 RequestorPkg: android UnderlyingNetworks: Null] ] shouldApply true
02-17 16:40:02.997  2663  2663 D DCT-C-1 : onEnableApn: apnType=default, request type=NORMAL
02-17 16:40:03.000  2663  2663 D DCT-C-1 : shouldRestrictDataForEcbm: isInEcm=false isInImsEcm=false
02-17 16:40:03.007  2663  2663 D DCT-C-1 : trySetupData for APN type default, reason: dataEnabled, requestType=NORMAL. Data disallowed reasons: NOT_ATTACHED
02-17 16:40:03.007  2663  2663 D DCT-C-1 : trySetupData failed. apnContext = [type=default, mState=IDLE, apnEnabled=true, mDependencyMet=true] 
02-17 16:40:03.007  2663  2663 D TelephonyNetworkFactory[0]: got request NetworkRequest [ REQUEST id=1, [ Capabilities: INTERNET&NOT_RESTRICTED&TRUSTED&NOT_VPN&NOT_VCN_MANAGED RequestorUid: 1000 RequestorPkg: android UnderlyingNetworks: Null] ]
02-17 16:40:03.007  2663  2663 D SubscriptionController: [getSubId]- numSubIds == 0, return null slotIndex=0
02-17 16:40:03.015  2663  2663 D TelephonyNetworkFactory[0]: onNeedNetworkFor NetworkRequest [ REQUEST id=1, [ Capabilities: INTERNET&NOT_RESTRICTED&TRUSTED&NOT_VPN&NOT_VCN_MANAGED RequestorUid: 1000 RequestorPkg: android UnderlyingNetworks: Null] ] shouldApply false
02-17 16:40:03.015  2663  2663 D TelephonyNetworkFactory[0]: got request NetworkRequest [ REQUEST id=7, [ Capabilities: INTERNET&NOT_RESTRICTED&TRUSTED&NOT_VCN_MANAGED Uid: 1000 RequestorUid: 1000 RequestorPkg: android UnderlyingNetworks: Null] ]
02-17 16:40:03.015  2663  2663 D TelephonyNetworkFactory[0]: got request NetworkRequest [ REQUEST id=15, [ Capabilities: INTERNET&NOT_RESTRICTED&TRUSTED&NOT_VCN_MANAGED Uid: 10272 RequestorUid: 1000 RequestorPkg: android UnderlyingNetworks: Null] ]
02-17 16:40:03.015  2663  2663 D TelephonyNetworkFactory[0]: got request NetworkRequest [ REQUEST id=17, [ Capabilities: INTERNET&NOT_RESTRICTED&TRUSTED&NOT_VCN_MANAGED Uid: 10202 RequestorUid: 1000 RequestorPkg: android UnderlyingNetworks: Null] ]
02-17 16:40:03.015  2663  2663 D TelephonyNetworkFactory[0]: got request NetworkRequest [ REQUEST id=19, [ Capabilities: INTERNET&NOT_RESTRICTED&TRUSTED&NOT_VCN_MANAGED Uid: 10201 RequestorUid: 1000 RequestorPkg: android UnderlyingNetworks: Null] ]
02-17 16:40:03.015  2663  2663 D TelephonyNetworkFactory[0]: got request NetworkRequest [ REQUEST id=21, [ Capabilities: INTERNET&NOT_RESTRICTED&TRUSTED&NOT_VCN_MANAGED Uid: 10200 RequestorUid: 1000 RequestorPkg: android UnderlyingNetworks: Null] ]
02-17 16:40:03.016  2663  2663 D TelephonyNetworkFactory[0]: got request NetworkRequest [ REQUEST id=23, [ Capabilities: INTERNET&NOT_RESTRICTED&TRUSTED&NOT_VCN_MANAGED Uid: 10196 RequestorUid: 1000 RequestorPkg: android UnderlyingNetworks: Null] ]
02-17 16:40:03.016  2663  2663 D TelephonyNetworkFactory[0]: got request NetworkRequest [ REQUEST id=25, [ Capabilities: INTERNET&NOT_RESTRICTED&TRUSTED&NOT_VCN_MANAGED Uid: 10187 RequestorUid: 1000 RequestorPkg: android UnderlyingNetworks: Null] ]
02-17 16:40:03.016  2663  2663 D TelephonyNetworkFactory[0]: got request NetworkRequest [ REQUEST id=27, [ Capabilities: INTERNET&NOT_RESTRICTED&TRUSTED&NOT_VCN_MANAGED Uid: 10186 RequestorUid: 1000 RequestorPkg: android UnderlyingNetworks: Null] ]
02-17 16:40:03.016  2663  2663 D TelephonyNetworkFactory[0]: got request NetworkRequest [ REQUEST id=29, [ Capabilities: INTERNET&NOT_RESTRICTED&TRUSTED&NOT_VCN_MANAGED Uid: 10173 RequestorUid: 1000 RequestorPkg: android UnderlyingNetworks: Null] ]
02-17 16:40:03.016  2663  2663 D TelephonyNetworkFactory[0]: got request NetworkRequest [ REQUEST id=31, [ Capabilities: INTERNET&NOT_RESTRICTED&TRUSTED&NOT_VCN_MANAGED Uid: 10172 RequestorUid: 1000 RequestorPkg: android UnderlyingNetworks: Null] ]
02-17 16:40:03.016  2663  2663 D TelephonyNetworkFactory[0]: got request NetworkRequest [ REQUEST id=33, [ Capabilities: INTERNET&NOT_RESTRICTED&TRUSTED&NOT_VCN_MANAGED Uid: 10167 RequestorUid: 1000 RequestorPkg: android UnderlyingNetworks: Null] ]
02-17 16:40:03.016  2663  2663 D TelephonyNetworkFactory[1]: got request NetworkRequest [ REQUEST id=7, [ Capabilities: INTERNET&NOT_RESTRICTED&TRUSTED&NOT_VCN_MANAGED Uid: 1000 RequestorUid: 1000 RequestorPkg: android UnderlyingNetworks: Null] ]
02-17 16:40:03.016  2663  2663 D TelephonyNetworkFactory[1]: got request NetworkRequest [ REQUEST id=15, [ Capabilities: INTERNET&NOT_RESTRICTED&TRUSTED&NOT_VCN_MANAGED Uid: 10272 RequestorUid: 1000 RequestorPkg: android UnderlyingNetworks: Null] ]
02-17 16:40:03.016  2663  2663 D TelephonyNetworkFactory[0]: got request NetworkRequest [ REQUEST id=35, [ Capabilities: INTERNET&NOT_RESTRICTED&TRUSTED&NOT_VCN_MANAGED Uid: 10137 RequestorUid: 1000 RequestorPkg: android UnderlyingNetworks: Null] ]
02-17 16:40:03.016  2663  2663 D TelephonyNetworkFactory[1]: got request NetworkRequest [ REQUEST id=17, [ Capabilities: INTERNET&NOT_RESTRICTED&TRUSTED&NOT_VCN_MANAGED Uid: 10202 RequestorUid: 1000 RequestorPkg: android UnderlyingNetworks: Null] ]
02-17 16:40:03.016  2663  2663 D TelephonyNetworkFactory[0]: got request NetworkRequest [ REQUEST id=37, [ Capabilities: INTERNET&NOT_RESTRICTED&TRUSTED&NOT_VCN_MANAGED Uid: 10129 RequestorUid: 1000 RequestorPkg: android UnderlyingNetworks: Null] ]
02-17 16:40:03.016  2663  2663 D TelephonyNetworkFactory[0]: got request NetworkRequest [ REQUEST id=39, [ Capabilities: INTERNET&NOT_RESTRICTED&TRUSTED&NOT_VCN_MANAGED Uid: 10121 RequestorUid: 1000 RequestorPkg: android UnderlyingNetworks: Null] ]
02-17 16:40:03.016  2663  2663 D TelephonyNetworkFactory[1]: got request NetworkRequest [ REQUEST id=19, [ Capabilities: INTERNET&NOT_RESTRICTED&TRUSTED&NOT_VCN_MANAGED Uid: 10201 RequestorUid: 1000 RequestorPkg: android UnderlyingNetworks: Null] ]
02-17 16:40:03.016  2663  2663 D TelephonyNetworkFactory[0]: got request NetworkRequest [ REQUEST id=41, [ Capabilities: INTERNET&NOT_RESTRICTED&TRUSTED&NOT_VCN_MANAGED Uid: 10113 RequestorUid: 1000 RequestorPkg: android UnderlyingNetworks: Null] ]
02-17 16:40:03.017  2663  2663 D TelephonyNetworkFactory[1]: got request NetworkRequest [ REQUEST id=21, [ Capabilities: INTERNET&NOT_RESTRICTED&TRUSTED&NOT_VCN_MANAGED Uid: 10200 RequestorUid: 1000 RequestorPkg: android UnderlyingNetworks: Null] ]
02-17 16:40:03.017  2663  2663 D TelephonyNetworkFactory[0]: got request NetworkRequest [ REQUEST id=43, [ Capabilities: INTERNET&NOT_RESTRICTED&TRUSTED&NOT_VCN_MANAGED Uid: 10112 RequestorUid: 1000 RequestorPkg: android UnderlyingNetworks: Null] ]
02-17 16:40:03.017  2663  2663 D TelephonyNetworkFactory[1]: got request NetworkRequest [ REQUEST id=23, [ Capabilities: INTERNET&NOT_RESTRICTED&TRUSTED&NOT_VCN_MANAGED Uid: 10196 RequestorUid: 1000 RequestorPkg: android UnderlyingNetworks: Null] ]
02-17 16:40:03.017  2663  2663 D TelephonyNetworkFactory[0]: got request NetworkRequest [ REQUEST id=45, [ Capabilities: INTERNET&NOT_RESTRICTED&TRUSTED&NOT_VCN_MANAGED Uid: 10035 RequestorUid: 1000 RequestorPkg: android UnderlyingNetworks: Null] ]
02-17 16:40:03.017  2663  2663 D TelephonyNetworkFactory[1]: got request NetworkRequest [ REQUEST id=25, [ Capabilities: INTERNET&NOT_RESTRICTED&TRUSTED&NOT_VCN_MANAGED Uid: 10187 RequestorUid: 1000 RequestorPkg: android UnderlyingNetworks: Null] ]
02-17 16:40:03.017  2663  2663 D TelephonyNetworkFactory[0]: got request NetworkRequest [ REQUEST id=47, [ Capabilities: INTERNET&NOT_RESTRICTED&TRUSTED&NOT_VCN_MANAGED Uid: 10034 RequestorUid: 1000 RequestorPkg: android UnderlyingNetworks: Null] ]
02-17 16:40:03.017  2663  2663 D TelephonyNetworkFactory[1]: got request NetworkRequest [ REQUEST id=27, [ Capabilities: INTERNET&NOT_RESTRICTED&TRUSTED&NOT_VCN_MANAGED Uid: 10186 RequestorUid: 1000 RequestorPkg: android UnderlyingNetworks: Null] ]
02-17 16:40:03.017  2663  2663 D TelephonyNetworkFactory[0]: got request NetworkRequest [ REQUEST id=49, [ Capabilities: INTERNET&NOT_RESTRICTED&TRUSTED&NOT_VCN_MANAGED Uid: 10033 RequestorUid: 1000 RequestorPkg: android UnderlyingNetworks: Null] ]
02-17 16:40:03.017  2663  2663 D TelephonyNetworkFactory[1]: got request NetworkRequest [ REQUEST id=29, [ Capabilities: INTERNET&NOT_RESTRICTED&TRUSTED&NOT_VCN_MANAGED Uid: 10173 RequestorUid: 1000 RequestorPkg: android UnderlyingNetworks: Null] ]
02-17 16:40:03.017  2663  2663 D TelephonyNetworkFactory[0]: got request NetworkRequest [ REQUEST id=51, [ Capabilities: INTERNET&NOT_RESTRICTED&TRUSTED&NOT_VCN_MANAGED Uid: 10030 RequestorUid: 1000 RequestorPkg: android UnderlyingNetworks: Null] ]
02-17 16:40:03.017  2663  2663 D TelephonyNetworkFactory[1]: got request NetworkRequest [ REQUEST id=31, [ Capabilities: INTERNET&NOT_RESTRICTED&TRUSTED&NOT_VCN_MANAGED Uid: 10172 RequestorUid: 1000 RequestorPkg: android UnderlyingNetworks: Null] ]
02-17 16:40:03.017  2663  2663 D TelephonyNetworkFactory[0]: got request NetworkRequest [ REQUEST id=53, [ Capabilities: INTERNET&NOT_RESTRICTED&TRUSTED&NOT_VCN_MANAGED Uid: 10026 RequestorUid: 1000 RequestorPkg: android UnderlyingNetworks: Null] ]
02-17 16:40:03.017  2663  2663 D TelephonyNetworkFactory[1]: got request NetworkRequest [ REQUEST id=33, [ Capabilities: INTERNET&NOT_RESTRICTED&TRUSTED&NOT_VCN_MANAGED Uid: 10167 RequestorUid: 1000 RequestorPkg: android UnderlyingNetworks: Null] ]
02-17 16:40:03.017  2663  2663 D TelephonyNetworkFactory[1]: got request NetworkRequest [ REQUEST id=35, [ Capabilities: INTERNET&NOT_RESTRICTED&TRUSTED&NOT_VCN_MANAGED Uid: 10137 RequestorUid: 1000 RequestorPkg: android UnderlyingNetworks: Null] ]
02-17 16:40:03.017  2663  2663 D TelephonyNetworkFactory[1]: got request NetworkRequest [ REQUEST id=37, [ Capabilities: INTERNET&NOT_RESTRICTED&TRUSTED&NOT_VCN_MANAGED Uid: 10129 RequestorUid: 1000 RequestorPkg: android UnderlyingNetworks: Null] ]
02-17 16:40:03.017  2663  2663 D TelephonyNetworkFactory[1]: got request NetworkRequest [ REQUEST id=39, [ Capabilities: INTERNET&NOT_RESTRICTED&TRUSTED&NOT_VCN_MANAGED Uid: 10121 RequestorUid: 1000 RequestorPkg: android UnderlyingNetworks: Null] ]
02-17 16:40:03.018  2663  2663 D TelephonyNetworkFactory[1]: got request NetworkRequest [ REQUEST id=41, [ Capabilities: INTERNET&NOT_RESTRICTED&TRUSTED&NOT_VCN_MANAGED Uid: 10113 RequestorUid: 1000 RequestorPkg: android UnderlyingNetworks: Null] ]
02-17 16:40:03.018  2663  2663 D TelephonyNetworkFactory[1]: got request NetworkRequest [ REQUEST id=43, [ Capabilities: INTERNET&NOT_RESTRICTED&TRUSTED&NOT_VCN_MANAGED Uid: 10112 RequestorUid: 1000 RequestorPkg: android UnderlyingNetworks: Null] ]
02-17 16:40:03.018  2663  2663 D TelephonyNetworkFactory[1]: got request NetworkRequest [ REQUEST id=45, [ Capabilities: INTERNET&NOT_RESTRICTED&TRUSTED&NOT_VCN_MANAGED Uid: 10035 RequestorUid: 1000 RequestorPkg: android UnderlyingNetworks: Null] ]
02-17 16:40:03.018  2663  2663 D TelephonyNetworkFactory[1]: got request NetworkRequest [ REQUEST id=47, [ Capabilities: INTERNET&NOT_RESTRICTED&TRUSTED&NOT_VCN_MANAGED Uid: 10034 RequestorUid: 1000 RequestorPkg: android UnderlyingNetworks: Null] ]
02-17 16:40:03.018  2663  2663 D TelephonyNetworkFactory[1]: got request NetworkRequest [ REQUEST id=49, [ Capabilities: INTERNET&NOT_RESTRICTED&TRUSTED&NOT_VCN_MANAGED Uid: 10033 RequestorUid: 1000 RequestorPkg: android UnderlyingNetworks: Null] ]
02-17 16:40:03.018  2663  2663 D TelephonyNetworkFactory[1]: got request NetworkRequest [ REQUEST id=51, [ Capabilities: INTERNET&NOT_RESTRICTED&TRUSTED&NOT_VCN_MANAGED Uid: 10030 RequestorUid: 1000 RequestorPkg: android UnderlyingNetworks: Null] ]
02-17 16:40:03.018  2663  2663 D TelephonyNetworkFactory[1]: got request NetworkRequest [ REQUEST id=53, [ Capabilities: INTERNET&NOT_RESTRICTED&TRUSTED&NOT_VCN_MANAGED Uid: 10026 RequestorUid: 1000 RequestorPkg: android UnderlyingNetworks: Null] ]
02-17 16:40:03.018  2663  2663 D TelephonyNetworkFactory[1]: got request NetworkRequest [ REQUEST id=55, [ Capabilities: INTERNET&NOT_RESTRICTED&TRUSTED&NOT_VCN_MANAGED Uid: 10022 RequestorUid: 1000 RequestorPkg: android UnderlyingNetworks: Null] ]
02-17 16:40:03.018  2663  2663 D TelephonyNetworkFactory[1]: got request NetworkRequest [ REQUEST id=57, [ Capabilities: INTERNET&NOT_RESTRICTED&TRUSTED&NOT_VCN_MANAGED Uid: 10145 RequestorUid: 1000 RequestorPkg: android UnderlyingNetworks: Null] ]
02-17 16:40:03.018  2663  2663 D TelephonyNetworkFactory[1]: got request NetworkRequest [ REQUEST id=59, [ Capabilities: INTERNET&NOT_RESTRICTED&TRUSTED&NOT_VCN_MANAGED Uid: 10019 RequestorUid: 1000 RequestorPkg: android UnderlyingNetworks: Null] ]
02-17 16:40:03.018  2663  2663 D TelephonyNetworkFactory[1]: got request NetworkRequest [ REQUEST id=61, [ Capabilities: INTERNET&NOT_RESTRICTED&TRUSTED&NOT_VCN_MANAGED Uid: 1000 RequestorUid: 1000 RequestorPkg: android UnderlyingNetworks: Null] ]
02-17 16:40:03.018  2663  2663 D TelephonyNetworkFactory[1]: got request NetworkRequest [ REQUEST id=63, [ Capabilities: INTERNET&NOT_RESTRICTED&TRUSTED&NOT_VCN_MANAGED Uid: 1073 RequestorUid: 1073 RequestorPkg: com.google.android.networkstack UnderlyingNetworks: Null] ]
02-17 16:40:03.018  2663  2663 D TelephonyNetworkFactory[1]: got request NetworkRequest [ REQUEST id=68, [ Capabilities: INTERNET&NOT_RESTRICTED&TRUSTED&NOT_VCN_MANAGED Uid: 10157 RequestorUid: 10157 RequestorPkg: com.android.systemui UnderlyingNetworks: Null] ]
02-17 16:40:03.018  2663  2663 D TelephonyNetworkFactory[1]: got request NetworkRequest [ REQUEST id=70, [ Capabilities: INTERNET&NOT_RESTRICTED&TRUSTED&NOT_VCN_MANAGED Uid: 10157 RequestorUid: 10157 RequestorPkg: com.android.systemui UnderlyingNetworks: Null] ]
02-17 16:40:03.019  2663  2663 D TelephonyNetworkFactory[1]: got request NetworkRequest [ REQUEST id=74, [ Capabilities: INTERNET&NOT_RESTRICTED&TRUSTED&NOT_VCN_MANAGED Uid: 1001 RequestorUid: 1001 RequestorPkg: com.android.phone UnderlyingNetworks: Null] ]
02-17 16:40:03.019  2663  2663 D TelephonyNetworkFactory[1]: got request NetworkRequest [ REQUEST id=77, [ Capabilities: INTERNET&NOT_RESTRICTED&TRUSTED&NOT_VCN_MANAGED Uid: 1001 RequestorUid: 1001 RequestorPkg: com.android.phone UnderlyingNetworks: Null] ]
02-17 16:40:03.019  2663  2663 D TelephonyNetworkFactory[1]: got request NetworkRequest [ REQUEST id=82, [ Capabilities: INTERNET&NOT_RESTRICTED&TRUSTED&NOT_VCN_MANAGED Uid: 10130 RequestorUid: 10130 RequestorPkg: com.google.android.apps.scone UnderlyingNetworks: Null] ]
02-17 16:40:03.019  2663  2663 D TelephonyNetworkFactory[1]: got request NetworkRequest [ REQUEST id=84, [ Capabilities: INTERNET&NOT_RESTRICTED&TRUSTED&NOT_VCN_MANAGED Uid: 10263 RequestorUid: 10263 RequestorPkg: com.qualcomm.qti.cne UnderlyingNetworks: Null] ]
02-17 16:40:03.019  2663  2663 D TelephonyNetworkFactory[0]: got request NetworkRequest [ REQUEST id=55, [ Capabilities: INTERNET&NOT_RESTRICTED&TRUSTED&NOT_VCN_MANAGED Uid: 10022 RequestorUid: 1000 RequestorPkg: android UnderlyingNetworks: Null] ]
02-17 16:40:03.019  2663  2663 D TelephonyNetworkFactory[1]: got request NetworkRequest [ REQUEST id=89, [ Capabilities: INTERNET&NOT_RESTRICTED&TRUSTED&NOT_VCN_MANAGED Uid: 1000 RequestorUid: 1000 RequestorPkg: android UnderlyingNetworks: Null] ]
02-17 16:40:03.019  2663  2663 D TelephonyNetworkFactory[0]: got request NetworkRequest [ REQUEST id=57, [ Capabilities: INTERNET&NOT_RESTRICTED&TRUSTED&NOT_VCN_MANAGED Uid: 10145 RequestorUid: 1000 RequestorPkg: android UnderlyingNetworks: Null] ]
02-17 16:40:03.019  2663  2663 D TelephonyNetworkFactory[1]: got request NetworkRequest [ REQUEST id=98, [ Capabilities: INTERNET&NOT_RESTRICTED&TRUSTED&NOT_VCN_MANAGED Uid: 10202 RequestorUid: 10202 RequestorPkg: com.google.android.inputmethod.latin UnderlyingNetworks: Null] ]
02-17 16:40:03.019  2663  2663 D TelephonyNetworkFactory[0]: got request NetworkRequest [ REQUEST id=59, [ Capabilities: INTERNET&NOT_RESTRICTED&TRUSTED&NOT_VCN_MANAGED Uid: 10019 RequestorUid: 1000 RequestorPkg: android UnderlyingNetworks: Null] ]
02-17 16:40:03.019  2663  2663 D TelephonyNetworkFactory[1]: got request NetworkRequest [ REQUEST id=103, [ Capabilities: INTERNET&NOT_RESTRICTED&TRUSTED&NOT_VCN_MANAGED Uid: 10150 RequestorUid: 1000 RequestorPkg: android UnderlyingNetworks: Null] ]
02-17 16:40:03.019  2663  2663 D TelephonyNetworkFactory[0]: got request NetworkRequest [ REQUEST id=61, [ Capabilities: INTERNET&NOT_RESTRICTED&TRUSTED&NOT_VCN_MANAGED Uid: 1000 RequestorUid: 1000 RequestorPkg: android UnderlyingNetworks: Null] ]
02-17 16:40:03.019  2663  2663 D TelephonyNetworkFactory[1]: got request NetworkRequest [ REQUEST id=107, [ Capabilities: INTERNET&NOT_RESTRICTED&TRUSTED&NOT_VCN_MANAGED Uid: 10126 RequestorUid: 1000 RequestorPkg: android UnderlyingNetworks: Null] ]
02-17 16:40:03.019  2663  2663 D TelephonyNetworkFactory[0]: got request NetworkRequest [ REQUEST id=63, [ Capabilities: INTERNET&NOT_RESTRICTED&TRUSTED&NOT_VCN_MANAGED Uid: 1073 RequestorUid: 1073 RequestorPkg: com.google.android.networkstack UnderlyingNetworks: Null] ]
02-17 16:40:03.019  2663  2663 D TelephonyNetworkFactory[1]: got request NetworkRequest [ REQUEST id=114, [ Capabilities: INTERNET&NOT_RESTRICTED&TRUSTED&NOT_VCN_MANAGED Uid: 10270 RequestorUid: 1000 RequestorPkg: android UnderlyingNetworks: Null] ]
02-17 16:40:03.019  2663  2663 D TelephonyNetworkFactory[0]: got request NetworkRequest [ REQUEST id=68, [ Capabilities: INTERNET&NOT_RESTRICTED&TRUSTED&NOT_VCN_MANAGED Uid: 10157 RequestorUid: 10157 RequestorPkg: com.android.systemui UnderlyingNetworks: Null] ]
02-17 16:40:03.020  2663  2663 D TelephonyNetworkFactory[1]: got request NetworkRequest [ REQUEST id=119, [ Capabilities: INTERNET&NOT_RESTRICTED&TRUSTED&NOT_VCN_MANAGED Uid: 10071 RequestorUid: 1000 RequestorPkg: android UnderlyingNetworks: Null] ]
02-17 16:40:03.023  2663  2663 D TelephonyNetworkFactory[0]: got request NetworkRequest [ REQUEST id=70, [ Capabilities: INTERNET&NOT_RESTRICTED&TRUSTED&NOT_VCN_MANAGED Uid: 10157 RequestorUid: 10157 RequestorPkg: com.android.systemui UnderlyingNetworks: Null] ]
02-17 16:40:03.023  2663  2663 D TelephonyNetworkFactory[1]: got request NetworkRequest [ REQUEST id=126, [ Capabilities: INTERNET&NOT_RESTRICTED&TRUSTED&NOT_VCN_MANAGED Uid: 10106 RequestorUid: 1000 RequestorPkg: android UnderlyingNetworks: Null] ]
02-17 16:40:03.023  2663  2663 D TelephonyNetworkFactory[0]: got request NetworkRequest [ REQUEST id=74, [ Capabilities: INTERNET&NOT_RESTRICTED&TRUSTED&NOT_VCN_MANAGED Uid: 1001 RequestorUid: 1001 RequestorPkg: com.android.phone UnderlyingNetworks: Null] ]
02-17 16:40:03.024  2663  2663 D TelephonyNetworkFactory[1]: got request NetworkRequest [ REQUEST id=136, [ Capabilities: INTERNET&NOT_RESTRICTED&TRUSTED&NOT_VCN_MANAGED Uid: 10178 RequestorUid: 1000 RequestorPkg: android UnderlyingNetworks: Null] ]
02-17 16:40:03.024  2663  2663 D TelephonyNetworkFactory[0]: got request NetworkRequest [ REQUEST id=77, [ Capabilities: INTERNET&NOT_RESTRICTED&TRUSTED&NOT_VCN_MANAGED Uid: 1001 RequestorUid: 1001 RequestorPkg: com.android.phone UnderlyingNetworks: Null] ]
02-17 16:40:03.024  2663  2663 D TelephonyNetworkFactory[1]: got request NetworkRequest [ REQUEST id=146, [ Capabilities: INTERNET&NOT_RESTRICTED&TRUSTED&NOT_VCN_MANAGED Uid: 10234 RequestorUid: 1000 RequestorPkg: android UnderlyingNetworks: Null] ]
02-17 16:40:03.024  2663  2663 D TelephonyNetworkFactory[0]: got request NetworkRequest [ REQUEST id=82, [ Capabilities: INTERNET&NOT_RESTRICTED&TRUSTED&NOT_VCN_MANAGED Uid: 10130 RequestorUid: 10130 RequestorPkg: com.google.android.apps.scone UnderlyingNetworks: Null] ]
02-17 16:40:03.024  2663  2663 D TelephonyNetworkFactory[1]: got request NetworkRequest [ REQUEST id=158, [ Capabilities: INTERNET&NOT_RESTRICTED&TRUSTED&NOT_VCN_MANAGED Uid: 10149 RequestorUid: 1000 RequestorPkg: android UnderlyingNetworks: Null] ]
02-17 16:40:03.024  2663  2663 D TelephonyNetworkFactory[1]: got request NetworkRequest [ REQUEST id=160, [ Capabilities: INTERNET&NOT_RESTRICTED&TRUSTED&NOT_VCN_MANAGED Uid: 10190 RequestorUid: 1000 RequestorPkg: android UnderlyingNetworks: Null] ]
02-17 16:40:03.024  2663  2663 D TelephonyNetworkFactory[0]: got request NetworkRequest [ REQUEST id=84, [ Capabilities: INTERNET&NOT_RESTRICTED&TRUSTED&NOT_VCN_MANAGED Uid: 10263 RequestorUid: 10263 RequestorPkg: com.qualcomm.qti.cne UnderlyingNetworks: Null] ]
02-17 16:40:03.024  2663  2663 D TelephonyNetworkFactory[1]: got request NetworkRequest [ REQUEST id=170, [ Capabilities: INTERNET&NOT_RESTRICTED&TRUSTED&NOT_VCN_MANAGED Uid: 10194 RequestorUid: 1000 RequestorPkg: android UnderlyingNetworks: Null] ]
02-17 16:40:03.024  2663  2663 D TelephonyNetworkFactory[0]: got request NetworkRequest [ REQUEST id=89, [ Capabilities: INTERNET&NOT_RESTRICTED&TRUSTED&NOT_VCN_MANAGED Uid: 1000 RequestorUid: 1000 RequestorPkg: android UnderlyingNetworks: Null] ]
02-17 16:40:03.024  2663  2663 D TelephonyNetworkFactory[0]: got request NetworkRequest [ REQUEST id=98, [ Capabilities: INTERNET&NOT_RESTRICTED&TRUSTED&NOT_VCN_MANAGED Uid: 10202 RequestorUid: 10202 RequestorPkg: com.google.android.inputmethod.latin UnderlyingNetworks: Null] ]
02-17 16:40:03.024  2663  2663 D TelephonyNetworkFactory[1]: got request NetworkRequest [ REQUEST id=178, [ Capabilities: INTERNET&NOT_RESTRICTED&TRUSTED&NOT_VCN_MANAGED Uid: 10131 RequestorUid: 1000 RequestorPkg: android UnderlyingNetworks: Null] ]
02-17 16:40:03.024  2663  2663 D TelephonyNetworkFactory[0]: got request NetworkRequest [ REQUEST id=103, [ Capabilities: INTERNET&NOT_RESTRICTED&TRUSTED&NOT_VCN_MANAGED Uid: 10150 RequestorUid: 1000 RequestorPkg: android UnderlyingNetworks: Null] ]
02-17 16:40:03.024  2663  2663 D TelephonyNetworkFactory[0]: got request NetworkRequest [ REQUEST id=107, [ Capabilities: INTERNET&NOT_RESTRICTED&TRUSTED&NOT_VCN_MANAGED Uid: 10126 RequestorUid: 1000 RequestorPkg: android UnderlyingNetworks: Null] ]
02-17 16:40:03.024  2663  2663 D TelephonyNetworkFactory[1]: got request NetworkRequest [ REQUEST id=180, [ Capabilities: INTERNET&NOT_RESTRICTED&TRUSTED&NOT_VCN_MANAGED Uid: 10176 RequestorUid: 1000 RequestorPkg: android UnderlyingNetworks: Null] ]
02-17 16:40:03.024  2663  2663 D TelephonyNetworkFactory[0]: got request NetworkRequest [ REQUEST id=114, [ Capabilities: INTERNET&NOT_RESTRICTED&TRUSTED&NOT_VCN_MANAGED Uid: 10270 RequestorUid: 1000 RequestorPkg: android UnderlyingNetworks: Null] ]
02-17 16:40:03.024  2663  2663 D TelephonyNetworkFactory[1]: got request NetworkRequest [ REQUEST id=185, [ Capabilities: INTERNET&NOT_RESTRICTED&TRUSTED&NOT_VCN_MANAGED Uid: 10268 RequestorUid: 1000 RequestorPkg: android UnderlyingNetworks: Null] ]
02-17 16:40:03.024  2663  2663 D TelephonyNetworkFactory[0]: got request NetworkRequest [ REQUEST id=119, [ Capabilities: INTERNET&NOT_RESTRICTED&TRUSTED&NOT_VCN_MANAGED Uid: 10071 RequestorUid: 1000 RequestorPkg: android UnderlyingNetworks: Null] ]
02-17 16:40:03.024  2663  2663 D TelephonyNetworkFactory[1]: got request NetworkRequest [ REQUEST id=191, [ Capabilities: INTERNET&NOT_RESTRICTED&TRUSTED&NOT_VCN_MANAGED Uid: 10165 RequestorUid: 1000 RequestorPkg: android UnderlyingNetworks: Null] ]
02-17 16:40:03.024  2663  2663 D TelephonyNetworkFactory[0]: got request NetworkRequest [ REQUEST id=126, [ Capabilities: INTERNET&NOT_RESTRICTED&TRUSTED&NOT_VCN_MANAGED Uid: 10106 RequestorUid: 1000 RequestorPkg: android UnderlyingNetworks: Null] ]
02-17 16:40:03.024  2663  2663 D TelephonyNetworkFactory[0]: got request NetworkRequest [ REQUEST id=136, [ Capabilities: INTERNET&NOT_RESTRICTED&TRUSTED&NOT_VCN_MANAGED Uid: 10178 RequestorUid: 1000 RequestorPkg: android UnderlyingNetworks: Null] ]
02-17 16:40:03.025  2663  2663 D TelephonyNetworkFactory[0]: got request NetworkRequest [ REQUEST id=146, [ Capabilities: INTERNET&NOT_RESTRICTED&TRUSTED&NOT_VCN_MANAGED Uid: 10234 RequestorUid: 1000 RequestorPkg: android UnderlyingNetworks: Null] ]
02-17 16:40:03.025  2663  2663 D TelephonyNetworkFactory[0]: got request NetworkRequest [ REQUEST id=158, [ Capabilities: INTERNET&NOT_RESTRICTED&TRUSTED&NOT_VCN_MANAGED Uid: 10149 RequestorUid: 1000 RequestorPkg: android UnderlyingNetworks: Null] ]
02-17 16:40:03.025  2663  2663 D TelephonyNetworkFactory[1]: got request NetworkRequest [ REQUEST id=195, [ Capabilities: INTERNET&NOT_RESTRICTED&TRUSTED&NOT_VCN_MANAGED Uid: 10146 RequestorUid: 1000 RequestorPkg: android UnderlyingNetworks: Null] ]
02-17 16:40:03.025  2663  2663 D TelephonyNetworkFactory[0]: got request NetworkRequest [ REQUEST id=160, [ Capabilities: INTERNET&NOT_RESTRICTED&TRUSTED&NOT_VCN_MANAGED Uid: 10190 RequestorUid: 1000 RequestorPkg: android UnderlyingNetworks: Null] ]
02-17 16:40:03.025  2663  2663 D TelephonyNetworkFactory[0]: got request NetworkRequest [ REQUEST id=170, [ Capabilities: INTERNET&NOT_RESTRICTED&TRUSTED&NOT_VCN_MANAGED Uid: 10194 RequestorUid: 1000 RequestorPkg: android UnderlyingNetworks: Null] ]
02-17 16:40:03.025  2663  2663 D TelephonyNetworkFactory[1]: got request NetworkRequest [ REQUEST id=206, [ Capabilities: INTERNET&NOT_RESTRICTED&TRUSTED&NOT_VCN_MANAGED Uid: 10189 RequestorUid: 1000 RequestorPkg: android UnderlyingNetworks: Null] ]
02-17 16:40:03.025  2663  2663 D TelephonyNetworkFactory[0]: got request NetworkRequest [ REQUEST id=178, [ Capabilities: INTERNET&NOT_RESTRICTED&TRUSTED&NOT_VCN_MANAGED Uid: 10131 RequestorUid: 1000 RequestorPkg: android UnderlyingNetworks: Null] ]
02-17 16:40:03.025  2663  2663 D TelephonyNetworkFactory[1]: got request NetworkRequest [ REQUEST id=213, [ Capabilities: INTERNET&NOT_RESTRICTED&TRUSTED&NOT_VCN_MANAGED Uid: 10205 RequestorUid: 1000 RequestorPkg: android UnderlyingNetworks: Null] ]
02-17 16:40:03.025  2663  2663 D TelephonyNetworkFactory[0]: got request NetworkRequest [ REQUEST id=180, [ Capabilities: INTERNET&NOT_RESTRICTED&TRUSTED&NOT_VCN_MANAGED Uid: 10176 RequestorUid: 1000 RequestorPkg: android UnderlyingNetworks: Null] ]
02-17 16:40:03.025  2663  2663 D TelephonyNetworkFactory[1]: got request NetworkRequest [ REQUEST id=225, [ Capabilities: INTERNET&NOT_RESTRICTED&TRUSTED&NOT_VCN_MANAGED Uid: 10021 RequestorUid: 1000 RequestorPkg: android UnderlyingNetworks: Null] ]
02-17 16:40:03.025  2663  2663 D TelephonyNetworkFactory[0]: got request NetworkRequest [ REQUEST id=185, [ Capabilities: INTERNET&NOT_RESTRICTED&TRUSTED&NOT_VCN_MANAGED Uid: 10268 RequestorUid: 1000 RequestorPkg: android UnderlyingNetworks: Null] ]
02-17 16:40:03.025  2663  2663 D TelephonyNetworkFactory[1]: got request NetworkRequest [ REQUEST id=282, [ Capabilities: INTERNET&NOT_RESTRICTED&TRUSTED&NOT_VCN_MANAGED Uid: 10164 RequestorUid: 1000 RequestorPkg: android UnderlyingNetworks: Null] ]
02-17 16:40:03.025  2663  2663 D TelephonyNetworkFactory[0]: got request NetworkRequest [ REQUEST id=191, [ Capabilities: INTERNET&NOT_RESTRICTED&TRUSTED&NOT_VCN_MANAGED Uid: 10165 RequestorUid: 1000 RequestorPkg: android UnderlyingNetworks: Null] ]
02-17 16:40:03.025  2663  2663 D TelephonyNetworkFactory[1]: got request NetworkRequest [ REQUEST id=435, [ Capabilities: INTERNET&NOT_RESTRICTED&TRUSTED&NOT_VCN_MANAGED Uid: 10162 RequestorUid: 1000 RequestorPkg: android UnderlyingNetworks: Null] ]
02-17 16:40:03.025  2663  2663 D TelephonyNetworkFactory[0]: got request NetworkRequest [ REQUEST id=195, [ Capabilities: INTERNET&NOT_RESTRICTED&TRUSTED&NOT_VCN_MANAGED Uid: 10146 RequestorUid: 1000 RequestorPkg: android UnderlyingNetworks: Null] ]
02-17 16:40:03.025  2663  2663 D TelephonyNetworkFactory[1]: got request NetworkRequest [ REQUEST id=644, [ Capabilities: INTERNET&NOT_RESTRICTED&TRUSTED&NOT_VCN_MANAGED Uid: 10178 RequestorUid: 10178 RequestorPkg: com.google.android.apps.messaging UnderlyingNetworks: Null] ]
02-17 16:40:03.025  2663  2663 D TelephonyNetworkFactory[0]: got request NetworkRequest [ REQUEST id=206, [ Capabilities: INTERNET&NOT_RESTRICTED&TRUSTED&NOT_VCN_MANAGED Uid: 10189 RequestorUid: 1000 RequestorPkg: android UnderlyingNetworks: Null] ]
02-17 16:40:03.025  2663  2663 D TelephonyNetworkFactory[1]: got request NetworkRequest [ REQUEST id=651, [ Capabilities: INTERNET&NOT_RESTRICTED&TRUSTED&NOT_VCN_MANAGED Uid: 10178 RequestorUid: 10178 RequestorPkg: com.google.android.apps.messaging UnderlyingNetworks: Null] ]
02-17 16:40:03.025  2663  2663 D TelephonyNetworkFactory[0]: got request NetworkRequest [ REQUEST id=213, [ Capabilities: INTERNET&NOT_RESTRICTED&TRUSTED&NOT_VCN_MANAGED Uid: 10205 RequestorUid: 1000 RequestorPkg: android UnderlyingNetworks: Null] ]
02-17 16:40:03.025  2663  2663 D TelephonyNetworkFactory[1]: got request NetworkRequest [ REQUEST id=753, [ Capabilities: INTERNET&NOT_RESTRICTED&TRUSTED&NOT_VCN_MANAGED Uid: 10150 RequestorUid: 10150 RequestorPkg: com.google.android.ims UnderlyingNetworks: Null] ]
02-17 16:40:03.025  2663  2663 D TelephonyNetworkFactory[0]: got request NetworkRequest [ REQUEST id=225, [ Capabilities: INTERNET&NOT_RESTRICTED&TRUSTED&NOT_VCN_MANAGED Uid: 10021 RequestorUid: 1000 RequestorPkg: android UnderlyingNetworks: Null] ]
02-17 16:40:03.025  2663  2663 D TelephonyNetworkFactory[0]: got request NetworkRequest [ REQUEST id=282, [ Capabilities: INTERNET&NOT_RESTRICTED&TRUSTED&NOT_VCN_MANAGED Uid: 10164 RequestorUid: 1000 RequestorPkg: android UnderlyingNetworks: Null] ]
02-17 16:40:03.025  2663  2663 D TelephonyNetworkFactory[0]: got request NetworkRequest [ REQUEST id=435, [ Capabilities: INTERNET&NOT_RESTRICTED&TRUSTED&NOT_VCN_MANAGED Uid: 10162 RequestorUid: 1000 RequestorPkg: android UnderlyingNetworks: Null] ]
02-17 16:40:03.025  2663  2663 D TelephonyNetworkFactory[0]: got request NetworkRequest [ REQUEST id=644, [ Capabilities: INTERNET&NOT_RESTRICTED&TRUSTED&NOT_VCN_MANAGED Uid: 10178 RequestorUid: 10178 RequestorPkg: com.google.android.apps.messaging UnderlyingNetworks: Null] ]
02-17 16:40:03.025  2663  2663 D TelephonyNetworkFactory[1]: got request NetworkRequest [ REQUEST id=870, [ Capabilities: INTERNET&NOT_RESTRICTED&TRUSTED&NOT_VCN_MANAGED Uid: 10109 RequestorUid: 1000 RequestorPkg: android UnderlyingNetworks: Null] ]
02-17 16:40:03.025  2663  2663 D TelephonyNetworkFactory[0]: got request NetworkRequest [ REQUEST id=651, [ Capabilities: INTERNET&NOT_RESTRICTED&TRUSTED&NOT_VCN_MANAGED Uid: 10178 RequestorUid: 10178 RequestorPkg: com.google.android.apps.messaging UnderlyingNetworks: Null] ]
02-17 16:40:03.025  2663  2663 D TelephonyNetworkFactory[0]: got request NetworkRequest [ REQUEST id=753, [ Capabilities: INTERNET&NOT_RESTRICTED&TRUSTED&NOT_VCN_MANAGED Uid: 10150 RequestorUid: 10150 RequestorPkg: com.google.android.ims UnderlyingNetworks: Null] ]
02-17 16:40:03.026  2663  2663 D TelephonyNetworkFactory[1]: got request NetworkRequest [ REQUEST id=1080, [ Capabilities: INTERNET&NOT_RESTRICTED&TRUSTED&NOT_VCN_MANAGED Uid: 10121 RequestorUid: 10121 RequestorPkg: com.android.vending UnderlyingNetworks: Null] ]
02-17 16:40:03.026  2663  2663 D TelephonyNetworkFactory[0]: got request NetworkRequest [ REQUEST id=870, [ Capabilities: INTERNET&NOT_RESTRICTED&TRUSTED&NOT_VCN_MANAGED Uid: 10109 RequestorUid: 1000 RequestorPkg: android UnderlyingNetworks: Null] ]
02-17 16:40:03.026  2663  2663 D TelephonyNetworkFactory[1]: got request NetworkRequest [ REQUEST id=1111, [ Capabilities: INTERNET&NOT_RESTRICTED&TRUSTED&NOT_VCN_MANAGED Uid: 10145 RequestorUid: 10145 RequestorPkg: com.google.android.gms UnderlyingNetworks: Null] ]
02-17 16:40:03.026  2663  2663 D TelephonyNetworkFactory[0]: got request NetworkRequest [ REQUEST id=1080, [ Capabilities: INTERNET&NOT_RESTRICTED&TRUSTED&NOT_VCN_MANAGED Uid: 10121 RequestorUid: 10121 RequestorPkg: com.android.vending UnderlyingNetworks: Null] ]
02-17 16:40:03.026  2663  2663 D TelephonyNetworkFactory[1]: got request NetworkRequest [ REQUEST id=1146, [ Capabilities: INTERNET&NOT_RESTRICTED&TRUSTED&NOT_VCN_MANAGED Uid: 10121 RequestorUid: 10121 RequestorPkg: com.android.vending UnderlyingNetworks: Null] ]
02-17 16:40:03.026  2663  2663 D TelephonyNetworkFactory[0]: got request NetworkRequest [ REQUEST id=1111, [ Capabilities: INTERNET&NOT_RESTRICTED&TRUSTED&NOT_VCN_MANAGED Uid: 10145 RequestorUid: 10145 RequestorPkg: com.google.android.gms UnderlyingNetworks: Null] ]
02-17 16:40:03.026  2663  2663 D TelephonyNetworkFactory[1]: got request NetworkRequest [ REQUEST id=1155, [ Capabilities: INTERNET&NOT_RESTRICTED&TRUSTED&NOT_VCN_MANAGED Uid: 10121 RequestorUid: 10121 RequestorPkg: com.android.vending UnderlyingNetworks: Null] ]
02-17 16:40:03.026  2663  2663 D TelephonyNetworkFactory[0]: got request NetworkRequest [ REQUEST id=1146, [ Capabilities: INTERNET&NOT_RESTRICTED&TRUSTED&NOT_VCN_MANAGED Uid: 10121 RequestorUid: 10121 RequestorPkg: com.android.vending UnderlyingNetworks: Null] ]
02-17 16:40:03.026  2663  2663 D TelephonyNetworkFactory[1]: got request NetworkRequest [ REQUEST id=1158, [ Capabilities: INTERNET&NOT_RESTRICTED&TRUSTED&NOT_VCN_MANAGED Uid: 10121 RequestorUid: 10121 RequestorPkg: com.android.vending UnderlyingNetworks: Null] ]
02-17 16:40:03.026  2663  2663 D TelephonyNetworkFactory[0]: got request NetworkRequest [ REQUEST id=1155, [ Capabilities: INTERNET&NOT_RESTRICTED&TRUSTED&NOT_VCN_MANAGED Uid: 10121 RequestorUid: 10121 RequestorPkg: com.android.vending UnderlyingNetworks: Null] ]
02-17 16:40:03.026  2663  2663 D TelephonyNetworkFactory[1]: got request NetworkRequest [ REQUEST id=1190, [ Capabilities: INTERNET&NOT_RESTRICTED&TRUSTED&NOT_VCN_MANAGED Uid: 10201 RequestorUid: 10201 RequestorPkg: com.google.android.apps.maps UnderlyingNetworks: Null] ]
02-17 16:40:03.026  2663  2663 D TelephonyNetworkFactory[0]: got request NetworkRequest [ REQUEST id=1158, [ Capabilities: INTERNET&NOT_RESTRICTED&TRUSTED&NOT_VCN_MANAGED Uid: 10121 RequestorUid: 10121 RequestorPkg: com.android.vending UnderlyingNetworks: Null] ]
02-17 16:40:03.026  2663  2663 D TelephonyNetworkFactory[1]: got request NetworkRequest [ REQUEST id=1192, [ Capabilities: INTERNET&NOT_RESTRICTED&TRUSTED&NOT_VCN_MANAGED Uid: 10201 RequestorUid: 10201 RequestorPkg: com.google.android.apps.maps UnderlyingNetworks: Null] ]
02-17 16:40:03.026  2663  2663 D TelephonyNetworkFactory[0]: got request NetworkRequest [ REQUEST id=1190, [ Capabilities: INTERNET&NOT_RESTRICTED&TRUSTED&NOT_VCN_MANAGED Uid: 10201 RequestorUid: 10201 RequestorPkg: com.google.android.apps.maps UnderlyingNetworks: Null] ]
02-17 16:40:03.026  2663  2663 D TelephonyNetworkFactory[1]: got request NetworkRequest [ REQUEST id=1202, [ Capabilities: INTERNET&NOT_RESTRICTED&TRUSTED&NOT_VCN_MANAGED Uid: 10034 RequestorUid: 10034 RequestorPkg: com.google.android.apps.nbu.paisa.user UnderlyingNetworks: Null] ]
02-17 16:40:03.026  2663  2663 D TelephonyNetworkFactory[0]: got request NetworkRequest [ REQUEST id=1192, [ Capabilities: INTERNET&NOT_RESTRICTED&TRUSTED&NOT_VCN_MANAGED Uid: 10201 RequestorUid: 10201 RequestorPkg: com.google.android.apps.maps UnderlyingNetworks: Null] ]
02-17 16:40:03.026  2663  2663 D TelephonyNetworkFactory[1]: got request NetworkRequest [ REQUEST id=1205, [ Capabilities: INTERNET&NOT_RESTRICTED&TRUSTED&NOT_VCN_MANAGED Uid: 10113 RequestorUid: 10113 RequestorPkg: com.google.android.googlequicksearchbox UnderlyingNetworks: Null] ]
02-17 16:40:03.026  2663  2663 D TelephonyNetworkFactory[0]: got request NetworkRequest [ REQUEST id=1202, [ Capabilities: INTERNET&NOT_RESTRICTED&TRUSTED&NOT_VCN_MANAGED Uid: 10034 RequestorUid: 10034 RequestorPkg: com.google.android.apps.nbu.paisa.user UnderlyingNetworks: Null] ]
02-17 16:40:03.026  2663  2663 D TelephonyNetworkFactory[0]: got request NetworkRequest [ REQUEST id=1205, [ Capabilities: INTERNET&NOT_RESTRICTED&TRUSTED&NOT_VCN_MANAGED Uid: 10113 RequestorUid: 10113 RequestorPkg: com.google.android.googlequicksearchbox UnderlyingNetworks: Null] ]
02-17 16:40:03.026  2663  2663 D TelephonyNetworkFactory[0]: got request NetworkRequest [ REQUEST id=1207, [ Capabilities: INTERNET&NOT_RESTRICTED&TRUSTED&NOT_VCN_MANAGED Uid: 10113 RequestorUid: 10113 RequestorPkg: com.google.android.googlequicksearchbox UnderlyingNetworks: Null] ]
02-17 16:40:03.026  2663  2663 D TelephonyNetworkFactory[0]: got request NetworkRequest [ REQUEST id=1209, [ Capabilities: INTERNET&NOT_RESTRICTED&TRUSTED&NOT_VCN_MANAGED Uid: 10113 RequestorUid: 10113 RequestorPkg: com.google.android.googlequicksearchbox UnderlyingNetworks: Null] ]
02-17 16:40:03.026  2663  2663 D TelephonyNetworkFactory[1]: got request NetworkRequest [ REQUEST id=1207, [ Capabilities: INTERNET&NOT_RESTRICTED&TRUSTED&NOT_VCN_MANAGED Uid: 10113 RequestorUid: 10113 RequestorPkg: com.google.android.googlequicksearchbox UnderlyingNetworks: Null] ]
02-17 16:40:03.026  2663  2663 D TelephonyNetworkFactory[0]: got request NetworkRequest [ REQUEST id=1212, [ Capabilities: INTERNET&NOT_RESTRICTED&TRUSTED&NOT_VCN_MANAGED Uid: 10113 RequestorUid: 10113 RequestorPkg: com.google.android.googlequicksearchbox UnderlyingNetworks: Null] ]
02-17 16:40:03.026  2663  2663 D TelephonyNetworkFactory[1]: got request NetworkRequest [ REQUEST id=1209, [ Capabilities: INTERNET&NOT_RESTRICTED&TRUSTED&NOT_VCN_MANAGED Uid: 10113 RequestorUid: 10113 RequestorPkg: com.google.android.googlequicksearchbox UnderlyingNetworks: Null] ]
02-17 16:40:03.027  2663  2663 D TelephonyNetworkFactory[1]: got request NetworkRequest [ REQUEST id=1212, [ Capabilities: INTERNET&NOT_RESTRICTED&TRUSTED&NOT_VCN_MANAGED Uid: 10113 RequestorUid: 10113 RequestorPkg: com.google.android.googlequicksearchbox UnderlyingNetworks: Null] ]
02-17 16:40:03.027  2663  2663 D TelephonyNetworkFactory[1]: got request NetworkRequest [ REQUEST id=1219, [ Capabilities: INTERNET&NOT_RESTRICTED&TRUSTED&NOT_VCN_MANAGED Uid: 10145 RequestorUid: 10145 RequestorPkg: com.google.android.gms UnderlyingNetworks: Null] ]
02-17 16:40:03.027  2663  2663 D TelephonyNetworkFactory[1]: got request NetworkRequest [ REQUEST id=1224, [ Capabilities: INTERNET&NOT_RESTRICTED&TRUSTED&NOT_VCN_MANAGED Uid: 10194 RequestorUid: 10194 RequestorPkg: com.google.android.apps.youtube.music UnderlyingNetworks: Null] ]
02-17 16:40:03.027  2663  2663 D TelephonyNetworkFactory[0]: got request NetworkRequest [ REQUEST id=1219, [ Capabilities: INTERNET&NOT_RESTRICTED&TRUSTED&NOT_VCN_MANAGED Uid: 10145 RequestorUid: 10145 RequestorPkg: com.google.android.gms UnderlyingNetworks: Null] ]
