--------- beginning of radio
09-21 16:23:16.737  1124  1124 I GRIL-H  : Radio Ext HAL Service 1.0 is starting.
09-21 16:23:16.737  1124  1124 I GRIL-H  : Finding /vendor/etc/bluetooth_power_limits_G020J.csv
09-21 16:23:16.737  1124  1124 I GRIL-H  : Finding /vendor/etc/bluetooth_power_limits.csv
09-21 16:23:16.738  1124  1124 I GRIL-H  : Reading config: /vendor/etc/bluetooth_power_limits.csv
09-21 16:23:16.738  1124  1225 I GRIL-Q  : QMI TMD available
09-21 16:23:16.740  1124  1124 E GRIL-H  : BR/EBR/BLE not found in caption line
09-21 16:23:16.740  1124  1124 I GRIL-H  : bt_power_limits_configs[0]: 62, BR: -128, EDR: -128, BLE: -128
09-21 16:23:16.740  1124  1124 I GRIL-H  : bt_power_limits_configs[1]: 62, BR: -128, EDR: -128, BLE: -128
09-21 16:23:16.740  1124  1124 I GRIL-H  : bt_power_limits_configs[2]: 62, BR: -128, EDR: -128, BLE: -128
09-21 16:23:16.740  1124  1124 I GRIL-H  : bt_power_limits_configs[3]: 62, BR: -128, EDR: -128, BLE: -128
09-21 16:23:16.740  1124  1124 I GRIL-H  : bt_power_limits_configs[4]: 62, BR: -128, EDR: -128, BLE: -128
09-21 16:23:16.741  1124  1124 I GRIL-H  : bt_power_limits_configs[5]: 62, BR: -128, EDR: -128, BLE: -128
09-21 16:23:16.741  1124  1124 I GRIL-H  : bt_power_limits_configs[6]: 62, BR: -128, EDR: -128, BLE: -128
09-21 16:23:16.741  1124  1124 I GRIL-H  : bt_power_limits_configs[7]: 62, BR: -128, EDR: -128, BLE: -128
09-21 16:23:16.741  1124  1124 I GRIL-H  : bt_power_limits_configs[8]: 62, BR: -128, EDR: -128, BLE: -128
09-21 16:23:16.741  1124  1124 I GRIL-H  : bt_power_limits_configs[9]: 62, BR: -128, EDR: -128, BLE: -128
09-21 16:23:16.741  1124  1124 I GRIL-H  : bt_power_limits_configs[10]: 62, BR: -128, EDR: -128, BLE: -128
09-21 16:23:16.741  1124  1124 I GRIL-H  : bt_power_limits_configs[11]: 62, BR: -128, EDR: -128, BLE: -128
09-21 16:23:16.741  1124  1124 I GRIL-H  : bt_power_limits_configs[12]: 62, BR: -128, EDR: -128, BLE: -128
09-21 16:23:16.741  1124  1124 I GRIL-H  : bt_power_limits_configs[13]: 62, BR: -128, EDR: -128, BLE: -128
09-21 16:23:16.741  1124  1124 I GRIL-H  : bt_power_limits_configs[14]: 62, BR: -128, EDR: -128, BLE: -128
09-21 16:23:16.741  1124  1124 I GRIL-H  : bt_power_limits_configs[15]: 62, BR: -128, EDR: -128, BLE: -128
09-21 16:23:16.741  1124  1124 I GRIL-H  : bt_power_limits_configs[16]: 43, BR: -128, EDR: -128, BLE: -128
09-21 16:23:16.741  1124  1124 I GRIL-H  : bt_power_limits_configs[17]: 43, BR: -128, EDR: -128, BLE: -128
09-21 16:23:16.741  1124  1124 I GRIL-H  : bt_power_limits_configs[18]: 43, BR: -128, EDR: -128, BLE: -128
09-21 16:23:16.741  1124  1124 I GRIL-H  : bt_power_limits_configs[19]: 43, BR: -128, EDR: -128, BLE: -128
09-21 16:23:16.741  1124  1124 I GRIL-H  : bt_power_limits_configs[20]: 43, BR: -128, EDR: -128, BLE: -128
09-21 16:23:16.741  1124  1124 I GRIL-H  : bt_power_limits_configs[21]: 43, BR: -128, EDR: -128, BLE: -128
09-21 16:23:16.741  1124  1124 I GRIL-H  : bt_power_limits_configs[22]: 43, BR: -128, EDR: -128, BLE: -128
09-21 16:23:16.741  1124  1124 I GRIL-H  : bt_power_limits_configs[23]: 43, BR: -128, EDR: -128, BLE: -128
09-21 16:23:16.741  1124  1124 I GRIL-H  : bt_power_limits_configs[24]: 43, BR: -128, EDR: -128, BLE: -128
09-21 16:23:16.741  1124  1124 I GRIL-H  : bt_power_limits_configs[25]: 43, BR: -128, EDR: -128, BLE: -128
09-21 16:23:16.741  1124  1124 I GRIL-H  : bt_power_limits_configs[26]: 43, BR: -128, EDR: -128, BLE: -128
09-21 16:23:16.741  1124  1124 I GRIL-H  : bt_power_limits_configs[27]: 43, BR: -128, EDR: -128, BLE: -128
09-21 16:23:16.741  1124  1124 I GRIL-H  : bt_power_limits_configs[28]: 43, BR: -128, EDR: -128, BLE: -128
09-21 16:23:16.741  1124  1124 I GRIL-H  : bt_power_limits_configs[29]: 43, BR: -128, EDR: -128, BLE: -128
09-21 16:23:16.741  1124  1124 I GRIL-H  : bt_power_limits_configs[30]: 43, BR: -128, EDR: -128, BLE: -128
09-21 16:23:16.741  1124  1124 I GRIL-H  : bt_power_limits_configs[31]: 43, BR: -128, EDR: -128, BLE: -128
09-21 16:23:16.741  1124  1124 I GRIL-H  : bt_power_limits_configs[32]: 62, BR: -128, EDR: -128, BLE: -128
09-21 16:23:16.741  1124  1124 I GRIL-H  : loadBTPowerLimitsConfig completed
09-21 16:23:16.746  1124  1124 I GRIL-H  : RadioExt Service is ready
09-21 16:23:18.110  1124  1225 E GRIL-Q  : QMI TMD service instance received
09-21 16:23:18.119  1124  1225 I GRIL-Q  : QMI TMD init complete
09-21 16:23:18.119  1124  1225 I GRIL-Q  : QMI TMD: device info list populate START data_resp_size 1104
09-21 16:23:18.134  1383  1383 D RILD    : **RIL Daemon Started**
09-21 16:23:18.134  1383  1383 D RILD    : **RILd param count=1**
09-21 16:23:18.136  1124  1225 I GRIL-Q  : QMI TMD: device info list populate response received 0 len 6
09-21 16:23:18.136  1124  1225 I GRIL-Q  : QMI TMD: device info list [pa]
09-21 16:23:18.136  1124  1225 I GRIL-Q  : QMI TMD: device info list [pa] enabled=1
09-21 16:23:18.136  1124  1225 I GRIL-Q  : QMI TMD: device info list [modem]
09-21 16:23:18.136  1124  1225 I GRIL-Q  : QMI TMD: device info list [modem] enabled=1
09-21 16:23:18.136  1124  1225 I GRIL-Q  : QMI TMD: device info list [cpuv_restriction_cold]
09-21 16:23:18.136  1124  1225 I GRIL-Q  : QMI TMD: device info list [modem_current]
09-21 16:23:18.136  1124  1225 I GRIL-Q  : QMI TMD: device info list [vbatt_low]
09-21 16:23:18.136  1124  1225 I GRIL-Q  : QMI TMD: device info list [modem_skin]
09-21 16:23:18.136  1124  1225 I GRIL-Q  : QMI TMD: device info list populate END
09-21 16:23:18.138  1383  1383 D RILD    : RIL_Init argc = 3 clientId = 0
09-21 16:23:18.143  1383  1383 D RILD    : deviceInfoServiceModule found and loaded
09-21 16:23:18.144  1383  1383 E RILQ    : log to /data/vendor/radio/ril_log for QCRIL logging is not enabled
09-21 16:23:18.144  1383  1383 E RILQ    : Fail to initialize Diag for QCRIL logging
09-21 16:23:18.182  1383  1383 W RILC    : RIL_onUnsolicitedResponse called before RIL_register
09-21 16:23:18.201  1383  1383 D RILD    : RIL_Init rilInit completed
09-21 16:23:18.201  1383  1383 I RILC    : SIM_COUNT: 1
09-21 16:23:18.201  1383  1383 E RILC    : RIL_register: RIL version 15
09-21 16:23:18.201  1383  1383 I RILC    : s_registerCalled flag set, 1
09-21 16:23:18.220  1383  1712 D RIL_SAP : sap_register_service status=0
09-21 16:23:18.249  1383  1383 I RILC    : RILHIDL called registerService
09-21 16:23:18.249  1383  1383 D RILD    : RIL_Init RIL_register completed
09-21 16:23:18.249  1383  1383 D RILD    : RIL_register_socket completed
09-21 16:23:20.554  1124  1224 I GRIL-Q  : QMI VS available
09-21 16:23:20.555  1124  1224 I GRIL-Q  : Read config: /vendor/etc/modem_stat.conf
09-21 16:23:20.556  1124  1224 I GRIL-Q  : Send debug stat config: uim_statistics, v=-1, t=0
09-21 16:23:20.612  1124  1224 I GRIL-Q  : Send debug stat config: Protocol_stats, v=-1, t=0
09-21 16:23:20.613  1124  1224 I GRIL-Q  : Send debug stat config: rf_stats, v=-1, t=0
09-21 16:23:21.238  1383  1694 E RILC    : radioStateChangedInd: radioService[0]->mRadioIndication == NULL
09-21 16:23:22.237  1383  1694 E RILC    : radioStateChangedInd: radioService[0]->mRadioIndication == NULL
09-21 16:23:22.253  1383  1676 E RILC    : radioStateChangedInd: radioService[0]->mRadioIndication == NULL
09-21 16:23:22.256  1383  1676 E RILC    : radioStateChangedInd: radioService[0]->mRadioIndication == NULL
09-21 16:23:22.345  1857  1857 D TelephonyRegistry: listen oscl: mHasNotifySubscriptionInfoChangedOccurred==false no callback
09-21 16:23:23.095  1857  2310 D TelephonyRegistry: listen oscl: mHasNotifySubscriptionInfoChangedOccurred==false no callback
09-21 16:23:23.189  1857  1857 D TelephonyRegistry: listen oscl: mHasNotifySubscriptionInfoChangedOccurred==false no callback
09-21 16:23:23.216  1857  2311 D TelephonyRegistry: listen oscl: mHasNotifySubscriptionInfoChangedOccurred==false no callback
09-21 16:23:23.238  1857  1857 D TelephonyRegistry: listen oscl: mHasNotifySubscriptionInfoChangedOccurred==false no callback
09-21 16:23:23.263  1857  1958 W CarrierConfigManager: Error getting config for subId -1 ICarrierConfigLoader is null
09-21 16:23:23.275  1857  1857 D TelephonyRegistry: listen oscl: mHasNotifySubscriptionInfoChangedOccurred==false no callback
09-21 16:23:23.298  1857  1857 D TelephonyRegistry: systemRunning register for intents
09-21 16:23:23.315  1857  1936 D TelephonyRegistry: listen oscl: mHasNotifySubscriptionInfoChangedOccurred==false no callback
09-21 16:23:23.347  1857  1968 D TelephonyRegistry: listen oscl: mHasNotifySubscriptionInfoChangedOccurred==false no callback
09-21 16:23:23.619  2480  2480 W CarrierConfigManager: Error getting config for subId -1 ICarrierConfigLoader is null
09-21 16:23:24.294  1857  1936 D TelephonyRegistry: listen oscl: mHasNotifySubscriptionInfoChangedOccurred==false no callback
09-21 16:23:24.320  2692  2692 D AnomalyReporter: Found a valid package com.google.android.apps.scone
09-21 16:23:24.322  2692  2692 D TelephonyComponentFactory: validated paths: null
09-21 16:23:24.322  2692  2692 D TelephonyComponentFactory: Total components injected: 0
09-21 16:23:24.322  2692  2692 D TDC     : updateOrInsert: inserting: Modem { uuid=modem, state=0, rilModel=0, rat={}, maxActiveVoiceCall=1, maxActiveDataCall=1, maxStandby=1 }
09-21 16:23:24.322  2692  2692 D TDC     : updateOrInsert: inserting: Sim { uuid=sim, modemUuid=modem, state=0 }
09-21 16:23:24.328  2692  2692 D MetricsCollector: registered
09-21 16:23:24.331  2692  2692 D CdmaSSM : subscriptionSource from settings: 0
09-21 16:23:24.331  2692  2692 I PhoneFactory: Cdma Subscription set to 0
09-21 16:23:24.331  2692  2692 I PhoneFactory: Network Mode set to 10
09-21 16:23:24.331  2692  2692 D RILJ    : RIL: init allowedNetworkTypes=326655 cdmaSubscription=0) [PHONEnull]
09-21 16:23:24.339  1383  1383 D RILC    : setResponseFunctions_1_4
09-21 16:23:24.339  1383  1383 D RILC    : RadioImpl_1_4::setResponseFunctions_nolock
09-21 16:23:24.340  1383  1383 D RILC    : RadioImpl_1_3::setResponseFunctions_nolock
09-21 16:23:24.341  1383  1383 D RILC    : RadioImpl_1_2::setResponseFunctions_nolock
09-21 16:23:24.342  1383  1383 D RILC    : rilConnectedInd
09-21 16:23:24.342  1383  1383 D RILC    : radioStateChangedInd: radioState 10
09-21 16:23:24.342  1383  1383 I RILC    : RIL Daemon version: Qualcomm RIL 1.0
09-21 16:23:24.345  2692  2692 D RILJ    : [0000]> GET_HARDWARE_CONFIG [PHONE0]
09-21 16:23:24.356  2692  2838 D RILJ    : Unsol response received; Sending ack to ril.cpp [PHONE0]
09-21 16:23:24.356  2692  2838 D RILJ    : [UNSL]< UNSOL_RIL_CONNECTED [PHONE0]
09-21 16:23:24.357  2692  2838 D RILJ    : [0002]> RADIO_POWER on = false forEmergencyCall= false preferredForEmergencyCall=false [PHONE0]
09-21 16:23:24.357  2692  2838 D RILJ    : [0003]> CDMA_SET_SUBSCRIPTION_SOURCE cdmaSubscription = 0 [PHONE0]
09-21 16:23:24.358  2692  2838 D RILJ    : [0000]< GET_HARDWARE_CONFIG error 6 [PHONE0]
09-21 16:23:24.358  2692  2838 D RilRequest: [0000]< GET_HARDWARE_CONFIG error: com.android.internal.telephony.CommandException: REQUEST_NOT_SUPPORTED ret=  result=null
09-21 16:23:24.359  1383  1383 D RILC    : setRadioPower: serial 2 on 0
09-21 16:23:24.359  2692  2838 D RILJ    : Unsol response received; Sending ack to ril.cpp [PHONE0]
09-21 16:23:24.359  2692  2838 D RILJ    : [UNSL]< UNSOL_RESPONSE_RADIO_STATE_CHANGED radioStateChanged: 1 [PHONE0]
09-21 16:23:24.359  2692  2838 D RILJ    : [UNSL]< UNSOL_EMERGENCY_NUMBER_LIST [EmergencyNumber:Number-911|CountryIso-|Mnc-|ServiceCategories-0|Urns-[]|Sources-1000|Routing-0, EmergencyNumber:Number-*911|CountryIso-|Mnc-|ServiceCategories-0|Urns-[]|Sources-1000|Routing-0, EmergencyNumber:Number-112|CountryIso-|Mnc-|ServiceCategories-0|Urns-[]|Sources-1000|Routing-0, EmergencyNumber:Number-000|CountryIso-|Mnc-|ServiceCategories-0|Urns-[]|Sources-1000|Routing-0, EmergencyNumber:Number-119|CountryIso-|Mnc-|ServiceCategories-0|Urns-[]|Sources-1000|Routing-0, EmergencyNumber:Number-118|CountryIso-|Mnc-|ServiceCategories-0|Urns-[]|Sources-1000|Routing-0, EmergencyNumber:Number-#911|CountryIso-|Mnc-|ServiceCategories-0|Urns-[]|Sources-1000|Routing-0, EmergencyNumber:Number-08|CountryIso-|Mnc-|ServiceCategories-0|Urns-[]|Sources-1000|Routing-0, EmergencyNumber:Number-110|CountryIso-|Mnc-|ServiceCategories-0|Urns-[]|Sources-1000|Routing-0, EmergencyNumber:Number-999|CountryIso-|Mnc-|ServiceCategories-0|Urns-[]|Sources-1000|Routing-0] [PHONE0]
09-21 16:23:24.362  2692  2692 D RILJ    : Radio HAL version: 1.4 [PHONE0]
09-21 16:23:24.363  2692  2692 D UiccController: Creating UiccController
09-21 16:23:24.363  2692  2692 D UiccController: config_num_physical_slots = 2
09-21 16:23:24.364  2692  2838 D RILJ    : [0003]< CDMA_SET_SUBSCRIPTION_SOURCE  [PHONE0]
09-21 16:23:24.364  2692  2860 E RadioConfig: getHidlRadioConfigProxy1_3: RadioConfigProxy getService: java.util.NoSuchElementException
09-21 16:23:24.366  2692  2860 D RadioConfig: RIL_REQUEST_GET_HAL_DEVICE_CAPABILITIES > REQUEST_NOT_SUPPORTED
09-21 16:23:24.366  2692  2860 D RILUtils: Radio Hal Version = 1.4
09-21 16:23:24.366  2692  2860 E RadioInterfaceCapabilityController: getRadioInterfaceCapabilities: Radio Capabilities not loaded in time
09-21 16:23:24.366  2692  2860 E RadioInterfaceCapabilityController: setupRadioInterfaceCapabilities: com.android.internal.telephony.CommandException: REQUEST_NOT_SUPPORTED
09-21 16:23:24.366  2692  2860 D RadioInterfaceCapabilityController: setupRadioInterfaceCapabilities: mRadioInterfaceCapabilities now setup
09-21 16:23:24.368  2692  2838 D RILJ    : [0002]< RADIO_POWER  [PHONE0]
09-21 16:23:24.370  1383  1676 D RILC    : radioStateChangedInd: radioState 10
09-21 16:23:24.373  2692  2838 D RILJ    : Unsol response received; Sending ack to ril.cpp [PHONE0]
09-21 16:23:24.373  2692  2838 D RILJ    : [UNSL]< UNSOL_RESPONSE_RADIO_STATE_CHANGED radioStateChanged: 1 [PHONE0]
09-21 16:23:24.376  2692  2838 D RILJ    : Unsol response received; Sending ack to ril.cpp [PHONE0]
09-21 16:23:24.376  2692  2838 D RILJ    : [UNSL]< UNSOL_RESPONSE_NETWORK_STATE_CHANGED [PHONE0]
09-21 16:23:24.377  2692  2692 D PinStorage: KeyStore: alias PinStorage_longTerm_always_key exists
09-21 16:23:24.377  2692  2692 D PinStorage: onDeviceReady
09-21 16:23:24.379  2692  2692 D PinStorage: KeyStore: alias PinStorage_shortTerm_key does not exist - Nothing to do
09-21 16:23:24.385  2692  2692 I PhoneFactory: Creating SubscriptionController
09-21 16:23:24.397  2393  2393 W CarrierConfigManager: Error getting config for subId -1 ICarrierConfigLoader is null
09-21 16:23:24.406  2692  2692 I PhoneFactory: Creating Phone with type = 1 phoneId = 0
09-21 16:23:24.407  2692  2692 D Phone   : mDoesRilSendMultipleCallRing=true
09-21 16:23:24.407  2692  2692 D Phone   : mCallRingDelay=3000
09-21 16:23:24.412  2692  2692 D RILJ    : startLceService: REQUEST_NOT_SUPPORTED
09-21 16:23:24.412  2692  2838 D RILJ    : Unsol response received; Sending ack to ril.cpp [PHONE0]
09-21 16:23:24.412  2692  2838 D RILJ    : [UNSL]< UNSOL_RESPONSE_NETWORK_STATE_CHANGED [PHONE0]
09-21 16:23:24.413  2692  2692 D SmsDispatchersController: SmsDispatchersController created
09-21 16:23:24.414  2692  2692 D SMSDispatcher: SMSDispatcher: ctor mSmsCapable=true format=unknown mSmsSendDisabled=false
09-21 16:23:24.419  2692  2692 D SMSDispatcher: SMSDispatcher: ctor mSmsCapable=true format=3gpp2 mSmsSendDisabled=false
09-21 16:23:24.419  2692  2692 D CdmaSMSDispatcher: CdmaSMSDispatcher created
09-21 16:23:24.421  1857  2394 D TelephonyRegistry: listen oscl: mHasNotifySubscriptionInfoChangedOccurred==false no callback
09-21 16:23:24.424  2692  2692 E WAP PUSH: bindService() for wappush manager failed
09-21 16:23:24.426  2692  2692 D GsmInboundSmsHandler: created InboundSmsHandler
09-21 16:23:24.433  2692  2890 D GsmInboundSmsHandler: StartupState.enter: entering StartupState
09-21 16:23:24.434  2692  2692 E WAP PUSH: bindService() for wappush manager failed
09-21 16:23:24.436  2692  2692 D CdmaInboundSmsHandler: created InboundSmsHandler
09-21 16:23:24.440  2692  2692 D SMSDispatcher: SMSDispatcher: ctor mSmsCapable=true format=3gpp mSmsSendDisabled=false
09-21 16:23:24.440  2692  2692 D GsmSMSDispatcher: GsmSMSDispatcher created
09-21 16:23:24.442  2692  2890 D GsmInboundSmsHandler: StartupState.processMessage: processing EVENT_START_ACCEPTING_SMS
09-21 16:23:24.442  2692  2890 D GsmInboundSmsHandler: IdleState.enter: entering IdleState
09-21 16:23:24.442  2692  2890 D GsmInboundSmsHandler: IdleState.processMessage: processing EVENT_RELEASE_WAKELOCK
09-21 16:23:24.443  2692  2890 D GsmInboundSmsHandler: IdleState.processMessage: EVENT_RELEASE_WAKELOCK: mWakeLock released
09-21 16:23:24.443  2692  2692 D CdmaSSM : subscriptionSource from settings: 0
09-21 16:23:24.443  2692  2692 D CdmaSSM : cdmaSSM constructor: 0
09-21 16:23:24.444  2692  2897 D CdmaInboundSmsHandler: StartupState.enter: entering StartupState
09-21 16:23:24.444  2692  2897 D CdmaInboundSmsHandler: StartupState.processMessage: processing EVENT_START_ACCEPTING_SMS
09-21 16:23:24.444  2692  2897 D CdmaInboundSmsHandler: IdleState.enter: entering IdleState
09-21 16:23:24.444  2692  2897 D CdmaInboundSmsHandler: IdleState.processMessage: processing EVENT_RELEASE_WAKELOCK
09-21 16:23:24.446  2692  2692 D GsmCdmaPhone: [0] Precise phone type 1
09-21 16:23:24.446  2692  2692 D RILJ    : setPhoneType=1 old value=0 [PHONE0]
09-21 16:23:24.446  2692  2897 D CdmaInboundSmsHandler: IdleState.processMessage: EVENT_RELEASE_WAKELOCK: mWakeLock released
09-21 16:23:24.447  2692  2692 D CarrierActionAgent: [0]Creating CarrierActionAgent
09-21 16:23:24.447  2692  2692 W CarrierConfigManager: Error getting config for subId -1 ICarrierConfigLoader is null
09-21 16:23:24.448  2692  2692 D ANM-0   : operates in AP-assisted mode.
09-21 16:23:24.453  2692  2692 W CarrierConfigManager: Error getting config for subId -1 ICarrierConfigLoader is null
09-21 16:23:24.455  2692  2692 W CarrierConfigManager: Error getting config for subId -1 ICarrierConfigLoader is null
09-21 16:23:24.456  1857  1976 D TelephonyRegistry: listen oscl: mHasNotifySubscriptionInfoChangedOccurred==false no callback
09-21 16:23:24.457  2692  2692 D NRM-C-0 : registerForNetworkRegistrationInfoChanged
09-21 16:23:24.458  2692  2692 D NRM-I-0 : registerForNetworkRegistrationInfoChanged
09-21 16:23:24.459  2692  2692 D NitzStateMachineImpl: handleNetworkUnavailable: mLatestNitzSignal was already null. Nothing to do.
09-21 16:23:24.461  2692  2692 D RILJ    : [0008]> SIGNAL_STRENGTH [PHONE0]
09-21 16:23:24.462  2692  2838 D RILJ    : [0008]< SIGNAL_STRENGTH SignalStrength:{mCdma=CellSignalStrengthCdma: cdmaDbm=0 cdmaEcio=0 evdoDbm=0 evdoEcio=0 evdoSnr=0 level=4,mGsm=CellSignalStrengthGsm: rssi=-113 ber=0 mTa=0 mLevel=0,mWcdma=CellSignalStrengthWcdma: ss=-113 ber=0 rscp=-120 ecno=-24 level=0,mTdscdma=CellSignalStrengthTdscdma: rssi=2147483647 ber=2147483647 rscp=-120 level=0,mLte=CellSignalStrengthLte: rssi=-113 rsrp=2147483647 rsrq=0 rssnr=0 cqiTableIndex=2147483647 cqi=0 ta=0 level=1 parametersUseForLevel=1,mNr=CellSignalStrengthNr:{ csiRsrp = 2147483647 csiRsrq = 2147483647 csiCqiTableIndex = 2147483647 csiCqiReport = [] ssRsrp = 2147483647 ssRsrq = 0 ssSinr = 0 level = 0 parametersUseForLevel = 1 },primary=CellSignalStrengthLte} [PHONE0]
09-21 16:23:24.462  2692  2692 D SST     : [0] notifyVoiceRegStateRilRadioTechnologyChanged: vrs=1 rat=0
09-21 16:23:24.463  1857  2394 D TelephonyRegistry: listen oscl: mHasNotifySubscriptionInfoChangedOccurred==false no callback
09-21 16:23:24.464  2692  2692 D Phone   : [0] SubId-1,get allowed network types user: value = GPRS|EDGE|UMTS|CDMA|CDMA - EvDo rev. 0|CDMA - EvDo rev. A|CDMA - 1xRTT|HSDPA|HSUPA|HSPA|CDMA - EvDo rev. B|LTE|CDMA - eHRPD|HSPA+|GSM|LTE_CA
09-21 16:23:24.464  2692  2692 W CarrierConfigManager: Error getting config for subId -1 ICarrierConfigLoader is null
09-21 16:23:24.467  2692  2692 D EmergencyNumberTracker:  asset emergency database is loaded. Ver: 1 Phone Id: 0
09-21 16:23:24.467  2692  2692 E EmergencyNumberTracker: Cache ota emergency database IOException: java.io.FileNotFoundException: /data/misc/emergencynumberdb/emergency_number_db: open failed: ENOENT (No such file or directory)
09-21 16:23:24.467  2692  2692 D EmergencyNumberTracker: Using Asset Emergency database. Version: 1
09-21 16:23:24.467  1857  2865 D TelephonyRegistry: listen oscl: mHasNotifySubscriptionInfoChangedOccurred==false no callback
09-21 16:23:24.483  2692  2692 D m.android.phone: DCT.constructor
09-21 16:23:24.491  2692  2692 W CarrierConfigManager: Error getting config for subId -1 ICarrierConfigLoader is null
09-21 16:23:24.492  2692  2692 D DCT-C-0 : initApnContexts: E
09-21 16:23:24.492  2692  2692 W ApnConfigTypeRepository: carrier config is null
09-21 16:23:24.494  1857  2394 D TelephonyRegistry: notifyDataConnectionForSubscriber: phoneId=0 subId=-1  state: DISCONNECTED, transport: WWAN, id: -1, network type: UNKNOWN, APN Setting: [ApnSetting] null, 0, null, null, null, null, null, null, null, 0, fota, null, null, false, 0, false, 0, 0, 0, 0, 0, null, null, false, UNKNOWN, UNKNOWN, 0, -1, -1, false, link properties: null, fail cause: NONE(0x0)
09-21 16:23:24.494  1857  2394 D TelephonyRegistry: onDataConnectionStateChanged(DISCONNECTED, UNKNOWN) subId=-1, phoneId=0
09-21 16:23:24.494  2692  2692 D DCT-C-0 : initApnContexts: apnContext=fota
09-21 16:23:24.495  1857  1857 D TelephonyRegistry: notifyCellLocationForSubscriber: subId=2147483647 cellIdentity=null
09-21 16:23:24.495  1857  2335 D TelephonyRegistry: notifyDataConnectionForSubscriber: phoneId=0 subId=-1  state: DISCONNECTED, transport: WWAN, id: -1, network type: UNKNOWN, APN Setting: [ApnSetting] null, 0, null, null, null, null, null, null, null, 0, ims, null, null, false, 0, false, 0, 0, 0, 0, 0, null, null, false, UNKNOWN, UNKNOWN, 0, -1, -1, false, link properties: null, fail cause: NONE(0x0)
09-21 16:23:24.495  2692  2692 D DCT-C-0 : initApnContexts: apnContext=ims
09-21 16:23:24.499  1857  1935 D TelephonyRegistry: notifyDataConnectionForSubscriber: phoneId=0 subId=-1  state: DISCONNECTED, transport: WWAN, id: -1, network type: UNKNOWN, APN Setting: [ApnSetting] null, 0, null, null, null, null, null, null, null, 0, cbs, null, null, false, 0, false, 0, 0, 0, 0, 0, null, null, false, UNKNOWN, UNKNOWN, 0, -1, -1, false, link properties: null, fail cause: NONE(0x0)
09-21 16:23:24.499  2692  2692 D DCT-C-0 : initApnContexts: apnContext=cbs
09-21 16:23:24.504  1857  2394 D TelephonyRegistry: notifyDataConnectionForSubscriber: phoneId=0 subId=-1  state: DISCONNECTED, transport: WWAN, id: -1, network type: UNKNOWN, APN Setting: [ApnSetting] null, 0, null, null, null, null, null, null, null, 0, ia, null, null, false, 0, false, 0, 0, 0, 0, 0, null, null, false, UNKNOWN, UNKNOWN, 0, -1, -1, false, link properties: null, fail cause: NONE(0x0)
09-21 16:23:24.504  2692  2692 D DCT-C-0 : initApnContexts: apnContext=ia
09-21 16:23:24.506  1857  1935 D TelephonyRegistry: notifyDataConnectionForSubscriber: phoneId=0 subId=-1  state: DISCONNECTED, transport: WWAN, id: -1, network type: UNKNOWN, APN Setting: [ApnSetting] null, 0, null, null, null, null, null, null, null, 0, emergency, null, null, false, 0, false, 0, 0, 0, 0, 0, null, null, false, UNKNOWN, UNKNOWN, 0, -1, -1, false, link properties: null, fail cause: NONE(0x0)
09-21 16:23:24.507  2692  2692 D DCT-C-0 : initApnContexts: apnContext=emergency
09-21 16:23:24.508  1857  1935 D TelephonyRegistry: notifyDataConnectionForSubscriber: phoneId=0 subId=-1  state: DISCONNECTED, transport: WWAN, id: -1, network type: UNKNOWN, APN Setting: [ApnSetting] null, 0, null, null, null, null, null, null, null, 0, mcx, null, null, false, 0, false, 0, 0, 0, 0, 0, null, null, false, UNKNOWN, UNKNOWN, 0, -1, -1, false, link properties: null, fail cause: NONE(0x0)
09-21 16:23:24.508  2692  2692 D DCT-C-0 : initApnContexts: apnContext=mcx
09-21 16:23:24.510  1857  2865 D TelephonyRegistry: notifyDataConnectionForSubscriber: phoneId=0 subId=-1  state: DISCONNECTED, transport: WWAN, id: -1, network type: UNKNOWN, APN Setting: [ApnSetting] null, 0, null, null, null, null, null, null, null, 0, xcap, null, null, false, 0, false, 0, 0, 0, 0, 0, null, null, false, UNKNOWN, UNKNOWN, 0, -1, -1, false, link properties: null, fail cause: NONE(0x0)
09-21 16:23:24.510  2692  2692 D DCT-C-0 : initApnContexts: apnContext=xcap
09-21 16:23:24.511  1857  2865 D TelephonyRegistry: notifyDataConnectionForSubscriber: phoneId=0 subId=-1  state: DISCONNECTED, transport: WWAN, id: -1, network type: UNKNOWN, APN Setting: [ApnSetting] null, 0, null, null, null, null, null, null, null, 0, enterprise, null, null, false, 0, false, 0, 0, 0, 0, 0, null, null, false, UNKNOWN, UNKNOWN, 0, -1, -1, false, link properties: null, fail cause: NONE(0x0)
09-21 16:23:24.511  2692  2692 D DCT-C-0 : initApnContexts: apnContext=enterprise
09-21 16:23:24.514  1857  2865 D TelephonyRegistry: notifyDataConnectionForSubscriber: phoneId=0 subId=-1  state: DISCONNECTED, transport: WWAN, id: -1, network type: UNKNOWN, APN Setting: [ApnSetting] null, 0, null, null, null, null, null, null, null, 0, mms, null, null, false, 0, false, 0, 0, 0, 0, 0, null, null, false, UNKNOWN, UNKNOWN, 0, -1, -1, false, link properties: null, fail cause: NONE(0x0)
09-21 16:23:24.515  2692  2692 D DCT-C-0 : initApnContexts: apnContext=mms
09-21 16:23:24.516  1857  2865 D TelephonyRegistry: notifyDataConnectionForSubscriber: phoneId=0 subId=-1  state: DISCONNECTED, transport: WWAN, id: -1, network type: UNKNOWN, APN Setting: [ApnSetting] null, 0, null, null, null, null, null, null, null, 0, supl, null, null, false, 0, false, 0, 0, 0, 0, 0, null, null, false, UNKNOWN, UNKNOWN, 0, -1, -1, false, link properties: null, fail cause: NONE(0x0)
09-21 16:23:24.516  2692  2692 D DCT-C-0 : initApnContexts: apnContext=supl
09-21 16:23:24.517  1857  2865 D TelephonyRegistry: notifyDataConnectionForSubscriber: phoneId=0 subId=-1  state: DISCONNECTED, transport: WWAN, id: -1, network type: UNKNOWN, APN Setting: [ApnSetting] null, 0, null, null, null, null, null, null, null, 0, dun, null, null, false, 0, false, 0, 0, 0, 0, 0, null, null, false, UNKNOWN, UNKNOWN, 0, -1, -1, false, link properties: null, fail cause: NONE(0x0)
09-21 16:23:24.518  2692  2692 D DCT-C-0 : initApnContexts: apnContext=dun
09-21 16:23:24.518  1857  2865 D TelephonyRegistry: notifyDataConnectionForSubscriber: phoneId=0 subId=-1  state: DISCONNECTED, transport: WWAN, id: -1, network type: UNKNOWN, APN Setting: [ApnSetting] null, 0, null, null, null, null, null, null, null, 0, hipri, null, null, false, 0, false, 0, 0, 0, 0, 0, null, null, false, UNKNOWN, UNKNOWN, 0, -1, -1, false, link properties: null, fail cause: NONE(0x0)
09-21 16:23:24.519  2692  2692 D DCT-C-0 : initApnContexts: apnContext=hipri
09-21 16:23:24.520  1857  1935 D TelephonyRegistry: notifyDataConnectionForSubscriber: phoneId=0 subId=-1  state: DISCONNECTED, transport: WWAN, id: -1, network type: UNKNOWN, APN Setting: [ApnSetting] null, 0, null, null, null, null, null, null, null, 0, hipri | default, null, null, false, 0, false, 0, 0, 0, 0, 0, null, null, false, UNKNOWN, UNKNOWN, 0, -1, -1, false, link properties: null, fail cause: NONE(0x0)
09-21 16:23:24.520  2692  2692 D DCT-C-0 : initApnContexts: apnContext=default
09-21 16:23:24.520  2692  2692 D DCT-C-0 : default emergency apn is created
09-21 16:23:24.521  2692  2692 D m.android.phone: DCT.constructor
09-21 16:23:24.528  2692  2692 W CarrierConfigManager: Error getting config for subId -1 ICarrierConfigLoader is null
09-21 16:23:24.528  2692  2692 D DCT-I-0 : initApnContexts: E
09-21 16:23:24.528  2692  2692 W ApnConfigTypeRepository: carrier config is null
09-21 16:23:24.529  1857  2335 D TelephonyRegistry: notifyDataConnectionForSubscriber: phoneId=0 subId=-1  state: DISCONNECTED, transport: WLAN, id: -1, network type: UNKNOWN, APN Setting: [ApnSetting] null, 0, null, null, null, null, null, null, null, 0, fota, null, null, false, 0, false, 0, 0, 0, 0, 0, null, null, false, UNKNOWN, UNKNOWN, 0, -1, -1, false, link properties: null, fail cause: NONE(0x0)
09-21 16:23:24.529  2692  2692 D DCT-I-0 : initApnContexts: apnContext=fota
09-21 16:23:24.530  1857  2335 D TelephonyRegistry: notifyDataConnectionForSubscriber: phoneId=0 subId=-1  state: DISCONNECTED, transport: WLAN, id: -1, network type: UNKNOWN, APN Setting: [ApnSetting] null, 0, null, null, null, null, null, null, null, 0, ims, null, null, false, 0, false, 0, 0, 0, 0, 0, null, null, false, UNKNOWN, UNKNOWN, 0, -1, -1, false, link properties: null, fail cause: NONE(0x0)
09-21 16:23:24.530  2692  2692 D DCT-I-0 : initApnContexts: apnContext=ims
09-21 16:23:24.531  1857  2335 D TelephonyRegistry: notifyDataConnectionForSubscriber: phoneId=0 subId=-1  state: DISCONNECTED, transport: WLAN, id: -1, network type: UNKNOWN, APN Setting: [ApnSetting] null, 0, null, null, null, null, null, null, null, 0, cbs, null, null, false, 0, false, 0, 0, 0, 0, 0, null, null, false, UNKNOWN, UNKNOWN, 0, -1, -1, false, link properties: null, fail cause: NONE(0x0)
09-21 16:23:24.531  2692  2692 D DCT-I-0 : initApnContexts: apnContext=cbs
09-21 16:23:24.531  1857  2335 D TelephonyRegistry: notifyDataConnectionForSubscriber: phoneId=0 subId=-1  state: DISCONNECTED, transport: WLAN, id: -1, network type: UNKNOWN, APN Setting: [ApnSetting] null, 0, null, null, null, null, null, null, null, 0, ia, null, null, false, 0, false, 0, 0, 0, 0, 0, null, null, false, UNKNOWN, UNKNOWN, 0, -1, -1, false, link properties: null, fail cause: NONE(0x0)
09-21 16:23:24.531  2692  2692 D DCT-I-0 : initApnContexts: apnContext=ia
09-21 16:23:24.532  1857  2865 D TelephonyRegistry: notifyDataConnectionForSubscriber: phoneId=0 subId=-1  state: DISCONNECTED, transport: WLAN, id: -1, network type: UNKNOWN, APN Setting: [ApnSetting] null, 0, null, null, null, null, null, null, null, 0, emergency, null, null, false, 0, false, 0, 0, 0, 0, 0, null, null, false, UNKNOWN, UNKNOWN, 0, -1, -1, false, link properties: null, fail cause: NONE(0x0)
09-21 16:23:24.532  2692  2692 D DCT-I-0 : initApnContexts: apnContext=emergency
09-21 16:23:24.533  1857  2865 D TelephonyRegistry: notifyDataConnectionForSubscriber: phoneId=0 subId=-1  state: DISCONNECTED, transport: WLAN, id: -1, network type: UNKNOWN, APN Setting: [ApnSetting] null, 0, null, null, null, null, null, null, null, 0, mcx, null, null, false, 0, false, 0, 0, 0, 0, 0, null, null, false, UNKNOWN, UNKNOWN, 0, -1, -1, false, link properties: null, fail cause: NONE(0x0)
09-21 16:23:24.533  2692  2692 D DCT-I-0 : initApnContexts: apnContext=mcx
09-21 16:23:24.533  1857  2865 D TelephonyRegistry: notifyDataConnectionForSubscriber: phoneId=0 subId=-1  state: DISCONNECTED, transport: WLAN, id: -1, network type: UNKNOWN, APN Setting: [ApnSetting] null, 0, null, null, null, null, null, null, null, 0, xcap, null, null, false, 0, false, 0, 0, 0, 0, 0, null, null, false, UNKNOWN, UNKNOWN, 0, -1, -1, false, link properties: null, fail cause: NONE(0x0)
09-21 16:23:24.534  2692  2692 D DCT-I-0 : initApnContexts: apnContext=xcap
09-21 16:23:24.534  1857  1936 D TelephonyRegistry: notifyDataConnectionForSubscriber: phoneId=0 subId=-1  state: DISCONNECTED, transport: WLAN, id: -1, network type: UNKNOWN, APN Setting: [ApnSetting] null, 0, null, null, null, null, null, null, null, 0, enterprise, null, null, false, 0, false, 0, 0, 0, 0, 0, null, null, false, UNKNOWN, UNKNOWN, 0, -1, -1, false, link properties: null, fail cause: NONE(0x0)
09-21 16:23:24.535  2692  2692 D DCT-I-0 : initApnContexts: apnContext=enterprise
09-21 16:23:24.535  1857  1936 D TelephonyRegistry: notifyDataConnectionForSubscriber: phoneId=0 subId=-1  state: DISCONNECTED, transport: WLAN, id: -1, network type: UNKNOWN, APN Setting: [ApnSetting] null, 0, null, null, null, null, null, null, null, 0, mms, null, null, false, 0, false, 0, 0, 0, 0, 0, null, null, false, UNKNOWN, UNKNOWN, 0, -1, -1, false, link properties: null, fail cause: NONE(0x0)
09-21 16:23:24.535  2692  2692 D DCT-I-0 : initApnContexts: apnContext=mms
09-21 16:23:24.536  1857  1936 D TelephonyRegistry: notifyDataConnectionForSubscriber: phoneId=0 subId=-1  state: DISCONNECTED, transport: WLAN, id: -1, network type: UNKNOWN, APN Setting: [ApnSetting] null, 0, null, null, null, null, null, null, null, 0, supl, null, null, false, 0, false, 0, 0, 0, 0, 0, null, null, false, UNKNOWN, UNKNOWN, 0, -1, -1, false, link properties: null, fail cause: NONE(0x0)
09-21 16:23:24.536  2692  2692 D DCT-I-0 : initApnContexts: apnContext=supl
09-21 16:23:24.536  1857  2865 D TelephonyRegistry: notifyDataConnectionForSubscriber: phoneId=0 subId=-1  state: DISCONNECTED, transport: WLAN, id: -1, network type: UNKNOWN, APN Setting: [ApnSetting] null, 0, null, null, null, null, null, null, null, 0, dun, null, null, false, 0, false, 0, 0, 0, 0, 0, null, null, false, UNKNOWN, UNKNOWN, 0, -1, -1, false, link properties: null, fail cause: NONE(0x0)
09-21 16:23:24.537  2692  2692 D DCT-I-0 : initApnContexts: apnContext=dun
09-21 16:23:24.537  1857  2394 D TelephonyRegistry: notifyDataConnectionForSubscriber: phoneId=0 subId=-1  state: DISCONNECTED, transport: WLAN, id: -1, network type: UNKNOWN, APN Setting: [ApnSetting] null, 0, null, null, null, null, null, null, null, 0, hipri, null, null, false, 0, false, 0, 0, 0, 0, 0, null, null, false, UNKNOWN, UNKNOWN, 0, -1, -1, false, link properties: null, fail cause: NONE(0x0)
09-21 16:23:24.537  2692  2692 D DCT-I-0 : initApnContexts: apnContext=hipri
09-21 16:23:24.539  1857  2865 D TelephonyRegistry: notifyDataConnectionForSubscriber: phoneId=0 subId=-1  state: DISCONNECTED, transport: WLAN, id: -1, network type: UNKNOWN, APN Setting: [ApnSetting] null, 0, null, null, null, null, null, null, null, 0, hipri | default, null, null, false, 0, false, 0, 0, 0, 0, 0, null, null, false, UNKNOWN, UNKNOWN, 0, -1, -1, false, link properties: null, fail cause: NONE(0x0)
09-21 16:23:24.539  2692  2692 D DCT-I-0 : initApnContexts: apnContext=default
09-21 16:23:24.539  2692  2692 D DCT-I-0 : default emergency apn is created
09-21 16:23:24.540  2692  2692 D CarrierResolver: Creating CarrierResolver[0]
09-21 16:23:24.543  2692  2692 D SST     : [0] notifyVoiceRegStateRilRadioTechnologyChanged: vrs=1 rat=0
09-21 16:23:24.549  2692  2692 I GsmCdmaPhone: [0] updateTtyMode ttyMode=0
09-21 16:23:24.550  2692  2692 D RILJ    : [0009]> SET_TTY_MODE ttyMode = 0 [PHONE0]
09-21 16:23:24.551  2692  2692 I GsmCdmaPhone: [0] updateUiTtyMode ttyMode=0
09-21 16:23:24.551  2692  2692 D CallManager: registerPhone(GSM Handler (com.android.internal.telephony.GsmCdmaPhone) {79a030f})
09-21 16:23:24.552  1857  2394 D TelephonyRegistry: listen oscl: mHasNotifySubscriptionInfoChangedOccurred==false no callback
09-21 16:23:24.552  2692  2692 D GsmCdmaPhone: [0] GsmCdmaPhone: constructor: sub = 0
09-21 16:23:24.553  2692  2838 D RILJ    : [0009]< SET_TTY_MODE  [PHONE0]
09-21 16:23:24.564  2692  2692 I PhoneFactory: defaultSmsApplication: com.google.android.apps.messaging
09-21 16:23:24.566  2692  2692 I PhoneFactory: Creating SubInfoRecordUpdater 
09-21 16:23:24.569  2692  2692 D SubscriptionInfoUpdater: Constructor invoked
09-21 16:23:24.583  2692  2692 D Phone   : mDoesRilSendMultipleCallRing=true
09-21 16:23:24.583  2692  2692 D Phone   : mCallRingDelay=3000
09-21 16:23:24.585  2692  2692 W CarrierConfigManager: Error getting config for subId -1 ICarrierConfigLoader is null
09-21 16:23:24.585  2692  2692 E ImsPhoneCallTracker: [0] getCarrierConfigBundle: carrier config is null, skipping.
09-21 16:23:24.585  2692  2692 E ImsPhoneCallTracker: [0] updateCarrierConfiguration: carrier config is null, skipping.
09-21 16:23:24.587  2692  2692 D ImsPhone: [0] updateDataServiceState: defSs = {mVoiceRegState=1(OUT_OF_SERVICE), mDataRegState=1(OUT_OF_SERVICE), mChannelNumber=-1, duplexMode()=0, mCellBandwidths=[], mOperatorAlphaLong=null, mOperatorAlphaShort=null, isManualNetworkSelection=false(automatic), getRilVoiceRadioTechnology=0(Unknown), getRilDataRadioTechnology=0(Unknown), mCssIndicator=unsupported, mNetworkId=-1, mSystemId=-1, mCdmaRoamingIndicator=-1, mCdmaDefaultRoamingIndicator=-1, mIsEmergencyOnly=false, isUsingCarrierAggregation=false, mArfcnRsrpBoost=0, mNetworkRegistrationInfos=[NetworkRegistrationInfo{ domain=CS transportType=WWAN registrationState=UNKNOWN roamingType=NOT_ROAMING accessNetworkTechnology=UNKNOWN rejectCause=0 emergencyEnabled=false availableServices=[] cellIdentity=null voiceSpecificInfo=null dataSpecificInfo=null nrState=**** rRplmn= isUsingCarrierAggregation=false}, NetworkRegistrationInfo{ domain=PS transportType=WWAN registrationState=UNKNOWN roamingType=NOT_ROAMING accessNetworkTechnology=UNKNOWN rejectCause=0 emergencyEnabled=false availableServices=[] cellIdentity=null voiceSpecificInfo=null dataSpecificInfo=null nrState=**** rRplmn= isUsingCarrierAggregation=false}, NetworkRegistrationInfo{ domain=PS transportType=WLAN registrationState=UNKNOWN roamingType=NOT_ROAMING accessNetworkTechnology=UNKNOWN rejectCause=0 emergencyEnabled=false availableServices=[] cellIdentity=null voiceSpecificInfo=null dataSpecificInfo=null nrState=**** rRplmn= isUsingCarrierAggregation=false}], mNrFrequencyRange=0, mOperatorAlphaLongRaw=null, mOperatorAlphaShortRaw=null, mIsDataRoamingFromRegistration=false, mIsIwlanPreferred=false} imsSs = {mVoiceRegState=1(OUT_OF_SERVICE), mDataRegState=1(OUT_OF_SERVICE), mChannelNumber=-1, duplexMode()=0, mCellBandwidths=[], mOperatorAlphaLong=null, mOperatorAlphaShort=null, isManualNetworkSelection=false(automatic), getRilVoiceRadioTechnology=0(Unknown), getRilDataRadioTechnology=0(Unknown), mCssIndicator=unsupported, mNetworkId=-1, mSystemId=-1, mCdmaRoamingIndicator=-1, mCdmaDefaultRoamingIndicator=-1, mIsEmergencyOnly=false, isUsingCarrierAggregation=false, mArfcnRsrpBoost=0, mNetworkRegistrationInfos=[NetworkRegistrationInfo{ domain=CS transportType=WWAN registrationState=UNKNOWN roamingType=NOT_ROAMING accessNetworkTechnology=UNKNOWN rejectCause=0 emergencyEnabled=false availableServices=[] cellIdentity=null voiceSpecificInfo=null dataSpecificInfo=null nrState=**** rRplmn= isUsingCarrierAggregation=false}, NetworkRegistrationInfo{ domain=PS transportType=WWAN registrationState=UNKNOWN roamingType=NOT_ROAMING accessNetworkTechnology=UNKNOWN rejectCause=0 emergencyEnabled=false availableServices=[] cellIdentity=null voiceSpecificInfo=null dataSpecificInfo=null nrState=**** rRplmn= isUsingCarrierAggregation=false}, NetworkRegistrationInfo{ domain=PS transportType=WLAN registrationState=UNKNOWN roamingType=NOT_ROAMING accessNetworkTechnology=UNKNOWN rejectCause=0 emergencyEnabled=false availableServices=[] cellIdentity=null voiceSpecificInfo=null dataSpecificInfo=null nrState=**** rRplmn= isUsingCarrierAggregation=false}], mNrFrequencyRange=0, mOperatorAlphaLongRaw=null, mOperatorAlphaShortRaw=null, mIsDataRoamingFromRegistration=false, mIsIwlanPreferred=false}
09-21 16:23:24.587  2692  2692 D CallManager: registerPhone(ImsPhone Handler (com.android.internal.telephony.imsphone.ImsPhone) {954b1b})
09-21 16:23:24.589  2692  2692 D FeatureConnector: [InstanceManager, 0] imsFeatureRemoved: reason=3
09-21 16:23:24.592  2692  2956 I ImsManagerIM [0]: connectionUnavailable, reason: 3
09-21 16:23:24.593  1857  1976 D TelephonyRegistry: listen oscl: mHasNotifySubscriptionInfoChangedOccurred==false no callback
09-21 16:23:24.594  2692  2692 D PhoneSwitcher: PhoneSwitcher started
09-21 16:23:24.600  2692  2692 D ProxyController: Constructor - Enter
09-21 16:23:24.602  2692  2692 D ProxyController: clearTransaction
09-21 16:23:24.602  2692  2692 D ProxyController: clearTransaction: phoneId=0 status=IDLE
09-21 16:23:24.602  2692  2692 D ProxyController: Constructor - Exit
09-21 16:23:24.613  1857  2394 D TelephonyRegistry: listen oscl: mHasNotifySubscriptionInfoChangedOccurred==false no callback
09-21 16:23:24.613  2692  2692 D TelephonyNetworkFactory[0]: Registering NetworkFactory
09-21 16:23:24.636  2692  2692 W CarrierConfigManager: Error getting config for subId -1 ICarrierConfigLoader is null
09-21 16:23:24.637  2692  2692 D RcsProvisioningMonitor: RcsProvisioningMonitor created.
09-21 16:23:24.640  2692  2692 D RcsStats: RcsStats created.
09-21 16:23:24.641  2692  2692 D RcsProvisioningMonitor: init.
09-21 16:23:24.642  1857  1976 D TelephonyRegistry: listen oscl: mHasNotifySubscriptionInfoChangedOccurred==false no callback
09-21 16:23:24.656  2692  2692 D ImsStateCallbackController: ImsStateCallbackController created
09-21 16:23:24.657  2692  2692 D ImsStateCallbackController: updateFeatures: oldSlots=0, newNumSlots=1
09-21 16:23:24.659  1857  1936 D TelephonyRegistry: listen oscl: mHasNotifySubscriptionInfoChangedOccurred==false no callback
09-21 16:23:24.659  2692  2692 D RcsStats: created Callback
09-21 16:23:24.659  2692  2692 D RcsStats: UceStatsWriterCallback created.
09-21 16:23:24.661  2692  2692 I ImsProvisioningController: ImsProvisioningController created
09-21 16:23:24.662  2692  2973 D ImsStateCallbackController: onExternalRcsStateChanged slotId=0, state=UNAVAILABLE, reason=NO_IMS_SERVICE_CONFIGURED
09-21 16:23:24.663  2692  2692 D ImsProvisioningController: ImsProvisioningController
09-21 16:23:24.663  1857  1936 D TelephonyRegistry: listen oscl: mHasNotifySubscriptionInfoChangedOccurred==false no callback
09-21 16:23:24.663  2692  2692 D ImsProvisioningController: MmTelFeatureListener[0] created
09-21 16:23:24.665  2692  2692 D ImsProvisioningController: RcsFeatureListener[0] created
09-21 16:23:24.666  2692  2692 D ImsProvisioningController: ProvisioningCallbackManager[0] ProvisioningCallbackManager create
09-21 16:23:24.670  1857  1976 D TelephonyRegistry: listen oscl: mHasNotifySubscriptionInfoChangedOccurred==false no callback
09-21 16:23:24.671  2692  2692 D CallManager: registerForMmiComplete
09-21 16:23:24.671  2692  2692 D NitzStateMachineImpl: handleAirplaneModeChanged(false): mLatestNitzSignal was already null. Nothing to do.
09-21 16:23:24.679  1857  1976 D TelephonyRegistry: listen oscl: mHasNotifySubscriptionInfoChangedOccurred==false no callback
09-21 16:23:24.681  2692  2692 D UiccController: handleMessage: Received RADIO_AVAILABLE for phoneId 0
09-21 16:23:24.681  2692  2692 D UiccController: Received EVENT_RADIO_AVAILABLE/EVENT_RADIO_ON, calling getIccCardStatus
09-21 16:23:24.682  2692  2692 D RILJ    : [0010]> GET_SIM_STATUS [PHONE0]
09-21 16:23:24.682  2692  2692 D UiccController: Received EVENT_RADIO_AVAILABLE/EVENT_RADIO_ON for phoneId 0, calling getIccSlotsStatus
09-21 16:23:24.682  2692  2692 D RadioConfig: [0011]> GET_SLOT_STATUS
09-21 16:23:24.682  2692  2692 D Phone   : config LCE service failed: com.android.internal.telephony.CommandException: REQUEST_NOT_SUPPORTED
09-21 16:23:24.683  2692  2692 D RILJ    : [0012]> GET_CURRENT_CALLS [PHONE0]
09-21 16:23:24.683  2692  2692 D GsmSMSDispatcher: GsmSMSDispatcher: subId = -1 slotId = 0
09-21 16:23:24.683  2692  2838 D RILJ    : responseIccCardStatus: from HIDL: IccCardState {CARDSTATE_ABSENT,PINSTATE_UNKNOWN,num_apps=0,gsm_id=-1,cdma_id=-1,ims_id=-1,atr=,iccid=,eid=,SlotPortMapping={physicalSlotIndex=0, portIndex=0}} [PHONE0]
09-21 16:23:24.683  2692  2838 D RILJ    : [0010]< GET_SIM_STATUS IccCardState {CARDSTATE_ABSENT,PINSTATE_UNKNOWN,num_apps=0,gsm_id=-1,cdma_id=-1,ims_id=-1,atr=,iccid=,eid=,SlotPortMapping={physicalSlotIndex=0, portIndex=0}} [PHONE0]
09-21 16:23:24.684  2692  2692 D RILJ    : [0013]> IMS_REGISTRATION_STATE [PHONE0]
09-21 16:23:24.684  2692  2838 D RILJ    : [0012]< GET_CURRENT_CALLS {} [PHONE0]
09-21 16:23:24.685  2692  2692 D RILJ    : [0014]> BASEBAND_VERSION [PHONE0]
09-21 16:23:24.685  2692  2692 D RILJ    : [0015]> DEVICE_IDENTITY [PHONE0]
09-21 16:23:24.685  2692  2692 D RILJ    : [0016]> GET_RADIO_CAPABILITY [PHONE0]
09-21 16:23:24.686  2692  2692 D RILJ    : areUiccApplicationsEnabled: REQUEST_NOT_SUPPORTED
09-21 16:23:24.686  2692  2838 D RadioConfigResponse: [0011]< GET_SLOT_STATUS [IccSlotStatus {CARDSTATE_ABSENT,atr=,eid=,num_ports=1, IccSimPortInfo-0{iccid=,logicalSlotIndex=0,portActive=true}}, IccSlotStatus {CARDSTATE_PRESENT,atr=3b9f96803fc6a28031e073f62157574a4d021060500002,eid=[****],num_ports=1, IccSimPortInfo-0{iccid=890000000[****],logicalSlotIndex=-1,portActive=false}}]
09-21 16:23:24.686  2692  2692 D RILJ    : startLceService: REQUEST_NOT_SUPPORTED
09-21 16:23:24.686  2692  2692 D GsmCdmaPhone: [0] Event EVENT_RADIO_ON Received
09-21 16:23:24.686  2692  2692 D RILJ    : [0017]> VOICE_RADIO_TECH [PHONE0]
09-21 16:23:24.686  2692  2838 D RILJ    : [0013]< IMS_REGISTRATION_STATE error 46 [PHONE0]
09-21 16:23:24.686  2692  2692 D GsmCdmaPhone: [0] EVENT EVENT_RADIO_STATE_CHANGED
09-21 16:23:24.686  2692  2692 D GsmCdmaPhone: handleRadioPowerStateChange, state= 1
09-21 16:23:24.686  2692  2838 D RilRequest: [0013]< IMS_REGISTRATION_STATE error: com.android.internal.telephony.CommandException: INVALID_MODEM_STATE ret={0, 1} result={ when=-13s574ms what=13 target=com.android.internal.telephony.SmsDispatchersController }
09-21 16:23:24.687  2692  2692 D RILJ    : [0018]> CDMA_GET_SUBSCRIPTION_SOURCE [PHONE0]
09-21 16:23:24.687  2692  2838 D RILJ    : [0014]< BASEBAND_VERSION g8150-00123-220708-B-8810441 [PHONE0]
09-21 16:23:24.688  2692  2692 D ANM-0   : bind to vendor.qti.iwlan
09-21 16:23:24.688  2692  2838 D RILJ    : [0015]< DEVICE_IDENTITY {[****], 63, 802B6435, 35293010124766} [PHONE0]
09-21 16:23:24.689  2692  2838 D RILJ    : convertHalRadioCapability: session=0, phase=0, rat=36964, logicModemUuid=0, status=1, rcRil.raf=82248 [PHONE0]
09-21 16:23:24.689  2692  2838 D RILJ    : [0016]< GET_RADIO_CAPABILITY {mPhoneId = 0 mVersion=1 mSession=0 mPhase=0 mRadioAccessFamily=36964 mLogicModemId=0 mStatus=1} [PHONE0]
09-21 16:23:24.689  2692  2838 D RILJ    : [0017]< VOICE_RADIO_TECH {4} [PHONE0]
09-21 16:23:24.690  2692  2838 D RILJ    : [0018]< CDMA_GET_SUBSCRIPTION_SOURCE {0} [PHONE0]
09-21 16:23:24.691  2692  2692 D RILJ    : [0019]> SET_SIGNAL_STRENGTH_REPORTING_CRITERIA [PHONE0]
09-21 16:23:24.691  2692  2692 D SSCtr   : setSignalStrengthReportingCriteria consolidatedSignalThresholdInfos=[SignalThresholdInfo{mRan=1 mSignalMeasurementType=1 mHysteresisMs=3000 mHysteresisDb=2 mThresholds=[-109, -103, -97, -89] mIsEnabled=true}, SignalThresholdInfo{mRan=2 mSignalMeasurementType=2 mHysteresisMs=3000 mHysteresisDb=2 mThresholds=[-114, -104, -94, -84] mIsEnabled=true}, SignalThresholdInfo{mRan=3 mSignalMeasurementType=3 mHysteresisMs=3000 mHysteresisDb=2 mThresholds=[-128, -118, -108, -98] mIsEnabled=true}, SignalThresholdInfo{mRan=4 mSignalMeasurementType=1 mHysteresisMs=3000 mHysteresisDb=2 mThresholds=[-105, -90, -75, -65] mIsEnabled=true}]
09-21 16:23:24.692  2692  2692 D RILJ    : [0020]> SET_SIGNAL_STRENGTH_REPORTING_CRITERIA [PHONE0]
09-21 16:23:24.692  2692  2692 D SSCtr   : setSignalStrengthReportingCriteria consolidatedSignalThresholdInfos=[SignalThresholdInfo{mRan=1 mSignalMeasurementType=1 mHysteresisMs=3000 mHysteresisDb=2 mThresholds=[-109, -103, -97, -89] mIsEnabled=true}, SignalThresholdInfo{mRan=2 mSignalMeasurementType=2 mHysteresisMs=3000 mHysteresisDb=2 mThresholds=[-114, -104, -94, -84] mIsEnabled=true}, SignalThresholdInfo{mRan=3 mSignalMeasurementType=3 mHysteresisMs=3000 mHysteresisDb=2 mThresholds=[-128, -118, -108, -98] mIsEnabled=true}, SignalThresholdInfo{mRan=4 mSignalMeasurementType=1 mHysteresisMs=3000 mHysteresisDb=2 mThresholds=[-105, -90, -75, -65] mIsEnabled=true}]
09-21 16:23:24.692  2692  2692 D SST     : [0] EVENT_ICC_CHANGED: SIM absent
09-21 16:23:24.692  2692  2692 D SST     : [0] cancelAllNotifications: mPrevSubId=-1
09-21 16:23:24.692  2692  2692 D SST     : [0] updateSpnDisplayLegacy+
09-21 16:23:24.693  2692  2838 D RILJ    : [0019]< SET_SIGNAL_STRENGTH_REPORTING_CRITERIA  [PHONE0]
09-21 16:23:24.693  2692  2838 E RILJ    : processResponse: Unexpected response! serial: 19 ,error: 0
09-21 16:23:24.693  2692  2838 E RILJ    : processResponse: Unexpected response! serial: 19 ,error: 0
09-21 16:23:24.694  2692  2838 E RILJ    : processResponse: Unexpected response! serial: 19 ,error: 0
09-21 16:23:24.694  2692  2838 D RILJ    : [0020]< SET_SIGNAL_STRENGTH_REPORTING_CRITERIA  [PHONE0]
09-21 16:23:24.694  2692  2838 E RILJ    : processResponse: Unexpected response! serial: 20 ,error: 0
09-21 16:23:24.694  2692  2838 E RILJ    : processResponse: Unexpected response! serial: 20 ,error: 0
09-21 16:23:24.694  2692  2838 E RILJ    : processResponse: Unexpected response! serial: 20 ,error: 0
09-21 16:23:24.695  2692  2692 D SST     : [0] updateSpnDisplay: radio is on but out of service, set plmn='No service'
09-21 16:23:24.695  2692  2692 D SST     : [0] updateSpnDisplay: rawSpn = 
09-21 16:23:24.696  2692  2692 D SST     : [0] updateSpnDisplay: updateSpnDisplay: changed sending intent, rule=2, showPlmn='true', plmn='No service', showSpn='false', spn='', dataSpn='', subId='-1'
09-21 16:23:24.696  2692  2692 D SubscriptionManager: putPhoneIdAndSubIdExtra: no valid subs
09-21 16:23:24.696  1857  1976 D TelephonyRegistry: notifySubscriptionInfoChanged: first invocation mRecords.size=42
09-21 16:23:24.697  2692  2692 D SST     : [0] updateSpnDisplayLegacy-
09-21 16:23:24.701  2692  2741 E PhoneSubInfoController: getLine1Number phone is null for Subscription:1
09-21 16:23:24.701  2692  2692 D NRM-C-0 : Trying to bind com.android.phone for transport WWAN
09-21 16:23:24.703  2692  2692 D NRM-I-0 : Trying to bind vendor.qti.iwlan for transport WLAN
09-21 16:23:24.705  2692  2692 D SST     : [0] setPowerStateToDesired: mDeviceShuttingDown=false, mDesiredPowerState=true, getRadioState=1, mRadioDisabledByCarrier=false, IMS reg state=false, pending radio off=false
09-21 16:23:24.705  2692  2692 D SST     : [0] pollState: modemTriggered=true, radioState=1
09-21 16:23:24.706  2692  2692 D RILJ    : [0021]> OPERATOR [PHONE0]
09-21 16:23:24.706  2692  2692 E NRM-C-0 : service not connected. Domain = PS
09-21 16:23:24.706  2692  2692 E NRM-C-0 : service not connected. Domain = CS
