09-21 16:23:50.475  2692  2692 D SST     : [0] Broadcasting ServiceState : {mVoiceRegState=1(OUT_OF_SERVICE), mDataRegState=1(OUT_OF_SERVICE), mChannelNumber=686, duplexMode()=0, mCellBandwidths=[], mOperatorAlphaLong=, mOperatorAlphaShort=, isManualNetworkSelection=false(automatic), getRilVoiceRadioTechnology=16(GSM), getRilDataRadioTechnology=2(EDGE), mCssIndicator=unsupported, mNetworkId=-1, mSystemId=-1, mCdmaRoamingIndicator=-1, mCdmaDefaultRoamingIndicator=-1, mIsEmergencyOnly=true, isUsingCarrierAggregation=false, mArfcnRsrpBoost=0, mNetworkRegistrationInfos=[NetworkRegistrationInfo{ domain=PS transportType=WLAN registrationState=NOT_REG_OR_SEARCHING roamingType=NOT_ROAMING accessNetworkTechnology=UNKNOWN rejectCause=0 emergencyEnabled=false availableServices=[] cellIdentity=null voiceSpecificInfo=null dataSpecificInfo=null nrState=**** rRplmn= isUsingCarrierAggregation=false}, NetworkRegistrationInfo{ domain=CS transportType=WWAN registrationState=NOT_REG_SEARCHING roamingType=NOT_ROAMING accessNetworkTechnology=GSM rejectCause=0 emergencyEnabled=true availableServices=[EMERGENCY] cellIdentity=CellIdentityGsm:{ mLac=51051 mCid=62081 mArfcn=686 mBsic=0x2 mMcc=310 mMnc=260 mAlphaLong=T-Mobile mAlphaShort=T-Mobile mAdditionalPlmns={}} voiceSpecificInfo=VoiceSpecificRegistrationInfo { mCssSupported=false mRoamingIndicator=0 mSystemIsInPrl=-1 mDefaultRoamingIndicator=-1} dataSpecificInfo=null nrState=**** rRplmn=310260 isUsingCarrierAggregation=false}, NetworkRegistrationInfo{ domain=PS transportType=WWAN registrationState=NOT_REG_SEARCHING roamingType=NOT_ROAMING accessNetworkTechnology=EDGE rejectCause=0 emergencyEnabled=true availableServices=[EMERGENCY] cellIdentity=CellIdentityGsm:{ mLac=51051 mCid=62081 mArfcn=686 mBsic=0x2 mMcc=310 mMnc=260 mAlphaLong=T-Mobile mAlphaShort=T-Mobile mAdditionalPlmns={}} voiceSpecificInfo=null dataSpecificInfo=android.telephony.DataSpecificRegistrationInfo :{ maxDataCalls = 20 isDcNrRestricted = false isNrAvailable = false isEnDcAvailable = false LteVopsSupportInfo :  mVopsSupport = 1 mEmcBearerSupport = 1 } nrState=**** rRplmn=310260 isUsingCarrierAggregation=false}], mNrFrequencyRange=0, mOperatorAlphaLongRaw=, mOperatorAlphaShortRaw=, mIsDataRoamingFromRegistration=false, mIsIwlanPreferred=false}
09-21 16:23:50.475  2692  2692 D DefaultPhoneNotifier: notifyServiceStateForSubId: mRegistryMgr=android.telephony.TelephonyRegistryManager@8143efd ss={mVoiceRegState=1(OUT_OF_SERVICE), mDataRegState=1(OUT_OF_SERVICE), mChannelNumber=686, duplexMode()=0, mCellBandwidths=[], mOperatorAlphaLong=, mOperatorAlphaShort=, isManualNetworkSelection=false(automatic), getRilVoiceRadioTechnology=16(GSM), getRilDataRadioTechnology=2(EDGE), mCssIndicator=unsupported, mNetworkId=-1, mSystemId=-1, mCdmaRoamingIndicator=-1, mCdmaDefaultRoamingIndicator=-1, mIsEmergencyOnly=true, isUsingCarrierAggregation=false, mArfcnRsrpBoost=0, mNetworkRegistrationInfos=[NetworkRegistrationInfo{ domain=PS transportType=WLAN registrationState=NOT_REG_OR_SEARCHING roamingType=NOT_ROAMING accessNetworkTechnology=UNKNOWN rejectCause=0 emergencyEnabled=false availableServices=[] cellIdentity=null voiceSpecificInfo=null dataSpecificInfo=null nrState=**** rRplmn= isUsingCarrierAggregation=false}, NetworkRegistrationInfo{ domain=CS transportType=WWAN registrationState=NOT_REG_SEARCHING roamingType=NOT_ROAMING accessNetworkTechnology=GSM rejectCause=0 emergencyEnabled=true availableServices=[EMERGENCY] cellIdentity=CellIdentityGsm:{ mLac=51051 mCid=62081 mArfcn=686 mBsic=0x2 mMcc=310 mMnc=260 mAlphaLong=T-Mobile mAlphaShort=T-Mobile mAdditionalPlmns={}} voiceSpecificInfo=VoiceSpecificRegistrationInfo { mCssSupported=false mRoamingIndicator=0 mSystemIsInPrl=-1 mDefaultRoamingIndicator=-1} dataSpecificInfo=null nrState=**** rRplmn=310260 isUsingCarrierAggregation=false}, NetworkRegistrationInfo{ domain=PS transportType=WWAN registrationState=NOT_REG_SEARCHING roamingType=NOT_ROAMING accessNetworkTechnology=EDGE rejectCause=0 emergencyEnabled=true availableServices=[EMERGENCY] cellIdentity=CellIdentityGsm:{ mLac=51051 mCid=62081 mArfcn=686 mBsic=0x2 mMcc=310 mMnc=260 mAlphaLong=T-Mobile mAlphaShort=T-Mobile mAdditionalPlmns={}} voiceSpecificInfo=null dataSpecificInfo=android.telephony.DataSpecificRegistrationInfo :{ maxDataCalls = 20 isDcNrRestricted = false isNrAvailable = false isEnDcAvailable = false LteVopsSupportInfo :  mVopsSupport = 1 mEmcBearerSupport = 1 } nrState=**** rRplmn=310260 isUsingCarrierAggregation=false}], mNrFrequencyRange=0, mOperatorAlphaLongRaw=, mOperatorAlphaShortRaw=, mIsDataRoamingFromRegistration=false, mIsIwlanPreferred=false} sender=Handler (com.android.internal.telephony.GsmCdmaPhone) {79a030f} phondId=0 subId=-1
09-21 16:23:50.475  1857  2835 D TelephonyRegistry: notifyServiceStateForSubscriber: INVALID phoneId=0 or subId=-1
09-21 16:23:50.482  1857  2835 D TelephonyRegistry: notifyCellLocationForSubscriber: subId=-1 cellIdentity=[****]
09-21 16:23:50.483  2692  2692 D NetworkTypeController: [0] LegacyState: process EVENT_BANDWIDTH_CHANGED
09-21 16:23:50.483  2692  2692 D NetworkTypeController: [0] Reset timers since NR is not allowed.
09-21 16:23:50.483  2692  2692 D NetworkTypeController: [0] DefaultState: process EVENT_BANDWIDTH_CHANGED
09-21 16:23:50.483  2692  2692 D LocaleTracker-0: updateLocale: countryIso = us, countryIsoDebugInfo = OperatorNumeric(310260): MccTable.countryCodeForMcc("310")
09-21 16:23:50.483  2692  2692 D LocaleTracker-0: updateLocale: timeZoneCountryIso = us, timeZoneCountryIsoDebugInfo = OperatorNumeric: MccTable.geoCountryCodeForMccMnc(MccMnc{mcc='310', mnc='260'})
09-21 16:23:50.483  2692  2692 D NitzStateMachineImpl: handleCountryDetected: countryIsoCode=us, mLatestNitzSignal=null
09-21 16:23:50.483  2692  2692 D ImsPhone: [0] handleMessage what=72
09-21 16:23:56.361  2692  2899 E PhoneSubInfoController: getIccSerialNumber phone is null for Subscription:-1
09-21 16:23:59.183  2692  2692 D QC_RIL_OEM_HOOK: Starting QcrilMsgTunnel Service
09-21 16:23:59.191  2692  2692 D QC_RIL_OEM_HOOK: Attempt to bind service returned with: true
09-21 16:23:59.197  2692  2692 D QC_RIL_OEM_HOOK: Registering for intent ACTION_UNSOL_RESPONSE_OEM_HOOK_RAW
09-21 16:23:59.198  2692  2692 D QC_RIL_OEM_HOOK: QcrilMsgTunnelService Connected Successfully (onServiceConnected)
09-21 16:23:59.198  2692  2692 D QC_RIL_OEM_HOOK: Calling onQcRilHookReady callback
--------- beginning of events
09-21 16:24:34.592  1857  1958 I sysui_multi_action: [757,803,799,window_time_0,802,3]
09-21 16:24:34.592  1857  1961 I am_kill : [0,6762,com.google.android.webview:sandboxed_process0:org.chromium.content.app.SandboxedProcessService0:0,905,remove task]
09-21 16:24:34.631  1857  4799 I am_proc_died: [0,6762,com.google.android.webview:sandboxed_process0:org.chromium.content.app.SandboxedProcessService0:0,905,19]
09-21 16:24:34.633  1857  4799 I am_schedule_service_restart: [0,com.joeykrim.rootcheck/org.chromium.content.app.SandboxedProcessService0:0,1000]
09-21 16:24:34.633  1857  4799 I am_uid_stopped: 99000
09-21 16:24:34.660  1857  1960 I commit_sys_config_file: [jobs,24]
09-21 16:24:34.671  1857  1968 I am_pss  : [7449,10188,com.google.android.calendar,37834752,34422784,28672,155029504,0,19,10]
09-21 16:24:34.680  1857  1968 I am_pss  : [7550,10114,com.google.android.configupdater,8173568,7413760,28672,91983872,0,19,7]
09-21 16:24:34.703  1857  4783 I am_proc_died: [0,6529,com.joeykrim.rootcheck,900,18]
09-21 16:24:34.704  1857  4783 I am_uid_stopped: 10231
09-21 16:24:35.031  1857  4071 I wm_destroy_activity: [0,44730556,50,com.topjohnwu.magisk/.ui.MainActivity,finish-imm:remove-task]
09-21 16:24:35.032  1857  1958 I sysui_multi_action: [757,803,799,window_time_0,802,0]
09-21 16:24:35.033  1857  1961 I am_kill : [0,4520,com.topjohnwu.magisk,905,remove task]
09-21 16:24:35.075  1857  4507 I am_proc_died: [0,4520,com.topjohnwu.magisk,905,19]
09-21 16:24:35.076  1857  4507 I am_uid_stopped: 10232
09-21 16:24:35.077  1857  4507 I wm_task_removed: [50,removeChild:removeChild last r=ActivityRecord{2aa88bc u0 com.topjohnwu.magisk/.ui.MainActivity} t-1 f}} in t=Task{d5bcb69 #50 type=standard A=10232:com.topjohnwu.magisk U=0 visible=false visibleRequested=false mode=fullscreen translucent=true sz=0}]
09-21 16:24:35.077  1857  4507 I wm_task_removed: [50,removeChild]
09-21 16:24:35.437  1857  1958 I sysui_multi_action: [757,803,799,window_time_0,802,1]
09-21 16:24:35.438  1857  1961 I am_kill : [0,6992,com.google.android.apps.nbu.files,999,remove task]
09-21 16:24:35.465  1857  8734 I am_proc_died: [0,6992,com.google.android.apps.nbu.files,999,19]
09-21 16:24:35.466  1857  8734 I am_uid_stopped: 10108
09-21 16:24:35.829  1857  1958 I sysui_multi_action: [757,803,799,window_time_0,802,0]
09-21 16:24:35.829  1857  1961 I am_kill : [0,7617,com.google.android.gm,999,remove task]
09-21 16:24:35.866  1857  1936 I am_proc_died: [0,7617,com.google.android.gm,999,19]
09-21 16:24:35.867  1857  1936 I am_uid_stopped: 10167
09-21 16:24:35.878  1857  1968 I am_pss  : [7841,10100,com.google.android.odad,10028032,9175040,29696,97951744,0,19,7]
09-21 16:24:35.929  1857  1936 I am_uid_running: 90002
09-21 16:24:35.936  1857  1970 I am_proc_start: [0,8740,90002,com.android.chrome:sandboxed_process0:org.chromium.content.app.SandboxedProcessService0:2,,{com.android.chrome/org.chromium.content.app.SandboxedProcessService0:2}]
09-21 16:24:35.945  1857  8739 I am_proc_bound: [0,8740,com.android.chrome:sandboxed_process0:org.chromium.content.app.SandboxedProcessService0:2]
09-21 16:24:36.013  8740  8740 I auditd  : type=1400 audit(0.0:107): avc: denied { setattr } for comm="CrUtilityMain" name="commands.json" dev="dm-40" ino=29268 scontext=u:r:isolated_app:s0:c512,c768 tcontext=u:object_r:app_data_file:s0:c177,c256,c512,c768 tclass=file permissive=0
09-21 16:24:36.013  8740  8740 I auditd  : type=1400 audit(0.0:108): avc: denied { setattr } for comm="CrUtilityMain" name="f1" dev="dm-40" ino=29403 scontext=u:r:isolated_app:s0:c512,c768 tcontext=u:object_r:app_data_file:s0:c177,c256,c512,c768 tclass=file permissive=0
09-21 16:24:36.013  8740  8740 I auditd  : type=1400 audit(0.0:109): avc: denied { setattr } for comm="CrUtilityMain" name="f0" dev="dm-40" ino=29839 scontext=u:r:isolated_app:s0:c512,c768 tcontext=u:object_r:app_data_file:s0:c177,c256,c512,c768 tclass=file permissive=0
09-21 16:24:36.022  1857  1936 I am_uid_running: 90003
09-21 16:24:36.028  1857  1970 I am_proc_start: [0,8762,90003,com.android.chrome:sandboxed_process0:org.chromium.content.app.SandboxedProcessService0:3,,{com.android.chrome/org.chromium.content.app.SandboxedProcessService0:3}]
09-21 16:24:36.037  1857  1936 I am_kill : [0,8740,com.android.chrome:sandboxed_process0:org.chromium.content.app.SandboxedProcessService0:2,0,isolated not needed]
09-21 16:24:36.039  1857  1936 I am_proc_bound: [0,8762,com.android.chrome:sandboxed_process0:org.chromium.content.app.SandboxedProcessService0:3]
09-21 16:24:36.051  1857  8739 I am_proc_died: [0,8740,com.android.chrome:sandboxed_process0:org.chromium.content.app.SandboxedProcessService0:2,0,10]
09-21 16:24:36.052  1857  8739 I am_uid_stopped: 90002
09-21 16:24:36.101  1857  1936 I am_kill : [0,8762,com.android.chrome:sandboxed_process0:org.chromium.content.app.SandboxedProcessService0:3,0,isolated not needed]
09-21 16:24:36.123  1857  2835 I am_proc_died: [0,8762,com.android.chrome:sandboxed_process0:org.chromium.content.app.SandboxedProcessService0:3,0,10]
09-21 16:24:36.123  1857  2835 I am_uid_stopped: 90003
09-21 16:24:36.200  1857  1958 I sysui_multi_action: [757,803,799,window_time_0,802,1]
09-21 16:24:36.584  1857  1958 I sysui_multi_action: [757,803,799,window_time_0,802,0]
09-21 16:24:36.584  1857  1961 I am_kill : [0,2712,com.android.settings,955,remove task]
09-21 16:24:36.627  1857  1936 I am_proc_died: [0,2712,com.android.settings,955,19]
09-21 16:24:36.642  1857  1968 I am_pss  : [7885,10134,com.google.android.onetimeinitializer,4482048,3727360,29696,85204992,0,19,6]
09-21 16:24:36.650  1857  1968 I am_pss  : [7783,10125,com.google.android.hardwareinfo,6266880,5423104,29696,92241920,0,19,7]
09-21 16:24:36.944  1857  1958 I sysui_multi_action: [757,803,799,window_time_0,802,0]
09-21 16:24:37.308  1857  1961 I am_kill : [0,5195,com.android.vending:background,985,remove task]
09-21 16:24:37.308  1857  1958 I sysui_multi_action: [757,803,799,window_time_0,802,1]
09-21 16:24:37.332  1857  1936 I am_proc_died: [0,5195,com.android.vending:background,985,19]
09-21 16:24:37.346  1857  1968 I am_pss  : [3112,10060,android.process.acore,11308032,10006528,28672,105431040,0,19,7]
09-21 16:24:37.353  1857  1968 I am_pss  : [7921,10070,com.google.android.packageinstaller,6503424,5705728,31744,89276416,0,19,6]
09-21 16:24:37.420  1857  2216 I am_compact: [3112,android.process.acore,all,101716,54040,46752,3168,-9100,0,-9100,9100,83,1,65599,915,15,1737724,-9216]
09-21 16:24:37.660  1857  1958 I sysui_multi_action: [757,803,799,window_time_0,802,0]
09-21 16:24:37.660  1857  1961 I am_kill : [0,5514,com.android.chrome:privileged_process0,999,remove task]
09-21 16:24:37.661  1857  1961 I am_kill : [0,5489,com.android.chrome:sandboxed_process0:org.chromium.content.app.SandboxedProcessService0:0,999,remove task]
09-21 16:24:37.661  1857  1961 I am_kill : [0,5173,com.android.chrome,999,remove task]
09-21 16:24:37.701  1857  4803 I am_proc_died: [0,5514,com.android.chrome:privileged_process0,999,19]
09-21 16:24:37.702  1857  4803 I am_schedule_service_restart: [0,com.android.chrome/org.chromium.content.app.PrivilegedProcessService0,1000]
09-21 16:24:37.705  1857  1936 I am_proc_died: [0,5489,com.android.chrome:sandboxed_process0:org.chromium.content.app.SandboxedProcessService0:0,999,19]
09-21 16:24:37.706  1857  1936 I am_schedule_service_restart: [0,com.android.chrome/org.chromium.content.app.SandboxedProcessService0:0,10996]
09-21 16:24:37.706  1857  1936 I am_uid_stopped: 90000
09-21 16:24:37.720  1857  4803 I am_proc_died: [0,5173,com.android.chrome,999,19]
09-21 16:24:37.722  1857  4803 I am_schedule_service_restart: [0,com.android.chrome/org.chromium.chrome.browser.customtabs.CustomTabsConnectionService,1000]
09-21 16:24:37.722  1857  4803 I am_uid_stopped: 10177
09-21 16:24:38.080  1857  1958 I sysui_multi_action: [757,803,799,window_time_0,802,0]
09-21 16:24:39.544  1857  1935 I wm_task_created: [54,-1]
09-21 16:24:39.546  1857  1935 I wm_task_moved: [54,1,3]
09-21 16:24:39.546  1857  1935 I wm_task_to_front: [0,54]
09-21 16:24:39.547  1857  1935 I wm_create_task: [0,54]
09-21 16:24:39.547  1857  1935 I wm_create_activity: [0,20796180,54,com.joeykrim.rootcheck/.MainActivity,android.intent.action.MAIN,NULL,NULL,270532608]
09-21 16:24:39.547  1857  1935 I wm_task_moved: [54,1,3]
09-21 16:24:39.547  1857  1935 I wm_pause_activity: [0,195481903,com.google.android.apps.nexuslauncher/.NexusLauncherActivity,userLeaving=true,pauseBackTasks]
09-21 16:24:39.551  1857  1961 I am_uid_running: 10231
09-21 16:24:39.553  2836  2836 I wm_on_top_resumed_lost_called: [195481903,com.google.android.apps.nexuslauncher.NexusLauncherActivity,topStateChangedWhenResumed]
09-21 16:24:39.556  1857  1970 I am_proc_start: [0,8791,10231,com.joeykrim.rootcheck,next-top-activity,{com.joeykrim.rootcheck/com.joeykrim.rootcheck.MainActivity}]
09-21 16:24:39.556  2836  2836 I wm_on_paused_called: [195481903,com.google.android.apps.nexuslauncher.NexusLauncherActivity,performPause]
09-21 16:24:39.557  1857  2694 I wm_add_to_stopping: [0,195481903,com.google.android.apps.nexuslauncher/.NexusLauncherActivity,makeInvisible]
09-21 16:24:39.557  1857  1958 I sysui_multi_action: [757,803,799,window_time_0,802,2]
09-21 16:24:39.565  1857  2270 I input_focus: [Focus leaving f5f4c44 com.google.android.apps.nexuslauncher/com.google.android.apps.nexuslauncher.NexusLauncherActivity (server),reason=NO_WINDOW]
09-21 16:24:39.570  1857  2335 I am_proc_bound: [0,8791,com.joeykrim.rootcheck]
09-21 16:24:39.572  1857  1968 I am_pss  : [8238,10109,com.google.pixel.livewallpaper,10019840,9216000,29696,94896128,0,19,7]
09-21 16:24:39.579  1857  2335 I wm_restart_activity: [0,20796180,54,com.joeykrim.rootcheck/.MainActivity]
09-21 16:24:39.579  1857  2335 I wm_set_resumed_activity: [0,com.joeykrim.rootcheck/.MainActivity,minimalResumeActivityLocked]
09-21 16:24:39.580  1857  1961 I am_uid_active: 10231
09-21 16:24:39.583  1857  1968 I am_pss  : [8192,10120,com.google.intelligence.sense,7371776,6266880,28672,97185792,0,19,6]
09-21 16:24:39.593  1857  1968 I am_pss  : [8160,10192,com.google.android.uvexposurereporter,5512192,4685824,31744,87863296,0,19,8]
09-21 16:24:39.600  1857  1968 I am_pss  : [6088,10101,com.google.android.wfcactivation,6716416,5693440,30720,92901376,0,19,7]
09-21 16:24:39.610  1857  1968 I am_pss  : [8060,10131,com.google.android.setupwizard,15287296,11845632,28672,113618944,0,19,7]
09-21 16:24:39.621  1857  1968 I am_pss  : [5734,1001,com.qualcomm.qcrilmsgtunnel,4886528,4055040,30720,88068096,0,6,7]
09-21 16:24:39.906  8791  8791 I auditd  : type=1400 audit(0.0:110): avc: granted { execute } for comm="AdWorker(Defaul" path="/data/data/com.joeykrim.rootcheck/app_pccache/5/5DCE6BE5F19A705E572E80E5C53ABCCC6FE22459/pcam.jar" dev="dm-40" ino=28548 scontext=u:r:untrusted_app_30:s0:c231,c256,c512,c768 tcontext=u:object_r:app_data_file:s0:c231,c256,c512,c768 tclass=file app=com.joeykrim.rootcheck
09-21 16:24:39.923  8791  8791 I wm_on_create_called: [20796180,com.joeykrim.rootcheck.MainActivity,performCreate]
09-21 16:24:39.924  8791  8791 I wm_on_start_called: [20796180,com.joeykrim.rootcheck.MainActivity,handleStartActivity]
09-21 16:24:39.929  8791  8791 I wm_on_resume_called: [20796180,com.joeykrim.rootcheck.MainActivity,RESUME_ACTIVITY]
09-21 16:24:39.939  8791  8791 I wm_on_top_resumed_gained_called: [20796180,com.joeykrim.rootcheck.MainActivity,topStateChangedWhenResumed]
09-21 16:24:40.079  1857  1962 I input_focus: [Focus request 6cea3f3 com.joeykrim.rootcheck/com.joeykrim.rootcheck.MainActivity,reason=UpdateInputWindows]
09-21 16:24:40.107  1857  1962 I wm_wallpaper_surface: [0,0]
09-21 16:24:40.141  1857  2270 I input_focus: [Focus entering 6cea3f3 com.joeykrim.rootcheck/com.joeykrim.rootcheck.MainActivity (server),reason=Window became focusable. Previous reason: NOT_VISIBLE]
09-21 16:24:40.144  1857  1958 I sysui_multi_action: [319,32,321,29,322,593,325,88,757,761,758,7,759,1,806,com.joeykrim.rootcheck,871,com.joeykrim.rootcheck.MainActivity,904,com.google.android.apps.nexuslauncher,905,0,945,35,1320,4,1321,24]
09-21 16:24:40.145  1857  1958 I wm_activity_launch_time: [0,20796180,com.joeykrim.rootcheck/.MainActivity,593]
09-21 16:24:40.150  1857  8731 I am_uid_running: 99002
09-21 16:24:40.156  1857  1970 I am_proc_start: [0,8940,99002,com.google.android.webview:sandboxed_process0:org.chromium.content.app.SandboxedProcessService0:0,,{com.joeykrim.rootcheck/org.chromium.content.app.SandboxedProcessService0:0}]
09-21 16:24:40.176  1857  1935 I am_proc_bound: [0,8940,com.google.android.webview:sandboxed_process0:org.chromium.content.app.SandboxedProcessService0:0]
09-21 16:24:40.178  1857  1935 I am_uid_active: 99002
09-21 16:24:40.370  1857  8785 I wm_stop_activity: [0,195481903,com.google.android.apps.nexuslauncher/.NexusLauncherActivity]
09-21 16:24:40.376  2836  2836 I wm_on_stop_called: [195481903,com.google.android.apps.nexuslauncher.NexusLauncherActivity,STOP_ACTIVITY_ITEM]
09-21 16:24:40.378  1857  1968 I am_pss  : [8315,10211,com.qualcomm.telephony,4675584,3866624,29696,87072768,0,10,6]
09-21 16:24:41.352  1857  2270 I input_interaction: Interaction with: 6cea3f3 com.joeykrim.rootcheck/com.joeykrim.rootcheck.MainActivity (server), PointerEventDispatcher0 (server), 
09-21 16:24:41.420  1857  1968 I am_pss  : [7191,10128,com.google.android.apps.security.securityhub,11375616,10059776,135168,103157760,0,19,9]
09-21 16:24:41.613  1857  8731 I am_uid_running: 10232
09-21 16:24:41.618  1857  1970 I am_proc_start: [0,9041,10232,com.topjohnwu.magisk,content provider,{com.topjohnwu.magisk/com.topjohnwu.magisk.core.Provider}]
09-21 16:24:41.640  1857  8789 I am_proc_bound: [0,9041,com.topjohnwu.magisk]
09-21 16:24:41.641  1857  8789 I am_uid_active: 10232
09-21 16:24:45.561  1857  1968 I am_pss  : [7933,10115,com.google.android.gms.unstable,29888512,16207872,27648,193355776,0,19,18]
09-21 16:24:45.579  1857  1968 I am_pss  : [5299,10147,com.google.android.dialer,42558464,23511040,13634560,155136000,0,19,17]
09-21 16:24:45.997  1857  2216 I am_compact: [3477,com.google.process.gservices,file,91736,46116,44720,3228,0,0,0,0,9,1,56768,700,5,1747452,0]
09-21 16:24:46.230  1857  1968 I am_pss  : [3013,10148,com.google.android.euicc,10434560,9011200,29696,105746432,0,19,10]
09-21 16:24:46.539  1857  2216 I am_compact: [3646,com.google.process.gapps,file,88652,48476,39280,7324,0,0,0,0,9,3,80452,700,5,1747964,0]
09-21 16:24:48.772  1857  1969 I am_uid_idle: 10110
09-21 16:24:48.808  1857  1969 I am_uid_idle: 10163
09-21 16:24:50.109  1857  1969 I am_uid_idle: 10196
09-21 16:24:51.573  1857  1968 I am_pss  : [8791,10231,com.joeykrim.rootcheck,195503104,161550336,27648,371785728,0,2,30]
09-21 16:24:51.587  1857  1968 I am_pss  : [5660,10164,com.google.android.apps.photos,39844864,25100288,12902400,126398464,0,19,13]
09-21 16:24:53.475  1857  1969 I am_uid_idle: 10190
09-21 16:24:54.684  1857  2270 I input_interaction: Interaction with: 411db7c NavigationBar0 (server), PointerEventDispatcher0 (server), 
09-21 16:24:54.686  2393  2393 I sysui_multi_action: [757,931,758,4,759,4,932,0,933,0]
09-21 16:24:54.690  1857  2270 I input_interaction: Interaction with: 6cea3f3 com.joeykrim.rootcheck/com.joeykrim.rootcheck.MainActivity (server), PointerEventDispatcher0 (server), 
09-21 16:24:54.698  1857  2270 I input_interaction: Interaction with: 411db7c NavigationBar0 (server), PointerEventDispatcher0 (server), 
09-21 16:24:54.730  2393  2393 I sysui_multi_action: [757,931,758,4,759,4,932,0,933,1]
09-21 16:24:54.732  1857  2335 I sysui_multi_action: [757,803,799,key_back_press,802,1]
09-21 16:24:54.734  1857  2335 I wm_finish_activity: [0,20796180,54,com.joeykrim.rootcheck/.MainActivity,app-request]
09-21 16:24:54.734  1857  2335 I wm_task_moved: [1,1,3]
09-21 16:24:54.734  1857  2335 I wm_task_moved: [49,1,2147483647]
09-21 16:24:54.734  1857  2335 I wm_task_to_front: [0,49]
09-21 16:24:54.734  1857  2335 I wm_focused_root_task: [0,0,1,54,finish-top adjustFocusToNextFocusableTask]
09-21 16:24:54.735  1857  2335 I wm_set_resumed_activity: [0,com.google.android.apps.nexuslauncher/.NexusLauncherActivity,finish-top adjustFocusToNextFocusableTask]
09-21 16:24:54.744  1857  2335 I wm_pause_activity: [0,20796180,com.joeykrim.rootcheck/.MainActivity,userLeaving=false,finish]
09-21 16:24:54.747  1857  1962 I input_focus: [Requesting to set focus to null window,reason=UpdateInputWindows]
09-21 16:24:54.747  8791  8791 I wm_on_top_resumed_lost_called: [20796180,com.joeykrim.rootcheck.MainActivity,topStateChangedWhenResumed]
09-21 16:24:54.751  1857  2270 I input_focus: [Focus leaving 6cea3f3 com.joeykrim.rootcheck/com.joeykrim.rootcheck.MainActivity (server),reason=Waiting for window because NOT_FOCUSABLE]
09-21 16:24:54.752  8791  8791 I wm_on_paused_called: [20796180,com.joeykrim.rootcheck.MainActivity,performPause]
09-21 16:24:54.753  1857  2694 I wm_add_to_stopping: [0,20796180,com.joeykrim.rootcheck/.MainActivity,completeFinishing]
09-21 16:24:54.753  1857  2694 I wm_set_resumed_activity: [0,com.google.android.apps.nexuslauncher/.NexusLauncherActivity,resumeTopActivity]
09-21 16:24:54.754  1857  2694 I wm_resume_activity: [0,195481903,49,com.google.android.apps.nexuslauncher/.NexusLauncherActivity]
09-21 16:24:54.755  2836  2836 I wm_on_restart_called: [195481903,com.google.android.apps.nexuslauncher.NexusLauncherActivity,performRestartActivity]
09-21 16:24:54.756  2836  2836 I wm_on_start_called: [195481903,com.google.android.apps.nexuslauncher.NexusLauncherActivity,handleStartActivity]
09-21 16:24:54.756  2836  2836 I wm_on_resume_called: [195481903,com.google.android.apps.nexuslauncher.NexusLauncherActivity,RESUME_ACTIVITY]
09-21 16:24:54.756  2836  2836 I wm_on_top_resumed_gained_called: [195481903,com.google.android.apps.nexuslauncher.NexusLauncherActivity,topWhenResuming]
09-21 16:24:54.756  1857  1958 I sysui_multi_action: [757,803,799,window_time_0,802,15]
09-21 16:24:54.785  1857  1962 I input_focus: [Focus request f5f4c44 com.google.android.apps.nexuslauncher/com.google.android.apps.nexuslauncher.NexusLauncherActivity,reason=UpdateInputWindows]
09-21 16:24:54.788  1857  1968 I am_pss  : [2488,10222,com.google.android.permissioncontroller,17835008,15736832,28672,112328704,0,19,7]
09-21 16:24:54.792  1857  1962 I wm_wallpaper_surface: [0,1]
09-21 16:24:54.800  1857  1968 I am_pss  : [7067,10139,com.google.android.apps.turbo,8915968,1347584,5729280,98480128,0,19,7]
09-21 16:24:54.796  1109  1109 I auditd  : type=1400 audit(0.0:111): avc: denied { read write } for comm="sensors@2.0-ser" name="diag" dev="tmpfs" ino=24152 scontext=u:r:hal_sensors_default:s0 tcontext=u:object_r:diag_device:s0 tclass=chr_file permissive=0
09-21 16:24:54.799  1109  1109 I auditd  : type=1400 audit(0.0:112): avc: denied { read write } for comm="sensors@2.0-ser" name="diag" dev="tmpfs" ino=24152 scontext=u:r:hal_sensors_default:s0 tcontext=u:object_r:diag_device:s0 tclass=chr_file permissive=0
09-21 16:24:54.816  1857  2270 I input_focus: [Focus entering f5f4c44 com.google.android.apps.nexuslauncher/com.google.android.apps.nexuslauncher.NexusLauncherActivity (server),reason=Window became focusable. Previous reason: NOT_VISIBLE]
09-21 16:24:54.817  1857  1968 I am_pss  : [8287,10137,com.google.android.apps.tips,42002432,11751424,27208704,125222912,0,19,8]
09-21 16:24:54.830  1857  1968 I am_pss  : [8309,10115,com.google.android.gms.ui,37531648,18718720,64512,194981888,0,19,11]
09-21 16:24:54.839  1857  1968 I am_pss  : [7083,10122,com.google.android.apps.safetyhub,26080256,13942784,10120192,116719616,0,19,7]
09-21 16:24:54.847  1857  1968 I am_pss  : [8432,10131,com.google.android.setupwizard:remote,9263104,3485696,2900992,102797312,0,19,6]
09-21 16:24:54.857  1857  1968 I am_pss  : [7991,10135,com.google.android.settings.intelligence,26618880,8769536,14457856,113000448,0,19,8]
09-21 16:24:54.867  1857  1968 I am_pss  : [5900,10185,com.google.android.GoogleCamera,19111936,15949824,790528,116039680,0,19,7]
09-21 16:24:54.876  1857  1968 I am_pss  : [5871,10091,com.android.traceur,6076416,1708032,3548160,88764416,0,19,5]
09-21 16:24:54.884  1857  1968 I am_pss  : [6176,10069,com.android.providers.calendar,5539840,1835008,2835456,91152384,0,19,5]
09-21 16:24:55.111  1857  1961 I wm_destroy_activity: [0,20796180,54,com.joeykrim.rootcheck/.MainActivity,finish-imm:idle]
09-21 16:24:55.148  8791  8791 I wm_on_stop_called: [20796180,com.joeykrim.rootcheck.MainActivity,LIFECYCLER_STOP_ACTIVITY]
09-21 16:24:55.159  8791  8791 I wm_on_destroy_called: [20796180,com.joeykrim.rootcheck.MainActivity,performDestroy]
09-21 16:24:55.172  1857  4803 I wm_task_removed: [54,removeChild:removeChild last r=ActivityRecord{13d5314 u0 com.joeykrim.rootcheck/.MainActivity} t-1 f}} in t=Task{5a7f0ac #54 type=standard A=10231:com.joeykrim.rootcheck U=0 visible=false visibleRequested=false mode=fullscreen translucent=true sz=0}]
09-21 16:24:55.172  1857  4803 I wm_task_removed: [54,removeChild]
09-21 16:24:55.925  1857  2270 I input_interaction: Interaction with: f5f4c44 com.google.android.apps.nexuslauncher/com.google.android.apps.nexuslauncher.NexusLauncherActivity (server), 5c5d85c com.breel.wallpapers19.doodle.wallpaper.variations.DoodleWallpaperV1 (server), PointerEventDispatcher0 (server), 
09-21 16:24:56.014  1857  2694 I wm_task_created: [55,-1]
09-21 16:24:56.018  1857  2694 I wm_task_moved: [55,1,3]
09-21 16:24:56.018  1857  2694 I wm_task_to_front: [0,55]
09-21 16:24:56.019  1857  2694 I wm_create_task: [0,55]
09-21 16:24:56.019  1857  2694 I wm_create_activity: [0,253197451,55,com.joeykrim.rootcheck/.MainActivity,android.intent.action.MAIN,NULL,NULL,270532608]
09-21 16:24:56.019  1857  2694 I wm_task_moved: [55,1,3]
09-21 16:24:56.020  1857  2694 I wm_pause_activity: [0,195481903,com.google.android.apps.nexuslauncher/.NexusLauncherActivity,userLeaving=true,pauseBackTasks]
09-21 16:24:56.026  2836  2836 I wm_on_top_resumed_lost_called: [195481903,com.google.android.apps.nexuslauncher.NexusLauncherActivity,topStateChangedWhenResumed]
09-21 16:24:56.027  2836  2836 I wm_on_paused_called: [195481903,com.google.android.apps.nexuslauncher.NexusLauncherActivity,performPause]
09-21 16:24:56.027  1857  4803 I wm_add_to_stopping: [0,195481903,com.google.android.apps.nexuslauncher/.NexusLauncherActivity,makeInvisible]
09-21 16:24:56.028  1857  4803 I wm_restart_activity: [0,253197451,55,com.joeykrim.rootcheck/.MainActivity]
09-21 16:24:56.029  1857  4803 I wm_set_resumed_activity: [0,com.joeykrim.rootcheck/.MainActivity,minimalResumeActivityLocked]
09-21 16:24:56.030  1857  1958 I sysui_multi_action: [757,803,799,window_time_0,802,1]
09-21 16:24:56.030  1857  1962 I input_focus: [Requesting to set focus to null window,reason=UpdateInputWindows]
09-21 16:24:56.046  1857  2270 I input_focus: [Focus leaving f5f4c44 com.google.android.apps.nexuslauncher/com.google.android.apps.nexuslauncher.NexusLauncherActivity (server),reason=NO_WINDOW]
09-21 16:24:56.076  8791  8791 I wm_on_create_called: [253197451,com.joeykrim.rootcheck.MainActivity,performCreate]
09-21 16:24:56.077  8791  8791 I wm_on_start_called: [253197451,com.joeykrim.rootcheck.MainActivity,handleStartActivity]
09-21 16:24:56.079  8791  8791 I wm_on_resume_called: [253197451,com.joeykrim.rootcheck.MainActivity,RESUME_ACTIVITY]
09-21 16:24:56.084  8791  8791 I wm_on_top_resumed_gained_called: [253197451,com.joeykrim.rootcheck.MainActivity,topStateChangedWhenResumed]
09-21 16:24:56.231  1857  1962 I input_focus: [Focus request a2d14f1 com.joeykrim.rootcheck/com.joeykrim.rootcheck.MainActivity,reason=UpdateInputWindows]
09-21 16:24:56.289  1857  1958 I sysui_multi_action: [319,34,321,30,322,269,325,104,757,761,758,8,759,1,806,com.joeykrim.rootcheck,871,com.joeykrim.rootcheck.MainActivity,904,com.google.android.apps.nexuslauncher,905,0,1320,4,1321,24]
09-21 16:24:56.290  1857  1958 I wm_activity_launch_time: [0,253197451,com.joeykrim.rootcheck/.MainActivity,269]
09-21 16:24:56.291  1857  2270 I input_focus: [Focus entering a2d14f1 com.joeykrim.rootcheck/com.joeykrim.rootcheck.MainActivity (server),reason=Window became focusable. Previous reason: NOT_VISIBLE]
09-21 16:24:56.573  1857  1961 I wm_stop_activity: [0,195481903,com.google.android.apps.nexuslauncher/.NexusLauncherActivity]
09-21 16:24:56.574  1857  1962 I wm_wallpaper_surface: [0,0]
09-21 16:24:56.594  2836  2836 I wm_on_stop_called: [195481903,com.google.android.apps.nexuslauncher.NexusLauncherActivity,STOP_ACTIVITY_ITEM]
09-21 16:24:57.225  1857  2270 I input_interaction: Interaction with: a2d14f1 com.joeykrim.rootcheck/com.joeykrim.rootcheck.MainActivity (server), PointerEventDispatcher0 (server), 
09-21 16:24:57.394  1857  1970 I am_proc_start: [0,9255,1000,com.android.settings,content provider,{com.android.settings/com.android.settings.slices.SettingsSliceProvider}]
09-21 16:24:57.408  1857  2335 I am_proc_bound: [0,9255,com.android.settings]
09-21 16:24:57.613  9255  9268 I sysui_multi_action: [757,1371,758,4,854,ambient_display_tap,1089,0]
09-21 16:24:57.643  9255  9267 I sysui_multi_action: [757,1371,758,4,854,ambient_display_notification,1089,0]
09-21 16:24:57.652  9255  9274 I sysui_multi_action: [757,1371,758,4,854,gesture_tap_toggle,1089,0]
09-21 16:24:57.657  9255  9274 I sysui_multi_action: [757,1371,758,4,854,screen_magnification_gestures_preference_screen,1089,0]
09-21 16:24:57.669  9255  9274 I sysui_multi_action: [757,1371,758,4,854,screen_magnification_navbar_preference_screen,1089,0]
09-21 16:24:57.676  9255  9274 I sysui_multi_action: [757,1371,758,4,854,gesture_double_twist,1089,0]
09-21 16:24:57.689  9255  9274 I sysui_multi_action: [757,1371,758,4,854,toggle_nfc,1089,0]
09-21 16:24:57.697  9255  9267 I sysui_multi_action: [757,1371,758,4,854,nfc_secure_settings,1089,0]
09-21 16:24:57.710  9255  9267 I sysui_multi_action: [757,1371,758,4,854,gesture_wake_screen,1089,0]
09-21 16:24:57.717  9255  9267 I sysui_multi_action: [757,1371,758,4,854,media_volume,1089,0]
09-21 16:24:57.727  9255  9267 I sysui_multi_action: [757,1371,758,4,854,call_volume,1089,0]
09-21 16:24:57.736  9255  9267 I sysui_multi_action: [757,1371,758,4,854,ring_volume,1089,0]
09-21 16:24:57.743  9255  9267 I sysui_multi_action: [757,1371,758,4,854,alarm_volume,1089,0]
09-21 16:24:57.753  9255  9267 I sysui_multi_action: [757,1371,758,4,854,gesture_assist_sensitivity,1089,0]
09-21 16:24:57.760  9255  9267 I sysui_multi_action: [757,1371,758,4,854,gesture_assist,1089,0]
09-21 16:24:57.771  9255  9267 I sysui_multi_action: [757,1371,758,4,854,gesture_assist_wake,1089,0]
09-21 16:24:57.778  9255  9267 I sysui_multi_action: [757,1371,758,4,854,gesture_assist_silence,1089,0]
09-21 16:24:57.783  9255  9267 I sysui_multi_action: [757,1371,758,4,854,gesture_skip,1089,0]
09-21 16:24:57.789  9255  9267 I sysui_multi_action: [757,1371,758,4,854,gesture_pick_up,1089,0]
09-21 16:24:57.795  9255  9267 I sysui_multi_action: [757,1371,758,4,854,os_firmware_version,1089,0]
09-21 16:24:57.798  9255  9267 I sysui_multi_action: [757,1371,758,4,854,smart_battery,1089,0]
09-21 16:24:57.805  9255  9267 I sysui_multi_action: [757,1371,758,4,854,gesture_tap_screen_input_summary,1089,0]
09-21 16:24:57.812  9255  9267 I sysui_multi_action: [757,1371,758,4,854,night_display_activated,1089,0]
09-21 16:24:57.819  9255  9267 I sysui_multi_action: [757,1371,758,4,854,night_display_temperature,1089,0]
09-21 16:24:57.826  9255  9267 I sysui_multi_action: [757,1371,758,4,854,gesture_double_tap_power,1089,0]
09-21 16:24:57.834  9255  9267 I sysui_multi_action: [757,1371,758,4,854,gesture_silence,1089,0]
09-21 16:24:57.841  9255  9267 I sysui_multi_action: [757,1371,758,4,854,auto_brightness,1089,0]
09-21 16:24:57.848  9255  9267 I sysui_multi_action: [757,1371,758,4,854,auto_rotate,1089,0]
09-21 16:24:57.858  9255  9267 I sysui_multi_action: [757,1371,758,4,854,gesture_tap,1089,0]
09-21 16:24:57.864  9255  9267 I sysui_multi_action: [757,1371,758,4,854,hardware_info_device_model,1089,0]
09-21 16:24:57.893  9255  9267 I sysui_multi_action: [757,1371,758,4,854,battery_saver,1089,0]
09-21 16:24:57.898  9255  9267 I sysui_multi_action: [757,1371,758,4,854,airplane_mode,1089,0]
09-21 16:24:57.922  9255  9274 I sysui_multi_action: [757,1371,758,4,854,toggle_nfc,1089,0]
09-21 16:24:57.930  9255  9267 I sysui_multi_action: [757,1371,758,4,854,nfc_secure_settings,1089,0]
09-21 16:24:57.936  9255  9267 I sysui_multi_action: [757,1371,758,4,854,gesture_wake_screen,1089,0]
09-21 16:24:57.942  9255  9267 I sysui_multi_action: [757,1371,758,4,854,media_volume,1089,0]
09-21 16:24:57.950  9255  9267 I sysui_multi_action: [757,1371,758,4,854,call_volume,1089,0]
09-21 16:24:57.954  9255  9274 I sysui_multi_action: [757,1371,758,4,854,alarm_volume,1089,0]
09-21 16:24:57.960  9255  9267 I sysui_multi_action: [757,1371,758,4,854,ring_volume,1089,0]
09-21 16:24:57.964  9255  9274 I sysui_multi_action: [757,1371,758,4,854,gesture_assist,1089,0]
09-21 16:24:57.973  9255  9267 I sysui_multi_action: [757,1371,758,4,854,gesture_assist_sensitivity,1089,0]
09-21 16:24:57.979  9255  9274 I sysui_multi_action: [757,1371,758,4,854,gesture_skip,1089,0]
09-21 16:24:57.985  9255  9267 I sysui_multi_action: [757,1371,758,4,854,gesture_assist_silence,1089,0]
09-21 16:24:57.991  9255  9274 I sysui_multi_action: [757,1371,758,4,854,gesture_assist_wake,1089,0]
09-21 16:24:57.996  9255  9267 I sysui_multi_action: [757,1371,758,4,854,gesture_pick_up,1089,0]
09-21 16:24:58.002  9255  9274 I sysui_multi_action: [757,1371,758,4,854,os_firmware_version,1089,0]
09-21 16:24:58.005  9255  9267 I sysui_multi_action: [757,1371,758,4,854,smart_battery,1089,0]
09-21 16:24:58.009  9255  9274 I sysui_multi_action: [757,1371,758,4,854,gesture_tap_screen_input_summary,1089,0]
09-21 16:24:58.014  9255  9267 I sysui_multi_action: [757,1371,758,4,854,night_display_temperature,1089,0]
09-21 16:24:58.017  9255  9274 I sysui_multi_action: [757,1371,758,4,854,night_display_activated,1089,0]
09-21 16:24:58.022  9255  9267 I sysui_multi_action: [757,1371,758,4,854,gesture_double_tap_power,1089,0]
09-21 16:24:58.029  9255  9267 I sysui_multi_action: [757,1371,758,4,854,gesture_silence,1089,0]
09-21 16:24:58.033  9255  9274 I sysui_multi_action: [757,1371,758,4,854,auto_brightness,1089,0]
09-21 16:24:58.039  9255  9274 I sysui_multi_action: [757,1371,758,4,854,auto_rotate,1089,0]
09-21 16:24:58.045  9255  9267 I sysui_multi_action: [757,1371,758,4,854,gesture_tap,1089,0]
09-21 16:24:58.050  9255  9267 I sysui_multi_action: [757,1371,758,4,854,alarm_volume,1089,0]
09-21 16:24:58.054  9255  9267 I sysui_multi_action: [757,1371,758,4,854,media_volume,1089,0]
09-21 16:24:58.062  9255  9267 I sysui_multi_action: [757,1371,758,4,854,call_volume,1089,0]
09-21 16:24:58.068  9255  9267 I sysui_multi_action: [757,1371,758,4,854,ring_volume,1089,0]
09-21 16:24:58.075  9255  9274 I sysui_multi_action: [757,1371,758,4,854,hardware_info_device_model,1089,0]
09-21 16:24:58.082  9255  9267 I sysui_multi_action: [757,1371,758,4,854,battery_saver,1089,0]
09-21 16:24:58.088  9255  9267 I sysui_multi_action: [757,1371,758,4,854,airplane_mode,1089,0]
09-21 16:24:59.174  1857  2270 I input_interaction: Interaction with: 411db7c NavigationBar0 (server), PointerEventDispatcher0 (server), 
09-21 16:24:59.178  2393  2393 I sysui_multi_action: [757,931,758,4,759,4,932,0,933,0]
09-21 16:24:59.182  1857  2270 I input_interaction: Interaction with: a2d14f1 com.joeykrim.rootcheck/com.joeykrim.rootcheck.MainActivity (server), PointerEventDispatcher0 (server), 
09-21 16:24:59.183  1857  2270 I input_interaction: Interaction with: 411db7c NavigationBar0 (server), PointerEventDispatcher0 (server), 
09-21 16:24:59.230  2393  2393 I sysui_multi_action: [757,931,758,4,759,4,932,0,933,1]
09-21 16:24:59.231  1857  1935 I sysui_multi_action: [757,803,799,key_back_press,802,1]
09-21 16:24:59.232  1857  1935 I wm_finish_activity: [0,253197451,55,com.joeykrim.rootcheck/.MainActivity,app-request]
09-21 16:24:59.232  1857  1935 I wm_task_moved: [1,1,3]
09-21 16:24:59.233  1857  1935 I wm_task_moved: [49,1,2147483647]
09-21 16:24:59.233  1857  1935 I wm_task_to_front: [0,49]
09-21 16:24:59.233  1857  1935 I wm_focused_root_task: [0,0,1,55,finish-top adjustFocusToNextFocusableTask]
09-21 16:24:59.233  1857  1935 I wm_set_resumed_activity: [0,com.google.android.apps.nexuslauncher/.NexusLauncherActivity,finish-top adjustFocusToNextFocusableTask]
09-21 16:24:59.242  1857  1935 I wm_pause_activity: [0,253197451,com.joeykrim.rootcheck/.MainActivity,userLeaving=false,finish]
09-21 16:24:59.245  1857  1962 I input_focus: [Requesting to set focus to null window,reason=UpdateInputWindows]
09-21 16:24:59.245  8791  8791 I wm_on_top_resumed_lost_called: [253197451,com.joeykrim.rootcheck.MainActivity,topStateChangedWhenResumed]
09-21 16:24:59.247  8791  8791 I wm_on_paused_called: [253197451,com.joeykrim.rootcheck.MainActivity,performPause]
09-21 16:24:59.248  1857  1935 I wm_add_to_stopping: [0,253197451,com.joeykrim.rootcheck/.MainActivity,completeFinishing]
09-21 16:24:59.248  1857  1935 I wm_set_resumed_activity: [0,com.google.android.apps.nexuslauncher/.NexusLauncherActivity,resumeTopActivity]
09-21 16:24:59.249  1857  1935 I wm_resume_activity: [0,195481903,49,com.google.android.apps.nexuslauncher/.NexusLauncherActivity]
09-21 16:24:59.250  1857  1958 I sysui_multi_action: [757,803,799,window_time_0,802,4]
09-21 16:24:59.250  2836  2836 I wm_on_restart_called: [195481903,com.google.android.apps.nexuslauncher.NexusLauncherActivity,performRestartActivity]
09-21 16:24:59.251  2836  2836 I wm_on_start_called: [195481903,com.google.android.apps.nexuslauncher.NexusLauncherActivity,handleStartActivity]
09-21 16:24:59.251  2836  2836 I wm_on_resume_called: [195481903,com.google.android.apps.nexuslauncher.NexusLauncherActivity,RESUME_ACTIVITY]
09-21 16:24:59.251  2836  2836 I wm_on_top_resumed_gained_called: [195481903,com.google.android.apps.nexuslauncher.NexusLauncherActivity,topWhenResuming]
09-21 16:24:59.256  1857  2270 I input_focus: [Focus leaving a2d14f1 com.joeykrim.rootcheck/com.joeykrim.rootcheck.MainActivity (server),reason=Waiting for window because NOT_FOCUSABLE]
09-21 16:24:59.260  1857  1962 I input_focus: [Focus request f5f4c44 com.google.android.apps.nexuslauncher/com.google.android.apps.nexuslauncher.NexusLauncherActivity,reason=UpdateInputWindows]
09-21 16:24:59.267  1857  1962 I wm_wallpaper_surface: [0,1]
09-21 16:24:59.273  1109  1109 I auditd  : type=1400 audit(0.0:113): avc: denied { read write } for comm="sensors@2.0-ser" name="diag" dev="tmpfs" ino=24152 scontext=u:r:hal_sensors_default:s0 tcontext=u:object_r:diag_device:s0 tclass=chr_file permissive=0
09-21 16:24:59.273  1109  1109 I auditd  : type=1400 audit(0.0:114): avc: denied { read write } for comm="sensors@2.0-ser" name="diag" dev="tmpfs" ino=24152 scontext=u:r:hal_sensors_default:s0 tcontext=u:object_r:diag_device:s0 tclass=chr_file permissive=0
09-21 16:24:59.301  1857  1968 I am_pss  : [3112,10060,android.process.acore,10849280,4702208,4926464,100126720,0,19,8]
09-21 16:24:59.301  1857  2270 I input_focus: [Focus entering f5f4c44 com.google.android.apps.nexuslauncher/com.google.android.apps.nexuslauncher.NexusLauncherActivity (server),reason=Window became focusable. Previous reason: NOT_VISIBLE]
09-21 16:24:59.595  1857  1961 I wm_destroy_activity: [0,253197451,55,com.joeykrim.rootcheck/.MainActivity,finish-imm:idle]
09-21 16:24:59.633  8791  8791 I wm_on_stop_called: [253197451,com.joeykrim.rootcheck.MainActivity,LIFECYCLER_STOP_ACTIVITY]
09-21 16:24:59.649  8791  8791 I wm_on_destroy_called: [253197451,com.joeykrim.rootcheck.MainActivity,performDestroy]
09-21 16:24:59.658  1857  4803 I wm_task_removed: [55,removeChild:removeChild last r=ActivityRecord{f177c8b u0 com.joeykrim.rootcheck/.MainActivity} t-1 f}} in t=Task{8962580 #55 type=standard A=10231:com.joeykrim.rootcheck U=0 visible=false visibleRequested=false mode=fullscreen translucent=true sz=0}]
09-21 16:24:59.658  1857  4803 I wm_task_removed: [55,removeChild]
09-21 16:24:59.829  1857  2216 I am_compact: [8940,com.google.android.webview:sandboxed_process0:org.chromium.content.app.SandboxedProcessService0:0,all,138368,81028,55620,2196,-23428,0,-23428,23428,228,0,0,905,17,1754108,-23552]
09-21 16:24:59.862  1857  1969 I am_uid_idle: 10147
09-21 16:25:00.315  1857  1969 I am_uid_idle: 10164
09-21 16:25:00.339  1857  1969 I am_uid_idle: 10091
09-21 16:25:00.344  1857  2270 I input_interaction: Interaction with: f5f4c44 com.google.android.apps.nexuslauncher/com.google.android.apps.nexuslauncher.NexusLauncherActivity (server), 5c5d85c com.breel.wallpapers19.doodle.wallpaper.variations.DoodleWallpaperV1 (server), PointerEventDispatcher0 (server), 
09-21 16:25:00.780  2836  2836 I sysui_multi_action: [757,629,758,4,759,0]
09-21 16:25:01.555  1857  1969 I am_uid_idle: 10121
09-21 16:25:01.729  1857  1969 I am_uid_idle: 10106
09-21 16:25:01.881  1857  1969 I am_uid_idle: 10105
09-21 16:25:01.891  1857  1969 I am_uid_idle: 10073
09-21 16:25:02.081  1857  1969 I am_uid_idle: 10116
09-21 16:25:02.174  1857  1969 I am_uid_idle: 10069
09-21 16:25:02.309  1857  1969 I am_uid_idle: 10118
09-21 16:25:02.371  1857  2216 I am_compact: [3477,com.google.process.gservices,file,91756,46116,44740,3228,0,0,0,0,7,1,94885,700,5,1731836,0]
09-21 16:25:02.380  1857  1969 I am_uid_idle: 10061
09-21 16:25:02.442  1857  1969 I am_uid_idle: 2000
09-21 16:25:02.590  1857  1969 I am_uid_idle: 10185
09-21 16:25:02.595  1857  1969 I am_uid_idle: 10096
09-21 16:25:03.016  1857  8731 I wm_task_created: [56,-1]
09-21 16:25:03.019  1857  8731 I wm_task_moved: [56,1,3]
09-21 16:25:03.019  1857  8731 I wm_task_to_front: [0,56]
09-21 16:25:03.020  1857  8731 I wm_create_task: [0,56]
09-21 16:25:03.020  1857  8731 I wm_create_activity: [0,107604800,56,com.joeykrim.rootcheck/.MainActivity,android.intent.action.MAIN,NULL,NULL,270532608]
09-21 16:25:03.020  1857  8731 I wm_task_moved: [56,1,3]
09-21 16:25:03.021  1857  8731 I wm_pause_activity: [0,195481903,com.google.android.apps.nexuslauncher/.NexusLauncherActivity,userLeaving=true,pauseBackTasks]
09-21 16:25:03.025  2836  2836 I wm_on_top_resumed_lost_called: [195481903,com.google.android.apps.nexuslauncher.NexusLauncherActivity,topStateChangedWhenResumed]
09-21 16:25:03.027  2836  2836 I wm_on_paused_called: [195481903,com.google.android.apps.nexuslauncher.NexusLauncherActivity,performPause]
09-21 16:25:03.027  1857  2335 I wm_add_to_stopping: [0,195481903,com.google.android.apps.nexuslauncher/.NexusLauncherActivity,makeInvisible]
09-21 16:25:03.028  1857  2335 I wm_restart_activity: [0,107604800,56,com.joeykrim.rootcheck/.MainActivity]
09-21 16:25:03.028  1857  2335 I wm_set_resumed_activity: [0,com.joeykrim.rootcheck/.MainActivity,minimalResumeActivityLocked]
09-21 16:25:03.029  1857  1958 I sysui_multi_action: [757,803,799,window_time_0,802,3]
09-21 16:25:03.033  1857  1962 I input_focus: [Requesting to set focus to null window,reason=UpdateInputWindows]
09-21 16:25:03.049  1857  1968 I am_pss  : [9041,10232,com.topjohnwu.magisk,7988224,5652480,27648,99590144,0,19,7]
09-21 16:25:03.054  1857  2270 I input_focus: [Focus leaving f5f4c44 com.google.android.apps.nexuslauncher/com.google.android.apps.nexuslauncher.NexusLauncherActivity (server),reason=Waiting for window because NOT_FOCUSABLE]
09-21 16:25:03.062  1857  1968 I am_pss  : [4168,10138,com.google.android.as.oss,13861888,12701696,28672,105943040,0,19,6]
09-21 16:25:03.064  8791  8791 I wm_on_create_called: [107604800,com.joeykrim.rootcheck.MainActivity,performCreate]
09-21 16:25:03.065  8791  8791 I wm_on_start_called: [107604800,com.joeykrim.rootcheck.MainActivity,handleStartActivity]
09-21 16:25:03.066  8791  8791 I wm_on_resume_called: [107604800,com.joeykrim.rootcheck.MainActivity,RESUME_ACTIVITY]
09-21 16:25:03.076  8791  8791 I wm_on_top_resumed_gained_called: [107604800,com.joeykrim.rootcheck.MainActivity,topStateChangedWhenResumed]
09-21 16:25:03.160  1857  1962 I input_focus: [Focus request 8b745a5 com.joeykrim.rootcheck/com.joeykrim.rootcheck.MainActivity,reason=UpdateInputWindows]
09-21 16:25:03.220  1857  2270 I input_focus: [Focus entering 8b745a5 com.joeykrim.rootcheck/com.joeykrim.rootcheck.MainActivity (server),reason=Window became focusable. Previous reason: NOT_VISIBLE]
09-21 16:25:03.223  1857  1958 I sysui_multi_action: [319,36,321,31,322,199,325,111,757,761,758,8,759,1,806,com.joeykrim.rootcheck,871,com.joeykrim.rootcheck.MainActivity,904,com.google.android.apps.nexuslauncher,905,0,1320,4,1321,24]
09-21 16:25:03.223  1857  1958 I wm_activity_launch_time: [0,107604800,com.joeykrim.rootcheck/.MainActivity,199]
09-21 16:25:03.359  1857  2270 I input_interaction: Interaction with: 8b745a5 com.joeykrim.rootcheck/com.joeykrim.rootcheck.MainActivity (server), PointerEventDispatcher0 (server), 
09-21 16:25:03.581  1857  1961 I wm_stop_activity: [0,195481903,com.google.android.apps.nexuslauncher/.NexusLauncherActivity]
09-21 16:25:03.585  1857  1962 I wm_wallpaper_surface: [0,0]
09-21 16:25:03.596  2836  2836 I wm_on_stop_called: [195481903,com.google.android.apps.nexuslauncher.NexusLauncherActivity,STOP_ACTIVITY_ITEM]
09-21 16:25:03.598  1857  1969 I am_uid_idle: 10189
09-21 16:25:04.105  1857  2216 I am_compact: [9255,com.android.settings,file,123696,75032,47704,3164,0,0,0,0,7,0,0,700,15,1730556,0]
09-21 16:25:04.119  1857  1969 I am_uid_idle: 10132
09-21 16:25:04.299  1857  2270 I input_interaction: Interaction with: 411db7c NavigationBar0 (server), PointerEventDispatcher0 (server), 
09-21 16:25:04.545  1857  1969 I am_uid_idle: 10103
09-21 16:25:05.255  1857  2270 I input_interaction: Interaction with: 8b745a5 com.joeykrim.rootcheck/com.joeykrim.rootcheck.MainActivity (server), PointerEventDispatcher0 (server), 
09-21 16:25:05.344  1857  1962 I input_focus: [Focus request fe5a56 PopupWindow:d6dd6e3,reason=UpdateInputWindows]
09-21 16:25:05.363  1857  2270 I input_focus: [Focus leaving 8b745a5 com.joeykrim.rootcheck/com.joeykrim.rootcheck.MainActivity (server),reason=Waiting for window because NO_WINDOW]
09-21 16:25:05.364  1857  2270 I input_focus: [Focus entering fe5a56 PopupWindow:d6dd6e3 (server),reason=Window became focusable. Previous reason: NO_WINDOW]
09-21 16:25:06.378  1857  2270 I input_interaction: Interaction with: fe5a56 PopupWindow:d6dd6e3 (server), PointerEventDispatcher0 (server), 
09-21 16:25:06.392  1857  1962 I input_focus: [Focus request 8b745a5 com.joeykrim.rootcheck/com.joeykrim.rootcheck.MainActivity,reason=UpdateInputWindows]
09-21 16:25:06.419  1857  2270 I input_focus: [Focus leaving fe5a56 PopupWindow:d6dd6e3 (server),reason=setFocusedWindow]
09-21 16:25:06.419  1857  2270 I input_focus: [Focus entering 8b745a5 com.joeykrim.rootcheck/com.joeykrim.rootcheck.MainActivity (server),reason=setFocusedWindow]
09-21 16:25:06.608  1857  1968 I am_pss  : [3013,10148,com.google.android.euicc,10422272,9011200,28672,105746432,0,19,10]
09-21 16:25:07.148  1857  1969 I am_uid_idle: 10184
09-21 16:25:07.269  1857  2270 I input_interaction: Interaction with: 411db7c NavigationBar0 (server), PointerEventDispatcher0 (server), 
09-21 16:25:07.270  2393  2393 I sysui_multi_action: [757,931,758,4,759,4,932,0,933,0]
09-21 16:25:07.273  1857  2270 I input_interaction: Interaction with: 8b745a5 com.joeykrim.rootcheck/com.joeykrim.rootcheck.MainActivity (server), PointerEventDispatcher0 (server), 
09-21 16:25:07.279  1857  2270 I input_interaction: Interaction with: 411db7c NavigationBar0 (server), PointerEventDispatcher0 (server), 
