09-21 16:23:27.652  2692  2692 D TelephonyNetworkFactory[0]: got request NetworkRequest [ REQUEST id=60, [ Capabilities: INTERNET&NOT_RESTRICTED&TRUSTED&NOT_VCN_MANAGED Uid: 10163 RequestorUid: 10163 RequestorPkg: com.google.android.apps.youtube.music UnderlyingNetworks: Null] ]
09-21 16:23:27.652  2692  2692 D TelephonyNetworkFactory[0]: onNeedNetworkFor [NetworkRequest [ REQUEST id=60, [ Capabilities: INTERNET&NOT_RESTRICTED&TRUSTED&NOT_VCN_MANAGED Uid: 10163 RequestorUid: 10163 RequestorPkg: com.google.android.apps.youtube.music UnderlyingNetworks: Null] ], mPriority=0, state=UNSATISFIED, mAttachedDataNetwork=null, isMetered=false, created time=16:23:27.652, evaluation result=null] shouldApply false
09-21 16:23:27.686  2692  2692 D RILJ    : [0107]> GET_CELL_INFO_LIST [PHONE0]
09-21 16:23:27.692  2692  2838 D RILJ    : [0107]< GET_CELL_INFO_LIST [CellInfoGsm:{mRegistered=NO mTimeStamp=16580349462ns mCellConnectionStatus=0 CellIdentityGsm:{ mLac=51051 mCid=62081 mArfcn=686 mBsic=0x2 mMcc=310 mMnc=260 mAlphaLong=T-Mobile mAlphaShort=T-Mobile mAdditionalPlmns={}} CellSignalStrengthGsm: rssi=-81 ber=2147483647 mTa=0 mLevel=4}] [PHONE0]
09-21 16:23:27.693  2692  2692 D LocaleTracker-0: processCellInfo: cell info=[CellInfoGsm:{mRegistered=NO mTimeStamp=16580349462ns mCellConnectionStatus=0 CellIdentityGsm:{ mLac=51051 mCid=62081 mArfcn=686 mBsic=0x2 mMcc=310 mMnc=260 mAlphaLong=T-Mobile mAlphaShort=T-Mobile mAdditionalPlmns={}} CellSignalStrengthGsm: rssi=-81 ber=2147483647 mTa=0 mLevel=4}]
09-21 16:23:27.693  2692  2692 D LocaleTracker-0: updateLocale: countryIso = us, countryIsoDebugInfo = OperatorNumeric(310260): MccTable.countryCodeForMcc("310")
09-21 16:23:27.693  2692  2692 D LocaleTracker-0: updateLocale: timeZoneCountryIso = us, timeZoneCountryIsoDebugInfo = OperatorNumeric: MccTable.geoCountryCodeForMccMnc(MccMnc{mcc='310', mnc='260'})
09-21 16:23:27.693  2692  2692 D NitzStateMachineImpl: handleCountryDetected: countryIsoCode=us, mLatestNitzSignal=null
09-21 16:23:27.883  2692  2692 D TelephonyNetworkFactory[0]: got request NetworkRequest [ REQUEST id=62, [ Capabilities: INTERNET&NOT_RESTRICTED&TRUSTED&NOT_VCN_MANAGED Uid: 10163 RequestorUid: 10163 RequestorPkg: com.google.android.apps.youtube.music UnderlyingNetworks: Null] ]
09-21 16:23:27.883  2692  2692 D TelephonyNetworkFactory[0]: onNeedNetworkFor [NetworkRequest [ REQUEST id=62, [ Capabilities: INTERNET&NOT_RESTRICTED&TRUSTED&NOT_VCN_MANAGED Uid: 10163 RequestorUid: 10163 RequestorPkg: com.google.android.apps.youtube.music UnderlyingNetworks: Null] ], mPriority=0, state=UNSATISFIED, mAttachedDataNetwork=null, isMetered=false, created time=16:23:27.883, evaluation result=null] shouldApply false
09-21 16:23:27.954  2692  2692 D TelephonyNetworkFactory[0]: got request NetworkRequest [ REQUEST id=65, [ Capabilities: INTERNET&NOT_RESTRICTED&TRUSTED&NOT_VCN_MANAGED Uid: 10115 RequestorUid: 10115 RequestorPkg: com.google.android.gms UnderlyingNetworks: Null] ]
09-21 16:23:27.955  2692  2692 D TelephonyNetworkFactory[0]: onNeedNetworkFor [NetworkRequest [ REQUEST id=65, [ Capabilities: INTERNET&NOT_RESTRICTED&TRUSTED&NOT_VCN_MANAGED Uid: 10115 RequestorUid: 10115 RequestorPkg: com.google.android.gms UnderlyingNetworks: Null] ], mPriority=0, state=UNSATISFIED, mAttachedDataNetwork=null, isMetered=false, created time=16:23:27.954, evaluation result=null] shouldApply false
09-21 16:23:27.989  2692  2692 D TelephonyNetworkFactory[0]: got request NetworkRequest [ REQUEST id=67, [ Capabilities: INTERNET&NOT_RESTRICTED&TRUSTED&NOT_VCN_MANAGED Uid: 10190 RequestorUid: 10190 RequestorPkg: com.google.android.youtube UnderlyingNetworks: Null] ]
09-21 16:23:27.989  2692  2692 D TelephonyNetworkFactory[0]: onNeedNetworkFor [NetworkRequest [ REQUEST id=67, [ Capabilities: INTERNET&NOT_RESTRICTED&TRUSTED&NOT_VCN_MANAGED Uid: 10190 RequestorUid: 10190 RequestorPkg: com.google.android.youtube UnderlyingNetworks: Null] ], mPriority=0, state=UNSATISFIED, mAttachedDataNetwork=null, isMetered=false, created time=16:23:27.989, evaluation result=null] shouldApply false
09-21 16:23:28.018  2692  2692 D RILJ    : [0108]> GET_ACTIVITY_INFO [PHONE0]
09-21 16:23:28.020  2692  2838 D RILJ    : [0108]< GET_ACTIVITY_INFO ModemActivityInfo{ mTimestamp=0 mSleepTimeMs=0 mIdleTimeMs=0 mActivityStatsTechSpecificInfo=[{mRat=UNKNOWN,mFrequencyRange=UNKNOWN,mTxTimeMs[]=[0, 0, 0, 0, 0],mRxTimeMs=0}]} [PHONE0]
09-21 16:23:28.173  2692  2692 D TelephonyNetworkFactory[0]: got request NetworkRequest [ REQUEST id=70, [ Capabilities: INTERNET&NOT_RESTRICTED&TRUSTED&NOT_VCN_MANAGED Uid: 10190 RequestorUid: 10190 RequestorPkg: com.google.android.youtube UnderlyingNetworks: Null] ]
09-21 16:23:28.173  2692  2692 D TelephonyNetworkFactory[0]: onNeedNetworkFor [NetworkRequest [ REQUEST id=70, [ Capabilities: INTERNET&NOT_RESTRICTED&TRUSTED&NOT_VCN_MANAGED Uid: 10190 RequestorUid: 10190 RequestorPkg: com.google.android.youtube UnderlyingNetworks: Null] ], mPriority=0, state=UNSATISFIED, mAttachedDataNetwork=null, isMetered=false, created time=16:23:28.173, evaluation result=null] shouldApply false
09-21 16:23:28.749  2692  2692 D TelephonyNetworkFactory[0]: got request NetworkRequest [ REQUEST id=72, [ Capabilities: INTERNET&NOT_RESTRICTED&TRUSTED&NOT_VCN_MANAGED Uid: 10163 RequestorUid: 1000 RequestorPkg: android UnderlyingNetworks: Null] ]
09-21 16:23:28.750  2692  2692 D TelephonyNetworkFactory[0]: onNeedNetworkFor [NetworkRequest [ REQUEST id=72, [ Capabilities: INTERNET&NOT_RESTRICTED&TRUSTED&NOT_VCN_MANAGED Uid: 10163 RequestorUid: 1000 RequestorPkg: android UnderlyingNetworks: Null] ], mPriority=0, state=UNSATISFIED, mAttachedDataNetwork=null, isMetered=false, created time=16:23:28.749, evaluation result=null] shouldApply false
09-21 16:23:29.111  2692  2692 D TelephonyNetworkFactory[0]: got request NetworkRequest [ REQUEST id=74, [ Capabilities: INTERNET&NOT_RESTRICTED&TRUSTED&NOT_VCN_MANAGED Uid: 10190 RequestorUid: 10190 RequestorPkg: com.google.android.youtube UnderlyingNetworks: Null] ]
09-21 16:23:29.112  2692  2692 D TelephonyNetworkFactory[0]: onNeedNetworkFor [NetworkRequest [ REQUEST id=74, [ Capabilities: INTERNET&NOT_RESTRICTED&TRUSTED&NOT_VCN_MANAGED Uid: 10190 RequestorUid: 10190 RequestorPkg: com.google.android.youtube UnderlyingNetworks: Null] ], mPriority=0, state=UNSATISFIED, mAttachedDataNetwork=null, isMetered=false, created time=16:23:29.111, evaluation result=null] shouldApply false
09-21 16:23:29.129  2692  2692 D TelephonyNetworkFactory[0]: got request NetworkRequest [ REQUEST id=76, [ Capabilities: INTERNET&NOT_RESTRICTED&TRUSTED&NOT_VCN_MANAGED Uid: 10146 RequestorUid: 10146 RequestorPkg: com.google.android.googlequicksearchbox UnderlyingNetworks: Null] ]
09-21 16:23:29.130  2692  2692 D TelephonyNetworkFactory[0]: onNeedNetworkFor [NetworkRequest [ REQUEST id=76, [ Capabilities: INTERNET&NOT_RESTRICTED&TRUSTED&NOT_VCN_MANAGED Uid: 10146 RequestorUid: 10146 RequestorPkg: com.google.android.googlequicksearchbox UnderlyingNetworks: Null] ], mPriority=0, state=UNSATISFIED, mAttachedDataNetwork=null, isMetered=false, created time=16:23:29.130, evaluation result=null] shouldApply false
09-21 16:23:29.154  2692  3186 D IccSmsInterfaceManager: Cell broadcast ranges reset.
09-21 16:23:29.158  2692  3186 D IccSmsInterfaceManager: Calling setGsmBroadcastConfig with 1 configurations
09-21 16:23:29.161  2692  3186 D RILJ    : [0109]> GSM_SET_BROADCAST_CONFIG with 1 configs :  [PHONE0]
09-21 16:23:29.161  2692  3186 D RILJ    : SmsBroadcastConfigInfo: Id [4370,4370] Code [0,255] ENABLED [PHONE0]
09-21 16:23:29.162  2692  2838 D RILJ    : [0109]< GSM_SET_BROADCAST_CONFIG error 46 [PHONE0]
09-21 16:23:29.162  2692  2838 D RilRequest: [0109]< GSM_SET_BROADCAST_CONFIG error: com.android.internal.telephony.CommandException: INVALID_MODEM_STATE ret= result={ when=-18s50ms what=4 obj=com.android.internal.telephony.IccSmsInterfaceManager$Request@e51ca5b target=com.android.internal.telephony.IccSmsInterfaceManager$1 }
09-21 16:23:29.163  2692  3186 D IccSmsInterfaceManager: Failed to add GSM cell broadcast channels range 4370 to 4370
09-21 16:23:29.164  3197  4357 D SmsManager: enableCellBroadcastRange: failed at calling enableCellBroadcastRangeForSubscriber. subId = -1
09-21 16:23:29.173  2692  3186 D IccSmsInterfaceManager: Calling setCdmaBroadcastConfig with 1 configurations
09-21 16:23:29.175  2692  2692 D TelephonyNetworkFactory[0]: got request NetworkRequest [ REQUEST id=78, [ Capabilities: INTERNET&NOT_RESTRICTED&TRUSTED&NOT_VCN_MANAGED Uid: 10111 RequestorUid: 10111 RequestorPkg: com.google.android.ims UnderlyingNetworks: Null] ]
09-21 16:23:29.176  2692  2692 D TelephonyNetworkFactory[0]: onNeedNetworkFor [NetworkRequest [ REQUEST id=78, [ Capabilities: INTERNET&NOT_RESTRICTED&TRUSTED&NOT_VCN_MANAGED Uid: 10111 RequestorUid: 10111 RequestorPkg: com.google.android.ims UnderlyingNetworks: Null] ], mPriority=0, state=UNSATISFIED, mAttachedDataNetwork=null, isMetered=false, created time=16:23:29.175, evaluation result=null] shouldApply false
09-21 16:23:29.183  2692  3186 D RILJ    : [0110]> CDMA_SET_BROADCAST_CONFIG with 1 configs :  [PHONE0]
09-21 16:23:29.183  2692  3186 D RILJ    : CdmaSmsBroadcastConfigInfo: Id [4096, 4096] ENABLED [PHONE0]
09-21 16:23:29.188  2692  2838 D RILJ    : [0110]< CDMA_SET_BROADCAST_CONFIG error 6 [PHONE0]
09-21 16:23:29.188  2692  2838 D RilRequest: [0110]< CDMA_SET_BROADCAST_CONFIG error: com.android.internal.telephony.CommandException: REQUEST_NOT_SUPPORTED ret= result={ when=-18s76ms what=4 obj=com.android.internal.telephony.IccSmsInterfaceManager$Request@1dd12f8 target=com.android.internal.telephony.IccSmsInterfaceManager$1 }
09-21 16:23:29.188  2692  3186 D IccSmsInterfaceManager: Failed to add cdma broadcast channels range 4096 to 4096
09-21 16:23:29.191  3197  4357 D SmsManager: enableCellBroadcastRange: failed at calling enableCellBroadcastRangeForSubscriber. subId = -1
09-21 16:23:29.192  2692  3186 D IccSmsInterfaceManager: Calling setGsmBroadcastConfig with 1 configurations
09-21 16:23:29.199  2692  3186 D RILJ    : [0111]> GSM_SET_BROADCAST_CONFIG with 1 configs :  [PHONE0]
09-21 16:23:29.199  2692  3186 D RILJ    : SmsBroadcastConfigInfo: Id [4383,4383] Code [0,255] ENABLED [PHONE0]
09-21 16:23:29.201  2692  2838 D RILJ    : [0111]< GSM_SET_BROADCAST_CONFIG error 46 [PHONE0]
09-21 16:23:29.201  2692  2838 D RilRequest: [0111]< GSM_SET_BROADCAST_CONFIG error: com.android.internal.telephony.CommandException: INVALID_MODEM_STATE ret= result={ when=-18s89ms what=4 obj=com.android.internal.telephony.IccSmsInterfaceManager$Request@ab8d3d1 target=com.android.internal.telephony.IccSmsInterfaceManager$1 }
09-21 16:23:29.201  2692  3186 D IccSmsInterfaceManager: Failed to add GSM cell broadcast channels range 4383 to 4383
09-21 16:23:29.203  3197  4357 D SmsManager: enableCellBroadcastRange: failed at calling enableCellBroadcastRangeForSubscriber. subId = -1
09-21 16:23:29.206  2692  3186 D IccSmsInterfaceManager: Calling setGsmBroadcastConfig with 1 configurations
09-21 16:23:29.207  2692  3186 D RILJ    : [0112]> GSM_SET_BROADCAST_CONFIG with 1 configs :  [PHONE0]
09-21 16:23:29.207  2692  3186 D RILJ    : SmsBroadcastConfigInfo: Id [4371,4372] Code [0,255] ENABLED [PHONE0]
09-21 16:23:29.211  2692  2838 D RILJ    : [0112]< GSM_SET_BROADCAST_CONFIG error 46 [PHONE0]
09-21 16:23:29.211  2692  2838 D RilRequest: [0112]< GSM_SET_BROADCAST_CONFIG error: com.android.internal.telephony.CommandException: INVALID_MODEM_STATE ret= result={ when=-18s99ms what=4 obj=com.android.internal.telephony.IccSmsInterfaceManager$Request@5e20e36 target=com.android.internal.telephony.IccSmsInterfaceManager$1 }
09-21 16:23:29.211  2692  3186 D IccSmsInterfaceManager: Failed to add GSM cell broadcast channels range 4371 to 4372
09-21 16:23:29.211  3197  4357 D SmsManager: enableCellBroadcastRange: failed at calling enableCellBroadcastRangeForSubscriber. subId = -1
09-21 16:23:29.213  2692  3186 D IccSmsInterfaceManager: Calling setCdmaBroadcastConfig with 1 configurations
09-21 16:23:29.215  2692  3186 D RILJ    : [0113]> CDMA_SET_BROADCAST_CONFIG with 1 configs :  [PHONE0]
09-21 16:23:29.215  2692  3186 D RILJ    : CdmaSmsBroadcastConfigInfo: Id [4097, 4097] ENABLED [PHONE0]
09-21 16:23:29.217  2692  2838 D RILJ    : [0113]< CDMA_SET_BROADCAST_CONFIG error 6 [PHONE0]
09-21 16:23:29.217  2692  2838 D RilRequest: [0113]< CDMA_SET_BROADCAST_CONFIG error: com.android.internal.telephony.CommandException: REQUEST_NOT_SUPPORTED ret= result={ when=-18s105ms what=4 obj=com.android.internal.telephony.IccSmsInterfaceManager$Request@558b137 target=com.android.internal.telephony.IccSmsInterfaceManager$1 }
09-21 16:23:29.217  2692  3186 D IccSmsInterfaceManager: Failed to add cdma broadcast channels range 4097 to 4097
09-21 16:23:29.217  3197  4357 D SmsManager: enableCellBroadcastRange: failed at calling enableCellBroadcastRangeForSubscriber. subId = -1
09-21 16:23:29.218  2692  3049 D IccSmsInterfaceManager: Calling setGsmBroadcastConfig with 1 configurations
09-21 16:23:29.230  2692  3049 D RILJ    : [0114]> GSM_SET_BROADCAST_CONFIG with 1 configs :  [PHONE0]
09-21 16:23:29.230  2692  3049 D RILJ    : SmsBroadcastConfigInfo: Id [4384,4385] Code [0,255] ENABLED [PHONE0]
09-21 16:23:29.231  2692  2692 D TelephonyNetworkFactory[0]: got request NetworkRequest [ REQUEST id=80, [ Capabilities: INTERNET&NOT_RESTRICTED&TRUSTED&NOT_VCN_MANAGED Uid: 10111 RequestorUid: 1000 RequestorPkg: android UnderlyingNetworks: Null] ]
09-21 16:23:29.231  2692  2692 D TelephonyNetworkFactory[0]: onNeedNetworkFor [NetworkRequest [ REQUEST id=80, [ Capabilities: INTERNET&NOT_RESTRICTED&TRUSTED&NOT_VCN_MANAGED Uid: 10111 RequestorUid: 1000 RequestorPkg: android UnderlyingNetworks: Null] ], mPriority=0, state=UNSATISFIED, mAttachedDataNetwork=null, isMetered=false, created time=16:23:29.231, evaluation result=null] shouldApply false
09-21 16:23:29.232  2692  2838 D RILJ    : [0114]< GSM_SET_BROADCAST_CONFIG error 46 [PHONE0]
09-21 16:23:29.232  2692  2838 D RilRequest: [0114]< GSM_SET_BROADCAST_CONFIG error: com.android.internal.telephony.CommandException: INVALID_MODEM_STATE ret= result={ when=-18s120ms what=4 obj=com.android.internal.telephony.IccSmsInterfaceManager$Request@44c66a4 target=com.android.internal.telephony.IccSmsInterfaceManager$1 }
09-21 16:23:29.233  2692  3049 D IccSmsInterfaceManager: Failed to add GSM cell broadcast channels range 4384 to 4385
09-21 16:23:29.233  3197  4357 D SmsManager: enableCellBroadcastRange: failed at calling enableCellBroadcastRangeForSubscriber. subId = -1
09-21 16:23:29.235  2692  3049 D IccSmsInterfaceManager: Calling setGsmBroadcastConfig with 1 configurations
09-21 16:23:29.237  2692  3049 D RILJ    : [0115]> GSM_SET_BROADCAST_CONFIG with 1 configs :  [PHONE0]
09-21 16:23:29.237  2692  3049 D RILJ    : SmsBroadcastConfigInfo: Id [4373,4378] Code [0,255] ENABLED [PHONE0]
09-21 16:23:29.239  2692  2838 D RILJ    : [0115]< GSM_SET_BROADCAST_CONFIG error 46 [PHONE0]
09-21 16:23:29.239  2692  2838 D RilRequest: [0115]< GSM_SET_BROADCAST_CONFIG error: com.android.internal.telephony.CommandException: INVALID_MODEM_STATE ret= result={ when=-18s127ms what=4 obj=com.android.internal.telephony.IccSmsInterfaceManager$Request@2a5dc0d target=com.android.internal.telephony.IccSmsInterfaceManager$1 }
09-21 16:23:29.240  2692  3049 D IccSmsInterfaceManager: Failed to add GSM cell broadcast channels range 4373 to 4378
09-21 16:23:29.240  3197  4357 D SmsManager: enableCellBroadcastRange: failed at calling enableCellBroadcastRangeForSubscriber. subId = -1
09-21 16:23:29.241  2692  2972 D IccSmsInterfaceManager: Calling setCdmaBroadcastConfig with 1 configurations
09-21 16:23:29.243  2692  2972 D RILJ    : [0116]> CDMA_SET_BROADCAST_CONFIG with 1 configs :  [PHONE0]
09-21 16:23:29.243  2692  2972 D RILJ    : CdmaSmsBroadcastConfigInfo: Id [4098, 4098] ENABLED [PHONE0]
09-21 16:23:29.244  2692  2838 D RILJ    : [0116]< CDMA_SET_BROADCAST_CONFIG error 6 [PHONE0]
09-21 16:23:29.244  2692  2838 D RilRequest: [0116]< CDMA_SET_BROADCAST_CONFIG error: com.android.internal.telephony.CommandException: REQUEST_NOT_SUPPORTED ret= result={ when=-18s132ms what=4 obj=com.android.internal.telephony.IccSmsInterfaceManager$Request@8b8d7c2 target=com.android.internal.telephony.IccSmsInterfaceManager$1 }
09-21 16:23:29.244  2692  2972 D IccSmsInterfaceManager: Failed to add cdma broadcast channels range 4098 to 4098
09-21 16:23:29.245  3197  4357 D SmsManager: enableCellBroadcastRange: failed at calling enableCellBroadcastRangeForSubscriber. subId = -1
09-21 16:23:29.246  2692  2972 D IccSmsInterfaceManager: Calling setGsmBroadcastConfig with 1 configurations
09-21 16:23:29.247  2692  2972 D RILJ    : [0117]> GSM_SET_BROADCAST_CONFIG with 1 configs :  [PHONE0]
09-21 16:23:29.247  2692  2972 D RILJ    : SmsBroadcastConfigInfo: Id [4386,4391] Code [0,255] ENABLED [PHONE0]
09-21 16:23:29.248  2692  2838 D RILJ    : [0117]< GSM_SET_BROADCAST_CONFIG error 46 [PHONE0]
09-21 16:23:29.249  2692  2838 D RilRequest: [0117]< GSM_SET_BROADCAST_CONFIG error: com.android.internal.telephony.CommandException: INVALID_MODEM_STATE ret= result={ when=-18s137ms what=4 obj=com.android.internal.telephony.IccSmsInterfaceManager$Request@a7d29d3 target=com.android.internal.telephony.IccSmsInterfaceManager$1 }
09-21 16:23:29.255  2692  2972 D IccSmsInterfaceManager: Failed to add GSM cell broadcast channels range 4386 to 4391
09-21 16:23:29.255  3197  4357 D SmsManager: enableCellBroadcastRange: failed at calling enableCellBroadcastRangeForSubscriber. subId = -1
09-21 16:23:29.256  2692  2972 D IccSmsInterfaceManager: Calling setGsmBroadcastConfig with 1 configurations
09-21 16:23:29.258  2692  2972 D RILJ    : [0118]> GSM_SET_BROADCAST_CONFIG with 1 configs :  [PHONE0]
09-21 16:23:29.258  2692  2972 D RILJ    : SmsBroadcastConfigInfo: Id [4379,4379] Code [0,255] ENABLED [PHONE0]
09-21 16:23:29.259  2692  2838 D RILJ    : [0118]< GSM_SET_BROADCAST_CONFIG error 46 [PHONE0]
09-21 16:23:29.259  2692  2838 D RilRequest: [0118]< GSM_SET_BROADCAST_CONFIG error: com.android.internal.telephony.CommandException: INVALID_MODEM_STATE ret= result={ when=-18s147ms what=4 obj=com.android.internal.telephony.IccSmsInterfaceManager$Request@63b4910 target=com.android.internal.telephony.IccSmsInterfaceManager$1 }
09-21 16:23:29.260  2692  2972 D IccSmsInterfaceManager: Failed to add GSM cell broadcast channels range 4379 to 4379
09-21 16:23:29.260  3197  4357 D SmsManager: enableCellBroadcastRange: failed at calling enableCellBroadcastRangeForSubscriber. subId = -1
09-21 16:23:29.262  2692  2972 D IccSmsInterfaceManager: Calling setCdmaBroadcastConfig with 1 configurations
09-21 16:23:29.269  2692  2972 D RILJ    : [0119]> CDMA_SET_BROADCAST_CONFIG with 1 configs :  [PHONE0]
09-21 16:23:29.270  2692  2972 D RILJ    : CdmaSmsBroadcastConfigInfo: Id [4099, 4099] ENABLED [PHONE0]
09-21 16:23:29.272  2692  2838 D RILJ    : [0119]< CDMA_SET_BROADCAST_CONFIG error 6 [PHONE0]
09-21 16:23:29.272  2692  2838 D RilRequest: [0119]< CDMA_SET_BROADCAST_CONFIG error: com.android.internal.telephony.CommandException: REQUEST_NOT_SUPPORTED ret= result={ when=-18s160ms what=4 obj=com.android.internal.telephony.IccSmsInterfaceManager$Request@9e12c09 target=com.android.internal.telephony.IccSmsInterfaceManager$1 }
09-21 16:23:29.272  2692  2972 D IccSmsInterfaceManager: Failed to add cdma broadcast channels range 4099 to 4099
09-21 16:23:29.272  3197  4357 D SmsManager: enableCellBroadcastRange: failed at calling enableCellBroadcastRangeForSubscriber. subId = -1
09-21 16:23:29.273  2692  2972 D IccSmsInterfaceManager: Calling setGsmBroadcastConfig with 1 configurations
09-21 16:23:29.282  2692  2972 D RILJ    : [0120]> GSM_SET_BROADCAST_CONFIG with 1 configs :  [PHONE0]
09-21 16:23:29.282  2692  2972 D RILJ    : SmsBroadcastConfigInfo: Id [4392,4392] Code [0,255] ENABLED [PHONE0]
09-21 16:23:29.283  2692  2838 D RILJ    : [0120]< GSM_SET_BROADCAST_CONFIG error 46 [PHONE0]
09-21 16:23:29.284  2692  2838 D RilRequest: [0120]< GSM_SET_BROADCAST_CONFIG error: com.android.internal.telephony.CommandException: INVALID_MODEM_STATE ret= result={ when=-18s171ms what=4 obj=com.android.internal.telephony.IccSmsInterfaceManager$Request@840ae0e target=com.android.internal.telephony.IccSmsInterfaceManager$1 }
09-21 16:23:29.284  2692  2972 D IccSmsInterfaceManager: Failed to add GSM cell broadcast channels range 4392 to 4392
09-21 16:23:29.284  3197  4357 D SmsManager: enableCellBroadcastRange: failed at calling enableCellBroadcastRangeForSubscriber. subId = -1
09-21 16:23:29.285  2692  2972 D IccSmsInterfaceManager: Failed to remove GSM cell broadcast channels range 4380 to 4380
09-21 16:23:29.285  3197  4357 D SmsManager: disableCellBroadcastRange: failed at calling disableCellBroadcastRangeForSubscriber. subId = -1
09-21 16:23:29.286  2692  2972 D IccSmsInterfaceManager: Failed to remove cdma broadcast channels range 4100 to 4100
09-21 16:23:29.286  3197  4357 D SmsManager: disableCellBroadcastRange: failed at calling disableCellBroadcastRangeForSubscriber. subId = -1
09-21 16:23:29.286  2692  2972 D IccSmsInterfaceManager: Failed to remove GSM cell broadcast channels range 4393 to 4393
09-21 16:23:29.286  3197  4357 D SmsManager: disableCellBroadcastRange: failed at calling disableCellBroadcastRangeForSubscriber. subId = -1
09-21 16:23:29.288  2692  2972 D IccSmsInterfaceManager: Failed to remove GSM cell broadcast channels range 4381 to 4381
09-21 16:23:29.288  3197  4357 D SmsManager: disableCellBroadcastRange: failed at calling disableCellBroadcastRangeForSubscriber. subId = -1
09-21 16:23:29.288  2692  2972 D IccSmsInterfaceManager: Failed to remove GSM cell broadcast channels range 4394 to 4394
09-21 16:23:29.288  3197  4357 D SmsManager: disableCellBroadcastRange: failed at calling disableCellBroadcastRangeForSubscriber. subId = -1
09-21 16:23:29.289  2692  2972 D IccSmsInterfaceManager: Failed to remove GSM cell broadcast channels range 4382 to 4382
09-21 16:23:29.289  3197  4357 D SmsManager: disableCellBroadcastRange: failed at calling disableCellBroadcastRangeForSubscriber. subId = -1
09-21 16:23:29.290  2692  2972 D IccSmsInterfaceManager: Failed to remove GSM cell broadcast channels range 4395 to 4395
09-21 16:23:29.290  3197  4357 D SmsManager: disableCellBroadcastRange: failed at calling disableCellBroadcastRangeForSubscriber. subId = -1
09-21 16:23:29.291  2692  2972 D IccSmsInterfaceManager: Calling setGsmBroadcastConfig with 1 configurations
09-21 16:23:29.294  2692  2972 D RILJ    : [0121]> GSM_SET_BROADCAST_CONFIG with 1 configs :  [PHONE0]
09-21 16:23:29.294  2692  2972 D RILJ    : SmsBroadcastConfigInfo: Id [4352,4354] Code [0,255] ENABLED [PHONE0]
09-21 16:23:29.300  2692  2838 D RILJ    : [0121]< GSM_SET_BROADCAST_CONFIG error 46 [PHONE0]
09-21 16:23:29.300  2692  2838 D RilRequest: [0121]< GSM_SET_BROADCAST_CONFIG error: com.android.internal.telephony.CommandException: INVALID_MODEM_STATE ret= result={ when=-18s188ms what=4 obj=com.android.internal.telephony.IccSmsInterfaceManager$Request@566902f target=com.android.internal.telephony.IccSmsInterfaceManager$1 }
09-21 16:23:29.302  2692  2972 D IccSmsInterfaceManager: Failed to add GSM cell broadcast channels range 4352 to 4354
09-21 16:23:29.302  3197  4357 D SmsManager: enableCellBroadcastRange: failed at calling enableCellBroadcastRangeForSubscriber. subId = -1
09-21 16:23:29.342  2692  3186 D IccSmsInterfaceManager: Calling setGsmBroadcastConfig with 1 configurations
09-21 16:23:29.352  2692  3186 D RILJ    : [0122]> GSM_SET_BROADCAST_CONFIG with 1 configs :  [PHONE0]
09-21 16:23:29.352  2692  3186 D RILJ    : SmsBroadcastConfigInfo: Id [4356,4356] Code [0,255] ENABLED [PHONE0]
09-21 16:23:29.357  2692  2838 D RILJ    : [0122]< GSM_SET_BROADCAST_CONFIG error 46 [PHONE0]
09-21 16:23:29.357  2692  2838 D RilRequest: [0122]< GSM_SET_BROADCAST_CONFIG error: com.android.internal.telephony.CommandException: INVALID_MODEM_STATE ret= result={ when=-18s245ms what=4 obj=com.android.internal.telephony.IccSmsInterfaceManager$Request@ff3e63c target=com.android.internal.telephony.IccSmsInterfaceManager$1 }
09-21 16:23:29.357  2692  3186 D IccSmsInterfaceManager: Failed to add GSM cell broadcast channels range 4356 to 4356
09-21 16:23:29.360  3197  4357 D SmsManager: enableCellBroadcastRange: failed at calling enableCellBroadcastRangeForSubscriber. subId = -1
09-21 16:23:29.363  2692  3186 D IccSmsInterfaceManager: Failed to remove GSM cell broadcast channels range 4355 to 4355
09-21 16:23:29.363  3197  4357 D SmsManager: disableCellBroadcastRange: failed at calling disableCellBroadcastRangeForSubscriber. subId = -1
09-21 16:23:29.720  2692  2692 D TelephonyNetworkFactory[0]: got request NetworkRequest [ REQUEST id=82, [ Capabilities: INTERNET&NOT_RESTRICTED&TRUSTED&NOT_VCN_MANAGED Uid: 10146 RequestorUid: 10146 RequestorPkg: com.google.android.googlequicksearchbox UnderlyingNetworks: Null] ]
09-21 16:23:29.721  2692  2692 D TelephonyNetworkFactory[0]: onNeedNetworkFor [NetworkRequest [ REQUEST id=82, [ Capabilities: INTERNET&NOT_RESTRICTED&TRUSTED&NOT_VCN_MANAGED Uid: 10146 RequestorUid: 10146 RequestorPkg: com.google.android.googlequicksearchbox UnderlyingNetworks: Null] ], mPriority=0, state=UNSATISFIED, mAttachedDataNetwork=null, isMetered=false, created time=16:23:29.721, evaluation result=null] shouldApply false
09-21 16:23:29.897  2692  2692 D TelephonyNetworkFactory[0]: onReleaseNetworkFor [NetworkRequest [ REQUEST id=52, [ Capabilities: INTERNET&NOT_RESTRICTED&TRUSTED&NOT_VCN_MANAGED Uid: 1001 RequestorUid: 1001 RequestorPkg: com.android.phone UnderlyingNetworks: Null] ], mPriority=0, state=UNSATISFIED, mAttachedDataNetwork=null, isMetered=false, created time=16:23:29.897, evaluation result=null] applied false
09-21 16:23:30.179  2692  2692 D TelephonyNetworkFactory[0]: got request NetworkRequest [ REQUEST id=86, [ Capabilities: INTERNET&NOT_RESTRICTED&TRUSTED&NOT_VCN_MANAGED Uid: 10165 RequestorUid: 1000 RequestorPkg: android UnderlyingNetworks: Null] ]
09-21 16:23:30.179  2692  2692 D TelephonyNetworkFactory[0]: onNeedNetworkFor [NetworkRequest [ REQUEST id=86, [ Capabilities: INTERNET&NOT_RESTRICTED&TRUSTED&NOT_VCN_MANAGED Uid: 10165 RequestorUid: 1000 RequestorPkg: android UnderlyingNetworks: Null] ], mPriority=0, state=UNSATISFIED, mAttachedDataNetwork=null, isMetered=false, created time=16:23:30.179, evaluation result=null] shouldApply false
09-21 16:23:30.502  2692  2692 D TelephonyNetworkFactory[0]: got request NetworkRequest [ REQUEST id=88, [ Capabilities: INTERNET&NOT_RESTRICTED&TRUSTED&NOT_VCN_MANAGED Uid: 10123 RequestorUid: 10123 RequestorPkg: com.android.vending UnderlyingNetworks: Null] ]
09-21 16:23:30.502  2692  2692 D TelephonyNetworkFactory[0]: onNeedNetworkFor [NetworkRequest [ REQUEST id=88, [ Capabilities: INTERNET&NOT_RESTRICTED&TRUSTED&NOT_VCN_MANAGED Uid: 10123 RequestorUid: 10123 RequestorPkg: com.android.vending UnderlyingNetworks: Null] ], mPriority=0, state=UNSATISFIED, mAttachedDataNetwork=null, isMetered=false, created time=16:23:30.502, evaluation result=null] shouldApply false
09-21 16:23:30.550  2692  2692 D TelephonyNetworkFactory[0]: got request NetworkRequest [ REQUEST id=91, [ Capabilities: INTERNET&NOT_RESTRICTED&TRUSTED&NOT_VCN_MANAGED Uid: 10163 RequestorUid: 10163 RequestorPkg: com.google.android.apps.youtube.music UnderlyingNetworks: Null] ]
09-21 16:23:30.550  2692  2692 D TelephonyNetworkFactory[0]: onNeedNetworkFor [NetworkRequest [ REQUEST id=91, [ Capabilities: INTERNET&NOT_RESTRICTED&TRUSTED&NOT_VCN_MANAGED Uid: 10163 RequestorUid: 10163 RequestorPkg: com.google.android.apps.youtube.music UnderlyingNetworks: Null] ], mPriority=0, state=UNSATISFIED, mAttachedDataNetwork=null, isMetered=false, created time=16:23:30.550, evaluation result=null] shouldApply false
09-21 16:23:31.066  2692  2692 D TelephonyNetworkFactory[0]: got request NetworkRequest [ REQUEST id=93, [ Capabilities: INTERNET&NOT_RESTRICTED&TRUSTED&NOT_VCN_MANAGED Uid: 10190 RequestorUid: 1000 RequestorPkg: android UnderlyingNetworks: Null] ]
09-21 16:23:31.067  2692  2692 D TelephonyNetworkFactory[0]: onNeedNetworkFor [NetworkRequest [ REQUEST id=93, [ Capabilities: INTERNET&NOT_RESTRICTED&TRUSTED&NOT_VCN_MANAGED Uid: 10190 RequestorUid: 1000 RequestorPkg: android UnderlyingNetworks: Null] ], mPriority=0, state=UNSATISFIED, mAttachedDataNetwork=null, isMetered=false, created time=16:23:31.067, evaluation result=null] shouldApply false
09-21 16:23:31.275  2692  2692 D TelephonyNetworkFactory[0]: got request NetworkRequest [ REQUEST id=95, [ Capabilities: INTERNET&NOT_RESTRICTED&TRUSTED&NOT_VCN_MANAGED Uid: 10190 RequestorUid: 10190 RequestorPkg: com.google.android.youtube UnderlyingNetworks: Null] ]
09-21 16:23:31.276  2692  2692 D TelephonyNetworkFactory[0]: onNeedNetworkFor [NetworkRequest [ REQUEST id=95, [ Capabilities: INTERNET&NOT_RESTRICTED&TRUSTED&NOT_VCN_MANAGED Uid: 10190 RequestorUid: 10190 RequestorPkg: com.google.android.youtube UnderlyingNetworks: Null] ], mPriority=0, state=UNSATISFIED, mAttachedDataNetwork=null, isMetered=false, created time=16:23:31.276, evaluation result=null] shouldApply false
09-21 16:23:31.532  2692  2692 D RILJ    : [0123]> GET_CELL_INFO_LIST [PHONE0]
09-21 16:23:31.535  2692  2838 D RILJ    : [0123]< GET_CELL_INFO_LIST [CellInfoGsm:{mRegistered=NO mTimeStamp=20423437502ns mCellConnectionStatus=0 CellIdentityGsm:{ mLac=51051 mCid=62081 mArfcn=686 mBsic=0x2 mMcc=310 mMnc=260 mAlphaLong=T-Mobile mAlphaShort=T-Mobile mAdditionalPlmns={}} CellSignalStrengthGsm: rssi=-81 ber=2147483647 mTa=0 mLevel=4}] [PHONE0]
09-21 16:23:31.537  2692  2692 D LocaleTracker-0: processCellInfo: cell info=[CellInfoGsm:{mRegistered=NO mTimeStamp=20423437502ns mCellConnectionStatus=0 CellIdentityGsm:{ mLac=51051 mCid=62081 mArfcn=686 mBsic=0x2 mMcc=310 mMnc=260 mAlphaLong=T-Mobile mAlphaShort=T-Mobile mAdditionalPlmns={}} CellSignalStrengthGsm: rssi=-81 ber=2147483647 mTa=0 mLevel=4}]
09-21 16:23:31.537  2692  2692 D LocaleTracker-0: updateLocale: countryIso = us, countryIsoDebugInfo = OperatorNumeric(310260): MccTable.countryCodeForMcc("310")
09-21 16:23:31.537  2692  2692 D LocaleTracker-0: updateLocale: timeZoneCountryIso = us, timeZoneCountryIsoDebugInfo = OperatorNumeric: MccTable.geoCountryCodeForMccMnc(MccMnc{mcc='310', mnc='260'})
09-21 16:23:31.537  2692  2692 D NitzStateMachineImpl: handleCountryDetected: countryIsoCode=us, mLatestNitzSignal=null
09-21 16:23:32.049  2692  2692 D RILJ    : [0124]> SET_UNSOLICITED_RESPONSE_FILTER 127 [PHONE0]
09-21 16:23:32.053  2692  2838 D RILJ    : [0124]< SET_UNSOLICITED_RESPONSE_FILTER  [PHONE0]
09-21 16:23:32.283  2692  2692 D TelephonyNetworkFactory[0]: onReleaseNetworkFor [NetworkRequest [ REQUEST id=31, [ Capabilities: INTERNET&NOT_RESTRICTED&TRUSTED&NOT_VCN_MANAGED Uid: 10123 RequestorUid: 1000 RequestorPkg: android UnderlyingNetworks: Null] ], mPriority=0, state=UNSATISFIED, mAttachedDataNetwork=null, isMetered=false, created time=16:23:32.283, evaluation result=null] applied false
09-21 16:23:32.283  2692  2692 D TelephonyNetworkFactory[0]: onReleaseNetworkFor [NetworkRequest [ REQUEST id=78, [ Capabilities: INTERNET&NOT_RESTRICTED&TRUSTED&NOT_VCN_MANAGED Uid: 10111 RequestorUid: 10111 RequestorPkg: com.google.android.ims UnderlyingNetworks: Null] ], mPriority=0, state=UNSATISFIED, mAttachedDataNetwork=null, isMetered=false, created time=16:23:32.283, evaluation result=null] applied false
09-21 16:23:32.283  2692  2692 D TelephonyNetworkFactory[0]: onReleaseNetworkFor [NetworkRequest [ REQUEST id=86, [ Capabilities: INTERNET&NOT_RESTRICTED&TRUSTED&NOT_VCN_MANAGED Uid: 10165 RequestorUid: 1000 RequestorPkg: android UnderlyingNetworks: Null] ], mPriority=0, state=UNSATISFIED, mAttachedDataNetwork=null, isMetered=false, created time=16:23:32.283, evaluation result=null] applied false
09-21 16:23:32.283  2692  2692 D TelephonyNetworkFactory[0]: onReleaseNetworkFor [NetworkRequest [ REQUEST id=25, [ Capabilities: INTERNET&NOT_RESTRICTED&TRUSTED&NOT_VCN_MANAGED Uid: 10164 RequestorUid: 1000 RequestorPkg: android UnderlyingNetworks: Null] ], mPriority=0, state=UNSATISFIED, mAttachedDataNetwork=null, isMetered=false, created time=16:23:32.283, evaluation result=null] applied false
09-21 16:23:32.284  2692  2692 D TelephonyNetworkFactory[0]: onReleaseNetworkFor [NetworkRequest [ REQUEST id=35, [ Capabilities: INTERNET&NOT_RESTRICTED&TRUSTED&NOT_VCN_MANAGED Uid: 10115 RequestorUid: 1000 RequestorPkg: android UnderlyingNetworks: Null] ], mPriority=0, state=UNSATISFIED, mAttachedDataNetwork=null, isMetered=false, created time=16:23:32.283, evaluation result=null] applied false
09-21 16:23:32.284  2692  2692 D TelephonyNetworkFactory[0]: onReleaseNetworkFor [NetworkRequest [ REQUEST id=62, [ Capabilities: INTERNET&NOT_RESTRICTED&TRUSTED&NOT_VCN_MANAGED Uid: 10163 RequestorUid: 10163 RequestorPkg: com.google.android.apps.youtube.music UnderlyingNetworks: Null] ], mPriority=0, state=UNSATISFIED, mAttachedDataNetwork=null, isMetered=false, created time=16:23:32.284, evaluation result=null] applied false
09-21 16:23:32.284  2692  2692 D TelephonyNetworkFactory[0]: onReleaseNetworkFor [NetworkRequest [ REQUEST id=7, [ Capabilities: INTERNET&NOT_RESTRICTED&TRUSTED&NOT_VCN_MANAGED Uid: 1000 RequestorUid: 1000 RequestorPkg: android UnderlyingNetworks: Null] ], mPriority=0, state=UNSATISFIED, mAttachedDataNetwork=null, isMetered=false, created time=16:23:32.284, evaluation result=null] applied false
09-21 16:23:32.284  2692  2692 D TelephonyNetworkFactory[0]: onReleaseNetworkFor [NetworkRequest [ REQUEST id=23, [ Capabilities: INTERNET&NOT_RESTRICTED&TRUSTED&NOT_VCN_MANAGED Uid: 10167 RequestorUid: 1000 RequestorPkg: android UnderlyingNetworks: Null] ], mPriority=0, state=UNSATISFIED, mAttachedDataNetwork=null, isMetered=false, created time=16:23:32.284, evaluation result=null] applied false
09-21 16:23:32.284  2692  2692 D TelephonyNetworkFactory[0]: onReleaseNetworkFor [NetworkRequest [ REQUEST id=67, [ Capabilities: INTERNET&NOT_RESTRICTED&TRUSTED&NOT_VCN_MANAGED Uid: 10190 RequestorUid: 10190 RequestorPkg: com.google.android.youtube UnderlyingNetworks: Null] ], mPriority=0, state=UNSATISFIED, mAttachedDataNetwork=null, isMetered=false, created time=16:23:32.284, evaluation result=null] applied false
09-21 16:23:32.284  2692  2692 D TelephonyNetworkFactory[0]: onReleaseNetworkFor [NetworkRequest [ REQUEST id=27, [ Capabilities: INTERNET&NOT_RESTRICTED&TRUSTED&NOT_VCN_MANAGED Uid: 10146 RequestorUid: 1000 RequestorPkg: android UnderlyingNetworks: Null] ], mPriority=0, state=UNSATISFIED, mAttachedDataNetwork=null, isMetered=false, created time=16:23:32.284, evaluation result=null] applied false
09-21 16:23:32.284  2692  2692 D TelephonyNetworkFactory[0]: onReleaseNetworkFor [NetworkRequest [ REQUEST id=39, [ Capabilities: INTERNET&NOT_RESTRICTED&TRUSTED&NOT_VCN_MANAGED Uid: 1073 RequestorUid: 1073 RequestorPkg: com.google.android.networkstack UnderlyingNetworks: Null] ], mPriority=0, state=UNSATISFIED, mAttachedDataNetwork=null, isMetered=false, created time=16:23:32.284, evaluation result=null] applied false
09-21 16:23:32.284  2692  2692 D TelephonyNetworkFactory[0]: onReleaseNetworkFor [NetworkRequest [ REQUEST id=72, [ Capabilities: INTERNET&NOT_RESTRICTED&TRUSTED&NOT_VCN_MANAGED Uid: 10163 RequestorUid: 1000 RequestorPkg: android UnderlyingNetworks: Null] ], mPriority=0, state=UNSATISFIED, mAttachedDataNetwork=null, isMetered=false, created time=16:23:32.284, evaluation result=null] applied false
09-21 16:23:32.284  2692  2692 D TelephonyNetworkFactory[0]: onReleaseNetworkFor [NetworkRequest [ REQUEST id=37, [ Capabilities: INTERNET&NOT_RESTRICTED&TRUSTED&NOT_VCN_MANAGED Uid: 1000 RequestorUid: 1000 RequestorPkg: android UnderlyingNetworks: Null] ], mPriority=0, state=UNSATISFIED, mAttachedDataNetwork=null, isMetered=false, created time=16:23:32.284, evaluation result=null] applied false
09-21 16:23:32.284  2692  2692 D TelephonyNetworkFactory[0]: onReleaseNetworkFor [NetworkRequest [ REQUEST id=18, [ Capabilities: INTERNET&NOT_RESTRICTED&TRUSTED&NOT_VCN_MANAGED Uid: 10184 RequestorUid: 1000 RequestorPkg: android UnderlyingNetworks: Null] ], mPriority=0, state=UNSATISFIED, mAttachedDataNetwork=null, isMetered=false, created time=16:23:32.284, evaluation result=null] applied false
09-21 16:23:32.284  2692  2692 D TelephonyNetworkFactory[0]: onReleaseNetworkFor [NetworkRequest [ REQUEST id=50, [ Capabilities: INTERNET&NOT_RESTRICTED&TRUSTED&NOT_VCN_MANAGED Uid: 1001 RequestorUid: 1001 RequestorPkg: com.android.phone UnderlyingNetworks: Null] ], mPriority=0, state=UNSATISFIED, mAttachedDataNetwork=null, isMetered=false, created time=16:23:32.284, evaluation result=null] applied false
09-21 16:23:32.285  2692  2692 D TelephonyNetworkFactory[0]: onReleaseNetworkFor [NetworkRequest [ REQUEST id=46, [ Capabilities: INTERNET&NOT_RESTRICTED&TRUSTED&NOT_VCN_MANAGED Uid: 10208 RequestorUid: 10208 RequestorPkg: com.android.systemui UnderlyingNetworks: Null] ], mPriority=0, state=UNSATISFIED, mAttachedDataNetwork=null, isMetered=false, created time=16:23:32.284, evaluation result=null] applied false
09-21 16:23:32.285  2692  2692 D TelephonyNetworkFactory[0]: onReleaseNetworkFor [NetworkRequest [ REQUEST id=1, [ Capabilities: INTERNET&NOT_RESTRICTED&TRUSTED&NOT_VPN&NOT_VCN_MANAGED RequestorUid: 1000 RequestorPkg: android UnderlyingNetworks: Null] ], mPriority=0, state=UNSATISFIED, mAttachedDataNetwork=null, isMetered=false, created time=16:23:32.285, evaluation result=null] applied false
09-21 16:23:32.285  2692  2692 D TelephonyNetworkFactory[0]: onReleaseNetworkFor [NetworkRequest [ REQUEST id=14, [ Capabilities: INTERNET&NOT_RESTRICTED&TRUSTED&NOT_VCN_MANAGED Uid: 10189 RequestorUid: 1000 RequestorPkg: android UnderlyingNetworks: Null] ], mPriority=0, state=UNSATISFIED, mAttachedDataNetwork=null, isMetered=false, created time=16:23:32.285, evaluation result=null] applied false
09-21 16:23:32.285  2692  2692 D TelephonyNetworkFactory[0]: onReleaseNetworkFor [NetworkRequest [ REQUEST id=54, [ Capabilities: INTERNET&NOT_RESTRICTED&TRUSTED&NOT_VCN_MANAGED Uid: 1000 RequestorUid: 1000 RequestorPkg: android UnderlyingNetworks: Null] ], mPriority=0, state=UNSATISFIED, mAttachedDataNetwork=null, isMetered=false, created time=16:23:32.285, evaluation result=null] applied false
09-21 16:23:32.285  2692  2692 D TelephonyNetworkFactory[0]: onReleaseNetworkFor [NetworkRequest [ REQUEST id=76, [ Capabilities: INTERNET&NOT_RESTRICTED&TRUSTED&NOT_VCN_MANAGED Uid: 10146 RequestorUid: 10146 RequestorPkg: com.google.android.googlequicksearchbox UnderlyingNetworks: Null] ], mPriority=0, state=UNSATISFIED, mAttachedDataNetwork=null, isMetered=false, created time=16:23:32.285, evaluation result=null] applied false
09-21 16:23:32.288  2692  2692 D TelephonyNetworkFactory[0]: onReleaseNetworkFor [NetworkRequest [ REQUEST id=56, [ Capabilities: INTERNET&NOT_RESTRICTED&TRUSTED&NOT_VCN_MANAGED Uid: 10129 RequestorUid: 10129 RequestorPkg: com.google.android.apps.messaging UnderlyingNetworks: Null] ], mPriority=0, state=UNSATISFIED, mAttachedDataNetwork=null, isMetered=false, created time=16:23:32.285, evaluation result=null] applied false
09-21 16:23:32.288  2692  2692 D TelephonyNetworkFactory[0]: onReleaseNetworkFor [NetworkRequest [ REQUEST id=70, [ Capabilities: INTERNET&NOT_RESTRICTED&TRUSTED&NOT_VCN_MANAGED Uid: 10190 RequestorUid: 10190 RequestorPkg: com.google.android.youtube UnderlyingNetworks: Null] ], mPriority=0, state=UNSATISFIED, mAttachedDataNetwork=null, isMetered=false, created time=16:23:32.288, evaluation result=null] applied false
09-21 16:23:32.288  2692  2692 D TelephonyNetworkFactory[0]: onReleaseNetworkFor [NetworkRequest [ REQUEST id=74, [ Capabilities: INTERNET&NOT_RESTRICTED&TRUSTED&NOT_VCN_MANAGED Uid: 10190 RequestorUid: 10190 RequestorPkg: com.google.android.youtube UnderlyingNetworks: Null] ], mPriority=0, state=UNSATISFIED, mAttachedDataNetwork=null, isMetered=false, created time=16:23:32.288, evaluation result=null] applied false
09-21 16:23:32.288  2692  2692 D TelephonyNetworkFactory[0]: onReleaseNetworkFor [NetworkRequest [ REQUEST id=82, [ Capabilities: INTERNET&NOT_RESTRICTED&TRUSTED&NOT_VCN_MANAGED Uid: 10146 RequestorUid: 10146 RequestorPkg: com.google.android.googlequicksearchbox UnderlyingNetworks: Null] ], mPriority=0, state=UNSATISFIED, mAttachedDataNetwork=null, isMetered=false, created time=16:23:32.288, evaluation result=null] applied false
09-21 16:23:32.288  2692  2692 D TelephonyNetworkFactory[0]: onReleaseNetworkFor [NetworkRequest [ REQUEST id=60, [ Capabilities: INTERNET&NOT_RESTRICTED&TRUSTED&NOT_VCN_MANAGED Uid: 10163 RequestorUid: 10163 RequestorPkg: com.google.android.apps.youtube.music UnderlyingNetworks: Null] ], mPriority=0, state=UNSATISFIED, mAttachedDataNetwork=null, isMetered=false, created time=16:23:32.288, evaluation result=null] applied false
09-21 16:23:32.288  2692  2692 D TelephonyNetworkFactory[0]: onReleaseNetworkFor [NetworkRequest [ REQUEST id=65, [ Capabilities: INTERNET&NOT_RESTRICTED&TRUSTED&NOT_VCN_MANAGED Uid: 10115 RequestorUid: 10115 RequestorPkg: com.google.android.gms UnderlyingNetworks: Null] ], mPriority=0, state=UNSATISFIED, mAttachedDataNetwork=null, isMetered=false, created time=16:23:32.288, evaluation result=null] applied false
09-21 16:23:32.289  2692  2692 D TelephonyNetworkFactory[0]: onReleaseNetworkFor [NetworkRequest [ REQUEST id=16, [ Capabilities: INTERNET&NOT_RESTRICTED&TRUSTED&NOT_VCN_MANAGED Uid: 10188 RequestorUid: 1000 RequestorPkg: android UnderlyingNetworks: Null] ], mPriority=0, state=UNSATISFIED, mAttachedDataNetwork=null, isMetered=false, created time=16:23:32.289, evaluation result=null] applied false
09-21 16:23:32.289  2692  2692 D TelephonyNetworkFactory[0]: onReleaseNetworkFor [NetworkRequest [ REQUEST id=93, [ Capabilities: INTERNET&NOT_RESTRICTED&TRUSTED&NOT_VCN_MANAGED Uid: 10190 RequestorUid: 1000 RequestorPkg: android UnderlyingNetworks: Null] ], mPriority=0, state=UNSATISFIED, mAttachedDataNetwork=null, isMetered=false, created time=16:23:32.289, evaluation result=null] applied false
09-21 16:23:32.289  2692  2692 D TelephonyNetworkFactory[0]: onReleaseNetworkFor [NetworkRequest [ REQUEST id=29, [ Capabilities: INTERNET&NOT_RESTRICTED&TRUSTED&NOT_VCN_MANAGED Uid: 10138 RequestorUid: 1000 RequestorPkg: android UnderlyingNetworks: Null] ], mPriority=0, state=UNSATISFIED, mAttachedDataNetwork=null, isMetered=false, created time=16:23:32.289, evaluation result=null] applied false
09-21 16:23:32.289  2692  2692 D TelephonyNetworkFactory[0]: onReleaseNetworkFor [NetworkRequest [ REQUEST id=44, [ Capabilities: INTERNET&NOT_RESTRICTED&TRUSTED&NOT_VCN_MANAGED Uid: 10208 RequestorUid: 10208 RequestorPkg: com.android.systemui UnderlyingNetworks: Null] ], mPriority=0, state=UNSATISFIED, mAttachedDataNetwork=null, isMetered=false, created time=16:23:32.289, evaluation result=null] applied false
09-21 16:23:32.289  2692  2692 D TelephonyNetworkFactory[0]: onReleaseNetworkFor [NetworkRequest [ REQUEST id=80, [ Capabilities: INTERNET&NOT_RESTRICTED&TRUSTED&NOT_VCN_MANAGED Uid: 10111 RequestorUid: 1000 RequestorPkg: android UnderlyingNetworks: Null] ], mPriority=0, state=UNSATISFIED, mAttachedDataNetwork=null, isMetered=false, created time=16:23:32.289, evaluation result=null] applied false
09-21 16:23:32.289  2692  2692 D TelephonyNetworkFactory[0]: onReleaseNetworkFor [NetworkRequest [ REQUEST id=58, [ Capabilities: INTERNET&NOT_RESTRICTED&TRUSTED&NOT_VCN_MANAGED Uid: 10149 RequestorUid: 1000 RequestorPkg: android UnderlyingNetworks: Null] ], mPriority=0, state=UNSATISFIED, mAttachedDataNetwork=null, isMetered=false, created time=16:23:32.289, evaluation result=null] applied false
09-21 16:23:32.289  2692  2692 D TelephonyNetworkFactory[0]: onReleaseNetworkFor [NetworkRequest [ REQUEST id=95, [ Capabilities: INTERNET&NOT_RESTRICTED&TRUSTED&NOT_VCN_MANAGED Uid: 10190 RequestorUid: 10190 RequestorPkg: com.google.android.youtube UnderlyingNetworks: Null] ], mPriority=0, state=UNSATISFIED, mAttachedDataNetwork=null, isMetered=false, created time=16:23:32.289, evaluation result=null] applied false
09-21 16:23:32.289  2692  2692 D TelephonyNetworkFactory[0]: onReleaseNetworkFor [NetworkRequest [ REQUEST id=33, [ Capabilities: INTERNET&NOT_RESTRICTED&TRUSTED&NOT_VCN_MANAGED Uid: 10122 RequestorUid: 1000 RequestorPkg: android UnderlyingNetworks: Null] ], mPriority=0, state=UNSATISFIED, mAttachedDataNetwork=null, isMetered=false, created time=16:23:32.289, evaluation result=null] applied false
09-21 16:23:32.289  2692  2692 D TelephonyNetworkFactory[0]: onReleaseNetworkFor [NetworkRequest [ REQUEST id=21, [ Capabilities: INTERNET&NOT_RESTRICTED&TRUSTED&NOT_VCN_MANAGED Uid: 10172 RequestorUid: 1000 RequestorPkg: android UnderlyingNetworks: Null] ], mPriority=0, state=UNSATISFIED, mAttachedDataNetwork=null, isMetered=false, created time=16:23:32.289, evaluation result=null] applied false
09-21 16:23:32.289  2692  2692 D TelephonyNetworkFactory[0]: onReleaseNetworkFor [NetworkRequest [ REQUEST id=88, [ Capabilities: INTERNET&NOT_RESTRICTED&TRUSTED&NOT_VCN_MANAGED Uid: 10123 RequestorUid: 10123 RequestorPkg: com.android.vending UnderlyingNetworks: Null] ], mPriority=0, state=UNSATISFIED, mAttachedDataNetwork=null, isMetered=false, created time=16:23:32.289, evaluation result=null] applied false
09-21 16:23:32.290  2692  2692 D TelephonyNetworkFactory[0]: onReleaseNetworkFor [NetworkRequest [ REQUEST id=91, [ Capabilities: INTERNET&NOT_RESTRICTED&TRUSTED&NOT_VCN_MANAGED Uid: 10163 RequestorUid: 10163 RequestorPkg: com.google.android.apps.youtube.music UnderlyingNetworks: Null] ], mPriority=0, state=UNSATISFIED, mAttachedDataNetwork=null, isMetered=false, created time=16:23:32.290, evaluation result=null] applied false
09-21 16:23:32.379  2692  2692 D SST     : [0] SST.requestAllCellInfo(): return last, back to back calls
09-21 16:23:33.695  2692  5271 D ONSNetworkScanCtlr: init called
09-21 16:23:33.735  1857  2835 D TelephonyRegistry: listen ooscl: hasNotifyOpptSubInfoChangedOccurred==false no callback
09-21 16:23:33.736  2692  5271 D ONSProfileSelector: ONSProfileSelector init complete
09-21 16:23:33.748  2692  5271 D ONS     : service is enable state true
09-21 16:23:33.752  2692  5271 D ONS     : SIM state changed
09-21 16:23:34.147  2692  2692 D RILJ    : [0125]> GET_CELL_INFO_LIST [PHONE0]
09-21 16:23:34.150  2692  2838 D RILJ    : [0125]< GET_CELL_INFO_LIST [CellInfoGsm:{mRegistered=NO mTimeStamp=23038487137ns mCellConnectionStatus=0 CellIdentityGsm:{ mLac=51051 mCid=62081 mArfcn=686 mBsic=0x2 mMcc=310 mMnc=260 mAlphaLong=T-Mobile mAlphaShort=T-Mobile mAdditionalPlmns={}} CellSignalStrengthGsm: rssi=-81 ber=2147483647 mTa=0 mLevel=4}] [PHONE0]
09-21 16:23:34.151  2692  2692 D LocaleTracker-0: processCellInfo: cell info=[CellInfoGsm:{mRegistered=NO mTimeStamp=23038487137ns mCellConnectionStatus=0 CellIdentityGsm:{ mLac=51051 mCid=62081 mArfcn=686 mBsic=0x2 mMcc=310 mMnc=260 mAlphaLong=T-Mobile mAlphaShort=T-Mobile mAdditionalPlmns={}} CellSignalStrengthGsm: rssi=-81 ber=2147483647 mTa=0 mLevel=4}]
09-21 16:23:34.151  2692  2692 D LocaleTracker-0: updateLocale: countryIso = us, countryIsoDebugInfo = OperatorNumeric(310260): MccTable.countryCodeForMcc("310")
09-21 16:23:34.151  2692  2692 D LocaleTracker-0: updateLocale: timeZoneCountryIso = us, timeZoneCountryIsoDebugInfo = OperatorNumeric: MccTable.geoCountryCodeForMccMnc(MccMnc{mcc='310', mnc='260'})
09-21 16:23:34.151  2692  2692 D NitzStateMachineImpl: handleCountryDetected: countryIsoCode=us, mLatestNitzSignal=null
09-21 16:23:34.340  2639  2639 E GRIL-AudioMetricExt: Unable to register service start notification: ret = false
09-21 16:23:34.347  2639  5362 D GRIL-WifiExt: onRegistration: fqName=vendor.google.wifi_ext@1.1::IWifiExt name=default
09-21 16:23:34.347  2639  5362 D GRIL-WifiExt: initWifiExtHal
09-21 16:23:34.458  1124  1991 I GRIL-Q  : QMI_LOGGING_EXTENDED_MSG_IND_V01
09-21 16:23:34.459  1124  1991 I GRIL-Q  : QMI_LOGGING_EXTENDED_MSG_IND_V01
09-21 16:23:34.459  1124  1124 I GRIL-Q  : qmi_vs_send_device_state_req completed 0, 0
09-21 16:23:34.459  1124  1124 I GRIL-H  : Found config at 8
09-21 16:23:34.460  1124  1124 I GRIL-H  : Set Bluetooth Tx Power Cap 62
09-21 16:23:34.468  1124  1124 I GRIL-Q  : qmi_vs_send_device_state_req completed 0, 0
09-21 16:23:34.468  1124  1124 I GRIL-H  : Found config at 9
09-21 16:23:34.468  1124  1124 I GRIL-H  : Current Bluetooth Tx Power Cap 62
09-21 16:23:34.468  1124  1124 I GRIL-H  : Current Bluetooth powers: BR: -128, EDR: -128, BLE: -128
09-21 16:23:34.468  1124  1124 I GRIL-Q  : qmi_vs_send_stats_atom_list_req completed 4, -45
09-21 16:23:34.473  1124  1124 I GRIL-Q  : qmi_vs_send_device_state_req completed 0, 0
09-21 16:23:34.473  1124  1124 I GRIL-H  : Found config at 9
09-21 16:23:34.473  1124  1124 I GRIL-H  : Current Bluetooth Tx Power Cap 62
09-21 16:23:34.473  1124  1124 I GRIL-H  : Current Bluetooth powers: BR: -128, EDR: -128, BLE: -128
09-21 16:23:35.601  2692  3186 E PhoneSubInfoController: getGroupIdLevel1 phone is null for Subscription:-1
09-21 16:23:35.996  2692  3186 E PhoneSubInfoController: getGroupIdLevel1 phone is null for Subscription:-1
09-21 16:23:35.999  2692  3186 E PhoneSubInfoController: getGroupIdLevel1 phone is null for Subscription:-1
09-21 16:23:39.140  2692  2692 D RILJ    : [0126]> GET_CELL_INFO_LIST [PHONE0]
