09-21 16:23:24.706  2692  2692 E NRM-I-0 : service not connected. Domain = PS
09-21 16:23:24.707  2692  2692 D RILJ    : [0022]> QUERY_NETWORK_SELECTION_MODE [PHONE0]
09-21 16:23:24.707  2692  2838 D RILJ    : [0021]< OPERATOR {, , } [PHONE0]
09-21 16:23:24.708  2692  2692 D SST     : [0] setPowerStateToDesired: mDeviceShuttingDown=false, mDesiredPowerState=true, getRadioState=1, mRadioDisabledByCarrier=false, IMS reg state=false, pending radio off=false
09-21 16:23:24.709  2692  2692 D SST     : [0] pollState: modemTriggered=true, radioState=1
09-21 16:23:24.709  2692  2838 D RILJ    : [0022]< QUERY_NETWORK_SELECTION_MODE {0} [PHONE0]
09-21 16:23:24.709  2692  2692 D RILJ    : [0023]> OPERATOR [PHONE0]
09-21 16:23:24.709  2692  2692 E NRM-C-0 : service not connected. Domain = PS
09-21 16:23:24.709  2692  2692 E NRM-C-0 : service not connected. Domain = CS
09-21 16:23:24.709  2692  2692 E NRM-I-0 : service not connected. Domain = PS
09-21 16:23:24.709  2692  2692 D RILJ    : [0024]> QUERY_NETWORK_SELECTION_MODE [PHONE0]
09-21 16:23:24.709  2692  2692 D Phone   : [0] SubId-1,get allowed network types user: value = GPRS|EDGE|UMTS|CDMA|CDMA - EvDo rev. 0|CDMA - EvDo rev. A|CDMA - 1xRTT|HSDPA|HSUPA|HSPA|CDMA - EvDo rev. B|LTE|CDMA - eHRPD|HSPA+|GSM|LTE_CA
09-21 16:23:24.710  2692  2692 D PhoneFactory: calculatePreferredNetworkType: phoneId = 0 networkType = 326655
09-21 16:23:24.710  2692  2838 D RILJ    : [0023]< OPERATOR {, , } [PHONE0]
09-21 16:23:24.710  2692  2692 D Phone   : [0] Allowed network types for 'carrier' reason is changed by carrier config = GPRS|EDGE|UMTS|CDMA|CDMA - EvDo rev. 0|CDMA - EvDo rev. A|CDMA - 1xRTT|HSDPA|HSUPA|HSPA|CDMA - EvDo rev. B|LTE|CDMA - eHRPD|HSPA+|GSM|LTE_CA
09-21 16:23:24.710  2692  2692 D Phone   : [0] SubId-1,get allowed network types carrier: value = GPRS|EDGE|UMTS|CDMA|CDMA - EvDo rev. 0|CDMA - EvDo rev. A|CDMA - 1xRTT|HSDPA|HSUPA|HSPA|CDMA - EvDo rev. B|LTE|CDMA - eHRPD|HSPA+|GSM|LTE_CA
09-21 16:23:24.710  2692  2692 I CSST    : isNrSupported:  carrierConfigEnabled: true, AccessFamilySupported: false, isNrNetworkTypeAllowed: false
09-21 16:23:24.710  2692  2692 I CSST    : PrefNetworkNotification: sendMessage() w/values: ,false,-1,true,true
09-21 16:23:24.710  2692  2838 D RILJ    : [0024]< QUERY_NETWORK_SELECTION_MODE {0} [PHONE0]
09-21 16:23:24.710  2692  2692 I CSST    : canceling notifications: 1000
09-21 16:23:24.710  2692  2692 D Phone   : isWifiCallingEnabled =false
09-21 16:23:24.710  2692  2692 D CSST    : isPhoneRegisteredForWifiCalling: false
09-21 16:23:24.711  2692  2692 D Phone   : isWifiCallingEnabled =false
09-21 16:23:24.711  2692  2692 I CSST    : EmergencyNetworkNotification: sendMessage() w/values: ,-1,false,true
09-21 16:23:24.711  2692  2692 I CSST    : canceling notifications: 1001
09-21 16:23:24.711  2692  2692 D Phone   : [0] SubId-1,get allowed network types user: value = GPRS|EDGE|UMTS|CDMA|CDMA - EvDo rev. 0|CDMA - EvDo rev. A|CDMA - 1xRTT|HSDPA|HSUPA|HSPA|CDMA - EvDo rev. B|LTE|CDMA - eHRPD|HSPA+|GSM|LTE_CA
09-21 16:23:24.711  2692  2692 D PhoneFactory: calculatePreferredNetworkType: phoneId = 0 networkType = 326655
09-21 16:23:24.711  2692  2692 D Phone   : [0] Allowed network types for 'carrier' reason is changed by carrier config = GPRS|EDGE|UMTS|CDMA|CDMA - EvDo rev. 0|CDMA - EvDo rev. A|CDMA - 1xRTT|HSDPA|HSUPA|HSPA|CDMA - EvDo rev. B|LTE|CDMA - eHRPD|HSPA+|GSM|LTE_CA
09-21 16:23:24.711  2692  2692 D Phone   : [0] SubId-1,get allowed network types carrier: value = GPRS|EDGE|UMTS|CDMA|CDMA - EvDo rev. 0|CDMA - EvDo rev. A|CDMA - 1xRTT|HSDPA|HSUPA|HSPA|CDMA - EvDo rev. B|LTE|CDMA - eHRPD|HSPA+|GSM|LTE_CA
09-21 16:23:24.711  2692  2692 I CSST    : isNrSupported:  carrierConfigEnabled: true, AccessFamilySupported: false, isNrNetworkTypeAllowed: false
09-21 16:23:24.711  2692  2692 I CSST    : PrefNetworkNotification: sendMessage() w/values: ,false,-1,true,true
09-21 16:23:24.711  2692  2692 I CSST    : canceling notifications: 1000
09-21 16:23:24.711  2692  2692 D Phone   : isWifiCallingEnabled =false
09-21 16:23:24.711  2692  2692 D CSST    : isPhoneRegisteredForWifiCalling: false
09-21 16:23:24.711  2692  2692 D Phone   : isWifiCallingEnabled =false
09-21 16:23:24.711  2692  2692 I CSST    : EmergencyNetworkNotification: sendMessage() w/values: ,-1,false,true
09-21 16:23:24.711  2692  2692 I CSST    : canceling notifications: 1001
09-21 16:23:24.712  2692  2692 D EmergencyNumberTracker: updateRadioEmergencyNumberListAndNotify(): receiving [EmergencyNumber:Number-#911|CountryIso-|Mnc-|ServiceCategories-0|Urns-[]|Sources-1000|Routing-0, EmergencyNumber:Number-*911|CountryIso-|Mnc-|ServiceCategories-0|Urns-[]|Sources-1000|Routing-0, EmergencyNumber:Number-000|CountryIso-|Mnc-|ServiceCategories-0|Urns-[]|Sources-1000|Routing-0, EmergencyNumber:Number-08|CountryIso-|Mnc-|ServiceCategories-0|Urns-[]|Sources-1000|Routing-0, EmergencyNumber:Number-110|CountryIso-|Mnc-|ServiceCategories-0|Urns-[]|Sources-1000|Routing-0, EmergencyNumber:Number-112|CountryIso-|Mnc-|ServiceCategories-0|Urns-[]|Sources-1000|Routing-0, EmergencyNumber:Number-118|CountryIso-|Mnc-|ServiceCategories-0|Urns-[]|Sources-1000|Routing-0, EmergencyNumber:Number-119|CountryIso-|Mnc-|ServiceCategories-0|Urns-[]|Sources-1000|Routing-0, EmergencyNumber:Number-911|CountryIso-|Mnc-|ServiceCategories-0|Urns-[]|Sources-1000|Routing-0, EmergencyNumber:Number-999|CountryIso-|Mnc-|ServiceCategories-0|Urns-[]|Sources-1000|Routing-0]
09-21 16:23:24.713  2692  2692 D EmergencyNumberTracker: notifyEmergencyNumberList(): notified
09-21 16:23:24.714  2692  2692 D RILJ    : [0025]> SEND_DEVICE_STATE 1:true [PHONE0]
09-21 16:23:24.714  2692  2838 D RILJ    : [0025]< SEND_DEVICE_STATE  [PHONE0]
09-21 16:23:24.716  2692  2692 D RILJ    : [0026]> SEND_DEVICE_STATE 2:false [PHONE0]
09-21 16:23:24.717  2692  2692 D RILJ    : [0027]> SEND_DEVICE_STATE 0:false [PHONE0]
09-21 16:23:24.717  2692  2838 D RILJ    : [0026]< SEND_DEVICE_STATE  [PHONE0]
09-21 16:23:24.718  2692  2838 D RILJ    : [0027]< SEND_DEVICE_STATE  [PHONE0]
09-21 16:23:24.719  2692  2692 D RILJ    : [0028]> SET_UNSOLICITED_RESPONSE_FILTER -1 [PHONE0]
09-21 16:23:24.720  2692  2692 D RILJ    : [0029]> SET_LINK_CAPACITY_REPORTING_CRITERIA [PHONE0]
09-21 16:23:24.720  2692  2838 D RILJ    : [0029]< SET_LINK_CAPACITY_REPORTING_CRITERIA error 6 [PHONE0]
09-21 16:23:24.721  2692  2838 D RilRequest: [0029]< SET_LINK_CAPACITY_REPORTING_CRITERIA error: com.android.internal.telephony.CommandException: REQUEST_NOT_SUPPORTED ret= result=null
09-21 16:23:24.721  2692  2692 D RILJ    : [0030]> SET_LINK_CAPACITY_REPORTING_CRITERIA [PHONE0]
09-21 16:23:24.721  2692  2692 D RILJ    : [0031]> SET_LINK_CAPACITY_REPORTING_CRITERIA [PHONE0]
09-21 16:23:24.721  2692  2838 D RILJ    : [0030]< SET_LINK_CAPACITY_REPORTING_CRITERIA  [PHONE0]
09-21 16:23:24.722  2692  2692 D RILJ    : [0032]> SET_LINK_CAPACITY_REPORTING_CRITERIA [PHONE0]
09-21 16:23:24.722  2692  2838 D RILJ    : [0031]< SET_LINK_CAPACITY_REPORTING_CRITERIA  [PHONE0]
09-21 16:23:24.722  2692  2838 D RILJ    : [0032]< SET_LINK_CAPACITY_REPORTING_CRITERIA error 6 [PHONE0]
09-21 16:23:24.723  2692  2838 D RilRequest: [0032]< SET_LINK_CAPACITY_REPORTING_CRITERIA error: com.android.internal.telephony.CommandException: REQUEST_NOT_SUPPORTED ret= result=null
09-21 16:23:24.723  2692  2692 D RILJ    : [0033]> SEND_DEVICE_STATE 1:true [PHONE0]
09-21 16:23:24.723  2692  2692 D RILJ    : [0034]> SEND_DEVICE_STATE 2:false [PHONE0]
09-21 16:23:24.724  2692  2692 D RILJ    : [0035]> SEND_DEVICE_STATE 0:false [PHONE0]
09-21 16:23:24.724  2692  2838 D RILJ    : [0033]< SEND_DEVICE_STATE  [PHONE0]
09-21 16:23:24.724  2692  2838 D RILJ    : [0034]< SEND_DEVICE_STATE  [PHONE0]
09-21 16:23:24.724  2692  2692 D RILJ    : [0036]> SET_UNSOLICITED_RESPONSE_FILTER -1 [PHONE0]
09-21 16:23:24.724  2692  2838 D RILJ    : [0035]< SEND_DEVICE_STATE  [PHONE0]
09-21 16:23:24.725  2692  2838 D RILJ    : [0028]< SET_UNSOLICITED_RESPONSE_FILTER  [PHONE0]
09-21 16:23:24.725  2692  2692 D RILJ    : [0037]> SET_LINK_CAPACITY_REPORTING_CRITERIA [PHONE0]
09-21 16:23:24.725  2692  2838 D RILJ    : [0036]< SET_UNSOLICITED_RESPONSE_FILTER  [PHONE0]
09-21 16:23:24.726  2692  2838 D RILJ    : [0037]< SET_LINK_CAPACITY_REPORTING_CRITERIA error 6 [PHONE0]
09-21 16:23:24.726  2692  2838 D RilRequest: [0037]< SET_LINK_CAPACITY_REPORTING_CRITERIA error: com.android.internal.telephony.CommandException: REQUEST_NOT_SUPPORTED ret= result=null
09-21 16:23:24.726  2692  2692 D RILJ    : [0038]> SET_LINK_CAPACITY_REPORTING_CRITERIA [PHONE0]
09-21 16:23:24.727  2692  2692 D RILJ    : [0039]> SET_LINK_CAPACITY_REPORTING_CRITERIA [PHONE0]
09-21 16:23:24.727  2692  2838 D RILJ    : [0038]< SET_LINK_CAPACITY_REPORTING_CRITERIA  [PHONE0]
09-21 16:23:24.727  2692  2692 D RILJ    : [0040]> SET_LINK_CAPACITY_REPORTING_CRITERIA [PHONE0]
09-21 16:23:24.728  2692  2692 D NetworkTypeController: [0] DefaultState: process EVENT_INITIALIZE
09-21 16:23:24.729  2692  2692 D NetworkTypeController: [0] mOverrideTimerRules: {connected={mState=connected, mOverrideType=NR_NSA, mPrimaryTimers={}, mSecondaryTimers={}}, not_restricted_rrc_con={mState=not_restricted_rrc_con, mOverrideType=NR_NSA, mPrimaryTimers={}, mSecondaryTimers={}}, legacy={mState=legacy, mOverrideType=NONE, mPrimaryTimers={}, mSecondaryTimers={}}, not_restricted_rrc_idle={mState=not_restricted_rrc_idle, mOverrideType=NR_NSA, mPrimaryTimers={}, mSecondaryTimers={}}, restricted={mState=restricted, mOverrideType=NONE, mPrimaryTimers={}, mSecondaryTimers={}}, connected_mmwave={mState=connected_mmwave, mOverrideType=NR_NSA, mPrimaryTimers={}, mSecondaryTimers={}}}
09-21 16:23:24.729  2692  2692 D NetworkTypeController: [0] DefaultState: process EVENT_UPDATE
09-21 16:23:24.729  2692  2692 D NetworkTypeController: [0] Reset timers since preferred network mode changed.
09-21 16:23:24.729  2692  2692 D NetworkTypeController: [0] Entering LegacyState
09-21 16:23:24.729  2692  2692 D NetworkTypeController: [0] Reset timers since NR is not allowed.
09-21 16:23:24.729  2692  2692 D DIC-0   : TelephonyDisplayInfo changed from null to TelephonyDisplayInfo {network=UNKNOWN, override=NONE}
09-21 16:23:24.729  2692  2838 D RILJ    : [0039]< SET_LINK_CAPACITY_REPORTING_CRITERIA  [PHONE0]
09-21 16:23:24.729  2692  2838 D RILJ    : [0040]< SET_LINK_CAPACITY_REPORTING_CRITERIA error 6 [PHONE0]
09-21 16:23:24.729  2692  2838 D RilRequest: [0040]< SET_LINK_CAPACITY_REPORTING_CRITERIA error: com.android.internal.telephony.CommandException: REQUEST_NOT_SUPPORTED ret= result=null
09-21 16:23:24.730  2621  2621 D QualifiedNetworksService: Qualified networks service created
09-21 16:23:24.731  2621  2621 D NetworkService: network service created
09-21 16:23:24.734  2692  2692 D DCT-C-0 : onDataEnabledChanged: enable=true, enabledChangedReason=0
09-21 16:23:24.734  2692  2692 D DCT-C-0 : setupDataOnAllConnectableApns: dataEnabled mcx:[state=IDLE,enabled=false] xcap:[state=IDLE,enabled=false] hipri:[state=IDLE,enabled=false] fota:[state=IDLE,enabled=false] ims:[state=IDLE,enabled=false] cbs:[state=IDLE,enabled=false] ia:[state=IDLE,enabled=false] emergency:[state=IDLE,enabled=false] mms:[state=IDLE,enabled=false] supl:[state=IDLE,enabled=false] dun:[state=IDLE,enabled=false] default:[state=IDLE,enabled=false] enterprise:[state=IDLE,enabled=false] 
09-21 16:23:24.734  2692  2692 D DCT-C-0 : onDataEnabledOverrideRulesChanged
09-21 16:23:24.735  2692  2692 D DCT-C-0 : shouldRestrictDataForEcbm: isInEcm=false isInImsEcm=false
09-21 16:23:24.736  2692  2692 D DCT-C-0 : shouldRestrictDataForEcbm: isInEcm=false isInImsEcm=false
09-21 16:23:24.737  2692  2692 D DCT-C-0 : shouldRestrictDataForEcbm: isInEcm=false isInImsEcm=false
09-21 16:23:24.738  2692  2692 D DCT-C-0 : shouldRestrictDataForEcbm: isInEcm=false isInImsEcm=false
09-21 16:23:24.739  2692  2692 D DCT-C-0 : shouldRestrictDataForEcbm: isInEcm=false isInImsEcm=false
09-21 16:23:24.740  2692  2692 D DCT-C-0 : shouldRestrictDataForEcbm: isInEcm=false isInImsEcm=false
09-21 16:23:24.741  2692  2692 D DCT-C-0 : shouldRestrictDataForEcbm: isInEcm=false isInImsEcm=false
09-21 16:23:24.742  2692  2692 D DCT-C-0 : shouldRestrictDataForEcbm: isInEcm=false isInImsEcm=false
09-21 16:23:24.743  2692  2692 D DCT-C-0 : shouldRestrictDataForEcbm: isInEcm=false isInImsEcm=false
09-21 16:23:24.744  2692  2692 D DCT-C-0 : shouldRestrictDataForEcbm: isInEcm=false isInImsEcm=false
09-21 16:23:24.745  2692  2692 D DCT-C-0 : shouldRestrictDataForEcbm: isInEcm=false isInImsEcm=false
09-21 16:23:24.746  2692  2692 D DCT-C-0 : shouldRestrictDataForEcbm: isInEcm=false isInImsEcm=false
09-21 16:23:24.746  2692  2692 D DCT-C-0 : shouldRestrictDataForEcbm: isInEcm=false isInImsEcm=false
09-21 16:23:24.747  2692  2692 D DCT-C-0 : onRadioAvailable
09-21 16:23:24.747  2692  2692 D DCT-C-0 : onDataConnectionDetached: stop polling and notify detached
09-21 16:23:24.747  2692  2692 D DCT-C-0 : stopNetStatPoll
09-21 16:23:24.747  2692  2692 D DCT-C-0 : onDataRoamingOff
09-21 16:23:24.748  2692  2692 D DCT-C-0 : setDataProfilesAsNeeded
09-21 16:23:24.752  2692  2692 E DCT-C-0 : getPreferredApnSetId: cursor is null
09-21 16:23:24.754  2692  2692 D DCT-C-0 : getPreferredApn: X not found
09-21 16:23:24.754  2692  2692 D DSM-C-0 : setDataProfile
09-21 16:23:24.755  2692  2692 E DSM-C-0 : Data service not bound.
09-21 16:23:24.755  2692  2692 E DCT-C-0 : getPreferredApnSetId: cursor is null
09-21 16:23:24.755  2692  2692 D DCT-C-0 : setInitialAttachApn: Allowed APN types=ia,default
09-21 16:23:24.755  2692  2692 D DCT-C-0 : setInitialAttachApn: X There in no available apn.
09-21 16:23:24.755  2692  2692 D DCT-C-0 : setupDataOnAllConnectableApns: roamingOff mcx:[state=IDLE,enabled=false] xcap:[state=IDLE,enabled=false] hipri:[state=IDLE,enabled=false] fota:[state=IDLE,enabled=false] ims:[state=IDLE,enabled=false] cbs:[state=IDLE,enabled=false] ia:[state=IDLE,enabled=false] emergency:[state=IDLE,enabled=false] mms:[state=IDLE,enabled=false] supl:[state=IDLE,enabled=false] dun:[state=IDLE,enabled=false] default:[state=IDLE,enabled=false] enterprise:[state=IDLE,enabled=false] 
09-21 16:23:24.759  2692  2692 D DCT-C-0 : onDataEnabledChanged: enable=true, enabledChangedReason=0
09-21 16:23:24.759  2692  2692 D DCT-C-0 : setupDataOnAllConnectableApns: dataEnabled mcx:[state=IDLE,enabled=false] xcap:[state=IDLE,enabled=false] hipri:[state=IDLE,enabled=false] fota:[state=IDLE,enabled=false] ims:[state=IDLE,enabled=false] cbs:[state=IDLE,enabled=false] ia:[state=IDLE,enabled=false] emergency:[state=IDLE,enabled=false] mms:[state=IDLE,enabled=false] supl:[state=IDLE,enabled=false] dun:[state=IDLE,enabled=false] default:[state=IDLE,enabled=false] enterprise:[state=IDLE,enabled=false] 
09-21 16:23:24.759  2692  2692 D DCT-I-0 : onDataEnabledChanged: enable=true, enabledChangedReason=0
09-21 16:23:24.759  2692  2692 D DCT-I-0 : setupDataOnAllConnectableApns: dataEnabled mcx:[state=IDLE,enabled=false] xcap:[state=IDLE,enabled=false] hipri:[state=IDLE,enabled=false] fota:[state=IDLE,enabled=false] ims:[state=IDLE,enabled=false] cbs:[state=IDLE,enabled=false] ia:[state=IDLE,enabled=false] emergency:[state=IDLE,enabled=false] mms:[state=IDLE,enabled=false] supl:[state=IDLE,enabled=false] dun:[state=IDLE,enabled=false] default:[state=IDLE,enabled=false] enterprise:[state=IDLE,enabled=false] 
09-21 16:23:24.759  2692  2692 D DCT-C-0 : onDataEnabledOverrideRulesChanged
09-21 16:23:24.759  2621  2621 D DataService: Data service created
09-21 16:23:24.760  2692  2692 D DCT-C-0 : shouldRestrictDataForEcbm: isInEcm=false isInImsEcm=false
09-21 16:23:24.761  2692  2692 D DCT-C-0 : shouldRestrictDataForEcbm: isInEcm=false isInImsEcm=false
09-21 16:23:24.762  2692  2692 D DCT-C-0 : shouldRestrictDataForEcbm: isInEcm=false isInImsEcm=false
09-21 16:23:24.763  2692  2692 D DCT-C-0 : shouldRestrictDataForEcbm: isInEcm=false isInImsEcm=false
09-21 16:23:24.763  2692  2692 D DCT-C-0 : shouldRestrictDataForEcbm: isInEcm=false isInImsEcm=false
09-21 16:23:24.764  2692  2692 D DCT-C-0 : shouldRestrictDataForEcbm: isInEcm=false isInImsEcm=false
09-21 16:23:24.765  2692  2692 D DCT-C-0 : shouldRestrictDataForEcbm: isInEcm=false isInImsEcm=false
09-21 16:23:24.766  2692  2692 D DCT-C-0 : shouldRestrictDataForEcbm: isInEcm=false isInImsEcm=false
09-21 16:23:24.766  2692  2692 D DCT-C-0 : shouldRestrictDataForEcbm: isInEcm=false isInImsEcm=false
09-21 16:23:24.767  2692  2692 D DCT-C-0 : shouldRestrictDataForEcbm: isInEcm=false isInImsEcm=false
09-21 16:23:24.767  2692  2692 D DCT-C-0 : shouldRestrictDataForEcbm: isInEcm=false isInImsEcm=false
09-21 16:23:24.768  2692  2692 D DCT-C-0 : shouldRestrictDataForEcbm: isInEcm=false isInImsEcm=false
09-21 16:23:24.769  2692  2692 D DCT-C-0 : shouldRestrictDataForEcbm: isInEcm=false isInImsEcm=false
09-21 16:23:24.769  2692  2692 D DCT-I-0 : onDataEnabledOverrideRulesChanged
09-21 16:23:24.769  2692  2692 D DCT-I-0 : shouldRestrictDataForEcbm: isInEcm=false isInImsEcm=false
09-21 16:23:24.771  2692  2692 D DCT-I-0 : shouldRestrictDataForEcbm: isInEcm=false isInImsEcm=false
09-21 16:23:24.772  2692  2692 D DCT-I-0 : shouldRestrictDataForEcbm: isInEcm=false isInImsEcm=false
09-21 16:23:24.774  2692  2692 D DCT-I-0 : shouldRestrictDataForEcbm: isInEcm=false isInImsEcm=false
09-21 16:23:24.774  2692  2692 D DCT-I-0 : shouldRestrictDataForEcbm: isInEcm=false isInImsEcm=false
09-21 16:23:24.775  2692  2692 D DCT-I-0 : shouldRestrictDataForEcbm: isInEcm=false isInImsEcm=false
09-21 16:23:24.776  2692  2692 D DCT-I-0 : shouldRestrictDataForEcbm: isInEcm=false isInImsEcm=false
09-21 16:23:24.776  2692  2692 D DCT-I-0 : shouldRestrictDataForEcbm: isInEcm=false isInImsEcm=false
09-21 16:23:24.777  2692  2692 D DCT-I-0 : shouldRestrictDataForEcbm: isInEcm=false isInImsEcm=false
09-21 16:23:24.777  2692  2692 D DCT-I-0 : shouldRestrictDataForEcbm: isInEcm=false isInImsEcm=false
09-21 16:23:24.778  2692  2692 D DCT-I-0 : shouldRestrictDataForEcbm: isInEcm=false isInImsEcm=false
09-21 16:23:24.778  2692  2692 D DCT-I-0 : shouldRestrictDataForEcbm: isInEcm=false isInImsEcm=false
09-21 16:23:24.779  2692  2692 D DCT-I-0 : shouldRestrictDataForEcbm: isInEcm=false isInImsEcm=false
09-21 16:23:24.779  2692  2692 D DCT-I-0 : onDataConnectionDetached: stop polling and notify detached
09-21 16:23:24.780  2692  2692 D DCT-I-0 : stopNetStatPoll
09-21 16:23:24.780  2692  2692 D DCT-I-0 : onDataRoamingOff
09-21 16:23:24.780  2692  2692 D DCT-I-0 : setDataProfilesAsNeeded
09-21 16:23:24.780  2692  2692 E DCT-I-0 : getPreferredApnSetId: cursor is null
09-21 16:23:24.781  2692  2692 D DCT-I-0 : getPreferredApn: X not found
09-21 16:23:24.781  2692  2692 D DSM-I-0 : setDataProfile
09-21 16:23:24.781  2692  2692 E DSM-I-0 : Data service not bound.
09-21 16:23:24.781  2692  2692 E DCT-I-0 : getPreferredApnSetId: cursor is null
09-21 16:23:24.781  2692  2692 D DCT-I-0 : setInitialAttachApn: Allowed APN types=ia,default
09-21 16:23:24.781  2692  2692 D DCT-I-0 : setInitialAttachApn: X There in no available apn.
09-21 16:23:24.781  2692  2692 D DCT-I-0 : setupDataOnAllConnectableApns: roamingOff mcx:[state=IDLE,enabled=false] xcap:[state=IDLE,enabled=false] hipri:[state=IDLE,enabled=false] fota:[state=IDLE,enabled=false] ims:[state=IDLE,enabled=false] cbs:[state=IDLE,enabled=false] ia:[state=IDLE,enabled=false] emergency:[state=IDLE,enabled=false] mms:[state=IDLE,enabled=false] supl:[state=IDLE,enabled=false] dun:[state=IDLE,enabled=false] default:[state=IDLE,enabled=false] enterprise:[state=IDLE,enabled=false] 
09-21 16:23:24.781  2692  2692 D CarrierResolver: handleMessage: 2
09-21 16:23:24.866  2692  2692 E CarrierPrivilegesTracker: Unable to find uid for package com.google.android.apps.tycho and user 0
09-21 16:23:24.877  2692  2692 D GsmCdmaPhone: [0] onVoiceRegStateOrRatChanged
09-21 16:23:24.877  2692  2692 D GsmCdmaPhone: [0] getCsCallRadioTech, current vrs=1, vrat=0
09-21 16:23:24.877  2692  2692 D GsmCdmaPhone: [0] getCsCallRadioTech, result calcVrat=0
09-21 16:23:24.878  2692  2692 D DCT-C-0 : onDataEnabledChanged: enable=true, enabledChangedReason=0
09-21 16:23:24.878  2692  2692 D DCT-C-0 : setupDataOnAllConnectableApns: dataEnabled mcx:[state=IDLE,enabled=false] xcap:[state=IDLE,enabled=false] hipri:[state=IDLE,enabled=false] fota:[state=IDLE,enabled=false] ims:[state=IDLE,enabled=false] cbs:[state=IDLE,enabled=false] ia:[state=IDLE,enabled=false] emergency:[state=IDLE,enabled=false] mms:[state=IDLE,enabled=false] supl:[state=IDLE,enabled=false] dun:[state=IDLE,enabled=false] default:[state=IDLE,enabled=false] enterprise:[state=IDLE,enabled=false] 
09-21 16:23:24.878  2692  2692 D DCT-I-0 : onDataEnabledChanged: enable=true, enabledChangedReason=0
09-21 16:23:24.878  2692  2692 D DCT-I-0 : setupDataOnAllConnectableApns: dataEnabled mcx:[state=IDLE,enabled=false] xcap:[state=IDLE,enabled=false] hipri:[state=IDLE,enabled=false] fota:[state=IDLE,enabled=false] ims:[state=IDLE,enabled=false] cbs:[state=IDLE,enabled=false] ia:[state=IDLE,enabled=false] emergency:[state=IDLE,enabled=false] mms:[state=IDLE,enabled=false] supl:[state=IDLE,enabled=false] dun:[state=IDLE,enabled=false] default:[state=IDLE,enabled=false] enterprise:[state=IDLE,enabled=false] 
09-21 16:23:24.878  2692  2692 D ImsPhoneCallTracker: [0] handleMessage what=23
09-21 16:23:24.878  2692  2692 D ImsPhoneCallTracker: [0] onDataEnabledChanged: enabled=true, reason=0
09-21 16:23:24.878  2692  2692 D ImsPhoneCallTracker: [0] Ignore data enabled - carrier policy indicates that data is not metered for ViLTE calls.
09-21 16:23:24.878  2692  2692 D ImsPhone: [0] handleMessage what=71
09-21 16:23:24.878  2692  2692 D ImsPhone: [0] EVENT_DEFAULT_PHONE_DATA_STATE_CHANGED
09-21 16:23:24.878  2692  2692 D ImsPhone: [0] updateDataServiceState: defSs = {mVoiceRegState=1(OUT_OF_SERVICE), mDataRegState=1(OUT_OF_SERVICE), mChannelNumber=-1, duplexMode()=0, mCellBandwidths=[], mOperatorAlphaLong=null, mOperatorAlphaShort=null, isManualNetworkSelection=false(automatic), getRilVoiceRadioTechnology=0(Unknown), getRilDataRadioTechnology=0(Unknown), mCssIndicator=unsupported, mNetworkId=-1, mSystemId=-1, mCdmaRoamingIndicator=-1, mCdmaDefaultRoamingIndicator=-1, mIsEmergencyOnly=false, isUsingCarrierAggregation=false, mArfcnRsrpBoost=0, mNetworkRegistrationInfos=[NetworkRegistrationInfo{ domain=CS transportType=WWAN registrationState=UNKNOWN roamingType=NOT_ROAMING accessNetworkTechnology=UNKNOWN rejectCause=0 emergencyEnabled=false availableServices=[] cellIdentity=null voiceSpecificInfo=null dataSpecificInfo=null nrState=**** rRplmn= isUsingCarrierAggregation=false}, NetworkRegistrationInfo{ domain=PS transportType=WWAN registrationState=UNKNOWN roamingType=NOT_ROAMING accessNetworkTechnology=UNKNOWN rejectCause=0 emergencyEnabled=false availableServices=[] cellIdentity=null voiceSpecificInfo=null dataSpecificInfo=null nrState=**** rRplmn= isUsingCarrierAggregation=false}, NetworkRegistrationInfo{ domain=PS transportType=WLAN registrationState=UNKNOWN roamingType=NOT_ROAMING accessNetworkTechnology=UNKNOWN rejectCause=0 emergencyEnabled=false availableServices=[] cellIdentity=null voiceSpecificInfo=null dataSpecificInfo=null nrState=**** rRplmn= isUsingCarrierAggregation=false}], mNrFrequencyRange=0, mOperatorAlphaLongRaw=null, mOperatorAlphaShortRaw=null, mIsDataRoamingFromRegistration=false, mIsIwlanPreferred=false} imsSs = {mVoiceRegState=1(OUT_OF_SERVICE), mDataRegState=1(OUT_OF_SERVICE), mChannelNumber=-1, duplexMode()=0, mCellBandwidths=[], mOperatorAlphaLong=null, mOperatorAlphaShort=null, isManualNetworkSelection=false(automatic), getRilVoiceRadioTechnology=0(Unknown), getRilDataRadioTechnology=0(Unknown), mCssIndicator=unsupported, mNetworkId=-1, mSystemId=-1, mCdmaRoamingIndicator=-1, mCdmaDefaultRoamingIndicator=-1, mIsEmergencyOnly=false, isUsingCarrierAggregation=false, mArfcnRsrpBoost=0, mNetworkRegistrationInfos=[NetworkRegistrationInfo{ domain=CS transportType=WWAN registrationState=UNKNOWN roamingType=NOT_ROAMING accessNetworkTechnology=UNKNOWN rejectCause=0 emergencyEnabled=false availableServices=[] cellIdentity=null voiceSpecificInfo=null dataSpecificInfo=null nrState=**** rRplmn= isUsingCarrierAggregation=false}, NetworkRegistrationInfo{ domain=PS transportType=WWAN registrationState=UNKNOWN roamingType=NOT_ROAMING accessNetworkTechnology=UNKNOWN rejectCause=0 emergencyEnabled=false availableServices=[] cellIdentity=null voiceSpecificInfo=null dataSpecificInfo=null nrState=**** rRplmn= isUsingCarrierAggregation=false}, NetworkRegistrationInfo{ domain=PS transportType=WLAN registrationState=UNKNOWN roamingType=NOT_ROAMING accessNetworkTechnology=UNKNOWN rejectCause=0 emergencyEnabled=false availableServices=[] cellIdentity=null voiceSpecificInfo=null dataSpecificInfo=null nrState=**** rRplmn= isUsingCarrierAggregation=false}], mNrFrequencyRange=0, mOperatorAlphaLongRaw=null, mOperatorAlphaShortRaw=null, mIsDataRoamingFromRegistration=false, mIsIwlanPreferred=false}
09-21 16:23:24.879  2692  2692 D ImsPhone: [0] handleMessage what=71
09-21 16:23:24.879  2692  2692 D ImsPhone: [0] EVENT_DEFAULT_PHONE_DATA_STATE_CHANGED
09-21 16:23:24.879  2692  2692 D ImsPhone: [0] updateDataServiceState: defSs = {mVoiceRegState=1(OUT_OF_SERVICE), mDataRegState=1(OUT_OF_SERVICE), mChannelNumber=-1, duplexMode()=0, mCellBandwidths=[], mOperatorAlphaLong=null, mOperatorAlphaShort=null, isManualNetworkSelection=false(automatic), getRilVoiceRadioTechnology=0(Unknown), getRilDataRadioTechnology=0(Unknown), mCssIndicator=unsupported, mNetworkId=-1, mSystemId=-1, mCdmaRoamingIndicator=-1, mCdmaDefaultRoamingIndicator=-1, mIsEmergencyOnly=false, isUsingCarrierAggregation=false, mArfcnRsrpBoost=0, mNetworkRegistrationInfos=[NetworkRegistrationInfo{ domain=CS transportType=WWAN registrationState=UNKNOWN roamingType=NOT_ROAMING accessNetworkTechnology=UNKNOWN rejectCause=0 emergencyEnabled=false availableServices=[] cellIdentity=null voiceSpecificInfo=null dataSpecificInfo=null nrState=**** rRplmn= isUsingCarrierAggregation=false}, NetworkRegistrationInfo{ domain=PS transportType=WWAN registrationState=UNKNOWN roamingType=NOT_ROAMING accessNetworkTechnology=UNKNOWN rejectCause=0 emergencyEnabled=false availableServices=[] cellIdentity=null voiceSpecificInfo=null dataSpecificInfo=null nrState=**** rRplmn= isUsingCarrierAggregation=false}, NetworkRegistrationInfo{ domain=PS transportType=WLAN registrationState=UNKNOWN roamingType=NOT_ROAMING accessNetworkTechnology=UNKNOWN rejectCause=0 emergencyEnabled=false availableServices=[] cellIdentity=null voiceSpecificInfo=null dataSpecificInfo=null nrState=**** rRplmn= isUsingCarrierAggregation=false}], mNrFrequencyRange=0, mOperatorAlphaLongRaw=null, mOperatorAlphaShortRaw=null, mIsDataRoamingFromRegistration=false, mIsIwlanPreferred=false} imsSs = {mVoiceRegState=1(OUT_OF_SERVICE), mDataRegState=1(OUT_OF_SERVICE), mChannelNumber=-1, duplexMode()=0, mCellBandwidths=[], mOperatorAlphaLong=null, mOperatorAlphaShort=null, isManualNetworkSelection=false(automatic), getRilVoiceRadioTechnology=0(Unknown), getRilDataRadioTechnology=0(Unknown), mCssIndicator=unsupported, mNetworkId=-1, mSystemId=-1, mCdmaRoamingIndicator=-1, mCdmaDefaultRoamingIndicator=-1, mIsEmergencyOnly=false, isUsingCarrierAggregation=false, mArfcnRsrpBoost=0, mNetworkRegistrationInfos=[NetworkRegistrationInfo{ domain=CS transportType=WWAN registrationState=UNKNOWN roamingType=NOT_ROAMING accessNetworkTechnology=UNKNOWN rejectCause=0 emergencyEnabled=false availableServices=[] cellIdentity=null voiceSpecificInfo=null dataSpecificInfo=null nrState=**** rRplmn= isUsingCarrierAggregation=false}, NetworkRegistrationInfo{ domain=PS transportType=WWAN registrationState=UNKNOWN roamingType=NOT_ROAMING accessNetworkTechnology=UNKNOWN rejectCause=0 emergencyEnabled=false availableServices=[] cellIdentity=null voiceSpecificInfo=null dataSpecificInfo=null nrState=**** rRplmn= isUsingCarrierAggregation=false}, NetworkRegistrationInfo{ domain=PS transportType=WLAN registrationState=UNKNOWN roamingType=NOT_ROAMING accessNetworkTechnology=UNKNOWN rejectCause=0 emergencyEnabled=false availableServices=[] cellIdentity=null voiceSpecificInfo=null dataSpecificInfo=null nrState=**** rRplmn= isUsingCarrierAggregation=false}], mNrFrequencyRange=0, mOperatorAlphaLongRaw=null, mOperatorAlphaShortRaw=null, mIsDataRoamingFromRegistration=false, mIsIwlanPreferred=false}
09-21 16:23:24.879  2692  2692 D PhoneCfgMgr: Received EVENT_RADIO_AVAILABLE/EVENT_RADIO_ON
09-21 16:23:24.879  2692  2692 D RILJ    : [0041]> GET_MODEM_STATUS [PHONE0]
09-21 16:23:24.880  2692  2692 D PhoneCfgMgr: getStaticPhoneCapability: sending the request for getting PhoneCapability
09-21 16:23:24.880  2692  2692 D RadioConfig: [0042]> GET_PHONE_CAPABILITY
09-21 16:23:24.880  2692  2838 D RadioConfigResponse: [0042]< GET_PHONE_CAPABILITY mMaxActiveVoiceSubscriptions=0 mMaxActiveDataSubscriptions=2 mNetworkValidationBeforeSwitchSupported=true mDeviceNrCapability []
09-21 16:23:24.880  2692  2692 D PhoneCfgMgr: getStaticPhoneCapability: mStaticCapability mMaxActiveVoiceSubscriptions=1 mMaxActiveDataSubscriptions=1 mNetworkValidationBeforeSwitchSupported=false mDeviceNrCapability []
09-21 16:23:24.881  2692  2692 D DCT-C-0 : onDataEnabledChanged: enable=true, enabledChangedReason=0
09-21 16:23:24.881  2692  2692 D DCT-C-0 : setupDataOnAllConnectableApns: dataEnabled mcx:[state=IDLE,enabled=false] xcap:[state=IDLE,enabled=false] hipri:[state=IDLE,enabled=false] fota:[state=IDLE,enabled=false] ims:[state=IDLE,enabled=false] cbs:[state=IDLE,enabled=false] ia:[state=IDLE,enabled=false] emergency:[state=IDLE,enabled=false] mms:[state=IDLE,enabled=false] supl:[state=IDLE,enabled=false] dun:[state=IDLE,enabled=false] default:[state=IDLE,enabled=false] enterprise:[state=IDLE,enabled=false] 
09-21 16:23:24.881  2692  2692 D DCT-I-0 : onDataEnabledChanged: enable=true, enabledChangedReason=0
09-21 16:23:24.881  2692  2692 D DCT-I-0 : setupDataOnAllConnectableApns: dataEnabled mcx:[state=IDLE,enabled=false] xcap:[state=IDLE,enabled=false] hipri:[state=IDLE,enabled=false] fota:[state=IDLE,enabled=false] ims:[state=IDLE,enabled=false] cbs:[state=IDLE,enabled=false] ia:[state=IDLE,enabled=false] emergency:[state=IDLE,enabled=false] mms:[state=IDLE,enabled=false] supl:[state=IDLE,enabled=false] dun:[state=IDLE,enabled=false] default:[state=IDLE,enabled=false] enterprise:[state=IDLE,enabled=false] 
09-21 16:23:24.881  2692  2692 D ImsPhoneCallTracker: [0] handleMessage what=23
09-21 16:23:24.881  2692  2692 D ImsPhoneCallTracker: [0] onDataEnabledChanged: enabled=true, reason=0
09-21 16:23:24.881  2692  2692 D ImsPhoneCallTracker: [0] Ignore data enabled - carrier policy indicates that data is not metered for ViLTE calls.
09-21 16:23:24.881  2692  2692 D PhoneSwitcher: No active subscriptions: resetting preferred phone to 0 for emergency
09-21 16:23:24.881  2692  2692 D PhoneSwitcher: evaluating due to EVENT_DATA_ENABLED_CHANGED phone[0] 0->-1
09-21 16:23:24.881  2692  2838 D RILJ    : [0041]< GET_MODEM_STATUS true [PHONE0]
09-21 16:23:24.881  2692  2692 D PhoneSwitcher: sendRilCommands: setPreferredDataModem - phoneId: 0
09-21 16:23:24.881  2692  2692 D RadioConfig: [0043]> SET_PREFERRED_DATA_MODEM
09-21 16:23:24.881  2692  2692 D PhoneSwitcher: Data switch event. subId=-1, state=START, reason=IN_CALL
09-21 16:23:24.882  2692  2838 D RadioConfigResponse: [0043]< SET_PREFERRED_DATA_MODEM
09-21 16:23:24.882  2692  2692 D PhoneSwitcher: evaluating due to EVENT_RADIO_ON
09-21 16:23:24.882  2692  2692 D PhoneSwitcher: sendRilCommands: setPreferredDataModem - phoneId: 0
09-21 16:23:24.882  2692  2692 D RadioConfig: [0044]> SET_PREFERRED_DATA_MODEM
09-21 16:23:24.884  2692  2838 D RadioConfigResponse: [0044]< SET_PREFERRED_DATA_MODEM
09-21 16:23:24.885  2692  2692 D TelephonyNetworkFactory[0]: onActivePhoneSwitch
09-21 16:23:24.886  2692  2692 D DebugService: DebugService DebugService:
09-21 16:23:24.886  2692  2692 D UiccController: handleMessage: Received GET_ICC_STATUS_DONE for phoneId 0
09-21 16:23:24.886  2692  2692 D UiccController: Received EVENT_GET_ICC_STATUS_DONE
09-21 16:23:24.887  2692  2692 D UiccController: onGetIccCardStatusDone: phoneId 0 IccCardStatus: IccCardState {CARDSTATE_ABSENT,PINSTATE_UNKNOWN,num_apps=0,gsm_id=-1,cdma_id=-1,ims_id=-1,atr=,iccid=,eid=,SlotPortMapping={physicalSlotIndex=0, portIndex=0}}
09-21 16:23:24.887  2692  2692 D UiccSlot: Creating
09-21 16:23:24.887  2692  2692 D UiccSlot: cardStatus update: IccCardState {CARDSTATE_ABSENT,PINSTATE_UNKNOWN,num_apps=0,gsm_id=-1,cdma_id=-1,ims_id=-1,atr=,iccid=,eid=,SlotPortMapping={physicalSlotIndex=0, portIndex=0}}
09-21 16:23:24.887  2692  2692 E AnswerToReset: Valid ATR string must at least contains TS and T0.
09-21 16:23:24.887  2692  2692 D UiccSlot: update: radioState=1 mLastRadioState={}
09-21 16:23:24.887  2692  2692 D SubscriptionInfoUpdater: updateInternalIccState to simStatus ABSENT reason null phoneId 0
09-21 16:23:24.887  2692  2692 D UiccController: mUiccSlots[0] has no card. Notifying IccChangedRegistrants
09-21 16:23:24.887  2692  2692 D GsmCdmaCallTracker: Event EVENT_POLL_CALLS_RESULT Received
09-21 16:23:24.887  2692  2692 D GsmCdmaCallTracker: [0] update phone state, old=IDLE new=IDLE
09-21 16:23:24.888  2692  2692 D UiccController: handleMessage: Received GET_SLOT_STATUS_DONE for phoneId 0
09-21 16:23:24.888  2692  2692 D UiccController: Received EVENT_SLOT_STATUS_CHANGED or EVENT_GET_SLOT_STATUS_DONE
09-21 16:23:24.888  2692  2692 D UiccController: onGetSlotStatusDone: [IccSlotStatus {CARDSTATE_ABSENT,atr=,eid=,num_ports=1, IccSimPortInfo-0{iccid=,logicalSlotIndex=0,portActive=true}}, IccSlotStatus {CARDSTATE_PRESENT,atr=3b9f96803fc6a28031e073f62157574a4d021060500002,eid=[****],num_ports=1, IccSimPortInfo-0{iccid=890000000[****],logicalSlotIndex=-1,portActive=false}}]
09-21 16:23:24.888  2692  2692 D UiccSlot: slotStatus update: IccSlotStatus {CARDSTATE_ABSENT,atr=,eid=,num_ports=1, IccSimPortInfo-0{iccid=,logicalSlotIndex=0,portActive=true}}
09-21 16:23:24.888  2692  2692 E AnswerToReset: Valid ATR string must at least contains TS and T0.
09-21 16:23:24.888  2692  2692 D UiccSlot: Creating
09-21 16:23:24.888  2692  2692 D UiccSlot: slotStatus update: IccSlotStatus {CARDSTATE_PRESENT,atr=3b9f96803fc6a28031e073f62157574a4d021060500002,eid=[****],num_ports=1, IccSimPortInfo-0{iccid=890000000[****],logicalSlotIndex=-1,portActive=false}}
09-21 16:23:24.888  2692  2692 D AnswerToReset: Successfully parsed the ATR string 3b9f96803fc6a28031e073f62157574a4d021060500002 into AnswerToReset:{mConventionByte=3B,mFormatByte=9F,mInterfaceBytes={{TA=96,TB=null,TC=null,TD=80}{TA=null,TB=null,TC=null,TD=3F}{TA=C6,TB=A2,TC=null,TD=null}},mHistoricalBytes={80,31,E0,73,F6,21,57,57,4A,4D,02,10,60,50,00,},mCheckByte=02}
09-21 16:23:24.889  2692  2692 D UiccSlot:  checkIsEuiccSupported : true
09-21 16:23:24.889  2692  2692 D UiccController: Using eid=[****] in slot=1 to set mDefaultEuiccCardId=0
09-21 16:23:24.890  2692  2692 D GsmCdmaPhone: [0] Received exception on event55 : com.android.internal.telephony.CommandException: REQUEST_NOT_SUPPORTED
09-21 16:23:24.890  2692  2692 D Phone   : config LCE service failed: com.android.internal.telephony.CommandException: REQUEST_NOT_SUPPORTED
09-21 16:23:24.890  2692  2692 E SmsDispatchersController: IMS State query failed with exp com.android.internal.telephony.CommandException: INVALID_MODEM_STATE
09-21 16:23:24.890  2692  2692 D GsmCdmaPhone: [0] Baseband version: g8150-00123-220708-B-8810441
09-21 16:23:24.891  2692  2692 D GsmCdmaPhone: EVENT_GET_RADIO_CAPABILITY: phone rc: {mPhoneId = 0 mVersion=1 mSession=0 mPhase=0 mRadioAccessFamily=36964 mLogicModemId=0 mStatus=1}
09-21 16:23:24.891  2692  2692 D GsmCdmaPhone: [0] EVENT_REQUEST_VOICE_RADIO_TECH_DONE: newVoiceTech=4
09-21 16:23:24.891  2692  2692 D GsmCdmaPhone: [0] phoneObjectUpdater: newVoiceRadioTech=4
09-21 16:23:24.891  2692  2692 D GsmCdmaPhone: [0] Switching Voice Phone : GSM >>> CDMA
09-21 16:23:24.891  2692  2692 D GsmCdmaPhone: [0] Precise phone type 6
09-21 16:23:24.891  2692  2692 D CdmaSSM : getcdmasubscriptionSource: 0
09-21 16:23:24.891  2692  2692 D RILJ    : setPhoneType=2 old value=1 [PHONE0]
09-21 16:23:24.892  2692  2692 D GsmCdmaPhone: [0] init: operatorAlpha='' operatorNumeric=''
09-21 16:23:24.892  2692  2692 D GsmCdmaPhone: [0] CDMAPhone: updateCurrentCarrierInProvider called
09-21 16:23:24.892  2692  2692 D NitzStateMachineImpl: handleNetworkUnavailable: mLatestNitzSignal was already null. Nothing to do.
09-21 16:23:24.892  2692  2692 D CdmaSSM : getcdmasubscriptionSource: 0
09-21 16:23:24.892  2692  2692 D SST     : [0] getOtasp: otasp uninitialized due to sim not loaded
09-21 16:23:24.893  2692  2692 D RILJ    : [0045]> SIGNAL_STRENGTH [PHONE0]
09-21 16:23:24.893  2692  2692 D SST     : [0] notifyVoiceRegStateRilRadioTechnologyChanged: vrs=1 rat=0
09-21 16:23:24.894  2692  2692 D GsmCdmaPhone: [0] can't find 3GPP2 application; trying APP_FAM_3GPP
09-21 16:23:24.894  2692  2692 D GsmCdmaCallTracker: reset
09-21 16:23:24.894  2692  2692 D GsmCdmaCallTracker: [0] update phone state, old=IDLE new=IDLE
09-21 16:23:24.894  2692  2838 D RILJ    : [0045]< SIGNAL_STRENGTH SignalStrength:{mCdma=CellSignalStrengthCdma: cdmaDbm=0 cdmaEcio=0 evdoDbm=0 evdoEcio=0 evdoSnr=0 level=4,mGsm=CellSignalStrengthGsm: rssi=-113 ber=0 mTa=0 mLevel=0,mWcdma=CellSignalStrengthWcdma: ss=-113 ber=0 rscp=-120 ecno=-24 level=0,mTdscdma=CellSignalStrengthTdscdma: rssi=2147483647 ber=2147483647 rscp=-120 level=0,mLte=CellSignalStrengthLte: rssi=-113 rsrp=2147483647 rsrq=0 rssnr=0 cqiTableIndex=2147483647 cqi=0 ta=0 level=1 parametersUseForLevel=1,mNr=CellSignalStrengthNr:{ csiRsrp = 2147483647 csiRsrq = 2147483647 csiCqiTableIndex = 2147483647 csiCqiReport = [] ssRsrp = 2147483647 ssRsrq = 0 ssSinr = 0 level = 0 parametersUseForLevel = 1 },primary=CellSignalStrengthLte} [PHONE0]
09-21 16:23:24.896  2692  2692 D RILJ    : [0046]> GET_CURRENT_CALLS [PHONE0]
09-21 16:23:24.896  2692  2692 D RILJ    : [0047]> BASEBAND_VERSION [PHONE0]
09-21 16:23:24.896  2692  2692 D RILJ    : [0048]> DEVICE_IDENTITY [PHONE0]
09-21 16:23:24.897  2692  2838 D RILJ    : [0046]< GET_CURRENT_CALLS {} [PHONE0]
09-21 16:23:24.899  2692  2838 D RILJ    : [0047]< BASEBAND_VERSION g8150-00123-220708-B-8810441 [PHONE0]
09-21 16:23:24.899  2692  2838 D RILJ    : [0048]< DEVICE_IDENTITY {[****], 63, 802B6435, 35293010124766} [PHONE0]
09-21 16:23:24.899  2692  2692 D RILJ    : [0049]> GET_RADIO_CAPABILITY [PHONE0]
09-21 16:23:24.899  2692  2692 D RILJ    : areUiccApplicationsEnabled: REQUEST_NOT_SUPPORTED
09-21 16:23:24.899  2692  2692 D RILJ    : startLceService: REQUEST_NOT_SUPPORTED
09-21 16:23:24.899  2692  2838 D RILJ    : convertHalRadioCapability: session=0, phase=0, rat=36964, logicModemUuid=0, status=1, rcRil.raf=82248 [PHONE0]
09-21 16:23:24.899  2692  2838 D RILJ    : [0049]< GET_RADIO_CAPABILITY {mPhoneId = 0 mVersion=1 mSession=0 mPhase=0 mRadioAccessFamily=36964 mLogicModemId=0 mStatus=1} [PHONE0]
09-21 16:23:24.900  2692  2692 D RILJ    : [0050]> VOICE_RADIO_TECH [PHONE0]
09-21 16:23:24.900  2692  2692 D CdmaSSM : getcdmasubscriptionSource: 0
09-21 16:23:24.900  2692  2692 D SubscriptionManager: putPhoneIdAndSubIdExtra: no valid subs
09-21 16:23:24.900  2692  2692 D CdmaSSM : CDMA_SUBSCRIPTION_SOURCE event = 2
09-21 16:23:24.900  2692  2692 D SST     : [0] SubscriptionListener.onSubscriptionInfoChanged
09-21 16:23:24.900  2692  2838 D RILJ    : [0050]< VOICE_RADIO_TECH {4} [PHONE0]
09-21 16:23:24.901  2692  2976 D ImsProvisioningController: MmTelFeatureListener[0] subId is not changed
09-21 16:23:24.901  2692  2976 D ImsProvisioningController: RcsFeatureListener[0] subId is not changed
09-21 16:23:24.901  2692  2976 D ImsProvisioningController: ProvisioningCallbackManager[0] subId is not changed 
09-21 16:23:24.902  2692  2692 D Phone   : isImsRegistered =false
09-21 16:23:24.902  2692  2692 E PhoneSubInfoController: getLine1Number phone is null for Subscription:-1
09-21 16:23:24.953  2692  2692 D ImsManagerIM [0]: ImsService not up yet - timeout waiting for connection.
09-21 16:23:24.963  2692  2692 D NetworkService: network service created
09-21 16:23:24.964  2692  2692 D SST     : [0] EVENT_POLL_STATE_NETWORK_SELECTION_MODE
09-21 16:23:24.964  2692  2692 D SST     : [0] EVENT_POLL_STATE_NETWORK_SELECTION_MODE
09-21 16:23:24.964  2692  2692 D NetworkTypeController: [0] LegacyState: process EVENT_DATA_RAT_CHANGED
09-21 16:23:24.964  2692  2692 D NetworkTypeController: [0] Reset timers since NR is not allowed.
09-21 16:23:24.964  2692  2692 D NetworkTypeController: [0] Reset timers since 2G and 3G don't need NR timers.
09-21 16:23:24.964  2692  2692 D DCT-C-0 : reevaluateCongestedConnections
09-21 16:23:24.964  2692  2692 D DCT-C-0 : reevaluateUnmeteredConnections
09-21 16:23:24.964  2692  2692 D DCT-C-0 : isNetworkTypeUnmeteredViaSubscriptionPlan: networkType=20, isUnmetered=false
09-21 16:23:24.964  2692  2692 D DCT-C-0 : isNetworkTypeUnmeteredViaSubscriptionPlan: networkType=0, isUnmetered=false
09-21 16:23:24.964  2692  2692 D DCT-I-0 : reevaluateCongestedConnections
09-21 16:23:24.964  2692  2692 D DCT-I-0 : reevaluateUnmeteredConnections
09-21 16:23:24.964  2692  2692 D DCT-I-0 : isNetworkTypeUnmeteredViaSubscriptionPlan: networkType=20, isUnmetered=false
09-21 16:23:24.964  2692  2692 D DCT-I-0 : isNetworkTypeUnmeteredViaSubscriptionPlan: networkType=0, isUnmetered=false
09-21 16:23:24.965  2692  2692 D NRM-I-0 : service ComponentInfo{vendor.qti.iwlan/vendor.qti.iwlan.IWlanNetworkService} for transport WLAN is now connected.
09-21 16:23:24.966  2692  2692 D DataService: Data service created
09-21 16:23:24.967  2692  2692 D DSM-I-0 : onServiceConnected
09-21 16:23:24.970  2692  2692 D PhoneSwitcher: onDdsSwitchResponse: DDS switch success on phoneId = 0
09-21 16:23:24.970  2692  2692 D PhoneSwitcher: notifyPreferredDataSubIdChanged to -1
09-21 16:23:24.971  1857  2835 D TelephonyRegistry: notifyActiveDataSubIdChanged: activeDataSubId=-1
09-21 16:23:24.974  2692  2692 D PhoneSwitcher: onDdsSwitchResponse: DDS switch success on phoneId = 0
09-21 16:23:24.974  2692  2692 D PhoneSwitcher: notifyPreferredDataSubIdChanged to -1
09-21 16:23:24.974  1857  2394 D TelephonyRegistry: notifyActiveDataSubIdChanged: activeDataSubId=-1
09-21 16:23:24.975  2692  2972 E PhoneSubInfoController: getLine1Number phone is null for Subscription:1
09-21 16:23:24.975  2692  2692 D TelephonyNetworkFactory[0]: got request NetworkRequest [ REQUEST id=31, [ Capabilities: INTERNET&NOT_RESTRICTED&TRUSTED&NOT_VCN_MANAGED Uid: 10123 RequestorUid: 1000 RequestorPkg: android UnderlyingNetworks: Null] ]
09-21 16:23:24.975  2692  2692 D TelephonyNetworkFactory[0]: got request NetworkRequest [ REQUEST id=25, [ Capabilities: INTERNET&NOT_RESTRICTED&TRUSTED&NOT_VCN_MANAGED Uid: 10164 RequestorUid: 1000 RequestorPkg: android UnderlyingNetworks: Null] ]
09-21 16:23:24.975  2692  2692 D TelephonyNetworkFactory[0]: got request NetworkRequest [ REQUEST id=35, [ Capabilities: INTERNET&NOT_RESTRICTED&TRUSTED&NOT_VCN_MANAGED Uid: 10115 RequestorUid: 1000 RequestorPkg: android UnderlyingNetworks: Null] ]
09-21 16:23:24.975  2692  2692 D TelephonyNetworkFactory[0]: got request NetworkRequest [ REQUEST id=7, [ Capabilities: INTERNET&NOT_RESTRICTED&TRUSTED&NOT_VCN_MANAGED Uid: 1000 RequestorUid: 1000 RequestorPkg: android UnderlyingNetworks: Null] ]
09-21 16:23:24.975  2692  2692 D TelephonyNetworkFactory[0]: got request NetworkRequest [ REQUEST id=23, [ Capabilities: INTERNET&NOT_RESTRICTED&TRUSTED&NOT_VCN_MANAGED Uid: 10167 RequestorUid: 1000 RequestorPkg: android UnderlyingNetworks: Null] ]
09-21 16:23:24.975  2692  2692 D TelephonyNetworkFactory[0]: got request NetworkRequest [ REQUEST id=16, [ Capabilities: INTERNET&NOT_RESTRICTED&TRUSTED&NOT_VCN_MANAGED Uid: 10188 RequestorUid: 1000 RequestorPkg: android UnderlyingNetworks: Null] ]
09-21 16:23:24.975  2692  2692 D TelephonyNetworkFactory[0]: got request NetworkRequest [ REQUEST id=27, [ Capabilities: INTERNET&NOT_RESTRICTED&TRUSTED&NOT_VCN_MANAGED Uid: 10146 RequestorUid: 1000 RequestorPkg: android UnderlyingNetworks: Null] ]
09-21 16:23:24.975  2692  2692 D TelephonyNetworkFactory[0]: got request NetworkRequest [ REQUEST id=39, [ Capabilities: INTERNET&NOT_RESTRICTED&TRUSTED&NOT_VCN_MANAGED Uid: 1073 RequestorUid: 1073 RequestorPkg: com.google.android.networkstack UnderlyingNetworks: Null] ]
09-21 16:23:24.975  2692  2692 D TelephonyNetworkFactory[0]: got request NetworkRequest [ REQUEST id=37, [ Capabilities: INTERNET&NOT_RESTRICTED&TRUSTED&NOT_VCN_MANAGED Uid: 1000 RequestorUid: 1000 RequestorPkg: android UnderlyingNetworks: Null] ]
09-21 16:23:24.975  2692  2692 D TelephonyNetworkFactory[0]: got request NetworkRequest [ REQUEST id=52, [ Capabilities: INTERNET&NOT_RESTRICTED&TRUSTED&NOT_VCN_MANAGED Uid: 1001 RequestorUid: 1001 RequestorPkg: com.android.phone UnderlyingNetworks: Null] ]
09-21 16:23:24.975  2692  2692 D TelephonyNetworkFactory[0]: got request NetworkRequest [ REQUEST id=18, [ Capabilities: INTERNET&NOT_RESTRICTED&TRUSTED&NOT_VCN_MANAGED Uid: 10184 RequestorUid: 1000 RequestorPkg: android UnderlyingNetworks: Null] ]
09-21 16:23:24.975  2692  2692 D TelephonyNetworkFactory[0]: got request NetworkRequest [ REQUEST id=50, [ Capabilities: INTERNET&NOT_RESTRICTED&TRUSTED&NOT_VCN_MANAGED Uid: 1001 RequestorUid: 1001 RequestorPkg: com.android.phone UnderlyingNetworks: Null] ]
09-21 16:23:24.975  2692  2692 D TelephonyNetworkFactory[0]: got request NetworkRequest [ REQUEST id=29, [ Capabilities: INTERNET&NOT_RESTRICTED&TRUSTED&NOT_VCN_MANAGED Uid: 10138 RequestorUid: 1000 RequestorPkg: android UnderlyingNetworks: Null] ]
09-21 16:23:24.976  2692  2692 D TelephonyNetworkFactory[0]: got request NetworkRequest [ REQUEST id=46, [ Capabilities: INTERNET&NOT_RESTRICTED&TRUSTED&NOT_VCN_MANAGED Uid: 10208 RequestorUid: 10208 RequestorPkg: com.android.systemui UnderlyingNetworks: Null] ]
09-21 16:23:24.976  2692  2692 D TelephonyNetworkFactory[0]: got request NetworkRequest [ REQUEST id=44, [ Capabilities: INTERNET&NOT_RESTRICTED&TRUSTED&NOT_VCN_MANAGED Uid: 10208 RequestorUid: 10208 RequestorPkg: com.android.systemui UnderlyingNetworks: Null] ]
09-21 16:23:24.976  2692  2692 D TelephonyNetworkFactory[0]: got request NetworkRequest [ BACKGROUND_REQUEST id=2, [ Transports: CELLULAR Capabilities: INTERNET&NOT_RESTRICTED&TRUSTED&NOT_VPN&NOT_VCN_MANAGED RequestorUid: 1000 RequestorPkg: android UnderlyingNetworks: Null] ]
09-21 16:23:24.976  2692  2692 D TelephonyNetworkFactory[0]: got request NetworkRequest [ REQUEST id=33, [ Capabilities: INTERNET&NOT_RESTRICTED&TRUSTED&NOT_VCN_MANAGED Uid: 10122 RequestorUid: 1000 RequestorPkg: android UnderlyingNetworks: Null] ]
09-21 16:23:24.976  2692  2692 D TelephonyNetworkFactory[0]: got request NetworkRequest [ REQUEST id=1, [ Capabilities: INTERNET&NOT_RESTRICTED&TRUSTED&NOT_VPN&NOT_VCN_MANAGED RequestorUid: 1000 RequestorPkg: android UnderlyingNetworks: Null] ]
09-21 16:23:24.976  2692  2692 D TelephonyNetworkFactory[0]: got request NetworkRequest [ REQUEST id=14, [ Capabilities: INTERNET&NOT_RESTRICTED&TRUSTED&NOT_VCN_MANAGED Uid: 10189 RequestorUid: 1000 RequestorPkg: android UnderlyingNetworks: Null] ]
09-21 16:23:24.976  2692  2692 D TelephonyNetworkFactory[0]: got request NetworkRequest [ REQUEST id=21, [ Capabilities: INTERNET&NOT_RESTRICTED&TRUSTED&NOT_VCN_MANAGED Uid: 10172 RequestorUid: 1000 RequestorPkg: android UnderlyingNetworks: Null] ]
09-21 16:23:24.976  2692  2692 D SubscriptionInfoUpdater: updateSubscriptionInfoByIccId:+ Start - phoneId: 0
09-21 16:23:24.976  2692  2692 D SubscriptionInfoUpdater: updateSubscriptionInfoByIccId: removing subscription info record: phoneId 0
09-21 16:23:24.977  2692  2972 E PhoneSubInfoController: getLine1Number phone is null for Subscription:1
09-21 16:23:24.979  2692  2692 D SubscriptionController: activeSubscriptionInfoList is null.
09-21 16:23:24.982  2692  2692 D SubscriptionInfoUpdater: All IccIds query complete
09-21 16:23:24.983  2692  2692 D SubscriptionInfoUpdater: bypass reset default data sub if inactive
09-21 16:23:24.983  2692  2692 D SubscriptionInfoUpdater: SubInfo Initialized
09-21 16:23:24.985  2692  2741 E PhoneSubInfoController: getLine1Number phone is null for Subscription:1
09-21 16:23:24.986  2692  2692 D SubscriptionInfoUpdater: updateSubscriptionInfoByIccId: SubscriptionInfo update complete
09-21 16:23:24.986  2692  2692 D SubscriptionManager: putPhoneIdAndSubIdExtra: no valid subs
09-21 16:23:24.986  2692  2692 D SubscriptionInfoUpdater: Broadcasting intent ACTION_SIM_STATE_CHANGED ABSENT reason null for phone: 0
09-21 16:23:24.986  2692  2692 D SubscriptionManager: putPhoneIdAndSubIdExtra: no valid subs
09-21 16:23:24.987  2692  2692 D SubscriptionInfoUpdater: Broadcasting intent ACTION_SIM_CARD_STATE_CHANGED ABSENT for phone: 0 slot: 0 port: 0
09-21 16:23:24.987  2692  2692 D CarrierResolver: [resolveSubscriptionCarrierId] simState: ABSENT
09-21 16:23:24.988  2692  2692 D GsmCdmaPhone: [0] can't find 3GPP2 application; trying APP_FAM_3GPP
09-21 16:23:24.988  2692  2692 D GsmSMSDispatcher: GsmSMSDispatcher: subId = -1 slotId = 0
09-21 16:23:24.988  2692  2692 D SST     : [0] EVENT_ICC_CHANGED: SIM absent
09-21 16:23:24.988  2692  2692 D SST     : [0] cancelAllNotifications: mPrevSubId=-1
09-21 16:23:24.988  2692  2692 D SST     : [0] updateSpnDisplayLegacy+
09-21 16:23:24.988  2692  2692 D SST     : [0] updateSpnDisplay: cdma rawPlmn = null
09-21 16:23:24.988  2692  2692 D SST     : [0] updateSpnDisplay: radio is on but out of svc, set plmn='No service'
09-21 16:23:24.989  2692  2692 D SST     : [0] updateSpnDisplay: updateSpnDisplay: changed sending intent, rule=2, showPlmn='false', plmn='No service', showSpn='false', spn='null', dataSpn='null', subId='-1'
09-21 16:23:24.989  2692  2692 D SubscriptionManager: putPhoneIdAndSubIdExtra: no valid subs
